 28.43631|I|libbeamng.print:18052| === LSTM_ABS: lens 'baseline' loaded (17 in, 64 hidden, 2 layers) ===
 28.43817|I|libbeamng.print:18052| === LSTM_ABS SELFTEST lens=baseline cmd=0.989895,0.982850,0.853746,0.872476 ===
 49.55614|I|libbeamng.print:18052| === LSTM_TRACE t=0 v=27.71 ws=27.67,27.79,27.38,27.50 cmd=0.258,0.284,0.326,0.316 cap=155,155,85,85 des=155,155,74,74 app=142,142,68,68 abs=nil,nil,nil,nil ebrake=1.00 ibrake=1.00 hasABS=0 sy=1.74 ===
 49.60638|I|libbeamng.print:18052| === LSTM_TRACE t=10 v=27.60 ws=27.61,27.73,27.28,27.34 cmd=0.002,0.002,0.003,0.003 cap=31,31,17,17 des=31,31,15,15 app=28,28,14,14 abs=nil,nil,nil,nil ebrake=1.00 ibrake=1.00 hasABS=0 sy=1.99 ===
 49.62616|I|libbeamng.print:18052| === LSTM_ABS DBG raw=27.6622,27.8127,27.2072,27.3093,-0.1407,1.7047,-0.0280,-0.0007,0.0000,0.0000,0.0005,1.0000,0.0000,0.0007,-0.0094,7817.3180,0.2500 ===
 49.62619|I|libbeamng.print:18052| === LSTM_ABS DBG norm=1.36,1.36,1.26,1.27,-0.06,-1.02,-0.23,-0.04,0.00,0.00,-0.99,0.04,-0.04,0.01,0.75,2.32,0.25 ===
 49.62620|I|libbeamng.print:18052| === LSTM_ABS DBG cmd=0.0024,0.0030,0.0038,0.0042 ===
 49.65587|I|libbeamng.print:18052| === LSTM_TRACE t=20 v=27.52 ws=27.57,27.70,27.23,27.35 cmd=0.004,0.005,0.006,0.008 cap=31,31,17,17 des=31,31,15,15 app=28,28,14,14 abs=nil,nil,nil,nil ebrake=1.00 ibrake=1.00 hasABS=0 sy=1.60 ===
 49.70621|I|libbeamng.print:18052| === LSTM_TRACE t=30 v=27.43 ws=27.48,27.62,27.11,27.17 cmd=0.008,0.010,0.012,0.017 cap=31,31,20,28 des=31,31,17,24 app=28,28,16,22 abs=nil,nil,nil,nil ebrake=1.00 ibrake=1.00 hasABS=0 sy=1.67 ===
 49.75559|I|libbeamng.print:18052| === LSTM_TRACE t=40 v=27.34 ws=27.39,27.51,27.02,27.12 cmd=0.011,0.014,0.017,0.023 cap=35,45,30,42 des=35,45,26,37 app=32,41,24,33 abs=nil,nil,nil,nil ebrake=1.00 ibrake=1.00 hasABS=0 sy=1.78 ===
 49.80598|I|libbeamng.print:18052| === LSTM_TRACE t=50 v=27.25 ws=27.29,27.37,26.98,27.02 cmd=0.014,0.018,0.022,0.031 cap=43,54,37,52 des=43,54,32,46 app=40,50,29,42 abs=nil,nil,nil,nil ebrake=1.00 ibrake=1.00 hasABS=0 sy=1.78 ===
 49.85553|I|libbeamng.print:18052| === LSTM_TRACE t=60 v=27.15 ws=27.15,27.34,26.80,26.89 cmd=0.021,0.026,0.032,0.044 cap=66,83,56,78 des=66,83,49,68 app=61,76,45,63 abs=nil,nil,nil,nil ebrake=1.00 ibrake=1.00 hasABS=0 sy=1.91 ===
 49.90581|I|libbeamng.print:18052| === LSTM_TRACE t=70 v=27.05 ws=27.02,27.20,26.74,26.86 cmd=0.023,0.027,0.036,0.049 cap=72,86,63,85 des=72,86,55,75 app=66,79,50,69 abs=nil,nil,nil,nil ebrake=1.00 ibrake=1.00 hasABS=0 sy=2.03 ===
 49.95594|I|libbeamng.print:18052| === LSTM_TRACE t=80 v=26.95 ws=26.94,27.08,26.65,26.69 cmd=0.039,0.045,0.061,0.082 cap=116,137,101,136 des=116,137,88,119 app=107,126,81,109 abs=nil,nil,nil,nil ebrake=1.00 ibrake=1.00 hasABS=0 sy=1.99 ===
 50.00631|I|libbeamng.print:18052| === LSTM_TRACE t=90 v=26.83 ws=26.79,26.92,26.45,26.48 cmd=0.058,0.068,0.095,0.120 cap=170,201,152,192 des=170,201,133,168 app=156,185,122,155 abs=nil,nil,nil,nil ebrake=1.00 ibrake=1.00 hasABS=0 sy=2.50 ===
 50.05964|I|libbeamng.print:18052| === LSTM_TRACE t=100 v=26.69 ws=26.57,26.67,26.29,26.36 cmd=0.098,0.114,0.163,0.187 cap=276,322,255,294 des=276,322,223,258 app=254,297,205,238 abs=nil,nil,nil,nil ebrake=1.00 ibrake=1.00 hasABS=0 sy=2.93 ===
 50.10982|I|libbeamng.print:18052| === LSTM_TRACE t=110 v=26.51 ws=26.24,26.26,26.03,26.12 cmd=0.223,0.246,0.346,0.338 cap=656,729,564,558 des=656,729,494,488 app=606,674,457,453 abs=nil,nil,nil,nil ebrake=1.00 ibrake=1.00 hasABS=0 sy=3.61 ===
 50.15951|I|libbeamng.print:18052| === LSTM_TRACE t=120 v=26.25 ws=25.81,25.84,25.61,25.85 cmd=0.294,0.330,0.426,0.405 cap=904,1009,716,684 des=904,1009,627,598 app=840,939,584,559 abs=nil,nil,nil,nil ebrake=1.00 ibrake=1.00 hasABS=0 sy=4.96 ===
 50.20598|I|libbeamng.print:18052| === LSTM_TRACE t=130 v=25.95 ws=25.56,25.52,25.29,25.39 cmd=0.308,0.359,0.442,0.416 cap=951,1103,755,708 des=951,1103,661,620 app=888,1032,620,582 abs=nil,nil,nil,nil ebrake=1.00 ibrake=1.00 hasABS=0 sy=5.79 ===
 50.25580|I|libbeamng.print:18052| === LSTM_TRACE t=140 v=25.62 ws=25.16,25.15,25.05,25.12 cmd=0.328,0.397,0.440,0.414 cap=1016,1225,748,705 des=1016,1225,654,616 app=954,1154,617,581 abs=nil,nil,nil,nil ebrake=1.00 ibrake=1.00 hasABS=0 sy=6.33 ===
 50.30596|I|libbeamng.print:18052| === LSTM_TRACE t=150 v=25.29 ws=24.85,24.90,24.74,24.92 cmd=0.328,0.411,0.447,0.418 cap=1024,1282,755,708 des=1024,1282,661,619 app=967,1215,626,587 abs=nil,nil,nil,nil ebrake=1.00 ibrake=1.00 hasABS=0 sy=6.68 ===
 50.35558|I|libbeamng.print:18052| === LSTM_TRACE t=160 v=24.97 ws=24.66,24.65,24.35,24.48 cmd=0.307,0.375,0.465,0.426 cap=951,1169,787,722 des=951,1169,688,632 app=901,1114,655,601 abs=nil,nil,nil,nil ebrake=1.00 ibrake=1.00 hasABS=0 sy=6.27 ===
 50.40599|I|libbeamng.print:18052| === LSTM_TRACE t=170 v=24.63 ws=24.20,24.24,24.10,24.20 cmd=0.333,0.398,0.456,0.429 cap=1023,1220,775,727 des=1023,1220,678,637 app=973,1166,647,607 abs=nil,nil,nil,nil ebrake=1.00 ibrake=1.00 hasABS=0 sy=6.89 ===
 50.45553|I|libbeamng.print:18052| === LSTM_TRACE t=180 v=24.32 ws=23.93,23.85,23.73,23.90 cmd=0.323,0.398,0.453,0.414 cap=1006,1242,773,705 des=1006,1242,676,617 app=960,1193,647,590 abs=nil,nil,nil,nil ebrake=1.00 ibrake=1.00 hasABS=0 sy=6.21 ===
 50.50641|I|libbeamng.print:18052| === LSTM_TRACE t=190 v=23.98 ws=23.58,23.46,23.43,23.56 cmd=0.328,0.409,0.452,0.413 cap=1029,1283,770,707 des=1029,1283,674,619 app=985,1236,647,593 abs=nil,nil,nil,nil ebrake=1.00 ibrake=1.00 hasABS=0 sy=6.24 ===
 50.55585|I|libbeamng.print:18052| === LSTM_TRACE t=200 v=23.65 ws=23.23,23.10,23.07,23.26 cmd=0.335,0.417,0.447,0.411 cap=1047,1301,761,706 des=1047,1301,666,618 app=1005,1257,640,593 abs=nil,nil,nil,nil ebrake=1.00 ibrake=1.00 hasABS=0 sy=6.23 ===
 50.60584|I|libbeamng.print:18052| === LSTM_TRACE t=210 v=23.31 ws=22.90,22.77,22.75,22.92 cmd=0.335,0.421,0.444,0.407 cap=1049,1316,756,696 des=1049,1316,661,609 app=1009,1275,638,586 abs=nil,nil,nil,nil ebrake=1.00 ibrake=1.00 hasABS=0 sy=6.34 ===
 50.65585|I|libbeamng.print:18052| === LSTM_TRACE t=220 v=22.97 ws=22.62,22.54,22.46,22.55 cmd=0.331,0.418,0.445,0.405 cap=1034,1309,756,689 des=1034,1309,662,603 app=997,1270,639,581 abs=nil,nil,nil,nil ebrake=1.00 ibrake=1.00 hasABS=0 sy=6.45 ===
 50.70595|I|libbeamng.print:18052| === LSTM_TRACE t=230 v=22.62 ws=22.33,22.10,22.20,22.28 cmd=0.341,0.431,0.439,0.404 cap=1044,1318,754,689 des=1044,1318,660,603 app=1008,1282,638,582 abs=nil,nil,nil,nil ebrake=1.00 ibrake=1.00 hasABS=0 sy=6.94 ===
 50.75568|I|libbeamng.print:18052| === LSTM_TRACE t=240 v=22.29 ws=21.96,21.83,21.79,21.83 cmd=0.342,0.437,0.439,0.399 cap=1066,1360,747,680 des=1066,1360,653,595 app=1032,1325,632,575 abs=nil,nil,nil,nil ebrake=1.00 ibrake=1.00 hasABS=0 sy=6.64 ===
 50.80603|I|libbeamng.print:18052| === LSTM_TRACE t=250 v=21.93 ws=21.59,21.37,21.42,21.68 cmd=0.349,0.445,0.434,0.397 cap=1071,1366,738,672 des=1071,1366,645,588 app=1038,1333,625,569 abs=nil,nil,nil,nil ebrake=1.00 ibrake=1.00 hasABS=0 sy=7.00 ===
 50.85946|I|libbeamng.print:18052| === LSTM_TRACE t=260 v=21.60 ws=21.11,21.07,21.21,21.26 cmd=0.352,0.451,0.434,0.393 cap=1087,1397,742,670 des=1087,1397,649,586 app=1055,1366,629,567 abs=nil,nil,nil,nil ebrake=1.00 ibrake=1.00 hasABS=0 sy=6.67 ===
 50.90986|I|libbeamng.print:18052| === LSTM_TRACE t=270 v=21.25 ws=20.79,20.72,20.86,20.91 cmd=0.357,0.458,0.432,0.390 cap=1098,1412,739,664 des=1098,1412,647,581 app=1067,1382,628,562 abs=nil,nil,nil,nil ebrake=1.00 ibrake=1.00 hasABS=0 sy=6.99 ===
 50.95931|I|libbeamng.print:18052| === LSTM_TRACE t=280 v=20.90 ws=20.42,20.28,20.54,20.57 cmd=0.364,0.469,0.431,0.388 cap=1117,1442,738,660 des=1117,1442,646,578 app=1087,1413,627,560 abs=nil,nil,nil,nil ebrake=1.00 ibrake=1.00 hasABS=0 sy=7.02 ===
 51.00970|I|libbeamng.print:18052| === LSTM_TRACE t=290 v=20.55 ws=20.11,20.02,20.10,20.25 cmd=0.365,0.474,0.432,0.385 cap=1138,1477,730,653 des=1138,1477,639,571 app=1109,1449,621,553 abs=nil,nil,nil,nil ebrake=1.00 ibrake=1.00 hasABS=0 sy=6.75 ===
 51.05927|I|libbeamng.print:18052| === LSTM_TRACE t=300 v=20.19 ws=19.64,19.57,19.72,19.86 cmd=0.370,0.484,0.442,0.387 cap=1152,1503,734,651 des=1152,1503,642,570 app=1124,1477,624,552 abs=nil,nil,nil,nil ebrake=1.00 ibrake=1.00 hasABS=0 sy=7.20 ===
 51.10977|I|libbeamng.print:18052| === LSTM_TRACE t=310 v=19.84 ws=19.36,19.20,19.46,19.49 cmd=0.374,0.492,0.433,0.378 cap=1157,1522,744,648 des=1157,1522,651,567 app=1129,1497,634,550 abs=nil,nil,nil,nil ebrake=1.00 ibrake=1.00 hasABS=0 sy=7.00 ===
 51.15941|I|libbeamng.print:18052| === LSTM_TRACE t=320 v=19.47 ws=18.89,18.83,19.04,19.15 cmd=0.380,0.502,0.436,0.379 cap=1177,1550,733,641 des=1177,1550,642,561 app=1149,1526,624,544 abs=nil,nil,nil,nil ebrake=1.00 ibrake=1.00 hasABS=0 sy=7.31 ===
 51.20962|I|libbeamng.print:18052| === LSTM_TRACE t=330 v=19.11 ws=18.60,18.52,18.71,18.89 cmd=0.384,0.508,0.430,0.375 cap=1180,1568,734,636 des=1180,1568,642,556 app=1154,1545,625,540 abs=nil,nil,nil,nil ebrake=1.00 ibrake=1.00 hasABS=0 sy=7.37 ===
 51.25926|I|libbeamng.print:18052| === LSTM_TRACE t=340 v=18.74 ws=18.29,18.19,18.34,18.47 cmd=0.387,0.515,0.431,0.373 cap=1201,1602,738,636 des=1201,1602,646,557 app=1175,1580,629,540 abs=nil,nil,nil,nil ebrake=1.00 ibrake=1.00 hasABS=0 sy=7.23 ===
 51.30966|I|libbeamng.print:18052| === LSTM_TRACE t=350 v=18.38 ws=17.98,17.84,17.99,18.07 cmd=0.392,0.521,0.433,0.373 cap=1221,1624,739,637 des=1221,1624,647,558 app=1195,1603,630,541 abs=nil,nil,nil,nil ebrake=1.00 ibrake=1.00 hasABS=0 sy=7.22 ===
 51.35937|I|libbeamng.print:18052| === LSTM_TRACE t=360 v=18.00 ws=17.49,17.34,17.61,17.79 cmd=0.401,0.531,0.431,0.373 cap=1218,1623,748,638 des=1218,1623,654,558 app=1193,1603,637,542 abs=nil,nil,nil,nil ebrake=1.00 ibrake=1.00 hasABS=0 sy=7.65 ===
 51.40970|I|libbeamng.print:18052| === LSTM_TRACE t=370 v=17.63 ws=17.26,16.90,17.27,17.40 cmd=0.407,0.540,0.431,0.372 cap=1255,1662,735,634 des=1255,1662,643,554 app=1230,1642,627,538 abs=nil,nil,nil,nil ebrake=1.00 ibrake=1.00 hasABS=0 sy=7.47 ===
 51.45934|I|libbeamng.print:18052| === LSTM_TRACE t=380 v=17.25 ws=16.86,16.52,17.03,17.06 cmd=0.406,0.536,0.438,0.375 cap=1273,1680,737,635 des=1273,1680,645,556 app=1248,1661,628,539 abs=nil,nil,nil,nil ebrake=1.00 ibrake=1.00 hasABS=0 sy=7.39 ===
 51.50645|I|libbeamng.print:18052| === LSTM_TRACE t=390 v=16.88 ws=16.58,16.30,16.62,16.76 cmd=0.413,0.547,0.435,0.375 cap=1280,1692,741,639 des=1280,1692,648,559 app=1255,1673,632,542 abs=nil,nil,nil,nil ebrake=1.00 ibrake=1.00 hasABS=0 sy=7.48 ===
 51.55573|I|libbeamng.print:18052| === LSTM_TRACE t=400 v=16.50 ws=15.99,15.90,16.14,16.26 cmd=0.416,0.544,0.436,0.379 cap=1286,1689,739,640 des=1286,1689,647,560 app=1262,1671,630,544 abs=nil,nil,nil,nil ebrake=1.00 ibrake=1.00 hasABS=0 sy=7.45 ===
 51.60594|I|libbeamng.print:18052| === LSTM_TRACE t=410 v=16.12 ws=15.74,15.64,15.92,15.95 cmd=0.419,0.548,0.440,0.381 cap=1305,1706,748,648 des=1305,1706,655,567 app=1281,1688,638,551 abs=nil,nil,nil,nil ebrake=1.00 ibrake=1.00 hasABS=0 sy=7.49 ===
 51.65573|I|libbeamng.print:18052| === LSTM_TRACE t=420 v=15.71 ws=15.31,15.08,15.17,15.15 cmd=0.446,0.583,0.435,0.385 cap=1356,1775,745,655 des=1356,1775,652,574 app=1332,1757,636,557 abs=nil,nil,nil,nil ebrake=1.00 ibrake=1.00 hasABS=0 sy=8.39 ===
 51.70622|I|libbeamng.print:18052| === LSTM_TRACE t=430 v=15.20 ws=14.43,13.91,14.11,14.51 cmd=0.606,0.793,0.423,0.377 cap=1775,2360,716,633 des=1775,2360,627,554 app=1744,2337,611,538 abs=nil,nil,nil,nil ebrake=1.00 ibrake=1.00 hasABS=0 sy=10.29 ===
 51.75563|I|libbeamng.print:18052| === LSTM_TRACE t=440 v=14.60 ws=12.68,8.54,13.47,13.74 cmd=0.905,0.939,0.407,0.402 cap=2763,2898,682,664 des=2763,2898,597,581 app=2718,2872,581,564 abs=nil,nil,nil,nil ebrake=1.00 ibrake=1.00 hasABS=0 sy=11.76 ===
 51.80596|I|libbeamng.print:18052| === LSTM_TRACE t=450 v=14.03 ws=8.63,0.60,12.64,12.88 cmd=0.900,0.924,0.534,0.514 cap=2762,2875,849,813 des=2762,2875,743,711 app=2721,2848,724,690 abs=nil,nil,nil,nil ebrake=1.00 ibrake=1.00 hasABS=0 sy=11.31 ===
 51.85573|I|libbeamng.print:18052| === LSTM_TRACE t=460 v=13.51 ws=4.13,0.13,11.06,11.94 cmd=0.726,0.834,0.872,0.863 cap=2397,2651,1472,1455 des=2397,2651,1288,1273 app=2361,2622,1255,1237 abs=nil,nil,nil,nil ebrake=1.00 ibrake=1.00 hasABS=0 sy=10.22 ===
 51.90790|I|libbeamng.print:18052| === LSTM_TRACE t=470 v=13.03 ws=2.39,0.03,9.36,11.51 cmd=0.803,0.868,0.864,0.880 cap=2326,2615,1484,1500 des=2326,2615,1299,1312 app=2289,2583,1267,1277 abs=nil,nil,nil,nil ebrake=1.00 ibrake=1.00 hasABS=0 sy=9.59 ===
 51.95574|I|libbeamng.print:18052| === LSTM_TRACE t=480 v=12.54 ws=0.21,0.00,7.34,12.15 cmd=0.931,0.944,0.896,0.899 cap=2852,2903,1511,1519 des=2852,2903,1322,1329 app=2803,2864,1291,1296 abs=nil,nil,nil,nil ebrake=1.00 ibrake=1.00 hasABS=0 sy=9.87 ===
 52.00583|I|libbeamng.print:18052| === LSTM_TRACE t=490 v=12.08 ws=0.07,0.01,6.73,11.83 cmd=0.977,0.980,0.883,0.884 cap=3015,3028,1502,1503 des=3015,3028,1314,1315 app=2958,2983,1282,1284 abs=nil,nil,nil,nil ebrake=1.00 ibrake=1.00 hasABS=0 sy=9.19 ===
 52.05605|I|libbeamng.print:18052| === LSTM_TRACE t=500 v=11.59 ws=0.03,0.00,6.46,11.23 cmd=0.993,0.993,0.864,0.867 cap=3079,3077,1467,1474 des=3079,3077,1284,1290 app=3016,3027,1253,1261 abs=nil,nil,nil,nil ebrake=1.00 ibrake=1.00 hasABS=0 sy=9.93 ===
 52.10582|I|libbeamng.print:18052| === LSTM_TRACE t=510 v=11.07 ws=0.03,0.02,6.06,10.60 cmd=0.992,0.993,0.867,0.869 cap=3077,3078,1476,1478 des=3077,3078,1291,1293 app=3010,3023,1260,1265 abs=nil,nil,nil,nil ebrake=1.00 ibrake=1.00 hasABS=0 sy=10.35 ===
 52.15568|I|libbeamng.print:18052| === LSTM_TRACE t=520 v=10.54 ws=0.01,0.02,5.91,10.16 cmd=0.992,0.992,0.870,0.872 cap=3075,3076,1479,1482 des=3075,3076,1294,1297 app=3003,3017,1262,1269 abs=nil,nil,nil,nil ebrake=1.00 ibrake=1.00 hasABS=0 sy=10.78 ===
 52.20613|I|libbeamng.print:18052| === LSTM_TRACE t=530 v=10.01 ws=0.01,0.01,5.83,9.67 cmd=0.992,0.992,0.871,0.872 cap=3074,3077,1482,1484 des=3074,3077,1296,1298 app=2999,3014,1264,1271 abs=nil,nil,nil,nil ebrake=1.00 ibrake=1.00 hasABS=0 sy=10.60 ===
 52.25560|I|libbeamng.print:18052| === LSTM_TRACE t=540 v=9.48 ws=0.03,0.02,5.65,9.16 cmd=0.992,0.992,0.869,0.871 cap=3074,3077,1478,1481 des=3074,3077,1293,1296 app=2994,3010,1261,1269 abs=nil,nil,nil,nil ebrake=1.00 ibrake=1.00 hasABS=0 sy=10.46 ===
 52.30601|I|libbeamng.print:18052| === LSTM_TRACE t=550 v=8.94 ws=0.00,0.00,5.24,8.51 cmd=0.992,0.993,0.869,0.871 cap=3075,3077,1477,1480 des=3075,3077,1292,1295 app=2990,3006,1259,1268 abs=nil,nil,nil,nil ebrake=1.00 ibrake=1.00 hasABS=0 sy=10.69 ===
 52.35575|I|libbeamng.print:18052| === LSTM_TRACE t=560 v=8.41 ws=0.01,0.02,5.02,7.88 cmd=0.992,0.993,0.867,0.869 cap=3075,3078,1474,1478 des=3075,3078,1290,1293 app=2987,3003,1257,1267 abs=nil,nil,nil,nil ebrake=1.00 ibrake=1.00 hasABS=0 sy=10.54 ===
 52.40619|I|libbeamng.print:18052| === LSTM_TRACE t=570 v=7.88 ws=0.00,0.00,4.87,7.46 cmd=0.992,0.993,0.866,0.869 cap=3076,3078,1471,1476 des=3076,3078,1287,1292 app=2984,3000,1254,1265 abs=nil,nil,nil,nil ebrake=1.00 ibrake=1.00 hasABS=0 sy=10.43 ===
 52.45737|I|libbeamng.print:18052| === LSTM_TRACE t=580 v=7.34 ws=0.00,0.01,4.59,7.11 cmd=0.993,0.993,0.866,0.869 cap=3076,3079,1469,1475 des=3076,3079,1285,1291 app=2981,2997,1251,1264 abs=nil,nil,nil,nil ebrake=1.00 ibrake=1.00 hasABS=0 sy=10.57 ===
 52.50587|I|libbeamng.print:18052| === LSTM_TRACE t=590 v=6.79 ws=0.01,0.00,3.92,6.43 cmd=0.993,0.993,0.865,0.869 cap=3078,3079,1472,1478 des=3078,3079,1288,1293 app=2978,2994,1253,1266 abs=nil,nil,nil,nil ebrake=1.00 ibrake=1.00 hasABS=0 sy=10.96 ===
 52.55560|I|libbeamng.print:18052| === LSTM_TRACE t=600 v=6.25 ws=0.02,0.01,4.18,5.72 cmd=0.993,0.993,0.867,0.870 cap=3078,3080,1473,1478 des=3078,3080,1289,1294 app=2976,2991,1254,1266 abs=nil,nil,nil,nil ebrake=1.00 ibrake=1.00 hasABS=0 sy=10.77 ===
 52.60592|I|libbeamng.print:18052| === LSTM_TRACE t=610 v=5.68 ws=0.00,0.02,3.27,5.25 cmd=0.993,0.994,0.865,0.869 cap=3079,3080,1472,1479 des=3079,3080,1288,1294 app=2973,2989,1253,1266 abs=nil,nil,nil,nil ebrake=1.00 ibrake=1.00 hasABS=0 sy=11.57 ===
 52.65567|I|libbeamng.print:18052| === LSTM_TRACE t=620 v=5.14 ws=0.02,0.04,3.74,4.73 cmd=0.993,0.994,0.868,0.871 cap=3079,3080,1470,1478 des=3079,3080,1287,1293 app=2970,2986,1251,1265 abs=nil,nil,nil,nil ebrake=1.00 ibrake=1.00 hasABS=0 sy=11.11 ===
 52.70988|I|libbeamng.print:18052| === LSTM_TRACE t=630 v=4.58 ws=0.02,0.01,3.11,3.99 cmd=0.993,0.994,0.865,0.870 cap=3080,3081,1475,1482 des=3080,3081,1291,1297 app=2968,2983,1254,1268 abs=nil,nil,nil,nil ebrake=1.00 ibrake=1.00 hasABS=0 sy=11.04 ===
 52.75612|I|libbeamng.print:18052| === LSTM_TRACE t=640 v=4.03 ws=0.00,0.01,2.71,3.82 cmd=0.994,0.994,0.864,0.870 cap=3080,3081,1468,1478 des=3080,3081,1285,1293 app=2965,2981,1248,1264 abs=nil,nil,nil,nil ebrake=1.00 ibrake=1.00 hasABS=0 sy=11.20 ===
 52.80623|I|libbeamng.print:18052| === LSTM_TRACE t=650 v=3.46 ws=0.01,0.03,1.86,3.06 cmd=0.994,0.994,0.866,0.872 cap=3081,3082,1468,1479 des=3081,3082,1285,1294 app=2963,2979,1247,1264 abs=nil,nil,nil,nil ebrake=1.00 ibrake=1.00 hasABS=0 sy=11.54 ===
 52.85562|I|libbeamng.print:18052| === LSTM_TRACE t=660 v=2.91 ws=0.01,0.00,1.96,2.30 cmd=0.994,0.994,0.870,0.876 cap=3081,3082,1474,1486 des=3081,3082,1290,1300 app=2962,2976,1251,1268 abs=nil,nil,nil,nil ebrake=1.00 ibrake=1.00 hasABS=0 sy=11.32 ===
 52.90581|I|libbeamng.print:18052| === LSTM_TRACE t=670 v=2.35 ws=0.00,0.01,2.21,1.97 cmd=0.995,0.995,0.874,0.880 cap=3083,3083,1480,1493 des=3083,3083,1295,1306 app=2960,2975,1256,1273 abs=nil,nil,nil,nil ebrake=1.00 ibrake=1.00 hasABS=0 sy=11.27 ===
 52.95558|I|libbeamng.print:18052| === LSTM_TRACE t=680 v=1.77 ws=0.01,0.02,0.94,1.82 cmd=0.995,0.995,0.873,0.882 cap=3084,3083,1483,1498 des=3084,3083,1298,1311 app=2959,2973,1257,1276 abs=nil,nil,nil,nil ebrake=1.00 ibrake=1.00 hasABS=0 sy=11.59 ===
 53.00603|I|libbeamng.print:18052| === LSTM_TRACE t=690 v=1.21 ws=0.00,0.01,1.19,0.94 cmd=0.995,0.995,0.877,0.886 cap=3085,3084,1487,1503 des=3085,3084,1301,1315 app=2958,2971,1260,1280 abs=nil,nil,nil,nil ebrake=1.00 ibrake=1.00 hasABS=0 sy=11.44 ===
 53.05557|I|libbeamng.print:18052| === LSTM_TRACE t=700 v=0.64 ws=0.00,0.02,0.53,0.59 cmd=0.995,0.995,0.878,0.889 cap=3085,3083,1491,1510 des=3085,3083,1305,1321 app=2956,2969,1262,1284 abs=nil,nil,nil,nil ebrake=1.00 ibrake=1.00 hasABS=0 sy=11.25 ===
 58.09662|I|libbeamng.print:18052| === LSTM_ABS: lens 'avg_g_window' loaded (17 in, 64 hidden, 2 layers) ===
 58.09840|I|libbeamng.print:18052| === LSTM_ABS SELFTEST lens=avg_g_window cmd=0.991977,0.992635,0.836283,0.841900 ===
 79.45287|I|libbeamng.print:18052| === LSTM_TRACE t=0 v=27.70 ws=27.67,27.79,27.31,27.42 cmd=0.298,0.301,0.335,0.337 cap=155,155,85,85 des=155,155,74,74 app=142,142,68,68 abs=nil,nil,nil,nil ebrake=1.00 ibrake=1.00 hasABS=0 sy=1.68 ===
 79.50245|I|libbeamng.print:18052| === LSTM_TRACE t=10 v=27.60 ws=27.62,27.75,27.27,27.41 cmd=0.002,0.002,0.002,0.003 cap=31,31,17,17 des=31,31,15,15 app=28,28,14,14 abs=nil,nil,nil,nil ebrake=1.00 ibrake=1.00 hasABS=0 sy=1.67 ===
 79.52252|I|libbeamng.print:18052| === LSTM_ABS DBG raw=27.6778,27.7917,27.1976,27.3641,-0.2040,1.6159,0.3588,0.0056,0.0000,0.0000,0.0000,1.0000,0.0000,0.0009,-0.0094,7814.5403,0.2500 ===
 79.52255|I|libbeamng.print:18052| === LSTM_ABS DBG norm=1.36,1.36,1.26,1.28,-0.09,-1.04,0.21,-0.02,0.00,0.00,-1.12,0.04,-0.04,0.04,0.75,2.32,0.25 ===
 79.52255|I|libbeamng.print:18052| === LSTM_ABS DBG cmd=0.0023,0.0018,0.0023,0.0032 ===
 79.55277|I|libbeamng.print:18052| === LSTM_TRACE t=20 v=27.51 ws=27.53,27.68,27.17,27.26 cmd=0.003,0.002,0.003,0.004 cap=31,31,17,17 des=31,31,15,15 app=28,28,14,14 abs=nil,nil,nil,nil ebrake=1.00 ibrake=1.00 hasABS=0 sy=1.75 ===
 79.60256|I|libbeamng.print:18052| === LSTM_TRACE t=30 v=27.42 ws=27.48,27.62,27.09,27.22 cmd=0.003,0.002,0.003,0.005 cap=31,31,17,17 des=31,31,15,15 app=28,28,14,14 abs=nil,nil,nil,nil ebrake=1.00 ibrake=1.00 hasABS=0 sy=1.69 ===
 79.65234|I|libbeamng.print:18052| === LSTM_TRACE t=40 v=27.33 ws=27.37,27.51,26.99,27.08 cmd=0.003,0.002,0.003,0.005 cap=31,31,17,17 des=31,31,15,15 app=28,28,14,14 abs=nil,nil,nil,nil ebrake=1.00 ibrake=1.00 hasABS=0 sy=1.85 ===
 79.70269|I|libbeamng.print:18052| === LSTM_TRACE t=50 v=27.25 ws=27.32,27.45,27.01,27.02 cmd=0.004,0.003,0.004,0.006 cap=31,31,17,17 des=31,31,15,15 app=28,28,14,14 abs=nil,nil,nil,nil ebrake=1.00 ibrake=1.00 hasABS=0 sy=1.84 ===
 79.75247|I|libbeamng.print:18052| === LSTM_TRACE t=60 v=27.16 ws=27.15,27.29,26.81,26.99 cmd=0.003,0.002,0.003,0.005 cap=31,31,17,17 des=31,31,15,15 app=28,28,14,14 abs=nil,nil,nil,nil ebrake=1.00 ibrake=1.00 hasABS=0 sy=1.85 ===
 79.80259|I|libbeamng.print:18052| === LSTM_TRACE t=70 v=27.07 ws=27.07,27.21,26.73,26.81 cmd=0.004,0.003,0.004,0.006 cap=31,31,17,17 des=31,31,15,15 app=28,28,14,14 abs=nil,nil,nil,nil ebrake=1.00 ibrake=1.00 hasABS=0 sy=1.72 ===
 79.85218|I|libbeamng.print:18052| === LSTM_TRACE t=80 v=26.98 ws=26.96,27.11,26.70,26.76 cmd=0.003,0.002,0.003,0.005 cap=31,31,17,17 des=31,31,15,15 app=28,28,14,14 abs=nil,nil,nil,nil ebrake=1.00 ibrake=1.00 hasABS=0 sy=1.92 ===
 79.90236|I|libbeamng.print:18052| === LSTM_TRACE t=90 v=26.90 ws=26.94,27.07,26.55,26.74 cmd=0.004,0.003,0.004,0.006 cap=31,31,17,17 des=31,31,15,15 app=28,28,14,14 abs=nil,nil,nil,nil ebrake=1.00 ibrake=1.00 hasABS=0 sy=1.58 ===
 79.95251|I|libbeamng.print:18052| === LSTM_TRACE t=100 v=26.80 ws=26.85,26.96,26.47,26.59 cmd=0.003,0.002,0.003,0.005 cap=31,31,17,17 des=31,31,15,15 app=28,28,14,14 abs=nil,nil,nil,nil ebrake=1.00 ibrake=1.00 hasABS=0 sy=1.96 ===
 80.00247|I|libbeamng.print:18052| === LSTM_TRACE t=110 v=26.72 ws=26.70,26.85,26.45,26.46 cmd=0.003,0.002,0.003,0.005 cap=31,31,17,17 des=31,31,15,15 app=28,28,14,14 abs=nil,nil,nil,nil ebrake=1.00 ibrake=1.00 hasABS=0 sy=1.89 ===
 80.05360|I|libbeamng.print:18052| === LSTM_TRACE t=120 v=26.63 ws=26.66,26.80,26.37,26.40 cmd=0.004,0.003,0.004,0.006 cap=31,31,17,17 des=31,31,15,15 app=28,28,14,14 abs=nil,nil,nil,nil ebrake=1.00 ibrake=1.00 hasABS=0 sy=1.73 ===
 80.10241|I|libbeamng.print:18052| === LSTM_TRACE t=130 v=26.54 ws=26.54,26.69,26.29,26.34 cmd=0.003,0.002,0.003,0.005 cap=31,31,17,17 des=31,31,15,15 app=28,28,14,14 abs=nil,nil,nil,nil ebrake=1.00 ibrake=1.00 hasABS=0 sy=1.82 ===
 80.15260|I|libbeamng.print:18052| === LSTM_TRACE t=140 v=26.45 ws=26.47,26.61,26.17,26.29 cmd=0.003,0.002,0.003,0.004 cap=31,31,17,17 des=31,31,15,15 app=28,28,14,14 abs=nil,nil,nil,nil ebrake=1.00 ibrake=1.00 hasABS=0 sy=1.85 ===
 80.20235|I|libbeamng.print:18052| === LSTM_TRACE t=150 v=26.37 ws=26.32,26.45,26.11,26.20 cmd=0.004,0.003,0.004,0.006 cap=31,31,17,17 des=31,31,15,15 app=28,28,14,14 abs=nil,nil,nil,nil ebrake=1.00 ibrake=1.00 hasABS=0 sy=1.75 ===
 80.25248|I|libbeamng.print:18052| === LSTM_TRACE t=160 v=26.28 ws=26.25,26.42,25.94,26.18 cmd=0.006,0.004,0.005,0.008 cap=31,31,17,17 des=31,31,15,15 app=28,28,14,14 abs=nil,nil,nil,nil ebrake=1.00 ibrake=1.00 hasABS=0 sy=1.70 ===
 80.30246|I|libbeamng.print:18052| === LSTM_TRACE t=170 v=26.20 ws=26.20,26.35,25.87,26.11 cmd=0.004,0.002,0.003,0.005 cap=31,31,17,17 des=31,31,15,15 app=28,28,14,14 abs=nil,nil,nil,nil ebrake=1.00 ibrake=1.00 hasABS=0 sy=1.45 ===
 80.35276|I|libbeamng.print:18052| === LSTM_TRACE t=180 v=26.11 ws=26.09,26.26,25.89,26.00 cmd=0.002,0.002,0.003,0.004 cap=31,31,17,17 des=31,31,15,15 app=28,28,14,14 abs=nil,nil,nil,nil ebrake=1.00 ibrake=1.00 hasABS=0 sy=1.68 ===
 80.40273|I|libbeamng.print:18052| === LSTM_TRACE t=190 v=26.03 ws=26.05,26.15,25.75,25.90 cmd=0.002,0.001,0.002,0.003 cap=31,31,17,17 des=31,31,15,15 app=28,28,14,14 abs=nil,nil,nil,nil ebrake=1.00 ibrake=1.00 hasABS=0 sy=1.19 ===
 80.45304|I|libbeamng.print:18052| === LSTM_TRACE t=200 v=25.94 ws=25.94,26.06,25.72,25.78 cmd=0.002,0.001,0.002,0.002 cap=31,31,17,17 des=31,31,15,15 app=28,28,14,14 abs=nil,nil,nil,nil ebrake=1.00 ibrake=1.00 hasABS=0 sy=1.48 ===
 80.50247|I|libbeamng.print:18052| === LSTM_TRACE t=210 v=25.85 ws=25.82,26.01,25.65,25.70 cmd=0.002,0.001,0.002,0.003 cap=31,31,17,17 des=31,31,15,15 app=28,28,14,14 abs=nil,nil,nil,nil ebrake=1.00 ibrake=1.00 hasABS=0 sy=1.67 ===
 80.55282|I|libbeamng.print:18052| === LSTM_TRACE t=220 v=25.77 ws=25.74,25.91,25.51,25.59 cmd=0.002,0.001,0.002,0.003 cap=31,31,17,17 des=31,31,15,15 app=28,28,14,14 abs=nil,nil,nil,nil ebrake=1.00 ibrake=1.00 hasABS=0 sy=1.44 ===
 80.60252|I|libbeamng.print:18052| === LSTM_TRACE t=230 v=25.68 ws=25.61,25.81,25.42,25.53 cmd=0.002,0.002,0.002,0.003 cap=31,31,17,17 des=31,31,15,15 app=28,28,14,14 abs=nil,nil,nil,nil ebrake=1.00 ibrake=1.00 hasABS=0 sy=1.54 ===
 80.65282|I|libbeamng.print:18052| === LSTM_TRACE t=240 v=25.59 ws=25.50,25.67,25.28,25.51 cmd=0.003,0.002,0.003,0.005 cap=31,31,17,17 des=31,31,15,15 app=28,28,14,14 abs=nil,nil,nil,nil ebrake=1.00 ibrake=1.00 hasABS=0 sy=1.77 ===
 80.70260|I|libbeamng.print:18052| === LSTM_TRACE t=250 v=25.50 ws=25.48,25.59,25.32,25.42 cmd=0.004,0.003,0.004,0.006 cap=31,31,17,17 des=31,31,15,15 app=28,28,14,14 abs=nil,nil,nil,nil ebrake=1.00 ibrake=1.00 hasABS=0 sy=1.78 ===
 80.75300|I|libbeamng.print:18052| === LSTM_TRACE t=260 v=25.41 ws=25.35,25.53,25.21,25.29 cmd=0.003,0.002,0.004,0.005 cap=31,31,17,17 des=31,31,15,15 app=28,28,14,14 abs=nil,nil,nil,nil ebrake=1.00 ibrake=1.00 hasABS=0 sy=1.92 ===
 80.80244|I|libbeamng.print:18052| === LSTM_TRACE t=270 v=25.34 ws=25.31,25.45,25.07,25.14 cmd=0.002,0.002,0.003,0.004 cap=31,31,17,17 des=31,31,15,15 app=28,28,14,14 abs=nil,nil,nil,nil ebrake=1.00 ibrake=1.00 hasABS=0 sy=1.52 ===
 80.85289|I|libbeamng.print:18052| === LSTM_TRACE t=280 v=25.25 ws=25.17,25.40,25.01,25.19 cmd=0.002,0.001,0.002,0.003 cap=31,31,17,17 des=31,31,15,15 app=28,28,14,14 abs=nil,nil,nil,nil ebrake=1.00 ibrake=1.00 hasABS=0 sy=1.52 ===
 80.90256|I|libbeamng.print:18052| === LSTM_TRACE t=290 v=25.15 ws=25.12,25.28,24.96,25.08 cmd=0.004,0.003,0.003,0.005 cap=31,31,17,17 des=31,31,15,15 app=28,28,14,14 abs=nil,nil,nil,nil ebrake=1.00 ibrake=1.00 hasABS=0 sy=2.09 ===
 80.95296|I|libbeamng.print:18052| === LSTM_TRACE t=300 v=25.08 ws=25.04,25.16,24.82,25.00 cmd=0.003,0.002,0.003,0.004 cap=31,31,17,17 des=31,31,15,15 app=28,28,14,14 abs=nil,nil,nil,nil ebrake=1.00 ibrake=1.00 hasABS=0 sy=1.68 ===
 81.00268|I|libbeamng.print:18052| === LSTM_TRACE t=310 v=24.99 ws=24.94,25.11,24.82,24.91 cmd=0.002,0.001,0.002,0.003 cap=31,31,17,17 des=31,31,15,15 app=28,28,14,14 abs=nil,nil,nil,nil ebrake=1.00 ibrake=1.00 hasABS=0 sy=1.62 ===
 81.05330|I|libbeamng.print:18052| === LSTM_TRACE t=320 v=24.90 ws=24.85,25.05,24.69,24.77 cmd=0.003,0.002,0.003,0.004 cap=31,31,17,17 des=31,31,15,15 app=28,28,14,14 abs=nil,nil,nil,nil ebrake=1.00 ibrake=1.00 hasABS=0 sy=1.96 ===
 81.10306|I|libbeamng.print:18052| === LSTM_TRACE t=330 v=24.83 ws=24.83,24.98,24.66,24.76 cmd=0.002,0.002,0.003,0.004 cap=31,31,17,17 des=31,31,15,15 app=28,28,14,14 abs=nil,nil,nil,nil ebrake=1.00 ibrake=1.00 hasABS=0 sy=1.48 ===
 81.15249|I|libbeamng.print:18052| === LSTM_TRACE t=340 v=24.73 ws=24.75,24.86,24.52,24.60 cmd=0.002,0.002,0.002,0.003 cap=31,31,17,17 des=31,31,15,15 app=28,28,14,14 abs=nil,nil,nil,nil ebrake=1.00 ibrake=1.00 hasABS=0 sy=1.89 ===
 81.20241|I|libbeamng.print:18052| === LSTM_TRACE t=350 v=24.66 ws=24.68,24.77,24.48,24.63 cmd=0.003,0.002,0.003,0.004 cap=31,31,17,17 des=31,31,15,15 app=28,28,14,14 abs=nil,nil,nil,nil ebrake=1.00 ibrake=1.00 hasABS=0 sy=1.55 ===
 81.25292|I|libbeamng.print:18052| === LSTM_TRACE t=360 v=24.57 ws=24.57,24.70,24.30,24.55 cmd=0.002,0.002,0.002,0.003 cap=31,31,17,17 des=31,31,15,15 app=28,28,14,14 abs=nil,nil,nil,nil ebrake=1.00 ibrake=1.00 hasABS=0 sy=1.83 ===
 81.30243|I|libbeamng.print:18052| === LSTM_TRACE t=370 v=24.49 ws=24.51,24.63,24.29,24.37 cmd=0.003,0.002,0.003,0.004 cap=31,31,17,17 des=31,31,15,15 app=28,28,14,14 abs=nil,nil,nil,nil ebrake=1.00 ibrake=1.00 hasABS=0 sy=1.50 ===
 81.35315|I|libbeamng.print:18052| === LSTM_TRACE t=380 v=24.40 ws=24.39,24.53,24.28,24.34 cmd=0.002,0.002,0.002,0.003 cap=31,31,17,17 des=31,31,15,15 app=28,28,14,14 abs=nil,nil,nil,nil ebrake=1.00 ibrake=1.00 hasABS=0 sy=1.90 ===
 81.40252|I|libbeamng.print:18052| === LSTM_TRACE t=390 v=24.32 ws=24.25,24.44,24.08,24.29 cmd=0.002,0.001,0.002,0.003 cap=31,31,17,17 des=31,31,15,15 app=28,28,14,14 abs=nil,nil,nil,nil ebrake=1.00 ibrake=1.00 hasABS=0 sy=1.61 ===
 81.45261|I|libbeamng.print:18052| === LSTM_TRACE t=400 v=24.24 ws=24.22,24.36,24.07,24.11 cmd=0.003,0.002,0.003,0.004 cap=31,31,17,17 des=31,31,15,15 app=28,28,14,14 abs=nil,nil,nil,nil ebrake=1.00 ibrake=1.00 hasABS=0 sy=1.60 ===
 81.50244|I|libbeamng.print:18052| === LSTM_TRACE t=410 v=24.15 ws=24.15,24.31,23.97,24.11 cmd=0.002,0.001,0.002,0.003 cap=31,31,17,17 des=31,31,15,15 app=28,28,14,14 abs=nil,nil,nil,nil ebrake=1.00 ibrake=1.00 hasABS=0 sy=2.05 ===
 81.55286|I|libbeamng.print:18052| === LSTM_TRACE t=420 v=24.08 ws=24.04,24.17,23.88,23.98 cmd=0.002,0.001,0.002,0.003 cap=31,31,17,17 des=31,31,15,15 app=28,28,14,14 abs=nil,nil,nil,nil ebrake=1.00 ibrake=1.00 hasABS=0 sy=1.45 ===
 81.60259|I|libbeamng.print:18052| === LSTM_TRACE t=430 v=24.00 ws=24.02,24.15,23.76,23.95 cmd=0.002,0.002,0.002,0.003 cap=31,31,17,17 des=31,31,15,15 app=28,28,14,14 abs=nil,nil,nil,nil ebrake=1.00 ibrake=1.00 hasABS=0 sy=1.40 ===
 81.65278|I|libbeamng.print:18052| === LSTM_TRACE t=440 v=23.90 ws=23.86,24.00,23.71,23.82 cmd=0.002,0.001,0.002,0.003 cap=31,31,17,17 des=31,31,15,15 app=28,28,14,14 abs=nil,nil,nil,nil ebrake=1.00 ibrake=1.00 hasABS=0 sy=1.74 ===
 81.70260|I|libbeamng.print:18052| === LSTM_TRACE t=450 v=23.82 ws=23.79,23.96,23.66,23.68 cmd=0.002,0.001,0.002,0.003 cap=31,31,17,17 des=31,31,15,15 app=28,28,14,14 abs=nil,nil,nil,nil ebrake=1.00 ibrake=1.00 hasABS=0 sy=1.90 ===
 81.75293|I|libbeamng.print:18052| === LSTM_TRACE t=460 v=23.75 ws=23.75,23.85,23.58,23.62 cmd=0.002,0.001,0.002,0.003 cap=31,31,17,17 des=31,31,15,15 app=28,28,14,14 abs=nil,nil,nil,nil ebrake=1.00 ibrake=1.00 hasABS=0 sy=1.32 ===
 81.80285|I|libbeamng.print:18052| === LSTM_TRACE t=470 v=23.66 ws=23.61,23.73,23.47,23.57 cmd=0.002,0.001,0.002,0.003 cap=31,31,17,17 des=31,31,15,15 app=28,28,14,14 abs=nil,nil,nil,nil ebrake=1.00 ibrake=1.00 hasABS=0 sy=1.64 ===
 81.85284|I|libbeamng.print:18052| === LSTM_TRACE t=480 v=23.57 ws=23.52,23.69,23.39,23.51 cmd=0.002,0.001,0.002,0.003 cap=31,31,17,17 des=31,31,15,15 app=28,28,14,14 abs=nil,nil,nil,nil ebrake=1.00 ibrake=1.00 hasABS=0 sy=2.07 ===
 81.90239|I|libbeamng.print:18052| === LSTM_TRACE t=490 v=23.49 ws=23.47,23.65,23.31,23.43 cmd=0.002,0.001,0.002,0.003 cap=31,31,17,17 des=31,31,15,15 app=28,28,14,14 abs=nil,nil,nil,nil ebrake=1.00 ibrake=1.00 hasABS=0 sy=1.84 ===
 81.95278|I|libbeamng.print:18052| === LSTM_TRACE t=500 v=23.41 ws=23.41,23.59,23.28,23.35 cmd=0.002,0.001,0.002,0.003 cap=31,31,17,17 des=31,31,15,15 app=28,28,14,14 abs=nil,nil,nil,nil ebrake=1.00 ibrake=1.00 hasABS=0 sy=1.73 ===
 82.00256|I|libbeamng.print:18052| === LSTM_TRACE t=510 v=23.33 ws=23.37,23.53,23.17,23.23 cmd=0.002,0.001,0.002,0.003 cap=31,31,17,17 des=31,31,15,15 app=29,29,14,14 abs=nil,nil,nil,nil ebrake=1.00 ibrake=1.00 hasABS=0 sy=1.64 ===
 82.05301|I|libbeamng.print:18052| === LSTM_TRACE t=520 v=23.25 ws=23.24,23.41,23.09,23.14 cmd=0.002,0.001,0.002,0.002 cap=31,31,17,17 des=31,31,15,15 app=29,29,14,14 abs=nil,nil,nil,nil ebrake=1.00 ibrake=1.00 hasABS=0 sy=1.60 ===
 82.10257|I|libbeamng.print:18052| === LSTM_TRACE t=530 v=23.16 ws=23.14,23.31,22.98,23.13 cmd=0.002,0.001,0.002,0.002 cap=31,31,17,17 des=31,31,15,15 app=29,29,14,14 abs=nil,nil,nil,nil ebrake=1.00 ibrake=1.00 hasABS=0 sy=1.96 ===
 82.15263|I|libbeamng.print:18052| === LSTM_TRACE t=540 v=23.08 ws=23.05,23.21,22.85,23.00 cmd=0.002,0.001,0.002,0.002 cap=31,31,17,17 des=31,31,15,15 app=29,29,14,14 abs=nil,nil,nil,nil ebrake=1.00 ibrake=1.00 hasABS=0 sy=1.90 ===
 82.20247|I|libbeamng.print:18052| === LSTM_TRACE t=550 v=23.01 ws=23.03,23.11,22.85,22.91 cmd=0.002,0.001,0.002,0.002 cap=31,31,17,17 des=31,31,15,15 app=29,29,14,14 abs=nil,nil,nil,nil ebrake=1.00 ibrake=1.00 hasABS=0 sy=1.44 ===
 82.25250|I|libbeamng.print:18052| === LSTM_TRACE t=560 v=22.93 ws=22.96,23.10,22.71,22.91 cmd=0.002,0.001,0.002,0.002 cap=31,31,17,17 des=31,31,15,15 app=29,29,14,14 abs=nil,nil,nil,nil ebrake=1.00 ibrake=1.00 hasABS=0 sy=1.44 ===
 82.30245|I|libbeamng.print:18052| === LSTM_TRACE t=570 v=22.84 ws=22.79,22.95,22.69,22.74 cmd=0.002,0.001,0.002,0.002 cap=31,31,17,17 des=31,31,15,15 app=29,29,14,14 abs=nil,nil,nil,nil ebrake=1.00 ibrake=1.00 hasABS=0 sy=1.85 ===
 82.35228|I|libbeamng.print:18052| === LSTM_TRACE t=580 v=22.76 ws=22.78,22.90,22.54,22.73 cmd=0.002,0.001,0.002,0.002 cap=31,31,17,17 des=31,31,15,15 app=29,29,14,14 abs=nil,nil,nil,nil ebrake=1.00 ibrake=1.00 hasABS=0 sy=1.57 ===
 82.40277|I|libbeamng.print:18052| === LSTM_TRACE t=590 v=22.68 ws=22.67,22.85,22.48,22.60 cmd=0.001,0.001,0.002,0.002 cap=31,31,17,17 des=31,31,15,15 app=29,29,14,14 abs=nil,nil,nil,nil ebrake=1.00 ibrake=1.00 hasABS=0 sy=1.47 ===
 82.45265|I|libbeamng.print:18052| === LSTM_TRACE t=600 v=22.60 ws=22.63,22.70,22.48,22.56 cmd=0.002,0.001,0.002,0.002 cap=31,31,17,17 des=31,31,15,15 app=29,29,14,14 abs=nil,nil,nil,nil ebrake=1.00 ibrake=1.00 hasABS=0 sy=1.42 ===
 82.50303|I|libbeamng.print:18052| === LSTM_TRACE t=610 v=22.51 ws=22.47,22.61,22.38,22.43 cmd=0.001,0.001,0.002,0.002 cap=31,31,17,17 des=31,31,15,15 app=29,29,14,14 abs=nil,nil,nil,nil ebrake=1.00 ibrake=1.00 hasABS=0 sy=1.76 ===
 82.55288|I|libbeamng.print:18052| === LSTM_TRACE t=620 v=22.44 ws=22.45,22.60,22.23,22.42 cmd=0.001,0.001,0.002,0.002 cap=31,31,17,17 des=31,31,15,15 app=29,29,14,14 abs=nil,nil,nil,nil ebrake=1.00 ibrake=1.00 hasABS=0 sy=1.48 ===
 82.60327|I|libbeamng.print:18052| === LSTM_TRACE t=630 v=22.35 ws=22.39,22.48,22.20,22.33 cmd=0.001,0.001,0.002,0.002 cap=31,31,17,17 des=31,31,15,15 app=29,29,14,14 abs=nil,nil,nil,nil ebrake=1.00 ibrake=1.00 hasABS=0 sy=1.60 ===
 82.65279|I|libbeamng.print:18052| === LSTM_TRACE t=640 v=22.27 ws=22.27,22.35,22.08,22.24 cmd=0.001,0.001,0.002,0.002 cap=31,31,17,17 des=31,31,15,15 app=29,29,14,14 abs=nil,nil,nil,nil ebrake=1.00 ibrake=1.00 hasABS=0 sy=1.65 ===
 82.70271|I|libbeamng.print:18052| === LSTM_TRACE t=650 v=22.18 ws=22.19,22.35,22.03,22.20 cmd=0.001,0.001,0.002,0.002 cap=31,31,17,17 des=31,31,15,15 app=29,29,14,14 abs=nil,nil,nil,nil ebrake=1.00 ibrake=1.00 hasABS=0 sy=1.83 ===
 82.75305|I|libbeamng.print:18052| === LSTM_TRACE t=660 v=22.10 ws=22.05,22.21,21.91,22.09 cmd=0.001,0.001,0.002,0.002 cap=31,31,17,17 des=31,31,15,15 app=29,29,14,14 abs=nil,nil,nil,nil ebrake=1.00 ibrake=1.00 hasABS=0 sy=1.81 ===
 82.80277|I|libbeamng.print:18052| === LSTM_TRACE t=670 v=22.02 ws=22.01,22.17,21.88,21.99 cmd=0.001,0.001,0.001,0.002 cap=31,31,17,17 des=31,31,15,15 app=29,29,14,14 abs=nil,nil,nil,nil ebrake=1.00 ibrake=1.00 hasABS=0 sy=1.73 ===
 82.85307|I|libbeamng.print:18052| === LSTM_TRACE t=680 v=21.94 ws=21.90,22.05,21.76,21.90 cmd=0.001,0.001,0.001,0.002 cap=31,31,17,17 des=31,31,15,15 app=29,29,14,14 abs=nil,nil,nil,nil ebrake=1.00 ibrake=1.00 hasABS=0 sy=1.85 ===
 82.90271|I|libbeamng.print:18052| === LSTM_TRACE t=690 v=21.87 ws=21.87,22.02,21.75,21.78 cmd=0.001,0.001,0.001,0.002 cap=31,31,17,17 des=31,31,15,15 app=29,29,14,14 abs=nil,nil,nil,nil ebrake=1.00 ibrake=1.00 hasABS=0 sy=1.53 ===
 82.95278|I|libbeamng.print:18052| === LSTM_TRACE t=700 v=21.79 ws=21.85,21.87,21.67,21.74 cmd=0.001,0.001,0.001,0.002 cap=31,31,17,17 des=31,31,15,15 app=29,29,14,14 abs=nil,nil,nil,nil ebrake=1.00 ibrake=1.00 hasABS=0 sy=1.66 ===
 83.00269|I|libbeamng.print:18052| === LSTM_TRACE t=710 v=21.71 ws=21.75,21.85,21.49,21.69 cmd=0.001,0.001,0.001,0.002 cap=31,31,17,17 des=31,31,15,15 app=29,29,14,14 abs=nil,nil,nil,nil ebrake=1.00 ibrake=1.00 hasABS=0 sy=1.62 ===
 83.05268|I|libbeamng.print:18052| === LSTM_TRACE t=720 v=21.63 ws=21.63,21.77,21.52,21.53 cmd=0.001,0.001,0.001,0.002 cap=31,31,17,17 des=31,31,15,15 app=29,29,14,14 abs=nil,nil,nil,nil ebrake=1.00 ibrake=1.00 hasABS=0 sy=1.51 ===
 83.10305|I|libbeamng.print:18052| === LSTM_TRACE t=730 v=21.54 ws=21.56,21.61,21.41,21.52 cmd=0.001,0.001,0.001,0.002 cap=31,31,17,17 des=31,31,15,15 app=29,29,14,14 abs=nil,nil,nil,nil ebrake=1.00 ibrake=1.00 hasABS=0 sy=1.98 ===
 83.15303|I|libbeamng.print:18052| === LSTM_TRACE t=740 v=21.47 ws=21.52,21.61,21.36,21.40 cmd=0.001,0.001,0.001,0.002 cap=31,31,17,17 des=31,31,15,15 app=29,29,14,14 abs=nil,nil,nil,nil ebrake=1.00 ibrake=1.00 hasABS=0 sy=1.56 ===
 83.20297|I|libbeamng.print:18052| === LSTM_TRACE t=750 v=21.38 ws=21.38,21.51,21.20,21.36 cmd=0.001,0.001,0.001,0.002 cap=31,31,17,17 des=31,31,15,15 app=29,29,14,14 abs=nil,nil,nil,nil ebrake=1.00 ibrake=1.00 hasABS=0 sy=1.56 ===
 83.25298|I|libbeamng.print:18052| === LSTM_TRACE t=760 v=21.31 ws=21.32,21.49,21.13,21.27 cmd=0.001,0.001,0.001,0.001 cap=31,31,17,17 des=31,31,15,15 app=29,29,14,14 abs=nil,nil,nil,nil ebrake=1.00 ibrake=1.00 hasABS=0 sy=1.41 ===
 83.30275|I|libbeamng.print:18052| === LSTM_TRACE t=770 v=21.22 ws=21.21,21.30,21.11,21.11 cmd=0.001,0.001,0.001,0.001 cap=31,31,17,17 des=31,31,15,15 app=29,29,14,14 abs=nil,nil,nil,nil ebrake=1.00 ibrake=1.00 hasABS=0 sy=1.79 ===
 83.35316|I|libbeamng.print:18052| === LSTM_TRACE t=780 v=21.15 ws=21.10,21.35,21.06,21.06 cmd=0.001,0.001,0.001,0.001 cap=31,31,17,17 des=31,31,15,15 app=29,29,14,14 abs=nil,nil,nil,nil ebrake=1.00 ibrake=1.00 hasABS=0 sy=1.36 ===
 83.40270|I|libbeamng.print:18052| === LSTM_TRACE t=790 v=21.06 ws=21.12,21.21,20.97,21.00 cmd=0.001,0.001,0.001,0.001 cap=31,31,17,17 des=31,31,15,15 app=29,29,14,14 abs=nil,nil,nil,nil ebrake=1.00 ibrake=1.00 hasABS=0 sy=1.82 ===
 83.45273|I|libbeamng.print:18052| === LSTM_TRACE t=800 v=20.98 ws=21.04,21.11,20.88,20.95 cmd=0.001,0.001,0.001,0.001 cap=31,31,17,17 des=31,31,15,15 app=29,29,14,14 abs=nil,nil,nil,nil ebrake=1.00 ibrake=1.00 hasABS=0 sy=1.75 ===
 83.50290|I|libbeamng.print:18052| === LSTM_TRACE t=810 v=20.90 ws=20.91,21.01,20.81,20.86 cmd=0.001,0.001,0.001,0.001 cap=31,31,17,17 des=31,31,15,15 app=29,29,14,14 abs=nil,nil,nil,nil ebrake=1.00 ibrake=1.00 hasABS=0 sy=1.77 ===
 83.55290|I|libbeamng.print:18052| === LSTM_TRACE t=820 v=20.83 ws=20.82,20.95,20.72,20.79 cmd=0.001,0.001,0.001,0.001 cap=31,31,17,17 des=31,31,15,15 app=29,29,14,14 abs=nil,nil,nil,nil ebrake=1.00 ibrake=1.00 hasABS=0 sy=1.62 ===
 83.60293|I|libbeamng.print:18052| === LSTM_TRACE t=830 v=20.75 ws=20.74,20.86,20.71,20.67 cmd=0.001,0.001,0.001,0.001 cap=31,31,17,17 des=31,31,15,15 app=29,29,14,14 abs=nil,nil,nil,nil ebrake=1.00 ibrake=1.00 hasABS=0 sy=1.64 ===
 83.65298|I|libbeamng.print:18052| === LSTM_TRACE t=840 v=20.67 ws=20.66,20.77,20.61,20.56 cmd=0.001,0.001,0.001,0.001 cap=31,31,17,17 des=31,31,15,15 app=29,29,14,14 abs=nil,nil,nil,nil ebrake=1.00 ibrake=1.00 hasABS=0 sy=1.51 ===
 83.70294|I|libbeamng.print:18052| === LSTM_TRACE t=850 v=20.59 ws=20.58,20.70,20.43,20.51 cmd=0.001,0.001,0.001,0.001 cap=31,31,17,17 des=31,31,15,15 app=29,29,14,14 abs=nil,nil,nil,nil ebrake=1.00 ibrake=1.00 hasABS=0 sy=1.67 ===
 83.75295|I|libbeamng.print:18052| === LSTM_TRACE t=860 v=20.51 ws=20.55,20.63,20.33,20.46 cmd=0.001,0.001,0.001,0.001 cap=31,31,17,17 des=31,31,15,15 app=29,29,14,14 abs=nil,nil,nil,nil ebrake=1.00 ibrake=1.00 hasABS=0 sy=1.47 ===
 83.80288|I|libbeamng.print:18052| === LSTM_TRACE t=870 v=20.43 ws=20.51,20.56,20.25,20.40 cmd=0.001,0.001,0.001,0.001 cap=31,31,17,17 des=31,31,15,15 app=29,29,14,14 abs=nil,nil,nil,nil ebrake=1.00 ibrake=1.00 hasABS=0 sy=1.62 ===
 83.85271|I|libbeamng.print:18052| === LSTM_TRACE t=880 v=20.35 ws=20.38,20.52,20.18,20.39 cmd=0.001,0.001,0.001,0.001 cap=31,31,17,17 des=31,31,15,15 app=29,29,14,14 abs=nil,nil,nil,nil ebrake=1.00 ibrake=1.00 hasABS=0 sy=1.51 ===
 83.90293|I|libbeamng.print:18052| === LSTM_TRACE t=890 v=20.28 ws=20.23,20.41,20.16,20.23 cmd=0.001,0.001,0.001,0.001 cap=31,31,17,17 des=31,31,15,15 app=29,29,14,14 abs=nil,nil,nil,nil ebrake=1.00 ibrake=1.00 hasABS=0 sy=1.47 ===
 83.95279|I|libbeamng.print:18052| === LSTM_TRACE t=900 v=20.19 ws=20.27,20.31,20.05,20.10 cmd=0.001,0.001,0.001,0.001 cap=31,31,17,17 des=31,31,15,15 app=29,29,14,14 abs=nil,nil,nil,nil ebrake=1.00 ibrake=1.00 hasABS=0 sy=1.74 ===
 84.00275|I|libbeamng.print:18052| === LSTM_TRACE t=910 v=20.12 ws=20.10,20.29,19.93,20.07 cmd=0.001,0.001,0.001,0.001 cap=31,31,17,17 des=31,31,15,15 app=29,29,14,14 abs=nil,nil,nil,nil ebrake=1.00 ibrake=1.00 hasABS=0 sy=1.49 ===
 84.05272|I|libbeamng.print:18052| === LSTM_TRACE t=920 v=20.04 ws=20.09,20.14,19.89,20.06 cmd=0.001,0.001,0.001,0.001 cap=31,31,17,17 des=31,31,15,15 app=29,29,14,14 abs=nil,nil,nil,nil ebrake=1.00 ibrake=1.00 hasABS=0 sy=1.56 ===
 84.10293|I|libbeamng.print:18052| === LSTM_TRACE t=930 v=19.96 ws=19.92,20.13,19.81,19.85 cmd=0.001,0.001,0.001,0.001 cap=31,31,17,17 des=31,31,15,15 app=29,29,14,14 abs=nil,nil,nil,nil ebrake=1.00 ibrake=1.00 hasABS=0 sy=1.58 ===
 84.15293|I|libbeamng.print:18052| === LSTM_TRACE t=940 v=19.87 ws=19.95,20.03,19.72,19.84 cmd=0.001,0.001,0.001,0.001 cap=31,31,17,17 des=31,31,15,15 app=29,29,14,14 abs=nil,nil,nil,nil ebrake=1.00 ibrake=1.00 hasABS=0 sy=1.74 ===
 84.20277|I|libbeamng.print:18052| === LSTM_TRACE t=950 v=19.80 ws=19.84,19.89,19.72,19.73 cmd=0.001,0.001,0.001,0.001 cap=31,31,17,17 des=31,31,15,15 app=29,29,14,14 abs=nil,nil,nil,nil ebrake=1.00 ibrake=1.00 hasABS=0 sy=1.62 ===
 84.25287|I|libbeamng.print:18052| === LSTM_TRACE t=960 v=19.72 ws=19.69,19.90,19.53,19.66 cmd=0.001,0.001,0.001,0.001 cap=31,31,17,17 des=31,31,15,15 app=29,29,14,14 abs=nil,nil,nil,nil ebrake=1.00 ibrake=1.00 hasABS=0 sy=1.68 ===
 84.30262|I|libbeamng.print:18052| === LSTM_TRACE t=970 v=19.65 ws=19.69,19.83,19.51,19.58 cmd=0.001,0.001,0.001,0.001 cap=31,31,17,17 des=31,31,15,15 app=29,29,14,14 abs=nil,nil,nil,nil ebrake=1.00 ibrake=1.00 hasABS=0 sy=1.49 ===
 84.35306|I|libbeamng.print:18052| === LSTM_TRACE t=980 v=19.56 ws=19.64,19.68,19.39,19.49 cmd=0.001,0.001,0.001,0.001 cap=31,31,17,17 des=31,31,15,15 app=29,29,14,14 abs=nil,nil,nil,nil ebrake=1.00 ibrake=1.00 hasABS=0 sy=1.67 ===
 84.40274|I|libbeamng.print:18052| === LSTM_TRACE t=990 v=19.49 ws=19.57,19.63,19.39,19.42 cmd=0.001,0.001,0.001,0.001 cap=31,31,17,17 des=31,31,15,15 app=29,29,14,14 abs=nil,nil,nil,nil ebrake=1.00 ibrake=1.00 hasABS=0 sy=1.51 ===
 84.45279|I|libbeamng.print:18052| === LSTM_TRACE t=1000 v=19.41 ws=19.50,19.53,19.21,19.31 cmd=0.001,0.001,0.001,0.001 cap=31,31,17,17 des=31,31,15,15 app=29,29,14,14 abs=nil,nil,nil,nil ebrake=1.00 ibrake=1.00 hasABS=0 sy=1.51 ===
 84.50295|I|libbeamng.print:18052| === LSTM_TRACE t=1010 v=19.33 ws=19.40,19.45,19.19,19.24 cmd=0.001,0.001,0.001,0.001 cap=31,31,17,17 des=31,31,15,15 app=29,29,14,14 abs=nil,nil,nil,nil ebrake=1.00 ibrake=1.00 hasABS=0 sy=1.51 ===
 84.55310|I|libbeamng.print:18052| === LSTM_TRACE t=1020 v=19.25 ws=19.32,19.40,19.07,19.24 cmd=0.001,0.001,0.001,0.001 cap=31,31,17,17 des=31,31,15,15 app=29,29,14,14 abs=nil,nil,nil,nil ebrake=1.00 ibrake=1.00 hasABS=0 sy=1.58 ===
 84.60336|I|libbeamng.print:18052| === LSTM_TRACE t=1030 v=19.17 ws=19.19,19.33,18.98,19.09 cmd=0.001,0.001,0.001,0.001 cap=31,31,17,17 des=31,31,15,15 app=29,29,14,14 abs=nil,nil,nil,nil ebrake=1.00 ibrake=1.00 hasABS=0 sy=1.59 ===
 84.65273|I|libbeamng.print:18052| === LSTM_TRACE t=1040 v=19.09 ws=19.04,19.22,18.93,19.02 cmd=0.001,0.001,0.001,0.001 cap=31,31,17,17 des=31,31,15,15 app=29,29,14,14 abs=nil,nil,nil,nil ebrake=1.00 ibrake=1.00 hasABS=0 sy=1.57 ===
 84.70312|I|libbeamng.print:18052| === LSTM_TRACE t=1050 v=19.02 ws=19.05,19.11,18.84,18.96 cmd=0.001,0.001,0.001,0.001 cap=31,31,17,17 des=31,31,15,15 app=29,29,14,14 abs=nil,nil,nil,nil ebrake=1.00 ibrake=1.00 hasABS=0 sy=1.55 ===
 84.75284|I|libbeamng.print:18052| === LSTM_TRACE t=1060 v=18.94 ws=18.98,19.07,18.78,18.90 cmd=0.001,0.001,0.001,0.001 cap=31,31,17,17 des=31,31,15,15 app=29,29,14,14 abs=nil,nil,nil,nil ebrake=1.00 ibrake=1.00 hasABS=0 sy=1.43 ===
 84.80271|I|libbeamng.print:18052| === LSTM_TRACE t=1070 v=18.86 ws=18.80,18.94,18.68,18.77 cmd=0.001,0.001,0.001,0.001 cap=31,31,17,17 des=31,31,15,15 app=29,29,14,14 abs=nil,nil,nil,nil ebrake=1.00 ibrake=1.00 hasABS=0 sy=1.69 ===
 84.85280|I|libbeamng.print:18052| === LSTM_TRACE t=1080 v=18.79 ws=18.83,18.93,18.59,18.71 cmd=0.001,0.001,0.001,0.001 cap=31,31,17,17 des=31,31,15,15 app=29,29,14,14 abs=nil,nil,nil,nil ebrake=1.00 ibrake=1.00 hasABS=0 sy=1.45 ===
 84.90271|I|libbeamng.print:18052| === LSTM_TRACE t=1090 v=18.71 ws=18.68,18.81,18.56,18.61 cmd=0.001,0.001,0.001,0.001 cap=31,31,17,17 des=31,31,15,15 app=29,29,14,14 abs=nil,nil,nil,nil ebrake=1.00 ibrake=1.00 hasABS=0 sy=1.42 ===
 84.95275|I|libbeamng.print:18052| === LSTM_TRACE t=1100 v=18.63 ws=18.62,18.74,18.54,18.52 cmd=0.001,0.001,0.001,0.001 cap=31,31,17,17 des=31,31,15,15 app=29,29,14,14 abs=nil,nil,nil,nil ebrake=1.00 ibrake=1.00 hasABS=0 sy=1.35 ===
 85.00268|I|libbeamng.print:18052| === LSTM_TRACE t=1110 v=18.54 ws=18.54,18.63,18.39,18.50 cmd=0.001,0.001,0.001,0.001 cap=31,31,17,17 des=31,31,15,15 app=29,29,14,14 abs=nil,nil,nil,nil ebrake=1.00 ibrake=1.00 hasABS=0 sy=1.85 ===
 85.05274|I|libbeamng.print:18052| === LSTM_TRACE t=1120 v=18.47 ws=18.43,18.52,18.29,18.46 cmd=0.001,0.001,0.001,0.001 cap=31,31,17,17 des=31,31,15,15 app=29,29,14,14 abs=nil,nil,nil,nil ebrake=1.00 ibrake=1.00 hasABS=0 sy=1.70 ===
 85.10289|I|libbeamng.print:18052| === LSTM_TRACE t=1130 v=18.39 ws=18.34,18.48,18.26,18.36 cmd=0.001,0.001,0.001,0.001 cap=31,31,17,17 des=31,31,15,15 app=29,29,14,14 abs=nil,nil,nil,nil ebrake=1.00 ibrake=1.00 hasABS=0 sy=1.68 ===
 85.15298|I|libbeamng.print:18052| === LSTM_TRACE t=1140 v=18.31 ws=18.30,18.42,18.17,18.29 cmd=0.001,0.001,0.001,0.001 cap=31,31,17,17 des=31,31,15,15 app=29,29,14,14 abs=nil,nil,nil,nil ebrake=1.00 ibrake=1.00 hasABS=0 sy=1.67 ===
 85.20290|I|libbeamng.print:18052| === LSTM_TRACE t=1150 v=18.24 ws=18.23,18.36,18.10,18.23 cmd=0.001,0.001,0.001,0.001 cap=31,31,17,17 des=31,31,15,15 app=29,29,14,14 abs=nil,nil,nil,nil ebrake=1.00 ibrake=1.00 hasABS=0 sy=1.46 ===
 85.25290|I|libbeamng.print:18052| === LSTM_TRACE t=1160 v=18.16 ws=18.16,18.28,18.05,18.13 cmd=0.001,0.001,0.001,0.001 cap=31,31,17,17 des=31,31,15,15 app=29,29,14,14 abs=nil,nil,nil,nil ebrake=1.00 ibrake=1.00 hasABS=0 sy=1.46 ===
 85.30285|I|libbeamng.print:18052| === LSTM_TRACE t=1170 v=18.09 ws=18.07,18.21,17.99,18.02 cmd=0.001,0.001,0.001,0.001 cap=31,31,17,17 des=31,31,15,15 app=29,29,14,14 abs=nil,nil,nil,nil ebrake=1.00 ibrake=1.00 hasABS=0 sy=1.45 ===
 85.35291|I|libbeamng.print:18052| === LSTM_TRACE t=1180 v=18.01 ws=17.97,18.14,17.91,17.94 cmd=0.001,0.001,0.001,0.001 cap=31,31,17,17 des=31,31,15,15 app=29,29,14,14 abs=nil,nil,nil,nil ebrake=1.00 ibrake=1.00 hasABS=0 sy=1.52 ===
 85.40290|I|libbeamng.print:18052| === LSTM_TRACE t=1190 v=17.93 ws=17.87,18.02,17.76,17.85 cmd=0.001,0.001,0.001,0.001 cap=31,31,17,17 des=31,31,15,15 app=29,29,14,14 abs=nil,nil,nil,nil ebrake=1.00 ibrake=1.00 hasABS=0 sy=1.58 ===
 85.45279|I|libbeamng.print:18052| === LSTM_TRACE t=1200 v=17.85 ws=17.81,17.86,17.67,17.79 cmd=0.001,0.001,0.001,0.001 cap=31,31,17,17 des=31,31,15,15 app=29,29,14,14 abs=nil,nil,nil,nil ebrake=1.00 ibrake=1.00 hasABS=0 sy=1.52 ===
 85.50274|I|libbeamng.print:18052| === LSTM_TRACE t=1210 v=17.77 ws=17.77,17.83,17.63,17.71 cmd=0.001,0.001,0.001,0.001 cap=31,31,17,17 des=31,31,15,15 app=29,29,14,14 abs=nil,nil,nil,nil ebrake=1.00 ibrake=1.00 hasABS=0 sy=1.84 ===
 85.55270|I|libbeamng.print:18052| === LSTM_TRACE t=1220 v=17.71 ws=17.69,17.82,17.57,17.72 cmd=0.001,0.001,0.001,0.001 cap=31,31,17,17 des=31,31,15,15 app=29,29,14,14 abs=nil,nil,nil,nil ebrake=1.00 ibrake=1.00 hasABS=0 sy=1.40 ===
 85.60272|I|libbeamng.print:18052| === LSTM_TRACE t=1230 v=17.63 ws=17.61,17.68,17.57,17.54 cmd=0.001,0.001,0.001,0.001 cap=31,31,17,17 des=31,31,15,15 app=29,29,14,14 abs=nil,nil,nil,nil ebrake=1.00 ibrake=1.00 hasABS=0 sy=1.44 ===
 85.65350|I|libbeamng.print:18052| === LSTM_TRACE t=1240 v=17.55 ws=17.57,17.66,17.38,17.50 cmd=0.001,0.001,0.001,0.001 cap=31,31,17,17 des=31,31,15,15 app=29,29,14,14 abs=nil,nil,nil,nil ebrake=1.00 ibrake=1.00 hasABS=0 sy=1.52 ===
 85.70311|I|libbeamng.print:18052| === LSTM_TRACE t=1250 v=17.47 ws=17.44,17.51,17.32,17.48 cmd=0.001,0.001,0.001,0.001 cap=31,31,17,17 des=31,31,15,15 app=29,29,14,14 abs=nil,nil,nil,nil ebrake=1.00 ibrake=1.00 hasABS=0 sy=1.57 ===
 85.75278|I|libbeamng.print:18052| === LSTM_TRACE t=1260 v=17.39 ws=17.38,17.49,17.34,17.35 cmd=0.001,0.001,0.001,0.001 cap=31,31,17,17 des=31,31,15,15 app=29,29,14,14 abs=nil,nil,nil,nil ebrake=1.00 ibrake=1.00 hasABS=0 sy=1.82 ===
 85.80282|I|libbeamng.print:18052| === LSTM_TRACE t=1270 v=17.32 ws=17.33,17.38,17.17,17.27 cmd=0.001,0.001,0.001,0.001 cap=31,31,17,17 des=31,31,15,15 app=29,29,14,14 abs=nil,nil,nil,nil ebrake=1.00 ibrake=1.00 hasABS=0 sy=1.37 ===
 85.85286|I|libbeamng.print:18052| === LSTM_TRACE t=1280 v=17.25 ws=17.19,17.38,17.09,17.29 cmd=0.001,0.001,0.001,0.001 cap=31,31,17,17 des=31,31,15,15 app=29,29,14,14 abs=nil,nil,nil,nil ebrake=1.00 ibrake=1.00 hasABS=0 sy=1.32 ===
 85.90442|I|libbeamng.print:18052| === LSTM_TRACE t=1290 v=17.16 ws=17.15,17.27,17.10,17.11 cmd=0.001,0.001,0.001,0.001 cap=31,31,17,17 des=31,31,15,15 app=29,29,14,14 abs=nil,nil,nil,nil ebrake=1.00 ibrake=1.00 hasABS=0 sy=1.81 ===
 85.95275|I|libbeamng.print:18052| === LSTM_TRACE t=1300 v=17.09 ws=17.15,17.13,16.95,17.06 cmd=0.001,0.001,0.001,0.001 cap=31,31,17,17 des=31,31,15,15 app=29,29,14,14 abs=nil,nil,nil,nil ebrake=1.00 ibrake=1.00 hasABS=0 sy=1.70 ===
 86.00295|I|libbeamng.print:18052| === LSTM_TRACE t=1310 v=17.02 ws=17.03,17.00,17.00,16.95 cmd=0.001,0.001,0.001,0.001 cap=31,31,17,17 des=31,31,15,15 app=29,29,14,14 abs=nil,nil,nil,nil ebrake=1.00 ibrake=1.00 hasABS=0 sy=1.57 ===
 86.05289|I|libbeamng.print:18052| === LSTM_TRACE t=1320 v=16.95 ws=16.98,17.03,16.83,16.89 cmd=0.001,0.001,0.001,0.001 cap=31,31,17,17 des=31,31,15,15 app=29,29,14,14 abs=nil,nil,nil,nil ebrake=1.00 ibrake=1.00 hasABS=0 sy=1.20 ===
 86.10277|I|libbeamng.print:18052| === LSTM_TRACE t=1330 v=16.87 ws=16.83,16.91,16.84,16.78 cmd=0.001,0.001,0.001,0.001 cap=31,31,17,17 des=31,31,15,15 app=29,29,14,14 abs=nil,nil,nil,nil ebrake=1.00 ibrake=1.00 hasABS=0 sy=1.50 ===
 86.15276|I|libbeamng.print:18052| === LSTM_TRACE t=1340 v=16.80 ws=16.82,16.89,16.66,16.78 cmd=0.001,0.001,0.001,0.001 cap=31,31,17,17 des=31,31,15,15 app=29,29,14,14 abs=nil,nil,nil,nil ebrake=1.00 ibrake=1.00 hasABS=0 sy=1.31 ===
 86.20291|I|libbeamng.print:18052| === LSTM_TRACE t=1350 v=16.72 ws=16.73,16.74,16.59,16.69 cmd=0.001,0.001,0.001,0.001 cap=31,31,17,17 des=31,31,15,15 app=29,29,14,14 abs=nil,nil,nil,nil ebrake=1.00 ibrake=1.00 hasABS=0 sy=1.53 ===
 86.25277|I|libbeamng.print:18052| === LSTM_TRACE t=1360 v=16.65 ws=16.69,16.72,16.57,16.67 cmd=0.001,0.001,0.001,0.001 cap=31,31,17,17 des=31,31,15,15 app=29,29,14,14 abs=nil,nil,nil,nil ebrake=1.00 ibrake=1.00 hasABS=0 sy=1.20 ===
 86.30313|I|libbeamng.print:18052| === LSTM_TRACE t=1370 v=16.56 ws=16.61,16.60,16.46,16.48 cmd=0.001,0.001,0.001,0.001 cap=31,31,17,17 des=31,31,15,15 app=29,29,14,14 abs=nil,nil,nil,nil ebrake=1.00 ibrake=1.00 hasABS=0 sy=1.62 ===
 86.35306|I|libbeamng.print:18052| === LSTM_TRACE t=1380 v=16.50 ws=16.48,16.60,16.43,16.41 cmd=0.001,0.001,0.001,0.001 cap=31,31,17,17 des=31,31,15,15 app=29,29,14,14 abs=nil,nil,nil,nil ebrake=1.00 ibrake=1.00 hasABS=0 sy=1.37 ===
 86.40281|I|libbeamng.print:18052| === LSTM_TRACE t=1390 v=16.42 ws=16.41,16.53,16.35,16.45 cmd=0.001,0.001,0.001,0.001 cap=31,31,17,17 des=31,31,15,15 app=29,29,14,14 abs=nil,nil,nil,nil ebrake=1.00 ibrake=1.00 hasABS=0 sy=1.51 ===
 86.45276|I|libbeamng.print:18052| === LSTM_TRACE t=1400 v=16.34 ws=16.39,16.35,16.27,16.27 cmd=0.001,0.001,0.001,0.001 cap=31,31,17,17 des=31,31,15,15 app=29,29,14,14 abs=nil,nil,nil,nil ebrake=1.00 ibrake=1.00 hasABS=0 sy=1.52 ===
 86.50298|I|libbeamng.print:18052| === LSTM_TRACE t=1410 v=16.27 ws=16.23,16.38,16.12,16.25 cmd=0.001,0.001,0.001,0.001 cap=31,31,17,17 des=31,31,15,15 app=29,29,14,14 abs=nil,nil,nil,nil ebrake=1.00 ibrake=1.00 hasABS=0 sy=1.37 ===
 86.55272|I|libbeamng.print:18052| === LSTM_TRACE t=1420 v=16.20 ws=16.21,16.29,16.16,16.13 cmd=0.001,0.001,0.001,0.001 cap=31,31,17,17 des=31,31,15,15 app=29,29,14,14 abs=nil,nil,nil,nil ebrake=1.00 ibrake=1.00 hasABS=0 sy=1.18 ===
 86.60326|I|libbeamng.print:18052| === LSTM_TRACE t=1430 v=16.12 ws=16.12,16.22,16.09,16.11 cmd=0.001,0.001,0.001,0.001 cap=31,31,17,17 des=31,31,15,15 app=29,29,14,14 abs=nil,nil,nil,nil ebrake=1.00 ibrake=1.00 hasABS=0 sy=1.46 ===
 86.65281|I|libbeamng.print:18052| === LSTM_TRACE t=1440 v=16.04 ws=16.07,16.07,15.92,16.12 cmd=0.001,0.001,0.001,0.001 cap=31,31,17,17 des=31,31,15,15 app=29,29,14,14 abs=nil,nil,nil,nil ebrake=1.00 ibrake=1.00 hasABS=0 sy=1.46 ===
 86.70294|I|libbeamng.print:18052| === LSTM_TRACE t=1450 v=15.97 ws=15.92,16.10,15.86,15.98 cmd=0.001,0.001,0.001,0.001 cap=31,31,17,17 des=31,31,15,15 app=29,29,14,14 abs=nil,nil,nil,nil ebrake=1.00 ibrake=1.00 hasABS=0 sy=1.57 ===
 86.75277|I|libbeamng.print:18052| === LSTM_TRACE t=1460 v=15.90 ws=15.93,15.98,15.78,15.84 cmd=0.001,0.001,0.001,0.001 cap=31,31,17,17 des=31,31,15,15 app=29,29,14,14 abs=nil,nil,nil,nil ebrake=1.00 ibrake=1.00 hasABS=0 sy=1.36 ===
 86.80297|I|libbeamng.print:18052| === LSTM_TRACE t=1470 v=15.82 ws=15.86,15.91,15.45,15.52 cmd=0.001,0.001,0.001,0.001 cap=31,31,17,17 des=31,31,15,15 app=29,29,14,14 abs=nil,nil,nil,nil ebrake=1.00 ibrake=1.00 hasABS=0 sy=1.66 ===
 86.85305|I|libbeamng.print:18052| === LSTM_TRACE t=1480 v=15.63 ws=15.63,15.73,15.18,15.26 cmd=0.001,0.001,0.001,0.002 cap=31,31,17,17 des=31,31,15,15 app=29,29,14,14 abs=nil,nil,nil,nil ebrake=1.00 ibrake=1.00 hasABS=0 sy=3.52 ===
 86.90297|I|libbeamng.print:18052| === LSTM_TRACE t=1490 v=15.42 ws=15.39,15.54,14.90,15.18 cmd=0.005,0.004,0.005,0.008 cap=31,31,17,17 des=31,31,15,15 app=29,29,14,14 abs=nil,nil,nil,nil ebrake=1.00 ibrake=1.00 hasABS=0 sy=3.98 ===
 86.95391|I|libbeamng.print:18052| === LSTM_TRACE t=1500 v=15.20 ws=15.17,15.33,14.91,14.70 cmd=0.008,0.006,0.010,0.017 cap=31,31,17,28 des=31,31,15,24 app=29,29,14,22 abs=nil,nil,nil,nil ebrake=1.00 ibrake=1.00 hasABS=0 sy=4.29 ===
 87.00290|I|libbeamng.print:18052| === LSTM_TRACE t=1510 v=14.99 ws=15.01,14.99,14.47,14.43 cmd=0.014,0.015,0.035,0.044 cap=38,37,46,62 des=38,37,40,54 app=35,34,37,50 abs=nil,nil,nil,nil ebrake=1.00 ibrake=1.00 hasABS=0 sy=4.17 ===
 87.05346|I|libbeamng.print:18052| === LSTM_TRACE t=1520 v=14.73 ws=14.49,14.49,14.07,14.18 cmd=0.193,0.257,0.411,0.387 cap=485,662,619,598 des=485,662,542,524 app=447,610,499,482 abs=nil,nil,nil,nil ebrake=1.00 ibrake=1.00 hasABS=0 sy=5.10 ===
 87.10284|I|libbeamng.print:18052| === LSTM_TRACE t=1530 v=14.33 ws=13.74,13.89,13.59,13.74 cmd=0.510,0.546,0.598,0.530 cap=1489,1619,1017,897 des=1489,1619,890,785 app=1378,1500,824,726 abs=nil,nil,nil,nil ebrake=1.00 ibrake=1.00 hasABS=0 sy=7.84 ===
 87.15311|I|libbeamng.print:18052| === LSTM_TRACE t=1540 v=13.83 ws=13.06,13.03,13.23,13.45 cmd=0.744,0.760,0.654,0.626 cap=2323,2343,1081,1038 des=2323,2343,946,908 app=2165,2187,881,845 abs=nil,nil,nil,nil ebrake=1.00 ibrake=1.00 hasABS=0 sy=9.78 ===
 87.20298|I|libbeamng.print:18052| === LSTM_TRACE t=1550 v=13.31 ws=12.87,12.70,12.85,13.05 cmd=0.647,0.724,0.711,0.683 cap=2058,2276,1207,1166 des=2058,2276,1056,1020 app=1931,2139,989,955 abs=nil,nil,nil,nil ebrake=1.00 ibrake=1.00 hasABS=0 sy=10.08 ===
 87.25264|I|libbeamng.print:18052| === LSTM_TRACE t=1560 v=12.87 ws=12.43,12.46,12.45,12.62 cmd=0.532,0.616,0.618,0.546 cap=1659,1924,1048,940 des=1659,1924,917,822 app=1565,1818,863,773 abs=nil,nil,nil,nil ebrake=1.00 ibrake=1.00 hasABS=0 sy=8.84 ===
 87.30287|I|libbeamng.print:18052| === LSTM_TRACE t=1570 v=12.44 ws=11.88,11.90,12.16,12.23 cmd=0.620,0.654,0.587,0.527 cap=1881,2009,994,886 des=1881,2009,869,776 app=1781,1906,820,731 abs=nil,nil,nil,nil ebrake=1.00 ibrake=1.00 hasABS=0 sy=8.70 ===
 87.35287|I|libbeamng.print:18052| === LSTM_TRACE t=1580 v=11.95 ws=10.99,10.91,11.89,11.91 cmd=0.724,0.743,0.692,0.675 cap=2280,2305,1150,1121 des=2280,2305,1006,981 app=2167,2195,952,926 abs=nil,nil,nil,nil ebrake=1.00 ibrake=1.00 hasABS=0 sy=9.63 ===
 87.40321|I|libbeamng.print:18052| === LSTM_TRACE t=1590 v=11.46 ws=11.02,10.79,11.17,11.24 cmd=0.619,0.696,0.751,0.746 cap=1930,2172,1286,1273 des=1930,2172,1126,1114 app=1841,2076,1068,1055 abs=nil,nil,nil,nil ebrake=1.00 ibrake=1.00 hasABS=0 sy=9.79 ===
 87.45268|I|libbeamng.print:18052| === LSTM_TRACE t=1600 v=11.04 ws=10.84,10.72,10.68,10.86 cmd=0.492,0.594,0.640,0.583 cap=1496,1842,1130,1036 des=1496,1842,989,907 app=1430,1765,940,861 abs=nil,nil,nil,nil ebrake=1.00 ibrake=1.00 hasABS=0 sy=8.45 ===
 87.50263|I|libbeamng.print:18052| === LSTM_TRACE t=1610 v=10.62 ws=10.20,10.16,10.34,10.48 cmd=0.590,0.638,0.577,0.518 cap=1757,1939,994,879 des=1757,1939,870,769 app=1682,1861,828,731 abs=nil,nil,nil,nil ebrake=1.00 ibrake=1.00 hasABS=0 sy=8.56 ===
 87.55304|I|libbeamng.print:18052| === LSTM_TRACE t=1620 v=10.15 ws=9.52,9.51,9.94,10.02 cmd=0.661,0.689,0.676,0.638 cap=2048,2133,1142,1069 des=2048,2133,999,935 app=1964,2051,953,890 abs=nil,nil,nil,nil ebrake=1.00 ibrake=1.00 hasABS=0 sy=9.41 ===
 87.60397|I|libbeamng.print:18052| === LSTM_TRACE t=1630 v=9.69 ws=9.42,9.30,9.49,9.58 cmd=0.525,0.612,0.689,0.634 cap=1693,1934,1187,1103 des=1693,1934,1039,965 app=1626,1862,992,920 abs=nil,nil,nil,nil ebrake=1.00 ibrake=1.00 hasABS=0 sy=9.05 ===
 87.65277|I|libbeamng.print:18052| === LSTM_TRACE t=1640 v=9.31 ws=8.98,9.04,9.23,9.30 cmd=0.519,0.589,0.580,0.499 cap=1576,1818,998,856 des=1576,1818,874,749 app=1515,1753,835,714 abs=nil,nil,nil,nil ebrake=1.00 ibrake=1.00 hasABS=0 sy=7.89 ===
 87.70271|I|libbeamng.print:18052| === LSTM_TRACE t=1650 v=8.87 ws=8.31,8.37,8.67,8.78 cmd=0.591,0.631,0.613,0.543 cap=1832,1944,1034,914 des=1832,1944,904,800 app=1762,1876,865,763 abs=nil,nil,nil,nil ebrake=1.00 ibrake=1.00 hasABS=0 sy=8.73 ===
 87.75323|I|libbeamng.print:18052| === LSTM_TRACE t=1660 v=8.44 ws=8.26,8.06,8.16,8.28 cmd=0.577,0.635,0.638,0.570 cap=1822,1990,1105,984 des=1822,1990,967,861 app=1755,1922,925,822 abs=nil,nil,nil,nil ebrake=1.00 ibrake=1.00 hasABS=0 sy=8.51 ===
 87.80289|I|libbeamng.print:18052| === LSTM_TRACE t=1670 v=8.02 ws=7.90,7.69,7.92,7.96 cmd=0.551,0.624,0.620,0.536 cap=1714,1939,1042,910 des=1714,1939,912,796 app=1652,1874,872,759 abs=nil,nil,nil,nil ebrake=1.00 ibrake=1.00 hasABS=0 sy=8.17 ===
 87.85311|I|libbeamng.print:18052| === LSTM_TRACE t=1680 v=7.60 ws=7.45,7.21,7.43,7.53 cmd=0.579,0.642,0.630,0.549 cap=1813,1998,1055,925 des=1813,1998,923,809 app=1748,1932,883,772 abs=nil,nil,nil,nil ebrake=1.00 ibrake=1.00 hasABS=0 sy=8.18 ===
 87.90271|I|libbeamng.print:18052| === LSTM_TRACE t=1690 v=7.15 ws=6.68,6.76,6.91,6.97 cmd=0.598,0.661,0.640,0.570 cap=1902,2070,1102,977 des=1902,2070,964,855 app=1834,2002,922,816 abs=nil,nil,nil,nil ebrake=1.00 ibrake=1.00 hasABS=0 sy=8.69 ===
 87.95275|I|libbeamng.print:18052| === LSTM_TRACE t=1700 v=6.71 ws=6.24,6.28,6.55,6.58 cmd=0.596,0.673,0.649,0.576 cap=1802,2071,1130,992 des=1802,2071,988,868 app=1738,2003,946,828 abs=nil,nil,nil,nil ebrake=1.00 ibrake=1.00 hasABS=0 sy=8.81 ===
 88.00289|I|libbeamng.print:18052| === LSTM_TRACE t=1710 v=6.26 ws=5.81,5.98,6.20,6.26 cmd=0.621,0.696,0.681,0.607 cap=1957,2164,1140,1021 des=1957,2164,998,893 app=1889,2095,954,852 abs=nil,nil,nil,nil ebrake=1.00 ibrake=1.00 hasABS=0 sy=9.09 ===
 88.05324|I|libbeamng.print:18052| === LSTM_TRACE t=1720 v=5.81 ws=5.49,5.35,5.79,5.85 cmd=0.643,0.716,0.730,0.652 cap=2022,2225,1203,1084 des=2022,2225,1053,949 app=1952,2154,1007,905 abs=nil,nil,nil,nil ebrake=1.00 ibrake=1.00 hasABS=0 sy=8.93 ===
 88.10318|I|libbeamng.print:18052| === LSTM_TRACE t=1730 v=5.33 ws=5.04,5.02,5.23,5.20 cmd=0.646,0.695,0.773,0.723 cap=2031,2184,1315,1226 des=2031,2184,1151,1073 app=1960,2114,1101,1024 abs=nil,nil,nil,nil ebrake=1.00 ibrake=1.00 hasABS=0 sy=9.33 ===
 88.15291|I|libbeamng.print:18052| === LSTM_TRACE t=1740 v=4.85 ws=4.60,4.48,4.70,4.63 cmd=0.676,0.698,0.797,0.773 cap=2161,2198,1348,1305 des=2161,2198,1180,1142 app=2086,2127,1128,1089 abs=nil,nil,nil,nil ebrake=1.00 ibrake=1.00 hasABS=0 sy=9.36 ===
 88.20293|I|libbeamng.print:18052| === LSTM_TRACE t=1750 v=4.34 ws=3.35,3.40,4.43,4.39 cmd=0.759,0.779,0.832,0.831 cap=2340,2393,1412,1407 des=2340,2393,1236,1231 app=2258,2315,1182,1174 abs=nil,nil,nil,nil ebrake=1.00 ibrake=1.00 hasABS=0 sy=10.26 ===
 88.25260|I|libbeamng.print:18052| === LSTM_TRACE t=1760 v=3.80 ws=1.82,1.27,3.55,3.63 cmd=0.831,0.867,0.872,0.877 cap=2538,2648,1468,1475 des=2538,2648,1284,1291 app=2448,2560,1228,1231 abs=nil,nil,nil,nil ebrake=1.00 ibrake=1.00 hasABS=0 sy=10.73 ===
 88.30277|I|libbeamng.print:18052| === LSTM_TRACE t=1770 v=3.25 ws=0.20,0.03,3.16,3.36 cmd=0.995,0.995,0.900,0.898 cap=3082,3081,1535,1538 des=3082,3081,1343,1346 app=2969,2975,1284,1283 abs=nil,nil,nil,nil ebrake=1.00 ibrake=1.00 hasABS=0 sy=10.84 ===
 88.35282|I|libbeamng.print:18052| === LSTM_TRACE t=1780 v=2.74 ws=0.08,0.01,2.65,2.59 cmd=0.997,0.998,0.879,0.876 cap=3092,3092,1497,1492 des=3092,3092,1310,1306 app=2974,2981,1251,1245 abs=nil,nil,nil,nil ebrake=1.00 ibrake=1.00 hasABS=0 sy=10.24 ===
 88.40400|I|libbeamng.print:18052| === LSTM_TRACE t=1790 v=2.21 ws=0.02,0.01,1.93,2.14 cmd=0.998,0.998,0.875,0.873 cap=3092,3093,1488,1485 des=3092,3093,1302,1299 app=2970,2977,1242,1237 abs=nil,nil,nil,nil ebrake=1.00 ibrake=1.00 hasABS=0 sy=10.49 ===
 88.45312|I|libbeamng.print:18052| === LSTM_TRACE t=1800 v=1.65 ws=0.00,0.00,1.58,1.69 cmd=0.998,0.998,0.880,0.877 cap=3093,3093,1493,1489 des=3093,3093,1306,1303 app=2966,2973,1245,1240 abs=nil,nil,nil,nil ebrake=1.00 ibrake=1.00 hasABS=0 sy=11.23 ===
 88.50287|I|libbeamng.print:18052| === LSTM_TRACE t=1810 v=1.08 ws=0.00,0.00,1.06,1.28 cmd=0.998,0.998,0.882,0.880 cap=3094,3094,1500,1495 des=3094,3094,1313,1308 app=2963,2970,1250,1243 abs=nil,nil,nil,nil ebrake=1.00 ibrake=1.00 hasABS=0 sy=11.40 ===
 88.55270|I|libbeamng.print:18052| === LSTM_TRACE t=1820 v=0.52 ws=0.00,0.00,0.47,0.58 cmd=0.998,0.998,0.888,0.884 cap=3094,3094,1508,1501 des=3094,3094,1319,1313 app=2960,2966,1255,1247 abs=nil,nil,nil,nil ebrake=1.00 ibrake=1.00 hasABS=0 sy=11.08 ===
 93.54632|I|libbeamng.print:18052| === LSTM_ABS: lens 'curation' loaded (17 in, 64 hidden, 2 layers) ===
 93.54810|I|libbeamng.print:18052| === LSTM_ABS SELFTEST lens=curation cmd=0.998757,0.995798,0.846597,0.821618 ===
114.91295|I|libbeamng.print:18052| === LSTM_TRACE t=0 v=27.71 ws=27.68,27.83,27.38,27.39 cmd=0.549,0.574,0.666,0.648 cap=155,155,85,85 des=155,155,74,74 app=142,142,68,68 abs=nil,nil,nil,nil ebrake=1.00 ibrake=1.00 hasABS=0 sy=1.45 ===
114.96326|I|libbeamng.print:18052| === LSTM_TRACE t=10 v=27.43 ws=26.67,26.80,26.79,26.97 cmd=0.445,0.452,0.600,0.588 cap=1377,1377,984,995 des=1377,1377,861,871 app=1271,1270,795,805 abs=nil,nil,nil,nil ebrake=1.00 ibrake=1.00 hasABS=0 sy=5.74 ===
114.98328|I|libbeamng.print:18052| === LSTM_ABS DBG raw=26.3886,26.4100,26.5443,26.7373,-0.0322,6.5746,0.2372,0.0076,0.0000,0.0000,0.0018,1.0000,0.0000,0.0009,-0.0108,7704.7473,0.2500 ===
114.98331|I|libbeamng.print:18052| === LSTM_ABS DBG norm=1.25,1.25,1.21,1.23,-0.00,-0.09,0.07,-0.01,0.00,0.00,-0.64,0.04,-0.04,0.04,0.63,2.27,0.25 ===
114.98335|I|libbeamng.print:18052| === LSTM_ABS DBG cmd=0.4730,0.4879,0.6679,0.6259 ===
115.01340|I|libbeamng.print:18052| === LSTM_TRACE t=20 v=27.07 ws=26.25,26.32,26.09,26.33 cmd=0.476,0.475,0.664,0.618 cap=1488,1495,1121,1043 des=1488,1495,981,913 app=1387,1394,917,853 abs=nil,nil,nil,nil ebrake=1.00 ibrake=1.00 hasABS=0 sy=7.22 ===
115.06350|I|libbeamng.print:18052| === LSTM_TRACE t=30 v=26.67 ws=25.86,26.07,25.52,25.78 cmd=0.476,0.478,0.677,0.618 cap=1466,1464,1147,1055 des=1466,1464,1004,923 app=1379,1378,948,871 abs=nil,nil,nil,nil ebrake=1.00 ibrake=1.00 hasABS=0 sy=7.81 ===
115.11336|I|libbeamng.print:18052| === LSTM_TRACE t=40 v=26.24 ws=25.33,25.45,24.92,25.40 cmd=0.538,0.533,0.692,0.622 cap=1633,1627,1181,1061 des=1633,1627,1033,928 app=1548,1544,984,882 abs=nil,nil,nil,nil ebrake=1.00 ibrake=1.00 hasABS=0 sy=8.58 ===
115.16356|I|libbeamng.print:18052| === LSTM_TRACE t=50 v=25.76 ws=24.75,24.89,24.57,24.93 cmd=0.584,0.563,0.715,0.662 cap=1840,1780,1206,1111 des=1840,1780,1055,972 app=1758,1701,1012,930 abs=nil,nil,nil,nil ebrake=1.00 ibrake=1.00 hasABS=0 sy=9.58 ===
115.21333|I|libbeamng.print:18052| === LSTM_TRACE t=60 v=25.29 ws=24.22,24.40,23.99,24.46 cmd=0.600,0.587,0.739,0.685 cap=1878,1832,1257,1168 des=1878,1832,1100,1022 app=1806,1762,1060,983 abs=nil,nil,nil,nil ebrake=1.00 ibrake=1.00 hasABS=0 sy=9.29 ===
115.26391|I|libbeamng.print:18052| === LSTM_TRACE t=70 v=24.78 ws=23.78,24.02,23.49,23.88 cmd=0.613,0.586,0.685,0.659 cap=1863,1775,1182,1131 des=1863,1775,1034,990 app=1801,1717,1001,956 abs=nil,nil,nil,nil ebrake=1.00 ibrake=1.00 hasABS=0 sy=10.07 ===
115.31307|I|libbeamng.print:18052| === LSTM_TRACE t=80 v=24.29 ws=23.20,23.34,23.02,23.35 cmd=0.609,0.595,0.770,0.718 cap=1867,1858,1319,1215 des=1867,1858,1155,1064 app=1813,1805,1122,1031 abs=nil,nil,nil,nil ebrake=1.00 ibrake=1.00 hasABS=0 sy=9.88 ===
115.36334|I|libbeamng.print:18052| === LSTM_TRACE t=90 v=23.78 ws=22.85,22.99,22.58,22.83 cmd=0.603,0.582,0.704,0.675 cap=1814,1747,1180,1138 des=1814,1747,1033,996 app=1768,1703,1006,968 abs=nil,nil,nil,nil ebrake=1.00 ibrake=1.00 hasABS=0 sy=10.16 ===
115.41305|I|libbeamng.print:18052| === LSTM_TRACE t=100 v=23.28 ws=22.22,22.47,22.13,22.46 cmd=0.604,0.585,0.753,0.729 cap=1872,1785,1267,1228 des=1872,1785,1108,1074 app=1831,1745,1083,1047 abs=nil,nil,nil,nil ebrake=1.00 ibrake=1.00 hasABS=0 sy=10.30 ===
115.46353|I|libbeamng.print:18052| === LSTM_TRACE t=110 v=22.77 ws=21.75,22.14,21.65,21.89 cmd=0.605,0.587,0.734,0.710 cap=1851,1775,1206,1173 des=1851,1775,1055,1026 app=1815,1740,1032,1003 abs=nil,nil,nil,nil ebrake=1.00 ibrake=1.00 hasABS=0 sy=10.27 ===
115.51305|I|libbeamng.print:18052| === LSTM_TRACE t=120 v=22.27 ws=21.37,21.47,21.16,21.42 cmd=0.596,0.567,0.744,0.728 cap=1830,1756,1313,1276 des=1830,1756,1148,1116 app=1799,1724,1126,1093 abs=nil,nil,nil,nil ebrake=1.00 ibrake=1.00 hasABS=0 sy=10.14 ===
115.56351|I|libbeamng.print:18052| === LSTM_TRACE t=130 v=21.77 ws=20.79,21.14,20.72,21.02 cmd=0.596,0.562,0.749,0.736 cap=1860,1759,1256,1229 des=1860,1759,1099,1076 app=1831,1730,1079,1055 abs=nil,nil,nil,nil ebrake=1.00 ibrake=1.00 hasABS=0 sy=9.97 ===
115.61314|I|libbeamng.print:18052| === LSTM_TRACE t=140 v=21.27 ws=20.34,20.66,20.17,20.49 cmd=0.611,0.575,0.743,0.728 cap=1823,1735,1303,1269 des=1823,1735,1140,1110 app=1797,1709,1120,1090 abs=nil,nil,nil,nil ebrake=1.00 ibrake=1.00 hasABS=0 sy=10.05 ===
115.66327|I|libbeamng.print:18052| === LSTM_TRACE t=150 v=20.76 ws=19.88,19.94,19.72,19.92 cmd=0.613,0.569,0.729,0.723 cap=1898,1805,1241,1214 des=1898,1805,1086,1063 app=1873,1780,1069,1044 abs=nil,nil,nil,nil ebrake=1.00 ibrake=1.00 hasABS=0 sy=10.09 ===
115.71300|I|libbeamng.print:18052| === LSTM_TRACE t=160 v=20.25 ws=19.28,19.50,19.33,19.39 cmd=0.590,0.553,0.767,0.758 cap=1918,1804,1283,1267 des=1918,1804,1122,1108 app=1895,1781,1105,1090 abs=nil,nil,nil,nil ebrake=1.00 ibrake=1.00 hasABS=0 sy=10.32 ===
115.76316|I|libbeamng.print:18052| === LSTM_TRACE t=170 v=19.74 ws=18.77,18.98,18.78,19.02 cmd=0.646,0.613,0.733,0.726 cap=1846,1742,1249,1234 des=1846,1742,1093,1080 app=1826,1721,1077,1063 abs=nil,nil,nil,nil ebrake=1.00 ibrake=1.00 hasABS=0 sy=10.39 ===
115.81352|I|libbeamng.print:18052| === LSTM_TRACE t=180 v=19.21 ws=17.85,18.21,18.27,18.37 cmd=0.687,0.670,0.723,0.728 cap=2075,2004,1304,1313 des=2075,2004,1141,1149 app=2055,1982,1125,1132 abs=nil,nil,nil,nil ebrake=1.00 ibrake=1.00 hasABS=0 sy=10.71 ===
115.86330|I|libbeamng.print:18052| === LSTM_TRACE t=190 v=18.65 ws=17.30,17.31,17.69,17.76 cmd=0.770,0.778,0.630,0.635 cap=2081,2116,1267,1275 des=2081,2116,1109,1115 app=2062,2095,1094,1099 abs=nil,nil,nil,nil ebrake=1.00 ibrake=1.00 hasABS=0 sy=11.15 ===
115.91393|I|libbeamng.print:18052| === LSTM_TRACE t=200 v=18.10 ws=16.46,16.52,17.24,17.41 cmd=0.773,0.796,0.689,0.696 cap=2295,2417,1134,1122 des=2295,2417,993,981 app=2276,2395,979,968 abs=nil,nil,nil,nil ebrake=1.00 ibrake=1.00 hasABS=0 sy=11.11 ===
115.96335|I|libbeamng.print:18052| === LSTM_TRACE t=210 v=17.53 ws=15.91,16.09,16.47,16.73 cmd=0.773,0.820,0.414,0.395 cap=1743,1949,1175,1151 des=1743,1949,1028,1007 app=1776,1933,1014,993 abs=nil,nil,nil,nil ebrake=1.00 ibrake=1.00 hasABS=0 sy=11.56 ===
116.01321|I|libbeamng.print:18052| === LSTM_TRACE t=220 v=16.98 ws=15.98,15.73,16.42,16.45 cmd=0.806,0.844,0.533,0.512 cap=1837,1916,1277,1260 des=1837,1916,1118,1102 app=1824,1901,995,1029 abs=nil,nil,nil,nil ebrake=1.00 ibrake=1.00 hasABS=0 sy=11.23 ===
116.06330|I|libbeamng.print:18052| === LSTM_TRACE t=230 v=16.44 ws=15.40,15.05,16.11,16.01 cmd=0.696,0.753,0.705,0.705 cap=2160,2366,783,771 des=2160,2366,685,674 app=2146,2349,676,665 abs=nil,nil,nil,nil ebrake=1.00 ibrake=1.00 hasABS=0 sy=10.73 ===
116.11314|I|libbeamng.print:18052| === LSTM_TRACE t=240 v=15.88 ws=14.19,14.26,15.08,14.88 cmd=0.551,0.742,0.722,0.690 cap=2102,2461,851,834 des=2102,2461,745,730 app=2089,2444,734,719 abs=nil,nil,nil,nil ebrake=1.00 ibrake=1.00 hasABS=0 sy=11.16 ===
116.16339|I|libbeamng.print:18052| === LSTM_TRACE t=250 v=15.30 ws=13.50,13.12,14.12,13.63 cmd=0.695,0.662,0.536,0.507 cap=2418,2199,665,713 des=2418,2199,582,623 app=2403,2185,573,637 abs=nil,nil,nil,nil ebrake=1.00 ibrake=1.00 hasABS=0 sy=11.61 ===
116.21332|I|libbeamng.print:18052| === LSTM_TRACE t=260 v=14.70 ws=13.15,12.66,12.99,12.51 cmd=0.741,0.819,0.296,0.303 cap=2313,2494,648,665 des=2313,2494,567,582 app=2300,2478,645,699 abs=nil,nil,nil,nil ebrake=1.00 ibrake=1.00 hasABS=0 sy=11.81 ===
116.26398|I|libbeamng.print:18052| === LSTM_TRACE t=270 v=14.09 ws=12.65,11.56,12.90,12.03 cmd=0.682,0.608,0.575,0.614 cap=2367,2130,1051,1157 des=2367,2130,920,1013 app=2354,2273,666,708 abs=nil,nil,nil,nil ebrake=1.00 ibrake=1.00 hasABS=0 sy=12.28 ===
116.31322|I|libbeamng.print:18052| === LSTM_TRACE t=280 v=13.51 ws=12.20,11.23,12.32,10.92 cmd=0.704,0.798,0.458,0.461 cap=2609,2705,500,509 des=2609,2705,437,445 app=2595,2636,460,453 abs=nil,nil,nil,nil ebrake=1.00 ibrake=1.00 hasABS=0 sy=11.65 ===
116.36355|I|libbeamng.print:18052| === LSTM_TRACE t=290 v=12.92 ws=11.90,9.59,11.71,9.68 cmd=0.766,0.738,0.331,0.372 cap=2447,2663,649,663 des=2447,2663,568,580 app=2434,2647,566,646 abs=nil,nil,nil,nil ebrake=1.00 ibrake=1.00 hasABS=0 sy=11.78 ===
116.41306|I|libbeamng.print:18052| === LSTM_TRACE t=300 v=12.36 ws=11.74,9.34,11.56,9.44 cmd=0.890,0.859,0.338,0.401 cap=2512,2397,667,789 des=2512,2397,584,691 app=2288,2309,573,677 abs=nil,nil,nil,nil ebrake=1.00 ibrake=1.00 hasABS=0 sy=11.03 ===
116.46319|I|libbeamng.print:18052| === LSTM_TRACE t=310 v=11.78 ws=11.11,8.78,11.09,9.38 cmd=0.840,0.878,0.330,0.414 cap=1674,2539,977,991 des=1674,2539,855,867 app=1665,2523,838,850 abs=nil,nil,nil,nil ebrake=1.00 ibrake=1.00 hasABS=0 sy=11.35 ===
116.51335|I|libbeamng.print:18052| === LSTM_TRACE t=320 v=11.23 ws=10.25,8.18,10.42,9.48 cmd=0.806,0.626,0.408,0.510 cap=2383,1336,1105,1318 des=2383,1336,967,1153 app=2370,1759,948,1107 abs=nil,nil,nil,nil ebrake=1.00 ibrake=1.00 hasABS=0 sy=10.81 ===
116.56340|I|libbeamng.print:18052| === LSTM_TRACE t=330 v=10.65 ws=9.02,8.01,10.00,9.60 cmd=0.474,0.791,0.502,0.520 cap=1849,2695,1303,1273 des=1849,2695,1140,1113 app=1980,2677,1118,1090 abs=nil,nil,nil,nil ebrake=1.00 ibrake=1.00 hasABS=0 sy=11.30 ===
116.61353|I|libbeamng.print:18052| === LSTM_TRACE t=340 v=10.10 ws=9.23,8.65,9.49,9.53 cmd=0.959,0.876,0.551,0.705 cap=2365,1970,1228,1333 des=2365,1970,1074,1166 app=1871,1957,1037,1028 abs=nil,nil,nil,nil ebrake=1.00 ibrake=1.00 hasABS=0 sy=10.88 ===
116.66335|I|libbeamng.print:18052| === LSTM_TRACE t=350 v=9.53 ws=7.98,7.82,9.22,9.11 cmd=0.525,0.709,0.656,0.715 cap=2226,2259,1247,1391 des=2226,2259,1091,1217 app=2417,2243,1070,1192 abs=nil,nil,nil,nil ebrake=1.00 ibrake=1.00 hasABS=0 sy=11.26 ===
116.71326|I|libbeamng.print:18052| === LSTM_TRACE t=360 v=9.00 ws=8.63,7.15,8.65,8.68 cmd=0.820,0.648,0.487,0.753 cap=2165,2406,994,1290 des=2165,2406,870,1129 app=2124,2388,852,1106 abs=nil,nil,nil,nil ebrake=1.00 ibrake=1.00 hasABS=0 sy=10.63 ===
116.76324|I|libbeamng.print:18052| === LSTM_TRACE t=370 v=8.50 ws=7.73,7.73,8.60,8.60 cmd=0.763,0.848,0.723,0.738 cap=2526,2557,798,844 des=2526,2557,698,739 app=2492,2185,711,834 abs=nil,nil,nil,nil ebrake=1.00 ibrake=1.00 hasABS=0 sy=10.11 ===
116.81294|I|libbeamng.print:18052| === LSTM_TRACE t=380 v=8.01 ws=6.92,6.78,8.08,8.07 cmd=0.516,0.623,0.755,0.759 cap=2122,2525,1126,1073 des=2122,2525,985,939 app=2107,2505,964,919 abs=nil,nil,nil,nil ebrake=1.00 ibrake=1.00 hasABS=0 sy=9.53 ===
116.86330|I|libbeamng.print:18052| === LSTM_TRACE t=390 v=7.49 ws=6.84,6.09,7.54,7.57 cmd=0.815,0.572,0.737,0.843 cap=2268,2063,1209,1330 des=2268,2063,1058,1164 app=2237,2060,1035,1058 abs=nil,nil,nil,nil ebrake=1.00 ibrake=1.00 hasABS=0 sy=10.18 ===
116.91295|I|libbeamng.print:18052| === LSTM_TRACE t=400 v=6.99 ws=5.60,6.39,7.02,6.99 cmd=0.638,0.816,0.851,0.819 cap=2513,2296,1265,1317 des=2513,2296,1107,1153 app=2494,2230,1059,1128 abs=nil,nil,nil,nil ebrake=1.00 ibrake=1.00 hasABS=0 sy=10.01 ===
116.96357|I|libbeamng.print:18052| === LSTM_TRACE t=410 v=6.49 ws=4.61,5.71,6.22,6.35 cmd=0.527,0.619,0.782,0.724 cap=1453,2207,1384,1273 des=1453,2207,1211,1114 app=1861,2239,1185,1090 abs=nil,nil,nil,nil ebrake=1.00 ibrake=1.00 hasABS=0 sy=10.02 ===
117.01304|I|libbeamng.print:18052| === LSTM_TRACE t=420 v=5.96 ws=5.18,5.01,5.88,5.84 cmd=0.717,0.609,0.801,0.869 cap=2143,2111,1260,1418 des=2143,2111,1102,1240 app=2125,2091,1078,1213 abs=nil,nil,nil,nil ebrake=1.00 ibrake=1.00 hasABS=0 sy=10.52 ===
117.06340|I|libbeamng.print:18052| === LSTM_TRACE t=430 v=5.44 ws=4.67,4.76,5.37,5.38 cmd=0.511,0.575,0.723,0.781 cap=1576,1306,1234,1380 des=1576,1306,1079,1208 app=1954,1844,1056,1181 abs=nil,nil,nil,nil ebrake=1.00 ibrake=1.00 hasABS=0 sy=10.44 ===
117.11291|I|libbeamng.print:18052| === LSTM_TRACE t=440 v=4.95 ws=4.22,4.14,4.88,4.90 cmd=0.615,0.631,0.705,0.803 cap=1278,1144,1290,1411 des=1278,1144,1128,1235 app=1704,1724,1103,1207 abs=nil,nil,nil,nil ebrake=1.00 ibrake=1.00 hasABS=0 sy=10.12 ===
117.16717|I|libbeamng.print:18052| === LSTM_TRACE t=450 v=4.42 ws=3.74,3.77,4.42,4.54 cmd=0.672,0.743,0.813,0.887 cap=2236,2485,1344,1487 des=2236,2485,1176,1301 app=2213,2458,1149,1272 abs=nil,nil,nil,nil ebrake=1.00 ibrake=1.00 hasABS=0 sy=10.57 ===
117.21680|I|libbeamng.print:18052| === LSTM_TRACE t=460 v=3.92 ws=3.37,2.23,3.86,3.79 cmd=0.668,0.789,0.834,0.889 cap=2305,2674,1183,1347 des=2305,2674,1035,1179 app=2281,2643,1011,1151 abs=nil,nil,nil,nil ebrake=1.00 ibrake=1.00 hasABS=0 sy=10.23 ===
117.26328|I|libbeamng.print:18052| === LSTM_TRACE t=470 v=3.37 ws=0.29,0.27,3.33,3.38 cmd=0.964,0.964,0.839,0.848 cap=2910,2920,1404,1439 des=2910,2920,1228,1259 app=2878,2884,1199,1229 abs=nil,nil,nil,nil ebrake=1.00 ibrake=1.00 hasABS=0 sy=10.66 ===
117.31342|I|libbeamng.print:18052| === LSTM_TRACE t=480 v=2.87 ws=0.11,0.07,2.76,2.75 cmd=0.998,0.998,0.867,0.874 cap=3093,3094,1477,1491 des=3093,3094,1293,1304 app=3055,3053,1261,1273 abs=nil,nil,nil,nil ebrake=1.00 ibrake=1.00 hasABS=0 sy=10.27 ===
117.36317|I|libbeamng.print:18052| === LSTM_TRACE t=490 v=2.35 ws=0.07,0.03,2.24,2.28 cmd=0.998,0.998,0.864,0.865 cap=3093,3095,1474,1474 des=3
