 28.44642|I|libbeamng.print:18052| === LSTM_ABS: lens 'baseline_stock' loaded (17 in, 64 hidden, 2 layers) ===
 28.44920|I|libbeamng.print:18052| === LSTM_ABS SELFTEST lens=baseline_stock cmd=0.988105,0.417022,0.705998,0.927593 ===
 50.14448|I|libbeamng.print:18052| === LSTM_TRACE t=0 v=27.71 ws=27.67,27.81,27.35,27.52 cmd=0.901,0.803,0.890,0.903 cap=155,155,97,97 des=155,155,85,85 app=142,142,78,78 abs=nil,nil,nil,nil ebrake=1.00 ibrake=1.00 hasABS=0 sy=1.53 split=1.000,0.875 ===
 50.20020|I|libbeamng.print:18052| === LSTM_TRACE t=10 v=27.39 ws=23.46,24.95,26.54,26.87 cmd=0.886,0.738,0.782,0.676 cap=2800,2256,1515,1271 des=2800,2256,1326,1112 app=2593,2087,1228,1028 abs=nil,nil,nil,nil ebrake=1.00 ibrake=1.00 hasABS=0 sy=6.91 split=1.000,0.875 ===
 50.22443|I|libbeamng.print:18052| === LSTM_ABS DBG raw=21.2185,24.7854,26.1470,26.5385,0.2588,9.0563,0.7183,-0.0029,0.0000,0.0000,0.0014,1.0000,0.0000,0.0009,-0.0116,7677.7570,0.2500 ===
 50.22447|I|libbeamng.print:18052| === LSTM_ABS DBG norm=0.74,1.06,1.18,1.20,0.09,-0.21,0.43,-0.05,-0.10,0.10,-0.06,0.34,-0.05,0.01,0.83,10.00,0.25 ===
 50.22447|I|libbeamng.print:18052| === LSTM_ABS DBG cmd=0.8386,0.7461,0.8026,0.6941 ===
 50.25651|I|libbeamng.print:18052| === LSTM_TRACE t=20 v=26.89 ws=19.13,24.82,25.35,26.05 cmd=0.799,0.767,0.819,0.740 cap=2502,2354,1578,1418 des=2502,2354,1380,1241 app=2352,2213,1300,1165 abs=nil,nil,nil,nil ebrake=1.00 ibrake=1.00 hasABS=0 sy=9.49 split=1.000,0.875 ===
 50.31275|I|libbeamng.print:18052| === LSTM_TRACE t=30 v=26.38 ws=16.55,24.50,24.11,25.24 cmd=0.755,0.804,0.790,0.752 cap=2286,2434,1492,1427 des=2286,2434,1306,1249 app=2168,2317,1244,1187 abs=nil,nil,nil,nil ebrake=1.00 ibrake=1.00 hasABS=0 sy=10.08 split=1.000,0.875 ===
 50.36148|I|libbeamng.print:18052| === LSTM_TRACE t=40 v=25.83 ws=13.86,24.07,23.25,24.58 cmd=0.714,0.789,0.826,0.774 cap=2269,2474,1606,1500 des=2269,2474,1406,1313 app=2164,2377,1350,1258 abs=nil,nil,nil,nil ebrake=1.00 ibrake=1.00 hasABS=0 sy=11.07 split=1.000,0.875 ===
 50.41421|I|libbeamng.print:18052| === LSTM_TRACE t=50 v=25.28 ws=12.66,23.53,22.23,23.92 cmd=0.658,0.793,0.762,0.720 cap=2061,2440,1497,1412 des=2061,2440,1310,1236 app=1974,2363,1267,1193 abs=nil,nil,nil,nil ebrake=1.00 ibrake=1.00 hasABS=0 sy=10.91 split=1.000,0.875 ===
 50.46665|I|libbeamng.print:18052| === LSTM_TRACE t=60 v=24.71 ws=12.50,22.96,21.73,23.24 cmd=0.637,0.788,0.737,0.688 cap=1999,2448,1449,1344 des=1999,2448,1268,1176 app=1919,2385,1231,1141 abs=nil,nil,nil,nil ebrake=1.00 ibrake=1.00 hasABS=0 sy=11.14 split=1.000,0.875 ===
 50.51615|I|libbeamng.print:18052| === LSTM_TRACE t=70 v=24.12 ws=12.66,22.23,21.43,22.50 cmd=0.642,0.772,0.736,0.676 cap=2013,2398,1436,1328 des=2013,2398,1257,1162 app=1937,2346,1225,1131 abs=nil,nil,nil,nil ebrake=1.00 ibrake=1.00 hasABS=0 sy=11.53 split=1.000,0.875 ===
 50.57351|I|libbeamng.print:18052| === LSTM_TRACE t=80 v=23.54 ws=12.81,21.55,20.94,21.90 cmd=0.656,0.751,0.754,0.686 cap=2052,2356,1464,1337 des=2052,2356,1281,1170 app=1980,2314,1253,1142 abs=nil,nil,nil,nil ebrake=1.00 ibrake=1.00 hasABS=0 sy=11.60 split=1.000,0.875 ===
 50.62264|I|libbeamng.print:18052| === LSTM_TRACE t=90 v=22.96 ws=13.05,20.92,20.52,21.24 cmd=0.677,0.740,0.769,0.700 cap=2056,2297,1470,1343 des=2056,2297,1287,1175 app=1988,2262,1261,1150 abs=nil,nil,nil,nil ebrake=1.00 ibrake=1.00 hasABS=0 sy=11.45 split=1.000,0.875 ===
 50.67501|I|libbeamng.print:18052| === LSTM_TRACE t=100 v=22.39 ws=13.11,20.50,20.07,20.54 cmd=0.676,0.725,0.774,0.713 cap=2048,2227,1479,1369 des=2048,2227,1294,1198 app=1984,2196,1270,1174 abs=nil,nil,nil,nil ebrake=1.00 ibrake=1.00 hasABS=0 sy=11.33 split=1.000,0.875 ===
 50.72428|I|libbeamng.print:18052| === LSTM_TRACE t=110 v=21.82 ws=13.11,20.15,19.49,19.69 cmd=0.685,0.724,0.783,0.725 cap=2060,2218,1494,1399 des=2060,2218,1307,1224 app=2000,2191,1285,1202 abs=nil,nil,nil,nil ebrake=1.00 ibrake=1.00 hasABS=0 sy=11.45 split=1.000,0.875 ===
 50.78254|I|libbeamng.print:18052| === LSTM_TRACE t=120 v=21.25 ws=13.24,19.87,19.05,18.83 cmd=0.684,0.712,0.785,0.725 cap=2125,2227,1514,1421 des=2125,2227,1325,1243 app=2066,2204,1305,1222 abs=nil,nil,nil,nil ebrake=1.00 ibrake=1.00 hasABS=0 sy=11.29 split=1.000,0.875 ===
 50.82766|I|libbeamng.print:18052| === LSTM_TRACE t=130 v=20.67 ws=13.56,19.39,18.49,17.91 cmd=0.676,0.704,0.772,0.718 cap=2093,2167,1512,1400 des=2093,2167,1323,1225 app=2039,2146,1304,1206 abs=nil,nil,nil,nil ebrake=1.00 ibrake=1.00 hasABS=0 sy=11.42 split=1.000,0.875 ===
 50.88167|I|libbeamng.print:18052| === LSTM_TRACE t=140 v=20.09 ws=14.46,18.78,18.06,17.34 cmd=0.713,0.685,0.776,0.726 cap=2197,2161,1522,1399 des=2197,2161,1331,1224 app=2144,2143,1314,1205 abs=nil,nil,nil,nil ebrake=1.00 ibrake=1.00 hasABS=0 sy=11.47 split=1.000,0.875 ===
 50.93231|I|libbeamng.print:18052| === LSTM_TRACE t=150 v=19.51 ws=15.21,18.30,17.44,16.41 cmd=0.734,0.685,0.781,0.730 cap=2254,2127,1521,1395 des=2254,2127,1331,1220 app=2204,2111,1315,1203 abs=nil,nil,nil,nil ebrake=1.00 ibrake=1.00 hasABS=0 sy=11.65 split=1.000,0.875 ===
 50.98422|I|libbeamng.print:18052| === LSTM_TRACE t=160 v=18.93 ws=16.18,17.76,16.95,15.68 cmd=0.750,0.676,0.773,0.732 cap=2227,2040,1466,1443 des=2227,2040,1282,1263 app=2182,2026,1267,1245 abs=nil,nil,nil,nil ebrake=1.00 ibrake=1.00 hasABS=0 sy=11.39 split=1.000,0.875 ===
 51.03215|I|libbeamng.print:18052| === LSTM_TRACE t=170 v=18.35 ws=16.67,17.47,15.90,14.77 cmd=0.742,0.685,0.739,0.718 cap=2265,2026,1468,1454 des=2265,2026,1284,1272 app=2223,2013,1270,1255 abs=nil,nil,nil,nil ebrake=1.00 ibrake=1.00 hasABS=0 sy=11.56 split=1.000,0.875 ===
 51.08896|I|libbeamng.print:18052| === LSTM_TRACE t=180 v=17.77 ws=16.46,16.71,14.41,13.17 cmd=0.675,0.690,0.753,0.715 cap=2205,2188,1437,1370 des=2205,2188,1258,1199 app=2169,2175,1244,1183 abs=nil,nil,nil,nil ebrake=1.00 ibrake=1.00 hasABS=0 sy=11.74 split=1.000,0.875 ===
 51.14126|I|libbeamng.print:18052| === LSTM_TRACE t=190 v=17.21 ws=15.98,15.99,12.84,11.97 cmd=0.660,0.696,0.719,0.674 cap=2131,2121,1334,1264 des=2131,2121,1167,1106 app=2098,2109,1154,1091 abs=nil,nil,nil,nil ebrake=1.00 ibrake=1.00 hasABS=0 sy=11.34 split=1.000,0.875 ===
 51.19094|I|libbeamng.print:18052| === LSTM_TRACE t=200 v=16.66 ws=15.70,15.85,11.42,11.25 cmd=0.680,0.698,0.635,0.621 cap=2026,2088,1232,1234 des=2026,2088,1078,1079 app=1997,2077,1065,1064 abs=nil,nil,nil,nil ebrake=1.00 ibrake=1.00 hasABS=0 sy=11.31 split=1.000,0.875 ===
 51.24400|I|libbeamng.print:18052| === LSTM_TRACE t=210 v=16.10 ws=15.13,15.33,10.25,10.46 cmd=0.672,0.676,0.588,0.562 cap=2029,2038,1148,1119 des=2029,2038,1005,979 app=2003,2027,992,964 abs=nil,nil,nil,nil ebrake=1.00 ibrake=1.00 hasABS=0 sy=11.34 split=1.000,0.875 ===
 51.29264|I|libbeamng.print:18052| === LSTM_TRACE t=220 v=15.55 ws=14.64,14.71,9.38,9.98 cmd=0.648,0.624,0.513,0.506 cap=2054,1995,1004,996 des=2054,1995,879,872 app=2029,1986,867,858 abs=nil,nil,nil,nil ebrake=1.00 ibrake=1.00 hasABS=0 sy=11.02 split=1.000,0.875 ===
 51.34584|I|libbeamng.print:18052| === LSTM_TRACE t=230 v=15.02 ws=14.23,14.50,8.65,9.76 cmd=0.616,0.580,0.458,0.467 cap=1919,1829,896,898 des=1919,1829,784,786 app=1896,1820,773,773 abs=nil,nil,nil,nil ebrake=1.00 ibrake=1.00 hasABS=0 sy=10.66 split=1.000,0.875 ===
 51.39630|I|libbeamng.print:18052| === LSTM_TRACE t=240 v=14.50 ws=13.90,14.08,8.45,9.63 cmd=0.573,0.537,0.424,0.436 cap=1803,1684,810,857 des=1803,1684,708,750 app=1782,1676,697,736 abs=nil,nil,nil,nil ebrake=1.00 ibrake=1.00 hasABS=0 sy=10.37 split=1.000,0.875 ===
 51.45281|I|libbeamng.print:18052| === LSTM_TRACE t=250 v=14.02 ws=13.62,13.66,8.45,9.54 cmd=0.525,0.494,0.403,0.411 cap=1667,1526,738,813 des=1667,1526,645,712 app=1648,1518,634,698 abs=nil,nil,nil,nil ebrake=1.00 ibrake=1.00 hasABS=0 sy=9.77 split=1.000,0.875 ===
 51.49950|I|libbeamng.print:18052| === LSTM_TRACE t=260 v=13.56 ws=13.14,13.20,8.20,9.65 cmd=0.462,0.436,0.363,0.391 cap=1440,1363,735,729 des=1440,1363,643,638 app=1424,1356,631,625 abs=nil,nil,nil,nil ebrake=1.00 ibrake=1.00 hasABS=0 sy=9.26 split=1.000,0.875 ===
 51.54971|I|libbeamng.print:18052| === LSTM_TRACE t=270 v=13.11 ws=12.78,12.83,8.20,9.60 cmd=0.405,0.392,0.367,0.363 cap=1278,1248,709,694 des=1278,1248,621,607 app=1263,1241,609,595 abs=nil,nil,nil,nil ebrake=1.00 ibrake=1.00 hasABS=0 sy=8.81 split=1.000,0.875 ===
 51.59859|I|libbeamng.print:18052| === LSTM_TRACE t=280 v=12.70 ws=12.53,12.53,8.06,9.78 cmd=0.331,0.341,0.356,0.370 cap=1059,1062,696,724 des=1059,1062,609,633 app=1046,1056,597,620 abs=nil,nil,nil,nil ebrake=1.00 ibrake=1.00 hasABS=0 sy=8.23 split=1.000,0.875 ===
 51.64884|I|libbeamng.print:18052| === LSTM_TRACE t=290 v=12.32 ws=12.20,12.21,7.92,10.04 cmd=0.222,0.277,0.358,0.350 cap=707,866,697,676 des=707,866,610,592 app=698,860,597,578 abs=nil,nil,nil,nil ebrake=1.00 ibrake=1.00 hasABS=0 sy=7.53 split=1.000,0.875 ===
 51.70125|I|libbeamng.print:18052| === LSTM_TRACE t=300 v=11.96 ws=11.86,11.86,7.81,10.38 cmd=0.188,0.253,0.338,0.370 cap=583,788,663,688 des=583,788,580,602 app=575,782,567,588 abs=nil,nil,nil,nil ebrake=1.00 ibrake=1.00 hasABS=0 sy=7.37 split=1.000,0.875 ===
 51.75546|I|libbeamng.print:18052| === LSTM_TRACE t=310 v=11.62 ws=11.56,11.58,7.82,10.49 cmd=0.175,0.240,0.346,0.390 cap=537,748,739,731 des=537,748,646,640 app=529,741,631,625 abs=nil,nil,nil,nil ebrake=1.00 ibrake=1.00 hasABS=0 sy=6.83 split=1.000,0.875 ===
 51.80723|I|libbeamng.print:18052| === LSTM_TRACE t=320 v=11.26 ws=11.17,11.16,7.90,10.57 cmd=0.163,0.231,0.365,0.424 cap=512,725,745,772 des=512,725,652,676 app=504,718,636,660 abs=nil,nil,nil,nil ebrake=1.00 ibrake=1.00 hasABS=0 sy=6.98 split=1.000,0.875 ===
 51.85702|I|libbeamng.print:18052| === LSTM_TRACE t=330 v=10.92 ws=10.84,10.82,8.28,10.50 cmd=0.147,0.222,0.444,0.431 cap=469,705,818,788 des=469,705,716,690 app=461,698,698,673 abs=nil,nil,nil,nil ebrake=1.00 ibrake=1.00 hasABS=0 sy=6.95 split=1.000,0.875 ===
 51.90654|I|libbeamng.print:18052| === LSTM_TRACE t=340 v=10.59 ws=10.59,10.53,8.53,10.29 cmd=0.136,0.209,0.469,0.391 cap=433,660,885,725 des=433,660,774,634 app=426,653,755,619 abs=nil,nil,nil,nil ebrake=1.00 ibrake=1.00 hasABS=0 sy=6.58 split=1.000,0.875 ===
 51.95809|I|libbeamng.print:18052| === LSTM_TRACE t=350 v=10.27 ws=10.28,10.22,8.65,9.82 cmd=0.123,0.201,0.498,0.344 cap=387,628,958,705 des=387,628,839,617 app=380,620,818,602 abs=nil,nil,nil,nil ebrake=1.00 ibrake=1.00 hasABS=0 sy=6.46 split=1.000,0.875 ===
 52.01209|I|libbeamng.print:18052| === LSTM_TRACE t=360 v=9.96 ws=9.92,9.91,8.78,9.67 cmd=0.112,0.191,0.516,0.316 cap=347,596,1015,605 des=347,596,888,529 app=340,588,866,516 abs=nil,nil,nil,nil ebrake=1.00 ibrake=1.00 hasABS=0 sy=6.16 split=1.000,0.875 ===
 52.06102|I|libbeamng.print:18052| === LSTM_TRACE t=370 v=9.66 ws=9.64,9.57,9.07,9.41 cmd=0.105,0.189,0.523,0.288 cap=328,591,1031,576 des=328,591,902,504 app=321,583,880,491 abs=nil,nil,nil,nil ebrake=1.00 ibrake=1.00 hasABS=0 sy=5.93 split=1.000,0.875 ===
 52.11218|I|libbeamng.print:18052| === LSTM_TRACE t=380 v=9.37 ws=9.31,9.32,9.03,9.23 cmd=0.112,0.205,0.487,0.267 cap=342,626,955,516 des=342,626,835,451 app=335,617,815,439 abs=nil,nil,nil,nil ebrake=1.00 ibrake=1.00 hasABS=0 sy=5.52 split=1.000,0.875 ===
 52.16162|I|libbeamng.print:18052| === LSTM_TRACE t=390 v=9.12 ws=9.07,9.05,8.96,9.09 cmd=0.125,0.239,0.452,0.239 cap=380,704,878,472 des=380,704,768,413 app=371,694,750,402 abs=nil,nil,nil,nil ebrake=1.00 ibrake=1.00 hasABS=0 sy=5.18 split=1.000,0.875 ===
 52.21255|I|libbeamng.print:18052| === LSTM_TRACE t=400 v=8.89 ws=8.78,8.77,8.68,8.77 cmd=0.137,0.268,0.437,0.224 cap=436,859,867,454 des=436,859,759,397 app=426,845,740,386 abs=nil,nil,nil,nil ebrake=1.00 ibrake=1.00 hasABS=0 sy=4.74 split=1.000,0.875 ===
 52.26229|I|libbeamng.print:18052| === LSTM_TRACE t=410 v=8.65 ws=8.59,8.48,8.64,8.75 cmd=0.125,0.248,0.415,0.214 cap=403,802,781,394 des=403,802,683,345 app=393,789,666,335 abs=nil,nil,nil,nil ebrake=1.00 ibrake=1.00 hasABS=0 sy=4.68 split=1.000,0.875 ===
 52.31217|I|libbeamng.print:18052| === LSTM_TRACE t=420 v=8.44 ws=8.44,8.38,8.33,8.36 cmd=0.120,0.252,0.393,0.197 cap=370,757,764,390 des=370,757,669,341 app=361,745,652,331 abs=nil,nil,nil,nil ebrake=1.00 ibrake=1.00 hasABS=0 sy=4.33 split=1.000,0.875 ===
 52.36509|I|libbeamng.print:18052| === LSTM_TRACE t=430 v=8.22 ws=8.18,8.28,7.98,8.04 cmd=0.111,0.243,0.370,0.181 cap=340,734,755,380 des=340,734,660,332 app=331,722,644,322 abs=nil,nil,nil,nil ebrake=1.00 ibrake=1.00 hasABS=0 sy=4.26 split=1.000,0.875 ===
 52.41720|I|libbeamng.print:18052| === LSTM_TRACE t=440 v=8.01 ws=7.94,7.90,7.88,7.94 cmd=0.098,0.223,0.367,0.178 cap=316,725,708,349 des=316,725,619,305 app=307,712,603,296 abs=nil,nil,nil,nil ebrake=1.00 ibrake=1.00 hasABS=0 sy=4.25 split=1.000,0.875 ===
 52.46569|I|libbeamng.print:18052| === LSTM_TRACE t=450 v=7.81 ws=7.75,7.68,7.68,7.71 cmd=0.090,0.216,0.355,0.171 cap=288,689,688,337 des=288,689,602,295 app=280,676,587,286 abs=nil,nil,nil,nil ebrake=1.00 ibrake=1.00 hasABS=0 sy=4.23 split=1.000,0.875 ===
 52.52071|I|libbeamng.print:18052| === LSTM_TRACE t=460 v=7.61 ws=7.55,7.55,7.44,7.47 cmd=0.086,0.212,0.337,0.165 cap=274,673,664,330 des=274,673,581,288 app=266,660,566,279 abs=nil,nil,nil,nil ebrake=1.00 ibrake=1.00 hasABS=0 sy=4.13 split=1.000,0.875 ===
 52.57155|I|libbeamng.print:18052| === LSTM_TRACE t=470 v=7.42 ws=7.39,7.49,7.33,7.24 cmd=0.086,0.214,0.327,0.157 cap=269,663,649,328 des=269,663,568,287 app=261,650,553,278 abs=nil,nil,nil,nil ebrake=1.00 ibrake=1.00 hasABS=0 sy=4.08 split=1.000,0.875 ===
 52.61456|I|libbeamng.print:18052| === LSTM_TRACE t=480 v=7.23 ws=7.25,7.12,7.20,7.21 cmd=0.087,0.222,0.328,0.166 cap=269,690,620,313 des=269,690,543,274 app=261,676,528,265 abs=nil,nil,nil,nil ebrake=1.00 ibrake=1.00 hasABS=0 sy=4.06 split=1.000,0.875 ===
 52.66600|I|libbeamng.print:18052| === LSTM_TRACE t=490 v=7.04 ws=6.97,7.05,6.93,7.18 cmd=0.087,0.218,0.309,0.159 cap=277,705,598,297 des=277,705,524,260 app=268,690,509,251 abs=nil,nil,nil,nil ebrake=1.00 ibrake=1.00 hasABS=0 sy=3.84 split=1.000,0.875 ===
 52.71801|I|libbeamng.print:18052| === LSTM_TRACE t=500 v=6.86 ws=6.88,6.67,6.73,6.72 cmd=0.089,0.227,0.298,0.153 cap=275,696,586,304 des=275,696,513,266 app=266,682,499,257 abs=nil,nil,nil,nil ebrake=1.00 ibrake=1.00 hasABS=0 sy=3.64 split=1.000,0.875 ===
 52.76728|I|libbeamng.print:18052| === LSTM_TRACE t=510 v=6.66 ws=6.66,6.49,6.61,6.66 cmd=0.089,0.222,0.296,0.162 cap=275,689,572,310 des=275,689,501,272 app=266,674,487,262 abs=nil,nil,nil,nil ebrake=1.00 ibrake=1.00 hasABS=0 sy=3.97 split=1.000,0.875 ===
 52.81584|I|libbeamng.print:18052| === LSTM_TRACE t=520 v=6.48 ws=6.43,6.39,6.38,6.45 cmd=0.089,0.228,0.288,0.154 cap=275,702,561,298 des=275,702,491,261 app=265,686,477,252 abs=nil,nil,nil,nil ebrake=1.00 ibrake=1.00 hasABS=0 sy=3.60 split=1.000,0.875 ===
 52.86721|I|libbeamng.print:18052| === LSTM_TRACE t=530 v=6.29 ws=6.28,6.07,6.18,6.30 cmd=0.091,0.225,0.278,0.162 cap=279,691,539,309 des=279,691,471,270 app=269,675,458,261 abs=nil,nil,nil,nil ebrake=1.00 ibrake=1.00 hasABS=0 sy=3.86 split=1.000,0.875 ===
 52.92283|I|libbeamng.print:18052| === LSTM_TRACE t=540 v=6.11 ws=6.09,6.13,6.12,6.00 cmd=0.092,0.239,0.280,0.156 cap=281,708,535,305 des=281,708,468,267 app=271,692,455,258 abs=nil,nil,nil,nil ebrake=1.00 ibrake=1.00 hasABS=0 sy=3.62 split=1.000,0.875 ===
 52.97202|I|libbeamng.print:18052| === LSTM_TRACE t=550 v=5.92 ws=5.91,5.88,5.73,6.02 cmd=0.096,0.234,0.273,0.166 cap=293,733,546,316 des=293,733,478,276 app=283,716,464,267 abs=nil,nil,nil,nil ebrake=1.00 ibrake=1.00 hasABS=0 sy=3.68 split=1.000,0.875 ===
 53.02349|I|libbeamng.print:18052| === LSTM_TRACE t=560 v=5.72 ws=5.72,5.59,5.65,5.74 cmd=0.100,0.242,0.276,0.177 cap=307,748,531,337 des=307,748,465,295 app=296,731,451,285 abs=nil,nil,nil,nil ebrake=1.00 ibrake=1.00 hasABS=0 sy=3.89 split=1.000,0.875 ===
 53.07406|I|libbeamng.print:18052| === LSTM_TRACE t=570 v=5.53 ws=5.53,5.34,5.51,5.45 cmd=0.103,0.244,0.277,0.184 cap=320,760,534,358 des=320,760,468,313 app=308,742,454,302 abs=nil,nil,nil,nil ebrake=1.00 ibrake=1.00 hasABS=0 sy=3.92 split=1.000,0.875 ===
 53.12387|I|libbeamng.print:18052| === LSTM_TRACE t=580 v=5.34 ws=5.30,5.25,5.40,5.20 cmd=0.106,0.254,0.286,0.194 cap=332,786,542,379 des=332,786,474,331 app=320,767,460,320 abs=nil,nil,nil,nil ebrake=1.00 ibrake=1.00 hasABS=0 sy=4.00 split=1.000,0.875 ===
 53.17372|I|libbeamng.print:18052| === LSTM_TRACE t=590 v=5.14 ws=5.10,5.08,5.18,4.95 cmd=0.110,0.256,0.286,0.203 cap=344,796,549,401 des=344,796,480,351 app=331,776,466,338 abs=nil,nil,nil,nil ebrake=1.00 ibrake=1.00 hasABS=0 sy=3.98 split=1.000,0.875 ===
 53.22486|I|libbeamng.print:18052| === LSTM_TRACE t=600 v=4.95 ws=4.94,5.04,5.05,4.72 cmd=0.113,0.263,0.287,0.211 cap=353,808,547,425 des=353,808,479,371 app=340,788,464,358 abs=nil,nil,nil,nil ebrake=1.00 ibrake=1.00 hasABS=0 sy=3.94 split=1.000,0.875 ===
 53.27810|I|libbeamng.print:18052| === LSTM_TRACE t=610 v=4.75 ws=4.74,4.62,4.85,4.55 cmd=0.119,0.270,0.288,0.233 cap=367,819,537,449 des=367,819,470,393 app=353,799,455,379 abs=nil,nil,nil,nil ebrake=1.00 ibrake=1.00 hasABS=0 sy=4.01 split=1.000,0.875 ===
 53.32739|I|libbeamng.print:18052| === LSTM_TRACE t=620 v=4.54 ws=4.50,4.26,4.30,4.41 cmd=0.125,0.276,0.282,0.252 cap=381,844,538,469 des=381,844,471,410 app=367,822,456,396 abs=nil,nil,nil,nil ebrake=1.00 ibrake=1.00 hasABS=0 sy=4.29 split=1.000,0.875 ===
 53.37745|I|libbeamng.print:18052| === LSTM_TRACE t=630 v=4.34 ws=4.30,4.29,4.08,4.42 cmd=0.128,0.283,0.285,0.255 cap=396,886,566,486 des=396,886,495,425 app=381,863,480,409 abs=nil,nil,nil,nil ebrake=1.00 ibrake=1.00 hasABS=0 sy=4.09 split=1.000,0.875 ===
 53.42963|I|libbeamng.print:18052| === LSTM_TRACE t=640 v=4.12 ws=4.13,4.13,4.33,3.84 cmd=0.138,0.296,0.304,0.280 cap=435,917,584,567 des=435,917,511,496 app=418,893,495,478 abs=nil,nil,nil,nil ebrake=1.00 ibrake=1.00 hasABS=0 sy=4.14 split=1.000,0.875 ===
 53.48634|I|libbeamng.print:18052| === LSTM_TRACE t=650 v=3.89 ws=3.84,3.68,3.61,4.02 cmd=0.150,0.309,0.304,0.327 cap=449,959,587,599 des=449,959,513,524 app=431,933,497,505 abs=nil,nil,nil,nil ebrake=1.00 ibrake=1.00 hasABS=0 sy=4.53 split=1.000,0.875 ===
 53.53139|I|libbeamng.print:18052| === LSTM_TRACE t=660 v=3.66 ws=3.70,3.58,3.85,3.47 cmd=0.153,0.313,0.316,0.326 cap=488,972,607,661 des=488,972,531,578 app=469,946,514,557 abs=nil,nil,nil,nil ebrake=1.00 ibrake=1.00 hasABS=0 sy=4.65 split=1.000,0.875 ===
 53.58264|I|libbeamng.print:18052| === LSTM_TRACE t=670 v=3.42 ws=3.31,3.21,3.21,3.29 cmd=0.165,0.331,0.324,0.361 cap=504,1047,632,680 des=504,1047,553,595 app=484,1019,535,573 abs=nil,nil,nil,nil ebrake=1.00 ibrake=1.00 hasABS=0 sy=4.80 split=1.000,0.875 ===
 53.63352|I|libbeamng.print:18052| === LSTM_TRACE t=680 v=3.17 ws=3.01,2.95,2.91,3.27 cmd=0.178,0.330,0.328,0.398 cap=547,1031,640,764 des=547,1031,560,669 app=525,1003,542,644 abs=nil,nil,nil,nil ebrake=1.00 ibrake=1.00 hasABS=0 sy=5.03 split=1.000,0.875 ===
 53.68415|I|libbeamng.print:18052| === LSTM_TRACE t=690 v=2.91 ws=2.78,2.90,2.67,2.96 cmd=0.186,0.345,0.333,0.414 cap=578,1052,646,809 des=578,1052,566,708 app=555,1023,547,682 abs=nil,nil,nil,nil ebrake=1.00 ibrake=1.00 hasABS=0 sy=5.11 split=1.000,0.875 ===
 53.73320|I|libbeamng.print:18052| === LSTM_TRACE t=700 v=2.65 ws=2.63,2.58,2.52,2.55 cmd=0.192,0.362,0.341,0.424 cap=601,1101,660,831 des=601,1101,578,727 app=576,1070,559,701 abs=nil,nil,nil,nil ebrake=1.00 ibrake=1.00 hasABS=0 sy=5.26 split=1.000,0.875 ===
 53.78960|I|libbeamng.print:18052| === LSTM_TRACE t=710 v=2.38 ws=2.28,2.37,2.26,2.34 cmd=0.198,0.381,0.351,0.446 cap=615,1149,675,857 des=615,1149,591,750 app=590,1117,571,723 abs=nil,nil,nil,nil ebrake=1.00 ibrake=1.00 hasABS=0 sy=5.53 split=1.000,0.875 ===
 53.84002|I|libbeamng.print:18052| === LSTM_TRACE t=720 v=2.11 ws=1.91,2.02,2.02,2.19 cmd=0.209,0.388,0.361,0.467 cap=654,1191,689,896 des=654,1191,603,784 app=628,1157,584,756 abs=nil,nil,nil,nil ebrake=1.00 ibrake=1.00 hasABS=0 sy=5.44 split=1.000,0.875 ===
 53.89345|I|libbeamng.print:18052| === LSTM_TRACE 
