165.43202|I|libbeamng.print:18052| === LSTM_ABS: lens 'baseline_stock800' loaded (17 in, 64 hidden, 2 layers) ===
165.43395|I|libbeamng.print:18052| === LSTM_ABS SELFTEST lens=baseline_stock800 cmd=0.942358,0.745321,0.845199,0.930048 ===
189.87541|I|libbeamng.print:18052| === LSTM_TRACE t=0 v=36.65 ws=36.43,36.61,36.27,36.42 cmd=0.735,0.754,0.575,0.580 cap=155,155,97,97 des=155,155,85,85 app=142,142,78,78 abs=nil,nil,nil,nil ebrake=1.00 ibrake=1.00 hasABS=0 sy=1.54 split=1.000,0.875 ===
189.87548|I|libbeamng.print:18052| === LSTM_OBS t=0 36.43016,36.61158,36.27066,36.41989,0.12654,1.54481,0.11968,-0.00455,0.00000,0.00000,0.00000,1.00000,0.00000,0.00079,-0.00815,6966.95289,0.25000 ===
189.93255|I|libbeamng.print:18052| === LSTM_TRACE t=10 v=36.35 ws=35.14,35.27,35.18,35.92 cmd=0.460,0.462,0.719,0.417 cap=1477,1504,1412,846 des=1477,1504,1235,740 app=1370,1396,1149,686 abs=nil,nil,nil,nil ebrake=1.00 ibrake=1.00 hasABS=0 sy=6.35 split=1.000,0.875 ===
189.93259|I|libbeamng.print:18052| === LSTM_OBS t=10 35.14221,35.27468,35.18101,35.92474,-0.25328,6.34992,0.56649,0.00545,0.00000,0.00000,0.00085,1.00000,0.00000,0.00090,-0.00911,6874.20762,0.25000 ===
189.95773|I|libbeamng.print:18052| === LSTM_ABS DBG raw=35.0634,35.2705,34.4554,35.6109,0.1768,7.4585,0.2366,0.0033,0.0000,0.0000,0.0015,1.0000,0.0000,0.0008,-0.0101,6801.0260,0.2500 ===
189.95781|I|libbeamng.print:18052| === LSTM_ABS DBG norm=2.27,2.26,2.00,2.09,0.11,-0.66,0.04,-0.02,-0.09,0.09,-0.12,0.35,-0.05,-0.04,0.62,10.00,0.25 ===
189.95784|I|libbeamng.print:18052| === LSTM_ABS DBG cmd=0.4921,0.4919,0.7068,0.3887 ===
189.98426|I|libbeamng.print:18052| === LSTM_TRACE t=20 v=35.96 ws=34.83,35.04,33.63,35.48 cmd=0.497,0.512,0.692,0.374 cap=1522,1563,1347,730 des=1522,1563,1179,639 app=1429,1469,1115,598 abs=nil,nil,nil,nil ebrake=1.00 ibrake=1.00 hasABS=0 sy=7.62 split=1.000,0.875 ===
189.98432|I|libbeamng.print:18052| === LSTM_OBS t=20 34.83247,35.03985,33.63157,35.48492,-0.12165,7.62401,0.99429,0.00602,0.00000,0.00000,0.00169,1.00000,0.00000,0.00059,-0.01169,6701.60150,0.25000 ===
190.04255|I|libbeamng.print:18052| === LSTM_TRACE t=30 v=35.54 ws=34.48,34.38,32.73,34.89 cmd=0.537,0.583,0.714,0.384 cap=1632,1772,1382,745 des=1632,1772,1209,652 app=1550,1685,1158,616 abs=nil,nil,nil,nil ebrake=1.00 ibrake=1.00 hasABS=0 sy=8.58 split=1.000,0.875 ===
190.04259|I|libbeamng.print:18052| === LSTM_OBS t=30 34.48364,34.38276,32.72546,34.89137,-0.36991,8.58190,0.30564,0.01061,0.00000,0.00000,0.00204,1.00000,0.00000,0.00004,-0.01335,6530.47489,0.25000 ===
190.09516|I|libbeamng.print:18052| === LSTM_TRACE t=40 v=35.07 ws=33.63,33.61,31.52,34.50 cmd=0.665,0.683,0.737,0.406 cap=2016,2087,1430,786 des=2016,2087,1251,688 app=1936,2008,1210,654 abs=nil,nil,nil,nil ebrake=1.00 ibrake=1.00 hasABS=0 sy=9.47 split=1.000,0.875 ===
190.09520|I|libbeamng.print:18052| === LSTM_OBS t=40 33.63476,33.61231,31.52349,34.49604,-0.54595,9.46879,0.13272,0.00847,0.00000,0.00000,0.00229,1.00000,0.00000,-0.00035,-0.01467,6391.85732,0.25000 ===
190.15001|I|libbeamng.print:18052| === LSTM_TRACE t=50 v=34.54 ws=32.54,32.48,30.21,34.09 cmd=0.788,0.788,0.757,0.455 cap=2389,2391,1469,873 des=2389,2391,1285,764 app=2318,2322,1252,732 abs=nil,nil,nil,nil ebrake=1.00 ibrake=1.00 hasABS=0 sy=10.25 split=1.000,0.875 ===
190.15005|I|libbeamng.print:18052| === LSTM_OBS t=50 32.54323,32.47648,30.20980,34.09480,-0.36933,10.25449,-0.04877,-0.00611,0.00000,0.00000,0.00309,1.00000,0.00000,-0.00036,-0.01622,6235.76435,0.25000 ===
190.20760|I|libbeamng.print:18052| === LSTM_TRACE t=60 v=33.97 ws=30.90,30.81,28.59,33.53 cmd=0.829,0.835,0.775,0.543 cap=2550,2577,1503,1033 des=2550,2577,1315,904 app=2494,2523,1288,871 abs=nil,nil,nil,nil ebrake=1.00 ibrake=1.00 hasABS=0 sy=11.72 split=1.000,0.875 ===
190.20764|I|libbeamng.print:18052| === LSTM_OBS t=60 30.89993,30.81425,28.59263,33.52849,-0.12866,11.72188,-0.00492,0.02669,0.00000,0.00000,0.00394,1.00000,0.00000,-0.00025,-0.01774,6031.90723,0.25000 ===
190.25966|I|libbeamng.print:18052| === LSTM_TRACE t=70 v=33.43 ws=29.21,28.52,26.28,32.71 cmd=0.821,0.827,0.773,0.603 cap=2521,2540,1504,1164 des=2521,2540,1316,1018 app=2479,2499,1293,987 abs=nil,nil,nil,nil ebrake=1.00 ibrake=1.00 hasABS=0 sy=10.92 split=1.000,0.875 ===
190.25970|I|libbeamng.print:18052| === LSTM_OBS t=70 29.21337,28.52232,26.28028,32.70586,-0.39082,10.91807,-0.20625,-0.01253,0.00000,0.00000,0.00335,1.00000,0.00000,0.00009,-0.01883,5803.97598,0.25000 ===
190.31198|I|libbeamng.print:18052| === LSTM_TRACE t=80 v=32.90 ws=26.96,26.24,24.05,32.27 cmd=0.792,0.760,0.747,0.620 cap=2461,2382,1459,1204 des=2461,2382,1277,1054 app=2431,2353,1258,1027 abs=nil,nil,nil,nil ebrake=1.00 ibrake=1.00 hasABS=0 sy=10.54 split=1.000,0.875 ===
190.31201|I|libbeamng.print:18052| === LSTM_OBS t=80 26.96116,26.23502,24.05057,32.27236,-0.08877,10.53823,0.34428,-0.02633,0.00000,0.00000,0.00261,1.00000,0.00000,0.00052,-0.01913,5524.71482,0.25000 ===
190.36789|I|libbeamng.print:18052| === LSTM_TRACE t=90 v=32.37 ws=24.41,24.81,22.07,31.61 cmd=0.756,0.707,0.733,0.623 cap=2339,2196,1428,1206 des=2339,2196,1249,1055 app=2316,2174,1233,1032 abs=nil,nil,nil,nil ebrake=1.00 ibrake=1.00 hasABS=0 sy=10.54 split=1.000,0.875 ===
190.36797|I|libbeamng.print:18052| === LSTM_OBS t=90 24.40786,24.80850,22.07312,31.61421,-0.00101,10.54451,0.34311,-0.02685,0.00000,0.00000,0.00234,1.00000,0.00000,0.00084,-0.01875,5261.23766,0.25000 ===
190.42581|I|libbeamng.print:18052| === LSTM_TRACE t=100 v=31.85 ws=21.21,23.98,20.24,31.02 cmd=0.690,0.676,0.735,0.629 cap=2160,2082,1420,1216 des=2160,2082,1242,1064 app=2142,2065,1227,1045 abs=nil,nil,nil,nil ebrake=1.00 ibrake=1.00 hasABS=0 sy=10.37 split=1.000,0.875 ===
190.42586|I|libbeamng.print:18052| === LSTM_OBS t=100 21.21388,23.98136,20.23814,31.02357,-0.19016,10.36543,0.21436,-0.02930,0.00000,0.00000,0.00198,1.00000,0.00000,0.00090,-0.01807,5018.73347,0.25000 ===
190.47841|I|libbeamng.print:18052| === LSTM_TRACE t=110 v=31.35 ws=18.56,23.00,18.38,30.54 cmd=0.683,0.681,0.734,0.647 cap=2101,2086,1423,1246 des=2101,2086,1245,1090 app=2086,2071,1231,1074 abs=nil,nil,nil,nil ebrake=1.00 ibrake=1.00 hasABS=0 sy=10.12 split=1.000,0.875 ===
190.47845|I|libbeamng.print:18052| === LSTM_OBS t=110 18.55852,23.00226,18.37562,30.53988,0.24857,10.11754,0.43341,-0.05953,0.00000,0.00000,0.00293,1.00000,0.00000,0.00050,-0.01736,4788.47301,0.25000 ===
190.53391|I|libbeamng.print:18052| === LSTM_TRACE t=120 v=30.85 ws=16.09,21.94,16.40,29.73 cmd=0.644,0.675,0.740,0.673 cap=1984,2085,1447,1321 des=1984,2085,1266,1156 app=1970,2072,1252,1140 abs=nil,nil,nil,nil ebrake=1.00 ibrake=1.00 hasABS=0 sy=9.85 split=1.000,0.875 ===
190.53395|I|libbeamng.print:18052| === LSTM_OBS t=120 16.09224,21.93515,16.40392,29.73127,0.19767,9.84684,0.53728,-0.05770,0.00000,0.00000,0.00256,1.00000,0.00000,-0.00026,-0.01662,4557.96627,0.25000 ===
190.59306|I|libbeamng.print:18052| === LSTM_TRACE t=130 v=30.34 ws=14.25,20.32,14.85,29.26 cmd=0.588,0.630,0.745,0.708 cap=1912,2023,1444,1356 des=1912,2023,1264,1187 app=1899,2012,1249,1174 abs=nil,nil,nil,nil ebrake=1.00 ibrake=1.00 hasABS=0 sy=10.22 split=1.000,0.875 ===
190.59311|I|libbeamng.print:18052| === LSTM_OBS t=130 14.24866,20.32335,14.85483,29.26049,0.26933,10.21654,0.02067,-0.05227,0.00000,0.00000,0.00256,1.00000,0.00000,-0.00105,-0.01574,4328.75275,0.25000 ===
190.64470|I|libbeamng.print:18052| === LSTM_TRACE t=140 v=29.84 ws=13.16,18.60,13.11,28.70 cmd=0.594,0.638,0.747,0.751 cap=1868,1998,1453,1452 des=1868,1998,1271,1270 app=1855,1988,1256,1259 abs=nil,nil,nil,nil ebrake=1.00 ibrake=1.00 hasABS=0 sy=10.24 split=1.000,0.875 ===
190.64474|I|libbeamng.print:18052| === LSTM_OBS t=140 13.15935,18.60446,13.11231,28.69824,0.10250,10.23898,0.05007,-0.05531,0.00000,0.00000,0.00239,1.00000,0.00000,-0.00134,-0.01496,4093.53963,0.25000 ===
190.69611|I|libbeamng.print:18052| === LSTM_TRACE t=150 v=29.34 ws=11.85,16.52,11.52,27.65 cmd=0.599,0.637,0.751,0.784 cap=1879,1989,1457,1512 des=1879,1989,1275,1323 app=1866,1979,1260,1313 abs=nil,nil,nil,nil ebrake=1.00 ibrake=1.00 hasABS=0 sy=10.22 split=1.000,0.875 ===
190.69615|I|libbeamng.print:18052| === LSTM_OBS t=150 11.84538,16.51815,11.51805,27.64715,0.08084,10.22333,0.05511,-0.05948,0.00000,0.00000,0.00289,1.00000,0.00000,-0.00129,-0.01421,3881.98020,0.25000 ===
190.75095|I|libbeamng.print:18052| === LSTM_TRACE t=160 v=28.85 ws=10.55,14.87,9.94,26.76 cmd=0.593,0.627,0.758,0.818 cap=1817,1916,1470,1586 des=1817,1916,1286,1388 app=1804,1908,1270,1379 abs=nil,nil,nil,nil ebrake=1.00 ibrake=1.00 hasABS=0 sy=9.88 split=1.000,0.875 ===
190.75106|I|libbeamng.print:18052| === LSTM_OBS t=160 10.54542,14.87186,9.94303,26.76418,0.55519,9.87812,0.18850,-0.06164,0.00000,0.00000,0.00224,1.00000,0.00000,-0.00114,-0.01342,3642.71160,0.25000 ===
190.80852|I|libbeamng.print:18052| === LSTM_TRACE t=170 v=28.35 ws=9.34,12.77,8.40,25.65 cmd=0.588,0.629,0.772,0.842 cap=1829,1943,1494,1629 des=1829,1943,1307,1425 app=1815,1934,1290,1418 abs=nil,nil,nil,nil ebrake=1.00 ibrake=1.00 hasABS=0 sy=9.74 split=1.000,0.875 ===
190.80856|I|libbeamng.print:18052| === LSTM_OBS t=170 9.34030,12.77330,8.39533,25.65083,0.58854,9.73502,0.21009,-0.06491,0.00000,0.00000,0.00278,1.00000,0.00000,-0.00109,-0.01259,3397.15615,0.25000 ===
190.86351|I|libbeamng.print:18052| === LSTM_TRACE t=180 v=27.85 ws=8.38,10.46,6.79,24.64 cmd=0.584,0.628,0.788,0.867 cap=1789,1939,1530,1683 des=1789,1939,1339,1473 app=1774,1930,1320,1467 abs=nil,nil,nil,nil ebrake=1.00 ibrake=1.00 hasABS=0 sy=9.95 split=1.000,0.875 ===
190.86357|I|libbeamng.print:18052| === LSTM_OBS t=180 8.38218,10.46227,6.79411,24.64487,0.78865,9.94728,0.40893,-0.06282,0.00000,0.00000,0.00221,1.00000,0.00000,-0.00097,-0.01171,3141.00160,0.25000 ===
190.91667|I|libbeamng.print:18052| === LSTM_TRACE t=190 v=27.37 ws=7.49,7.91,4.98,23.55 cmd=0.559,0.618,0.804,0.888 cap=1756,1923,1558,1700 des=1756,1923,1363,1488 app=1740,1912,1343,1483 abs=nil,nil,nil,nil ebrake=1.00 ibrake=1.00 hasABS=0 sy=9.81 split=1.000,0.875 ===
190.91671|I|libbeamng.print:18052| === LSTM_OBS t=190 7.48576,7.90754,4.97594,23.55371,0.19674,9.81348,-0.15806,-0.05512,0.00000,0.00000,0.00210,1.00000,0.00000,-0.00073,-0.01085,2876.99336,0.25000 ===
190.98549|I|libbeamng.print:18052| === LSTM_TRACE t=200 v=26.87 ws=6.67,5.07,3.80,22.25 cmd=0.543,0.604,0.816,0.905 cap=1667,1862,1584,1700 des=1667,1862,1386,1488 app=1651,1851,1363,1484 abs=nil,nil,nil,nil ebrake=1.00 ibrake=1.00 hasABS=0 sy=10.04 split=1.000,0.875 ===
190.98554|I|libbeamng.print:18052| === LSTM_OBS t=200 6.66919,5.07240,3.79996,22.25290,0.40157,10.04184,-0.10446,-0.05617,0.00000,0.00000,0.00297,1.00000,0.00000,-0.00024,-0.01039,2618.05805,0.25000 ===
191.02954|I|libbeamng.print:18052| === LSTM_TRACE t=210 v=26.38 ws=5.89,3.13,1.66,20.73 cmd=0.598,0.656,0.822,0.913 cap=1809,2027,1601,1700 des=1809,2027,1401,1488 app=1790,2013,1375,1484 abs=nil,nil,nil,nil ebrake=1.00 ibrake=1.00 hasABS=0 sy=9.64 split=1.000,0.875 ===
191.02958|I|libbeamng.print:18052| === LSTM_OBS t=210 5.89439,3.12925,1.65828,20.72885,1.82133,9.64337,0.04172,-0.04800,0.00000,0.00000,0.00216,1.00000,0.00000,0.00020,-0.01011,2369.17137,0.25000 ===
191.08357|I|libbeamng.print:18052| === LSTM_TRACE t=220 v=25.93 ws=4.66,0.01,0.05,19.31 cmd=0.604,0.664,0.816,0.914 cap=1909,2071,1586,1700 des=1909,2071,1388,1488 app=1887,2054,1359,1484 abs=nil,nil,nil,nil ebrake=1.00 ibrake=1.00 hasABS=0 sy=9.19 split=1.000,0.875 ===
191.08360|I|libbeamng.print:18052| === LSTM_OBS t=220 4.65643,0.00852,0.05200,19.31090,0.67335,9.19103,-0.62539,-0.06352,0.00000,0.00000,0.00142,1.00000,0.00000,-0.00143,-0.00919,2059.99269,0.25000 ===
191.13418|I|libbeamng.print:18052| === LSTM_TRACE t=230 v=25.46 ws=3.82,0.04,0.02,16.48 cmd=0.554,0.702,0.844,0.911 cap=1675,2140,1638,1700 des=1675,2140,1433,1488 app=1655,2119,1400,1485 abs=nil,nil,nil,nil ebrake=1.00 ibrake=1.00 hasABS=0 sy=9.30 split=1.000,0.875 ===
191.13424|I|libbeamng.print:18052| === LSTM_OBS t=230 3.81667,0.04018,0.02279,16.47993,0.35814,9.29630,-0.26216,-0.05581,0.00000,0.00000,0.00069,1.00000,0.00000,-0.00210,-0.00746,1790.36129,0.25000 ===
191.19207|I|libbeamng.print:18052| === LSTM_TRACE t=240 v=25.01 ws=2.14,0.03,0.00,13.77 cmd=0.554,0.745,0.858,0.907 cap=1784,2335,1662,1700 des=1784,2335,1454,1488 app=1761,2309,1418,1484 abs=nil,nil,nil,nil ebrake=1.00 ibrake=1.00 hasABS=0 sy=9.01 split=1.000,0.875 ===
191.19212|I|libbeamng.print:18052| === LSTM_OBS t=240 2.13591,0.02922,0.00433,13.76751,0.02749,9.01475,-0.55781,-0.05909,0.00000,0.00000,0.00388,1.00000,0.00000,-0.00008,-0.00608,1536.61291,0.25000 ===
191.24641|I|libbeamng.print:18052| === LSTM_TRACE t=250 v=24.57 ws=0.15,0.02,0.00,10.79 cmd=0.600,0.810,0.860,0.889 cap=1787,2462,1675,1700 des=1787,2462,1466,1488 app=1761,2431,1426,1484 abs=nil,nil,nil,nil ebrake=1.00 ibrake=1.00 hasABS=0 sy=8.69 split=1.000,0.875 ===
191.24648|I|libbeamng.print:18052| === LSTM_OBS t=250 0.14804,0.01511,0.00195,10.78643,0.41296,8.69377,0.87787,-0.06690,0.00000,0.00000,0.00198,1.00000,0.00000,0.00151,-0.00549,1293.21818,0.25000 ===
191.30051|I|libbeamng.print:18052| === LSTM_TRACE t=260 v=24.12 ws=0.03,0.01,0.01,7.04 cmd=0.697,0.872,0.861,0.882 cap=2131,2682,1672,1700 des=2131,2682,1463,1488 app=2097,2644,1421,1483 abs=nil,nil,nil,nil ebrake=1.00 ibrake=1.00 hasABS=0 sy=8.86 split=1.000,0.875 ===
191.30055|I|libbeamng.print:18052| === LSTM_OBS t=260 0.02710,0.00656,0.00720,7.04065,0.35982,8.86202,0.18641,-0.07018,0.00000,0.00000,0.00338,1.00000,0.00000,0.00154,-0.00524,1066.00249,0.25000 ===
191.35795|I|libbeamng.print:18052| === LSTM_TRACE t=270 v=23.67 ws=0.01,0.01,0.00,3.56 cmd=0.712,0.892,0.870,0.869 cap=2209,2758,1688,1691 des=2209,2758,1477,1480 app=2170,2715,1431,1473 abs=nil,nil,nil,nil ebrake=1.00 ibrake=1.00 hasABS=0 sy=8.88 split=1.000,0.875 ===
191.35805|I|libbeamng.print:18052| === LSTM_OBS t=270 0.01069,0.00578,0.00454,3.56110,0.33239,8.88432,-0.08327,-0.07304,0.00000,0.00000,0.00293,1.00000,0.00000,0.00115,-0.00523,856.01521,0.25000 ===
191.41253|I|libbeamng.print:18052| === LSTM_TRACE t=280 v=23.22 ws=0.02,0.01,0.01,0.34 cmd=0.729,0.908,0.873,0.851 cap=2239,2814,1700,1654 des=2239,2814,1488,1447 app=2195,2766,1439,1439 abs=nil,nil,nil,nil ebrake=1.00 ibrake=1.00 hasABS=0 sy=8.95 split=1.000,0.875 ===
191.41257|I|libbeamng.print:18052| === LSTM_OBS t=280 0.01602,0.01372,0.01226,0.34173,0.94096,8.94865,-0.11627,-0.06642,0.00000,0.00000,0.00311,1.00000,0.00000,0.00014,-0.00583,744.79453,0.25000 ===
191.46684|I|libbeamng.print:18052| === LSTM_TRACE t=290 v=22.78 ws=0.01,0.01,0.01,0.00 cmd=0.779,0.920,0.861,0.847 cap=2387,2837,1672,1644 des=2387,2837,1463,1439 app=2337,2784,1413,1428 abs=nil,nil,nil,nil ebrake=1.00 ibrake=1.00 hasABS=0 sy=8.81 split=1.000,0.875 ===
191.46689|I|libbeamng.print:18052| === LSTM_OBS t=290 0.00806,0.00558,0.01037,0.00445,0.48382,8.80748,-0.16889,-0.06968,0.00000,0.00000,0.00338,1.00000,0.00000,-0.00043,-0.00602,730.57000,0.25000 ===
191.52460|I|libbeamng.print:18052| === LSTM_TRACE t=300 v=22.34 ws=0.01,0.00,0.02,0.03 cmd=0.785,0.922,0.860,0.845 cap=2426,2851,1668,1642 des=2426,2851,1460,1437 app=2372,2794,1408,1423 abs=nil,nil,nil,nil ebrake=1.00 ibrake=1.00 hasABS=0 sy=8.84 split=1.000,0.875 ===
191.52466|I|libbeamng.print:18052| === LSTM_OBS t=300 0.00540,0.00129,0.01940,0.03278,0.46378,8.84384,-0.03463,-0.06736,0.00000,0.00000,0.00384,1.00000,0.00000,-0.00102,-0.00630,731.01762,0.25000 ===
191.57889|I|libbeamng.print:18052| === LSTM_TRACE t=310 v=21.90 ws=0.01,0.00,0.02,0.01 cmd=0.787,0.924,0.859,0.843 cap=2440,2860,1668,1638 des=2440,2860,1459,1433 app=2382,2799,1406,1417 abs=nil,nil,nil,nil ebrake=1.00 ibrake=1.00 hasABS=0 sy=8.71 split=1.000,0.875 ===
191.57893|I|libbeamng.print:18052| === LSTM_OBS t=310 0.00604,0.00034,0.01746,0.01292,0.42423,8.71390,-0.02785,-0.06738,0.00000,0.00000,0.00360,1.00000,0.00000,-0.00140,-0.00662,727.32819,0.25000 ===
191.63326|I|libbeamng.print:18052| === LSTM_TRACE t=320 v=21.46 ws=0.00,0.00,0.01,0.02 cmd=0.791,0.925,0.859,0.842 cap=2458,2867,1667,1637 des=2458,2867,1459,1432 app=2397,2802,1403,1414 abs=nil,nil,nil,nil ebrake=1.00 ibrake=1.00 hasABS=0 sy=8.81 split=1.000,0.875 ===
191.63331|I|libbeamng.print:18052| === LSTM_OBS t=320 0.00337,0.00012,0.00747,0.01561,0.52451,8.80775,0.00675,-0.06451,0.00000,0.00000,0.00349,1.00000,0.00000,-0.00161,-0.00690,730.20119,0.25000 ===
191.69119|I|libbeamng.print:18052| === LSTM_TRACE t=330 v=21.02 ws=0.00,0.00,0.01,0.01 cmd=0.797,0.926,0.858,0.842 cap=2470,2870,1666,1637 des=2470,2870,1458,1432 app=2405,2802,1401,1411 abs=nil,nil,nil,nil ebrake=1.00 ibrake=1.00 hasABS=0 sy=8.81 split=1.000,0.875 ===
191.69124|I|libbeamng.print:18052| === LSTM_OBS t=330 0.00125,0.00155,0.00967,0.01143,0.61441,8.80992,-0.02494,-0.06414,0.00000,0.00000,0.00345,1.00000,0.00000,-0.00182,-0.00721,727.76599,0.25000 ===
191.74660|I|libbeamng.print:18052| === LSTM_TRACE t=340 v=20.58 ws=0.00,0.00,0.00,0.00 cmd=0.796,0.925,0.858,0.842 cap=2470,2870,1668,1636 des=2470,2870,1459,1432 app=2402,2798,1400,1409 abs=nil,nil,nil,nil ebrake=1.00 ibrake=1.00 hasABS=0 sy=8.82 split=1.000,0.875 ===
191.74664|I|libbeamng.print:18052| === LSTM_OBS t=340 0.00188,0.00028,0.00044,0.00163,0.64349,8.81885,0.10976,-0.06214,0.00000,0.00000,0.00360,1.00000,0.00000,-0.00200,-0.00746,731.87843,0.25000 ===
191.79664|I|libbeamng.print:18052| === LSTM_TRACE t=350 v=20.13 ws=0.00,0.00,0.01,0.01 cmd=0.802,0.927,0.857,0.842 cap=2484,2873,1665,1636 des=2484,2873,1457,1432 app=2413,2797,1397,1406 abs=nil,nil,nil,nil ebrake=1.00 ibrake=1.00 hasABS=0 sy=8.89 split=1.000,0.875 ===
191.79667|I|libbeamng.print:18052| === LSTM_OBS t=350 0.00038,0.00244,0.00665,0.01329,0.63526,8.88797,0.12838,-0.06084,0.00000,0.00000,0.00367,1.00000,0.00000,-0.00215,-0.00769,731.01103,0.25000 ===
191.84983|I|libbeamng.print:18052| === LSTM_TRACE t=360 v=19.69 ws=0.00,0.00,0.00,0.00 cmd=0.804,0.927,0.856,0.842 cap=2491,2874,1665,1637 des=2491,2874,1457,1432 app=2416,2794,1395,1405 abs=nil,nil,nil,nil ebrake=1.00 ibrake=1.00 hasABS=0 sy=8.90 split=1.000,0.875 ===
191.84987|I|libbeamng.print:18052| === LSTM_OBS t=360 0.00194,0.00126,0.00344,0.00102,0.66558,8.90185,0.15497,-0.06030,0.00000,0.00000,0.00370,1.00000,0.00000,-0.00228,-0.00791,729.18965,0.25000 ===
191.90858|I|libbeamng.print:18052| === LSTM_TRACE t=370 v=19.24 ws=0.00,0.00,0.01,0.01 cmd=0.808,0.928,0.856,0.843 cap=2502,2876,1663,1637 des=2502,2876,1455,1432 app=2424,2793,1393,1403 abs=nil,nil,nil,nil ebrake=1.00 ibrake=1.00 hasABS=0 sy=8.97 split=1.000,0.875 ===
191.90862|I|libbeamng.print:18052| === LSTM_OBS t=370 0.00025,0.00130,0.00521,0.00900,0.71069,8.96623,0.08484,-0.05924,0.00000,0.00000,0.00372,1.00000,0.00000,-0.00242,-0.00811,727.65566,0.25000 ===
191.96329|I|libbeamng.print:18052| === LSTM_TRACE t=380 v=18.78 ws=0.00,0.00,0.00,0.00 cmd=0.810,0.928,0.856,0.843 cap=2511,2878,1662,1637 des=2511,2878,1455,1433 app=2430,2792,1391,1401 abs=nil,nil,nil,nil ebrake=1.00 ibrake=1.00 hasABS=0 sy=9.02 split=1.000,0.875 ===
191.96334|I|libbeamng.print:18052| === LSTM_OBS t=380 0.00158,0.00158,0.00288,0.00109,0.75921,9.01834,0.08612,-0.05794,0.00000,0.00000,0.00388,1.00000,0.00000,-0.00257,-0.00830,729.60425,0.25000 ===
192.01683|I|libbeamng.print:18052| === LSTM_TRACE t=390 v=18.33 ws=0.00,0.00,0.01,0.01 cmd=0.814,0.930,0.855,0.843 cap=2523,2881,1661,1638 des=2523,2881,1453,1433 app=2439,2792,1389,1400 abs=nil,nil,nil,nil ebrake=1.00 ibrake=1.00 hasABS=0 sy=9.08 split=1.000,0.875 ===
192.01688|I|libbeamng.print:18052| === LSTM_OBS t=390 0.00012,0.00232,0.00799,0.00953,0.79366,9.08243,0.01305,-0.05630,0.00000,0.00000,0.00389,1.00000,0.00000,-0.00273,-0.00846,726.87048,0.25000 ===
192.07434|I|libbeamng.print:18052| === LSTM_TRACE t=400 v=17.87 ws=0.00,0.00,0.00,0.00 cmd=0.814,0.929,0.856,0.843 cap=2527,2883,1662,1638 des=2527,2883,1454,1434 app=2440,2790,1389,1399 abs=nil,nil,nil,nil ebrake=1.00 ibrake=1.00 hasABS=0 sy=9.07 split=1.000,0.875 ===
192.07439|I|libbeamng.print:18052| === LSTM_OBS t=400 0.00179,0.00096,0.00219,0.00146,0.82510,9.06753,0.03218,-0.05556,0.00000,0.00000,0.00401,1.00000,0.00000,-0.00287,-0.00862,729.38271,0.25000 ===
192.12574|I|libbeamng.print:18052| === LSTM_TRACE t=410 v=17.42 ws=0.00,0.00,0.00,0.01 cmd=0.817,0.930,0.855,0.843 cap=2532,2883,1661,1638 des=2532,2883,1453,1433 app=2442,2788,1387,1397 abs=nil,nil,nil,nil ebrake=1.00 ibrake=1.00 hasABS=0 sy=9.12 split=1.000,0.875 ===
192.12579|I|libbeamng.print:18052| === LSTM_OBS t=410 0.00132,0.00157,0.00253,0.00770,0.83152,9.11914,0.05937,-0.05410,0.00000,0.00000,0.00407,1.00000,0.00000,-0.00301,-0.00875,729.48203,0.25000 ===
192.17951|I|libbeamng.print:18052| === LSTM_TRACE t=420 v=16.96 ws=0.00,0.00,0.01,0.00 cmd=0.819,0.930,0.854,0.843 cap=2539,2884,1660,1639 des=2539,2884,1452,1434 app=2447,2787,1386,1396 abs=nil,nil,nil,nil ebrake=1.00 ibrake=1.00 hasABS=0 sy=9.13 split=1.000,0.875 ===
192.17961|I|libbeamng.print:18052| === LSTM_OBS t=420 0.00185,0.00166,0.00545,0.00327,0.85790,9.12655,0.12058,-0.05289,0.00000,0.00000,0.00409,1.00000,0.00000,-0.00313,-0.00887,728.62956,0.25000 ===
192.23449|I|libbeamng.print:18052| === LSTM_TRACE t=430 v=16.50 ws=0.00,0.00,0.00,0.01 cmd=0.823,0.931,0.854,0.844 cap=2548,2886,1659,1639 des=2548,2886,1451,1434 app=2453,2786,1384,1395 abs=nil,nil,nil,nil ebrake=1.00 ibrake=1.00 hasABS=0 sy=9.17 split=1.000,0.875 ===
192.23454|I|libbeamng.print:18052| === LSTM_OBS t=430 0.00080,0.00217,0.00419,0.00739,0.88080,9.16620,0.08299,-0.05142,0.00000,0.00000,0.00420,1.00000,0.00000,-0.00325,-0.00898,729.95944,0.25000 ===
192.29254|I|libbeamng.print:18052| === LSTM_TRACE t=440 v=16.03 ws=0.00,0.00,0.00,0.00 cmd=0.824,0.931,0.853,0.844 cap=2555,2887,1658,1640 des=2555,2887,1451,1435 app=2458,2785,1383,1394 abs=nil,nil,nil,nil ebrake=1.00 ibrake=1.00 hasABS=0 sy=9.20 split=1.000,0.875 ===
192.29259|I|libbeamng.print:18052| === LSTM_OBS t=440 0.00167,0.00071,0.00454,0.00160,0.91369,9.20138,0.10762,-0.05045,0.00000,0.00000,0.00424,1.00000,0.00000,-0.00336,-0.00909,728.25892,0.25000 ===
192.34572|I|libbeamng.print:18052| === LSTM_TRACE t=450 v=15.57 ws=0.00,0.00,0.00,0.01 cmd=0.828,0.933,0.853,0.845 cap=2564,2890,1657,1641 des=2564,2890,1450,1436 app=2465,2785,1382,1394 abs=nil,nil,nil,nil ebrake=1.00 ibrake=1.00 hasABS=0 sy=9.23 split=1.000,0.875 ===
192.34576|I|libbeamng.print:18052| === LSTM_OBS t=450 0.00030,0.00141,0.00412,0.00640,0.93639,9.23155,0.06386,-0.04883,0.00000,0.00000,0.00427,1.00000,0.00000,-0.00348,-0.00917,728.05941,0.25000 ===
192.40103|I|libbeamng.print:18052| === LSTM_TRACE t=460 v=15.10 ws=0.00,0.00,0.00,0.00 cmd=0.829,0.933,0.853,0.845 cap=2571,2892,1657,1641 des=2571,2892,1450,1436 app=2469,2784,1381,1394 abs=nil,nil,nil,nil ebrake=1.00 ibrake=1.00 hasABS=0 sy=9.27 split=1.000,0.875 ===
192.40108|I|libbeamng.print:18052| === LSTM_OBS t=460 0.00204,0.00079,0.00250,0.00157,0.96949,9.26682,0.07626,-0.04749,0.00000,0.00000,0.00435,1.00000,0.00000,-0.00360,-0.00925,726.05494,0.25000 ===
192.45829|I|libbeamng.print:18052| === LSTM_TRACE t=470 v=14.64 ws=0.00,0.00,0.00,0.01 cmd=0.831,0.933,0.853,0.845 cap=2576,2893,1657,1642 des=2576,2893,1449,1436 app=2473,2783,1381,1393 abs=nil,nil,nil,nil ebrake=1.00 ibrake=1.00 hasABS=0 sy=9.30 split=1.000,0.875 ===
192.45833|I|libbeamng.print:18052| === LSTM_OBS t=470 0.00087,0.00160,0.00195,0.00584,0.99524,9.30128,0.04794,-0.04614,0.00000,0.00000,0.00442,1.00000,0.00000,-0.00373,-0.00933,726.41950,0.25000 ===
192.50845|I|libbeamng.print:18052| === LSTM_TRACE t=480 v=14.17 ws=0.00,0.00,0.01,0.00 cmd=0.832,0.933,0.852,0.845 cap=2581,2894,1657,1642 des=2581,2894,1449,1437 app=2476,2782,1380,1393 abs=nil,nil,nil,nil ebrake=1.00 ibrake=1.00 hasABS=0 sy=9.32 split=1.000,0.875 ===
192.50849|I|libbeamng.print:18052| === LSTM_OBS t=480 0.00150,0.00072,0.00571,0.00446,1.00792,9.32352,0.12181,-0.04485,0.00000,0.00000,0.00453,1.00000,0.00000,-0.00385,-0.00942,728.30445,0.25000 ===
192.56260|I|libbeamng.print:18052| === LSTM_TRACE t=490 v=13.70 ws=0.00,0.00,0.00,0.01 cmd=0.836,0.934,0.852,0.846 cap=2588,2895,1656,1643 des=2588,2895,1449,1438 app=2481,2782,1379,1393 abs=nil,nil,nil,nil ebrake=1.00 ibrake=1.00 hasABS=0 sy=9.35 split=1.000,0.875 ===
192.56267|I|libbeamng.print:18052| === LSTM_OBS t=490 0.00081,0.00156,0.00206,0.00535,1.03044,9.34905,0.10747,-0.04300,0.00000,0.00000,0.00459,1.00000,0.00000,-0.00397,-0.00948,728.41776,0.25000 ===
192.61274|I|libbeamng.print:18052| === LSTM_TRACE t=500 v=13.22 ws=0.00,0.00,0.01,0.00 cmd=0.837,0.934,0.852,0.846 cap=2596,2897,1656,1644 des=2596,2897,1449,1439 app=2487,2782,1379,1393 abs=nil,nil,nil,nil ebrake=1.00 ibrake=1.00 hasABS=0 sy=9.45 split=1.000,0.875 ===
192.61278|I|libbeamng.print:18052| === LSTM_OBS t=500 0.00210,0.00105,0.00543,0.00299,1.05990,9.45397,0.13714,-0.04132,0.00000,0.00000,0.00467,1.00000,0.00000,-0.00409,-0.00957,728.27796,0.25000 ===
192.66993|I|libbeamng.print:18052| === LSTM_TRACE t=510 v=12.74 ws=0.00,0.00,0.00,0.01 cmd=0.841,0.936,0.852,0.847 cap=2605,2899,1655,1646 des=2605,2899,1448,1440 app=2494,2782,1378,1394 abs=nil,nil,nil,nil ebrake=1.00 ibrake=1.00 hasABS=0 sy=9.50 split=1.000,0.875 ===
192.67001|I|libbeamng.print:18052| === LSTM_OBS t=510 0.00087,0.00154,0.00239,0.00633,1.09550,9.49613,0.08093,-0.04033,0.00000,0.00000,0.00472,1.00000,0.00000,-0.00421,-0.00966,728.35857,0.25000 ===
192.71704|I|libbeamng.print:18052| === LSTM_TRACE t=520 v=12.26 ws=0.00,0.00,0.00,0.00 cmd=0.843,0.936,0.852,0.848 cap=2614,2902,1656,1647 des=2614,2902,1449,1441 app=2502,2784,1378,1394 abs=nil,nil,nil,nil ebrake=1.00 ibrake=1.00 hasABS=0 sy=9.56 split=1.000,0.875 ===
192.71708|I|libbeamng.print:18052| === LSTM_OBS t=520 0.00206,0.00069,0.00434,0.00325,1.11260,9.56227,0.10826,-0.03907,0.00000,0.00000,0.00486,1.00000,0.00000,-0.00433,-0.00975,728.83594,0.25000 ===
192.76783|I|libbeamng.print:18052| === LSTM_TRACE t=530 v=11.78 ws=0.00,0.00,0.00,0.01 cmd=0.846,0.937,0.852,0.848 cap=2621,2904,1656,1648 des=2621,2904,1449,1442 app=2507,2784,1378,1395 abs=nil,nil,nil,nil ebrake=1.00 ibrake=1.00 hasABS=0 sy=9.62 split=1.000,0.875 ===
192.76787|I|libbeamng.print:18052| === LSTM_OBS t=530 0.00079,0.00191,0.00369,0.00657,1.14420,9.61873,0.05695,-0.03736,0.00000,0.00000,0.00492,1.00000,0.00000,-0.00446,-0.00985,728.86067,0.25000 ===
192.82496|I|libbeamng.print:18052| === LSTM_TRACE t=540 v=11.29 ws=0.00,0.00,0.00,0.00 cmd=0.847,0.937,0.852,0.849 cap=2627,2905,1656,1649 des=2627,2905,1449,1443 app=2511,2784,1379,1395 abs=nil,nil,nil,nil ebrake=1.00 ibrake=1.00 hasABS=0 sy=9.68 split=1.000,0.875 ===
192.82500|I|libbeamng.print:18052| === LSTM_OBS t=540 0.00216,0.00068,0.00335,0.00192,1.16864,9.68145,0.11838,-0.03553,0.00000,0.00000,0.00503,1.00000,0.00000,-0.00459,-0.00996,728.82761,0.25000 ===
192.87809|I|libbeamng.print:18052| === LSTM_TRACE t=550 v=10.80 ws=0.00,0.00,0.00,0.01 cmd=0.851,0.938,0.852,0.850 cap=2636,2907,1655,1651 des=2636,2907,1448,1444 app=2518,2784,1378,1396 abs=nil,nil,nil,nil ebrake=1.00 ibrake=1.00 hasABS=0 sy=9.75 split=1.000,0.875 ===
192.87813|I|libbeamng.print:18052| === LSTM_OBS t=550 0.00053,0.00171,0.00309,0.00574,1.19247,9.74959,0.09676,-0.03426,0.00000,0.00000,0.00512,1.00000,0.00000,-0.00471,-0.01007,725.57939,0.25000 ===
192.93025|I|libbeamng.print:18052| === LSTM_TRACE t=560 v=10.30 ws=0.00,0.00,0.01,0.00 cmd=0.853,0.938,0.852,0.850 cap=2644,2909,1656,1652 des=2644,2909,1449,1446 app=2525,2785,1378,1397 abs=nil,nil,nil,nil ebrake=1.00 ibrake=1.00 hasABS=0 sy=9.83 split=1.000,0.875 ===
192.93029|I|libbeamng.print:18052| === LSTM_OBS t=560 0.00254,0.00090,0.00588,0.00332,1.21155,9.82973,0.13301,-0.03229,0.00000,0.00000,0.00522,1.00000,0.00000,-0.00483,-0.01018,726.93297,0.25000 ===
192.98425|I|libbeamng.print:18052| === LSTM_TRACE t=570 v=9.80 ws=0.00,0.00,0.00,0.01 cmd=0.856,0.939,0.852,0.851 cap=2651,2911,1655,1653 des=2651,2911,1448,1446 app=2531,2786,1377,1397 abs=nil,nil,nil,nil ebrake=1.00 ibrake=1.00 hasABS=0 sy=9.88 split=1.000,0.875 ===
192.98429|I|libbeamng.print:18052| === LSTM_OBS t=570 0.00097,0.00190,0.00472,0.00807,1.23693,9.87960,0.07612,-0.03116,0.00000,0.00000,0.00527,1.00000,0.00000,-0.00494,-0.01030,727.45687,0.25000 ===
193.04170|I|libbeamng.print:18052| === LSTM_TRACE t=580 v=9.30 ws=0.00,0.00,0.00,0.00 cmd=0.857,0.939,0.852,0.852 cap=2658,2913,1655,1654 des=2658,2913,1448,1448 app=2537,2786,1377,1398 abs=nil,nil,nil,nil ebrake=1.00 ibrake=1.00 hasABS=0 sy=9.94 split=1.000,0.875 ===
193.04177|I|libbeamng.print:18052| === LSTM_OBS t=580 0.00282,0.00049,0.00489,0.00377,1.26524,9.93815,0.12946,-0.02944,0.00000,0.00000,0.00542,1.00000,0.00000,-0.00506,-0.01042,728.35426,0.25000 ===
193.09581|I|libbeamng.print:18052| === LSTM_TRACE t=590 v=8.80 ws=0.00,0.00,0.00,0.01 cmd=0.861,0.941,0.852,0.852 cap=2667,2915,1655,1656 des=2667,2915,1448,1449 app=2545,2788,1376,1399 abs=nil,nil,nil,nil ebrake=1.00 ibrake=1.00 hasABS=0 sy=10.02 split=1.000,0.875 ===
193.09586|I|libbeamng.print:18052| === LSTM_OBS t=590 0.00112,0.00169,0.00429,0.00816,1.29085,10.01897,0.08563,-0.02762,0.00000,0.00000,0.00547,1.00000,0.00000,-0.00517,-0.01054,726.96154,0.25000 ===
193.14967|I|libbeamng.print:18052| === LSTM_TRACE t=600 v=8.29 ws=0.00,0.00,0.01,0.00 cmd=0.862,0.941,0.852,0.853 cap=2673,2917,1655,1657 des=2673,2917,1448,1450 app=2549,2788,1377,1399 abs=nil,nil,nil,nil ebrake=1.00 ibrake=1.00 hasABS=0 sy=10.10 split=1.000,0.875 ===
193.14972|I|libbeamng.print:18052| === LSTM_OBS t=600 0.00291,0.00098,0.00526,0.00463,1.32418,10.10185,0.12729,-0.02645,0.00000,0.00000,0.00559,1.00000,0.00000,-0.00528,-0.01067,728.65184,0.25000 ===
193.20096|I|libbeamng.print:18052| === LSTM_TRACE t=610 v=7.78 ws=0.00,0.00,0.00,0.01 cmd=0.865,0.942,0.852,0.853 cap=2680,2918,1654,1658 des=2680,2918,1447,1451 app=2556,2789,1376,1401 abs=nil,nil,nil,nil ebrake=1.00 ibrake=1.00 hasABS=0 sy=10.19 split=1.000,0.875 ===
193.20106|I|libbeamng.print:18052| === LSTM_OBS t=610 0.00011,0.00250,0.00333,0.00696,1.33365,10.18730,0.09372,-0.02447,0.00000,0.00000,0.00567,1.00000,0.00000,-0.00541,-0.01079,730.15582,0.25000 ===
193.25917|I|libbeamng.print:18052| === LSTM_TRACE t=620 v=7.25 ws=0.00,0.00,0.01,0.00 cmd=0.868,0.942,0.852,0.855 cap=2690,2921,1655,1660 des=2690,2921,1448,1453 app=2564,2790,1376,1402 abs=nil,nil,nil,nil ebrake=1.00 ibrake=1.00 hasABS=0 sy=10.32 split=1.000,0.875 ===
193.25921|I|libbeamng.print:18052| === LSTM_OBS t=620 0.00397,0.00021,0.00685,0.00453,1.37578,10.31952,0.14962,-0.02326,0.00000,0.00000,0.00584,1.00000,0.00000,-0.00554,-0.01094,727.68241,0.25000 ===
193.31270|I|libbeamng.print:18052| === LSTM_TRACE t=630 v=6.73 ws=0.00,0.00,0.00,0.01 cmd=0.872,0.944,0.852,0.856 cap=2702,2924,1655,1663 des=2702,2924,1448,1455 app=2575,2793,1376,1404 abs=nil,nil,nil,nil ebrake=1.00 ibrake=1.00 hasABS=0 sy=10.47 split=1.000,0.875 ===
193.31274|I|libbeamng.print:18052| === LSTM_OBS t=630 0.00046,0.00287,0.00359,0.00871,1.39462,10.46868,0.09817,-0.02130,0.00000,0.00000,0.00601,1.00000,0.00000,-0.00569,-0.01112,729.17956,0.25000 ===
193.36798|I|libbeamng.print:18052| === LSTM_TRACE t=640 v=6.19 ws=0.00,0.00,0.00,0.00 cmd=0.874,0.944,0.852,0.857 cap=2711,2926,1656,1665 des=2711,2926,1449,1457 app=2582,2794,1377,1406 abs=nil,nil,nil,nil ebrake=1.00 ibrake=1.00 hasABS=0 sy=10.59 split=1.000,0.875 ===
193.36802|I|libbeamng.print:18052| === LSTM_OBS t=640 0.00286,0.00142,0.00335,0.00123,1.43533,10.58903,0.14457,-0.01962,0.00000,0.00000,0.00621,1.00000,0.00000,-0.00584,-0.01134,727.94052,0.25000 ===
193.42572|I|libbeamng.print:18052| === LSTM_TRACE t=650 v=5.65 ws=0.00,0.00,0.00,0.01 cmd=0.878,0.945,0.852,0.858 cap=2720,2929,1655,1666 des=2720,2929,1449,1458 app=2591,2796,1377,1407 abs=nil,nil,nil,nil ebrake=1.00 ibrake=1.00 hasABS=0 sy=10.68 split=1.000,0.875 ===
193.42576|I|libbeamng.print:18052| === LSTM_OBS t=650 0.00077,0.00214,0.00463,0.00790,1.44923,10.68101,0.10013,-0.01748,0.00000,0.00000,0.00626,1.00000,0.00000,-0.00598,-0.01155,729.19874,0.25000 ===
193.47839|I|libbeamng.print:18052| === LSTM_TRACE t=660 v=5.11 ws=0.00,0.00,0.00,0.01 cmd=0.880,0.945,0.852,0.858 cap=2726,2930,1655,1667 des=2726,2930,1448,1459 app=2596,2796,1376,1408 abs=nil,nil,nil,nil ebrake=1.00 ibrake=1.00 hasABS=0 sy=10.77 split=1.000,0.875 ===
193.47844|I|libbeamng.print:18052| === LSTM_OBS t=660 0.00353,0.00058,0.00283,0.00906,1.46547,10.76952,0.09952,-0.01657,0.00000,0.00000,0.00641,1.00000,0.00000,-0.00609,-0.01176,728.62986,0.25000 ===
193.53318|I|libbeamng.print:18052| === LSTM_TRACE t=670 v=4.56 ws=0.00,0.00,0.00,0.01 cmd=0.883,0.946,0.852,0.859 cap=2736,2932,1655,1669 des=2736,2932,1448,1461 app=2605,2798,1376,1409 abs=nil,nil,nil,nil ebrake=1.00 ibrake=1.00 hasABS=0 sy=10.93 split=1.000,0.875 ===
193.53322|I|libbeamng.print:18052| === LSTM_OBS t=670 0.00110,0.00345,0.00332,0.00542,1.52212,10.93132,0.07372,-0.01459,0.00000,0.00000,0.00655,1.00000,0.00000,-0.00620,-0.01199,725.00398,0.25000 ===
193.58449|I|libbeamng.print:18052| === LSTM_TRACE t=680 v=4.00 ws=0.00,0.00,0.01,0.01 cmd=0.884,0.946,0.851,0.860 cap=2742,2933,1654,1671 des=2742,2933,1447,1462 app=2610,2798,1375,1410 abs=nil,nil,nil,nil ebrake=1.00 ibrake=1.00 hasABS=0 sy=11.04 split=1.000,0.875 ===
193.58457|I|libbeamng.print:18052| === LSTM_OBS t=680 0.00281,0.00000,0.01210,0.00871,1.53240,11.03855,0.15128,-0.01280,0.00000,0.00000,0.00675,1.00000,0.00000,-0.00636,-0.01226,727.64678,0.25000 ===
193.64214|I|libbeamng.print:18052| === LSTM_TRACE t=690 v=3.44 ws=0.00,0.00,0.01,0.00 cmd=0.888,0.947,0.851,0.861 cap=2751,2936,1653,1672 des=2751,2936,1447,1463 app=2618,2800,1375,1411 abs=nil,nil,nil,nil ebrake=1.00 ibrake=1.00 hasABS=0 sy=11.14 split=1.000,0.875 ===
193.64218|I|libbeamng.print:18052| === LSTM_OBS t=690 0.00038,0.00220,0.01294,0.00317,1.55895,11.14456,0.13790,-0.01145,0.00000,0.00000,0.00688,1.00000,0.00000,-0.00652,-0.01249,728.49310,0.25000 ===
193.69584|I|libbeamng.print:18052| === LSTM_TRACE t=700 v=2.87 ws=0.00,0.00,0.10,0.01 cmd=0.888,0.947,0.851,0.861 cap=2753,2936,1653,1673 des=2753,2936,1447,1463 app=2620,2800,1375,1412 abs=nil,nil,nil,nil ebrake=1.00 ibrake=1.00 hasABS=0 sy=11.20 split=1.000,0.875 ===
193.69590|I|libbeamng.print:18052| === LSTM_OBS t=700 0.00242,0.00074,0.10277,0.00924,1.58553,11.19536,0.19166,-0.00994,0.00000,0.00000,0.00703,1.00000,0.00000,-0.00668,-0.01264,730.33547,0.25000 ===
193.75101|I|libbeamng.print:18052| === LSTM_TRACE t=710 v=2.30 ws=0.00,0.00,0.25,0.00 cmd=0.888,0.947,0.851,0.861 cap=2753,2936,1652,1673 des=2753,2936,1446,1464 app=2619,2799,1374,1412 abs=nil,nil,nil,nil ebrake=1.00 ibrake=1.00 hasABS=0 sy=11.24 split=1.000,0.875 ===
193.75106|I|libbeamng.print:18052| === LSTM_OBS t=710 0.00036,0.00188,0.25275,0.00346,1.62379,11.23850,0.17923,-0.00953,0.00000,0.00000,0.00716,1.00000,0.00000,-0.00693,-0.01267,730.06691,0.25000 ===
193.80817|I|libbeamng.print:18052| === LSTM_TRACE t=720 v=1.70 ws=0.00,0.00,1.55,0.02 cmd=0.883,0.945,0.858,0.861 cap=2737,2932,1666,1672 des=2737,2932,1458,1463 app=2604,2795,1386,1411 abs=nil,nil,nil,nil ebrake=1.00 ibrake=1.00 hasABS=0 sy=11.89 split=1.000,0.875 ===
193.80822|I|libbeamng.print:18052| === LSTM_OBS t=720 0.00220,0.00177,1.55121,0.01912,1.92178,11.89106,0.01617,0.00985,0.00000,0.00000,0.00730,1.00000,0.00000,-0.00714,-0.01279,730.17876,0.25000 ===
193.86545|I|libbeamng.print:18052| === LSTM_TRACE t=730 v=1.11 ws=0.00,0.00,1.16,0.03 cmd=0.891,0.944,0.851,0.865 cap=2756,2927,1654,1680 des=2756,2927,1448,1470 app=2621,2790,1377,1418 abs=nil,nil,nil,nil ebrake=1.00 ibrake=1.00 hasABS=0 sy=11.81 split=1.000,0.875 ===
193.86551|I|libbeamng.print:18052| === LSTM_OBS t=730 0.00024,0.00377,1.15966,0.02786,2.34686,11.81109,0.23860,0.03909,0.00000,0.00000,0.00727,1.00000,0.00000,-0.00755,-0.01313,730.51677,0.25000 ===
193.91308|I|libbeamng.print:18052| === LSTM_TRACE t=740 v=0.55 ws=0.01,0.00,0.55,0.09 cmd=0.894,0.943,0.844,0.865 cap=2768,2925,1647,1678 des=2768,2925,1441,1468 app=2632,2788,1371,1416 abs=nil,nil,nil,nil ebrake=1.00 ibrake=1.00 hasABS=0 sy=11.24 split=1.000,0.875 ===
193.91313|I|libbeamng.print:18052| === LSTM_OBS t=740 0.00778,0.00392,0.54686,0.09179,2.22831,11.23798,0.51108,0.03978,0.00000,0.00000,0.00748,1.00000,0.00000,-0.00797,-0.01334,731.36204,0.25000 ===
199.31142|I|libbeamng.print:18052| === LSTM_ABS: lens 'avg_g_window_hg' loaded (17 in, 64 hidden, 2 layers) ===
199.31337|I|libbeamng.print:18052| === LSTM_ABS SELFTEST lens=avg_g_window_hg cmd=0.998694,0.998210,0.871784,0.863909 ===
223.41383|I|libbeamng.print:18052| === LSTM_TRACE t=0 v=36.65 ws=36.48,36.68,36.25,36.41 cmd=0.626,0.595,0.631,0.595 cap=155,155,97,97 des=155,155,85,85 app=142,142,78,78 abs=nil,nil,nil,nil ebrake=1.00 ibrake=1.00 hasABS=0 sy=1.57 split=1.000,0.875 ===
223.41389|I|libbeamng.print:18052| === LSTM_OBS t=0 36.48402,36.68437,36.25152,36.40672,0.12185,1.57242,-0.13497,0.01438,0.00000,0.00000,0.00000,1.00000,0.00000,0.00092,-0.00815,6967.01216,0.25000 ===
223.47554|I|libbeamng.print:18052| === LSTM_TRACE t=10 v=36.35 ws=34.97,35.82,35.19,35.56 cmd=0.529,0.405,0.724,0.593 cap=1608,1239,1387,1167 des=1608,1239,1213,1021 app=1492,1147,1129,949 abs=nil,nil,nil,nil ebrake=1.00 ibrake=1.00 hasABS=0 sy=6.52 split=1.000,0.875 ===
223.47558|I|libbeamng.print:18052| === LSTM_OBS t=10 34.97204,35.82495,35.19189,35.56002,-0.02219,6.51557,0.59417,0.00344,0.00000,0.00000,0.00198,1.00000,0.00000,0.00097,-0.00910,6871.26677,0.25000 ===
223.49692|I|libbeamng.print:18052| === LSTM_ABS DBG raw=34.8144,35.3749,34.6761,35.3585,-0.3145,7.4737,-0.0518,0.0218,0.0000,0.0000,0.0019,1.0000,0.0000,0.0010,-0.0101,6792.5597,0.2500 ===
223.49695|I|libbeamng.print:18052| === LSTM_ABS DBG norm=2.00,2.05,1.92,1.98,-0.21,-0.65,-0.28,0.08,-0.05,0.05,-0.31,0.05,-0.05,0.13,0.88,10.00,0.25 ===
223.49695|I|libbeamng.print:18052| === LSTM_ABS DBG cmd=0.6124,0.5001,0.7491,0.5692 ===
223.52982|I|libbeamng.print:18052| === LSTM_TRACE t=20 v=35.92 ws=34.09,34.84,33.69,35.13 cmd=0.677,0.588,0.758,0.559 cap=2086,1792,1465,1078 des=2086,1792,1282,943 app=1968,1683,1215,889 abs=nil,nil,nil,nil ebrake=1.00 ibrake=1.00 hasABS=0 sy=8.47 split=1.000,0.875 ===
223.52986|I|libbeamng.print:18052| === LSTM_OBS t=20 34.08674,34.84461,33.68578,35.13142,-0.33692,8.47292,1.17140,0.01875,0.00000,0.00000,0.00239,1.00000,0.00000,0.00109,-0.01175,6660.92479,0.25000 ===
223.58409|I|libbeamng.print:18052| === LSTM_TRACE t=30 v=35.44 ws=33.68,34.02,31.80,34.37 cmd=0.688,0.691,0.725,0.580 cap=2134,2125,1420,1130 des=2134,2125,1242,988 app=2041,2024,1192,943 abs=nil,nil,nil,nil ebrake=1.00 ibrake=1.00 hasABS=0 sy=9.43 split=1.000,0.875 ===
223.58416|I|libbeamng.print:18052| === LSTM_OBS t=30 33.68005,34.02337,31.80117,34.37221,-0.32916,9.43463,0.41366,-0.00651,0.00000,0.00000,0.00265,1.00000,0.00000,0.00143,-0.01393,6448.62553,0.25000 ===
223.64351|I|libbeamng.print:18052| === LSTM_TRACE t=40 v=34.89 ws=32.95,32.81,31.07,33.91 cmd=0.748,0.809,0.615,0.554 cap=2292,2479,1228,1084 des=2292,2479,1074,948 app=2216,2391,1039,912 abs=nil,nil,nil,nil ebrake=1.00 ibrake=1.00 hasABS=0 sy=10.57 split=1.000,0.875 ===
223.64355|I|libbeamng.print:18052| === LSTM_OBS t=40 32.95059,32.81074,31.07089,33.91177,-0.11955,10.57161,-0.13184,-0.01567,0.00000,0.00000,0.00244,1.00000,0.00000,0.00146,-0.01575,6272.14327,0.25000 ===
223.69710|I|libbeamng.print:18052| === LSTM_TRACE t=50 v=34.28 ws=30.91,30.21,31.35,32.82 cmd=0.882,0.913,0.424,0.526 cap=2703,2813,847,1024 des=2703,2813,742,896 app=2637,2741,720,867 abs=nil,nil,nil,nil ebrake=1.00 ibrake=1.00 hasABS=0 sy=12.09 split=1.000,0.875 ===
223.69714|I|libbeamng.print:18052| === LSTM_OBS t=50 30.91259,30.21319,31.35152,32.81764,-0.38167,12.08857,-0.21183,-0.00974,0.00000,0.00000,0.00352,1.00000,0.00000,0.00131,-0.01758,6161.94066,0.25000 ===
223.75153|I|libbeamng.print:18052| === LSTM_TRACE t=60 v=33.68 ws=26.88,25.14,32.49,31.94 cmd=0.917,0.931,0.429,0.520 cap=2840,2887,827,1014 des=2840,2887,724,887 app=2790,2833,705,863 abs=nil,nil,nil,nil ebrake=1.00 ibrake=1.00 hasABS=0 sy=11.99 split=1.000,0.875 ===
223.75156|I|libbeamng.print:18052| === LSTM_OBS t=60 26.87520,25.14305,32.48501,31.94054,0.01190,11.99141,-0.42490,-0.01181,0.00000,0.00000,0.00239,1.00000,0.00000,0.00098,-0.01976,6133.11966,0.25000 ===
223.80969|I|libbeamng.print:18052| === LSTM_TRACE t=70 v=33.13 ws=19.69,17.13,32.04,31.25 cmd=0.928,0.933,0.481,0.550 cap=2870,2887,924,1059 des=2870,2887,809,927 app=2831,2843,790,904 abs=nil,nil,nil,nil ebrake=1.00 ibrake=1.00 hasABS=0 sy=11.11 split=1.000,0.875 ===
223.80973|I|libbeamng.print:18052| === LSTM_OBS t=70 19.68770,17.12711,32.03537,31.24633,0.29636,11.10643,0.04629,0.00624,0.00000,0.00000,0.00162,1.00000,0.00000,0.00072,-0.02173,6081.56725,0.25000 ===
223.86469|I|libbeamng.print:18052| === LSTM_TRACE t=80 v=32.64 ws=8.77,5.45,31.30,30.36 cmd=0.981,0.982,0.640,0.688 cap=3021,3032,1187,1310 des=3021,3032,1039,1146 app=2984,2989,1017,1122 abs=nil,nil,nil,nil ebrake=1.00 ibrake=1.00 hasABS=0 sy=9.96 split=1.000,0.875 ===
223.86473|I|libbeamng.print:18052| === LSTM_OBS t=80 8.76533,5.45433,31.30037,30.36471,0.32215,9.95890,0.63579,0.00432,0.00000,0.00000,0.00049,1.00000,0.00000,0.00063,-0.02286,5972.00998,0.25000 ===
223.91928|I|libbeamng.print:18052| === LSTM_TRACE t=90 v=32.18 ws=0.47,0.21,29.76,28.87 cmd=0.995,0.992,0.819,0.790 cap=3084,3076,1570,1494 des=3084,3076,1374,1307 app=3043,3028,1351,1284 abs=nil,nil,nil,nil ebrake=1.00 ibrake=1.00 hasABS=0 sy=9.14 split=1.000,0.875 ===
223.91932|I|libbeamng.print:18052| === LSTM_OBS t=90 0.46620,0.20990,29.75866,28.87091,-1.18027,9.14249,-0.22686,0.00833,0.00000,0.00000,0.00490,1.00000,0.00000,0.00069,-0.02305,5769.51869,0.25000 ===
223.97645|I|libbeamng.print:18052| === LSTM_TRACE t=100 v=31.74 ws=0.22,0.18,27.74,27.73 cmd=0.992,0.991,0.846,0.844 cap=3076,3073,1647,1640 des=3076,3073,1441,1435 app=3030,3019,1422,1416 abs=nil,nil,nil,nil ebrake=1.00 ibrake=1.00 hasABS=0 sy=8.85 split=1.000,0.875 ===
223.97651|I|libbeamng.print:18052| === LSTM_OBS t=100 0.21976,0.17710,27.74231,27.73110,0.39520,8.85003,0.88232,0.01199,0.00000,0.00000,0.00154,1.00000,0.00000,0.00145,-0.02095,5474.65054,0.25000 ===
224.03106|I|libbeamng.print:18052| === LSTM_TRACE t=110 v=31.27 ws=0.09,0.08,26.34,26.92 cmd=0.993,0.992,0.832,0.834 cap=3078,3073,1619,1619 des=3078,3073,1417,1417 app=3025,3014,1402,1401 abs=nil,nil,nil,nil ebrake=1.00 ibrake=1.00 hasABS=0 sy=9.48 split=1.000,0.875 ===
224.03110|I|libbeamng.print:18052| === LSTM_OBS t=110 0.09325,0.08088,26.34485,26.92462,0.08693,9.47768,0.80078,0.00632,0.00000,0.00000,0.00169,1.00000,0.00000,0.00153,-0.01793,5196.92691,0.25000 ===
224.08527|I|libbeamng.print:18052| === LSTM_TRACE t=120 v=30.78 ws=0.04,0.04,25.26,25.94 cmd=0.996,0.994,0.760,0.809 cap=3087,3081,1501,1584 des=3087,3081,1313,1386 app=3029,3016,1302,1374 abs=nil,nil,nil,nil ebrake=1.00 ibrake=1.00 hasABS=0 sy=9.87 split=1.000,0.875 ===
224.08532|I|libbeamng.print:18052| === LSTM_OBS t=120 0.04095,0.04227,25.26113,25.94373,-0.06888,9.87278,0.39194,-0.00470,0.00000,0.00000,0.00204,1.00000,0.00000,0.00143,-0.01517,4973.24608,0.25000 ===
224.14365|I|libbeamng.print:18052| === LSTM_TRACE t=130 v=30.26 ws=0.02,0.02,24.80,24.78 cmd=0.997,0.995,0.731,0.788 cap=3089,3084,1429,1535 des=3089,3084,1250,1343 app=3025,3012,1241,1333 abs=nil,nil,nil,nil ebrake=1.00 ibrake=1.00 hasABS=0 sy=10.37 split=1.000,0.875 ===
224.14370|I|libbeamng.print:18052| === LSTM_OBS t=130 0.01635,0.02092,24.80320,24.77672,-0.02487,10.36579,0.07637,0.00255,0.00000,0.00000,0.00210,1.00000,0.00000,0.00142,-0.01297,4806.42869,0.25000 ===
224.19826|I|libbeamng.print:18052| === LSTM_TRACE t=140 v=29.73 ws=0.00,0.01,24.79,23.59 cmd=0.997,0.996,0.730,0.788 cap=3091,3087,1423,1530 des=3091,3087,1245,1339 app=3021,3010,1237,1330 abs=nil,nil,nil,nil ebrake=1.00 ibrake=1.00 hasABS=0 sy=10.51 split=1.000,0.875 ===
224.19830|I|libbeamng.print:18052| === LSTM_OBS t=140 0.00230,0.00677,24.78791,23.58669,-0.02264,10.50574,-0.12792,-0.00698,0.00000,0.00000,0.00256,1.00000,0.00000,0.00143,-0.01165,4676.42073,0.25000 ===
224.25302|I|libbeamng.print:18052| === LSTM_TRACE t=150 v=29.21 ws=0.00,0.00,24.57,22.06 cmd=0.997,0.997,0.733,0.793 cap=3092,3089,1424,1540 des=3092,3089,1246,1347 app=3016,3006,1238,1339 abs=nil,nil,nil,nil ebrake=1.00 ibrake=1.00 hasABS=0 sy=10.44 split=1.000,0.875 ===
224.25308|I|libbeamng.print:18052| === LSTM_OBS t=150 0.00221,0.00202,24.56849,22.05786,0.03337,10.44365,-0.24010,-0.00034,0.00000,0.00000,0.00249,1.00000,0.00000,0.00138,-0.01094,4540.26612,0.25000 ===
224.31032|I|libbeamng.print:18052| === LSTM_TRACE t=160 v=28.70 ws=0.00,0.00,24.90,20.21 cmd=0.997,0.997,0.738,0.796 cap=3092,3089,1429,1542 des=3092,3089,1251,1349 app=3011,3001,1244,1342 abs=nil,nil,nil,nil ebrake=1.00 ibrake=1.00 hasABS=0 sy=10.26 split=1.000,0.875 ===
224.31040|I|libbeamng.print:18052| === LSTM_OBS t=160 0.00269,0.00171,24.90283,20.20553,-0.06009,10.25549,-0.23036,0.00867,0.00000,0.00000,0.00254,1.00000,0.00000,0.00128,-0.01049,4386.21832,0.25000 ===
224.36570|I|libbeamng.print:18052| === LSTM_TRACE t=170 v=28.20 ws=0.00,0.00,24.98,18.08 cmd=0.998,0.997,0.777,0.817 cap=3093,3090,1498,1580 des=3093,3090,1311,1383 app=3006,2996,1305,1376 abs=nil,nil,nil,nil ebrake=1.00 ibrake=1.00 hasABS=0 sy=10.12 split=1.000,0.875 ===
224.36574|I|libbeamng.print:18052| === LSTM_OBS t=170 0.00284,0.00459,24.98264,18.08432,0.06576,10.12102,-0.21322,0.01628,0.00000,0.00000,0.00256,1.00000,0.00000,0.00119,-0.01013,4215.09159,0.25000 ===
224.41875|I|libbeamng.print:18052| === LSTM_TRACE t=180 v=27.71 ws=0.00,0.00,25.20,15.64 cmd=0.998,0.997,0.805,0.834 cap=3094,3091,1561,1618 des=3094,3091,1366,1416 app=3002,2992,1361,1409 abs=nil,nil,nil,nil ebrake=1.00 ibrake=1.00 hasABS=0 sy=9.85 split=1.000,0.875 ===
224.41879|I|libbeamng.print:18052| === LSTM_OBS t=180 0.00203,0.00063,25.20333,15.64493,-0.03998,9.84980,0.07481,0.02424,0.00000,0.00000,0.00254,1.00000,0.00000,0.00115,-0.00974,4013.83630,0.25000 ===
224.47685|I|libbeamng.print:18052| === LSTM_TRACE t=190 v=27.22 ws=0.00,0.00,25.22,13.18 cmd=0.998,0.997,0.801,0.829 cap=3094,3091,1559,1613 des=3094,3091,1365,1412 app=2997,2987,1360,1404 abs=nil,nil,nil,nil ebrake=1.00 ibrake=1.00 hasABS=0 sy=9.77 split=1.000,0.875 ===
224.47689|I|libbeamng.print:18052| === LSTM_OBS t=190 0.00148,0.00119,25.21554,13.18374,0.08563,9.76696,0.23014,0.03112,0.00000,0.00000,0.00265,1.00000,0.00000,0.00115,-0.00925,3788.57171,0.25000 ===
224.53185|I|libbeamng.print:18052| === LSTM_TRACE t=200 v=26.74 ws=0.00,0.00,25.21,10.47 cmd=0.998,0.997,0.779,0.810 cap=3093,3090,1520,1581 des=3093,3090,1330,1383 app=2991,2981,1327,1375 abs=nil,nil,nil,nil ebrake=1.00 ibrake=1.00 hasABS=0 sy=9.75 split=1.000,0.875 ===
224.53189|I|libbeamng.print:18052| === LSTM_OBS t=200 0.00242,0.00107,25.20745,10.47187,0.13351,9.75445,0.18747,0.05127,0.00000,0.00000,0.00256,1.00000,0.00000,0.00110,-0.00869,3556.64122,0.25000 ===
224.58551|I|libbeamng.print:18052| === LSTM_TRACE t=210 v=26.26 ws=0.00,0.00,25.21,8.30 cmd=0.997,0.995,0.742,0.773 cap=3091,3086,1446,1509 des=3091,3086,1265,1320 app=2984,2972,1263,1312 abs=nil,nil,nil,nil ebrake=1.00 ibrake=1.00 hasABS=0 sy=9.58 split=1.000,0.875 ===
224.58555|I|libbeamng.print:18052| === LSTM_OBS t=210 0.00171,0.00158,25.21066,8.29923,0.09720,9.58124,0.10281,0.05879,0.00000,0.00000,0.00270,1.00000,0.00000,0.00116,-0.00820,3328.33427,0.25000 ===
224.64450|I|libbeamng.print:18052| === LSTM_TRACE t=220 v=25.78 ws=0.00,0.00,24.90,6.32 cmd=0.995,0.991,0.736,0.757 cap=3086,3074,1429,1463 des=3086,3074,1250,1280 app=2974,2955,1248,1271 abs=nil,nil,nil,nil ebrake=1.00 ibrake=1.00 hasABS=0 sy=9.57 split=1.000,0.875 ===
224.64454|I|libbeamng.print:18052| === LSTM_OBS t=220 0.00355,0.00177,24.90453,6.31575,-0.08066,9.56774,-0.14300,0.06190,0.00000,0.00000,0.00265,1.00000,0.00000,0.00152,-0.00776,3107.74939,0.25000 ===
224.69816|I|libbeamng.print:18052| === LSTM_TRACE t=230 v=25.32 ws=0.02,0.00,24.29,4.89 cmd=0.990,0.988,0.714,0.772 cap=3071,3064,1382,1494 des=3071,3064,1209,1307 app=2956,2941,1207,1295 abs=nil,nil,nil,nil ebrake=1.00 ibrake=1.00 hasABS=0 sy=9.42 split=1.000,0.875 ===
224.69821|I|libbeamng.print:18052| === LSTM_OBS t=230 0.01741,0.00090,24.29308,4.88797,-0.11697,9.41737,-0.48616,0.05249,0.00000,0.00000,0.00254,1.00000,0.00000,0.00203,-0.00751,2899.65295,0.25000 ===
224.75264|I|libbeamng.print:18052| === LSTM_TRACE t=240 v=24.84 ws=0.01,0.00,23.89,2.83 cmd=0.988,0.987,0.704,0.749 cap=3064,3060,1367,1455 des=3064,3060,1196,1274 app=2944,2933,1195,1260 abs=nil,nil,nil,nil ebrake=1.00 ibrake=1.00 hasABS=0 sy=9.22 split=1.000,0.875 ===
224.75268|I|libbeamng.print:18052| === LSTM_OBS t=240 0.00888,0.00165,23.89180,2.83318,-0.76661,9.22295,-0.37964,0.03796,0.00000,0.00000,0.00249,1.00000,0.00000,0.00203,-0.00780,2708.38666,0.25000 ===
224.81475|I|libbeamng.print:18052| === LSTM_TRACE t=250 v=24.38 ws=0.00,0.00,23.63,0.84 cmd=0.983,0.982,0.706,0.724 cap=3050,3046,1364,1412 des=3050,3046,1194,1235 app=2926,2916,1193,1220 abs=nil,nil,nil,nil ebrake=1.00 ibrake=1.00 hasABS=0 sy=9.08 split=1.000,0.875 ===
224.81479|I|libbeamng.print:18052| === LSTM_OBS t=250 0.00304,0.00428,23.62987,0.83779,0.20236,9.08496,-0.07324,0.04525,0.00000,0.00000,0.00204,1.00000,0.00000,0.00198,-0.00840,2491.47231,0.25000 ===
224.86496|I|libbeamng.print:18052| === LSTM_TRACE t=260 v=23.92 ws=0.02,0.01,22.65,0.37 cmd=0.982,0.979,0.680,0.667 cap=3041,3036,1330,1310 des=3041,3036,1164,1146 app=2914,2902,1163,1130 abs=nil,nil,nil,nil ebrake=1.00 ibrake=1.00 hasABS=0 sy=9.32 split=1.000,0.875 ===
224.86500|I|libbeamng.print:18052| === LSTM_OBS t=260 0.02429,0.00793,22.65145,0.36935,0.41177,9.32484,0.31550,0.02364,0.00000,0.00000,0.00104,1.00000,0.00000,0.00252,-0.00858,2298.69096,0.25000 ===
224.91785|I|libbeamng.print:18052| === LSTM_TRACE t=270 v=23.45 ws=0.00,0.00,22.03,0.08 cmd=0.984,0.982,0.690,0.674 cap=3049,3041,1333,1298 des=3049,3041,1166,1136 app=2918,2904,1165,1118 abs=nil,nil,nil,nil ebrake=1.00 ibrake=1.00 hasABS=0 sy=9.56 split=1.000,0.875 ===
224.91789|I|libbeamng.print:18052| === LSTM_OBS t=270 0.00234,0.00144,22.02618,0.08137,0.08793,9.56271,0.08908,0.01131,0.00000,0.00000,0.00229,1.00000,0.00000,0.00185,-0.00898,2148.93864,0.25000 ===
224.97591|I|libbeamng.print:18052| === LSTM_TRACE t=280 v=22.97 ws=0.01,0.01,21.01,0.00 cmd=0.982,0.983,0.684,0.695 cap=3045,3044,1317,1334 des=3045,3044,1152,1167 app=2910,2903,1151,1146 abs=nil,nil,nil,nil ebrake=1.00 ibrake=1.00 hasABS=0 sy=9.68 split=1.000,0.875 ===
224.97595|I|libbeamng.print:18052| === LSTM_OBS t=280 0.01433,0.01019,21.00808,0.00309,-0.53719,9.67774,-0.45749,0.00866,0.00000,0.00000,0.00297,1.00000,0.00000,0.00124,-0.00935,2039.81030,0.25000 ===
225.02716|I|libbeamng.print:18052| === LSTM_TRACE t=290 v=22.49 ws=0.00,0.00,20.22,0.03 cmd=0.980,0.982,0.670,0.696 cap=3041,3043,1297,1344 des=3041,3043,1135,1176 app=2903,2899,1134,1153 abs=nil,nil,nil,nil ebrake=1.00 ibrake=1.00 hasABS=0 sy=9.56 split=1.000,0.875 ===
225.02720|I|libbeamng.print:18052| === LSTM_OBS t=290 0.00154,0.00360,20.22101,0.03319,-0.60003,9.56321,-0.25410,0.00608,0.00000,0.00000,0.00265,1.00000,0.00000,0.00082,-0.00989,1958.28680,0.25000 ===
225.08020|I|libbeamng.print:18052| === LSTM_TRACE t=300 v=22.01 ws=0.00,0.00,19.56,0.02 cmd=0.978,0.979,0.648,0.694 cap=3032,3037,1260,1345 des=3032,3037,1102,1177 app=2891,2890,1101,1151 abs=nil,nil,nil,nil ebrake=1.00 ibrake=1.00 hasABS=0 sy=9.58 split=1.000,0.875 ===
225.08024|I|libbeamng.print:18052| === LSTM_OBS t=300 0.00344,0.00314,19.56031,0.02177,-0.58000,9.58103,-0.10497,0.00789,0.00000,0.00000,0.00221,1.00000,0.00000,0.00065,-0.01042,1878.26129,0.25000 ===
225.13552|I|libbeamng.print:18052| === LSTM_TRACE t=310 v=21.53 ws=0.00,0.00,18.87,0.02 cmd=0.975,0.977,0.630,0.692 cap=3023,3031,1226,1345 des=3023,3031,1073,1177 app=2880,2881,1072,1150 abs=nil,nil,nil,nil ebrake=1.00 ibrake=1.00 hasABS=0 sy=9.63 split=1.000,0.875 ===
225.13555|I|libbeamng.print:18052| === LSTM_OBS t=310 0.00354,0.00085,18.87211,0.01887,-0.27781,9.63304,0.12685,0.01069,0.00000,0.00000,0.00221,1.00000,0.00000,0.00056,-0.01090,1805.39101,0.25000 ===
225.19353|I|libbeamng.print:18052| === LSTM_TRACE t=320 v=21.05 ws=0.00,0.00,18.34,0.01 cmd=0.970,0.974,0.610,0.689 cap=3010,3022,1189,1341 des=3010,3022,1040,1174 app=2864,2870,1039,1145 abs=nil,nil,nil,nil ebrake=1.00 ibrake=1.00 hasABS=0 sy=9.64 split=1.000,0.875 ===
225.19357|I|libbeamng.print:18052| === LSTM_OBS t=320 0.00017,0.00102,18.34056,0.01475,-0.25879,9.64307,0.18103,0.01300,0.00000,0.00000,0.00234,1.00000,0.00000,0.00054,-0.01131,1739.93249,0.25000 ===
225.24668|I|libbeamng.print:18052| === LSTM_TRACE t=330 v=20.57 ws=0.00,0.00,17.98,0.02 cmd=0.962,0.968,0.583,0.677 cap=2987,3004,1139,1321 des=2987,3004,997,1156 app=2840,2850,995,1126 abs=nil,nil,nil,nil ebrake=1.00 ibrake=1.00 hasABS=0 sy=9.64 split=1.000,0.875 ===
225.24671|I|libbeamng.print:18052| === LSTM_OBS t=330 0.00368,0.00013,17.98206,0.01623,-0.34349,9.64470,0.15464,0.01367,0.00000,0.00000,0.00229,1.00000,0.00000,0.00057,-0.01170,1686.78974,0.25000 ===
225.30233|I|libbeamng.print:18052| === LSTM_TRACE t=340 v=20.08 ws=0.00,0.00,17.87,0.03 cmd=0.944,0.949,0.544,0.654 cap=2933,2949,1063,1274 des=2933,2949,930,1115 app=2786,2795,928,1084 abs=nil,nil,nil,nil ebrake=1.00 ibrake=1.00 hasABS=0 sy=9.73 split=1.000,0.875 ===
225.30238|I|libbeamng.print:18052| === LSTM_OBS t=340 0.00231,0.00109,17.86565,0.03243,-0.34233,9.72825,0.12743,0.01392,0.00000,0.00000,0.00224,1.00000,0.00000,0.00062,-0.01211,1648.60495,0.25000 ===
225.35952|I|libbeamng.print:18052| === LSTM_TRACE t=350 v=19.60 ws=0.00,0.00,17.70,0.02 cmd=0.906,0.901,0.558,0.689 cap=2832,2818,1077,1324 des=2832,2818,942,1158 app=2687,2669,941,1125 abs=nil,nil,nil,nil ebrake=1.00 ibrake=1.00 hasABS=0 sy=9.71 split=1.000,0.875 ===
225.35956|I|libbeamng.print:18052| === LSTM_OBS t=350 0.00043,0.00188,17.69603,0.02310,-0.44635,9.71304,0.06730,0.01286,0.00000,0.00000,0.00216,1.00000,0.00000,0.00073,-0.01253,1629.62541,0.25000 ===
225.41339|I|libbeamng.print:18052| === LSTM_TRACE t=360 v=19.11 ws=0.00,0.00,17.09,0.04 cmd=0.791,0.800,0.620,0.713 cap=2479,2502,1205,1392 des=2479,2502,1054,1218 app=2351,2368,1052,1181 abs=nil,nil,nil,nil ebrake=1.00 ibrake=1.00 hasABS=0 sy=9.69 split=1.000,0.875 ===
225.41343|I|libbeamng.print:18052| === LSTM_OBS t=360 0.00097,0.00050,17.08552,0.03548,-0.37335,9.69015,0.09142,0.00748,0.00000,0.00000,0.00221,1.00000,0.00000,0.00086,-0.01304,1616.15715,0.25000 ===
225.46846|I|libbeamng.print:18052| === LSTM_TRACE t=370 v=18.63 ws=0.00,0.00,16.19,0.02 cmd=0.743,0.745,0.660,0.719 cap=2316,2330,1268,1390 des=2316,2330,1109,1217 app=2194,2204,1107,1178 abs=nil,nil,nil,nil ebrake=1.00 ibrake=1.00 hasABS=0 sy=9.60 split=1.000,0.875 ===
225.46850|I|libbeamng.print:18052| === LSTM_OBS t=370 0.00164,0.00102,16.19148,0.01530,-0.24968,9.59969,0.28118,0.00717,0.00000,0.00000,0.00216,1.00000,0.00000,0.00078,-0.01343,1556.14118,0.25000 ===
225.52669|I|libbeamng.print:18052| === LSTM_TRACE t=380 v=18.15 ws=0.00,0.00,14.83,0.03 cmd=0.712,0.699,0.709,0.744 cap=2211,2175,1371,1440 des=2211,2175,1200,1260 app=2093,2055,1197,1219 abs=nil,nil,nil,nil ebrake=1.00 ibrake=1.00 hasABS=0 sy=9.65 split=1.000,0.875 ===
225.52673|I|libbeamng.print:18052| === LSTM_OBS t=380 0.00022,0.00268,14.82797,0.02554,-0.19399,9.65203,0.17696,0.00741,0.00000,0.00000,0.00210,1.00000,0.00000,0.00071,-0.01351,1468.90999,0.25000 ===
225.59432|I|libbeamng.print:18052| === LSTM_TRACE t=390 v=17.67 ws=0.00,0.00,13.28,0.01 cmd=0.690,0.666,0.728,0.758 cap=2143,2074,1410,1471 des=2143,2074,1234,1287 app=2028,1959,1231,1244 abs=nil,nil,nil,nil ebrake=1.00 ibrake=1.00 hasABS=0 sy=9.65 split=1.000,0.875 ===
225.59437|I|libbeamng.print:18052| === LSTM_OBS t=390 0.00004,0.00142,13.27810,0.00677,-0.31953,9.65175,0.27841,0.00907,0.00000,0.00000,0.00216,1.00000,0.00000,0.00054,-0.01341,1346.72497,0.25000 ===
225.64334|I|libbeamng.print:18052| === LSTM_TRACE t=400 v=17.18 ws=0.00,0.00,11.60,0.01 cmd=0.675,0.647,0.731,0.767 cap=2094,2010,1421,1489 des=2094,2010,1244,1303 app=1980,1897,1240,1258 abs=nil,nil,nil,nil ebrake=1.00 ibrake=1.00 hasABS=0 sy=9.71 split=1.000,0.875 ===
225.64338|I|libbeamng.print:18052| === LSTM_OBS t=400 0.00094,0.00166,11.59779,0.01219,-0.32108,9.70976,0.19053,0.01346,0.00000,0.00000,0.00221,1.00000,0.00000,0.00047,-0.01308,1213.69872,0.25000 ===
225.69708|I|libbeamng.print:18052| === LSTM_TRACE t=410 v=16.70 ws=0.00,0.00,9.97,0.03 cmd=0.665,0.635,0.731,0.774 cap=2066,1973,1420,1502 des=2066,1973,1243,1314 app=1952,1861,1239,1268 abs=nil,nil,nil,nil ebrake=1.00 ibrake=1.00 hasABS=0 sy=9.60 split=1.000,0.875 ===
225.69713|I|libbeamng.print:18052| === LSTM_OBS t=410 0.00021,0.00051,9.96848,0.02944,-0.31602,9.60386,0.16410,0.01163,0.00000,0.00000,0.00229,1.00000,0.00000,0.00047,-0.01265,1056.51895,0.25000 ===
225.74678|I|libbeamng.print:18052| === LSTM_TRACE t=420 v=16.21 ws=0.00,0.00,8.23,0.02 cmd=0.657,0.626,0.728,0.778 cap=2041,1946,1416,1513 des=2041,1946,1239,1324 app=1928,1835,1235,1276 abs=nil,nil,nil,nil ebrake=1.00 ibrake=1.00 hasABS=0 sy=9.72 split=1.000,0.875 ===
225.74686|I|libbeamng.print:18052| === LSTM_OBS t=420 0.00065,0.00124,8.23114,0.01825,-0.23412,9.72005,0.21076,0.01365,0.00000,0.00000,0.00234,1.00000,0.00000,0.00048,-0.01218,914.35843,0.25000 ===
225.80192|I|libbeamng.print:18052| === LSTM_TRACE t=430 v=15.73 ws=0.00,0.00,6.34,0.02 cmd=0.647,0.615,0.727,0.783 cap=2010,1910,1413,1520 des=2010,1910,1236,1330 app=1898,1800,1232,1282 abs=nil,nil,nil,nil ebrake=1.00 ibrake=1.00 hasABS=0 sy=9.60 split=1.000,0.875 ===
225.80196|I|libbeamng.print:18052| === LSTM_OBS t=430 0.00018,0.00371,6.34275,0.02280,-0.05325,9.60404,0.08588,0.01483,0.00000,0.00000,0.00229,1.00000,0.00000,0.00051,-0.01176,767.09852,0.25000 ===
225.85985|I|libbeamng.print:18052| === LSTM_TRACE t=440 v=15.23 ws=0.00,0.01,4.83,0.00 cmd=0.642,0.609,0.744,0.798 cap=1987,1880,1439,1545 des=1987,1880,1259,1352 app=1874,1771,1254,1302 abs=nil,nil,nil,nil ebrake=1.00 ibrake=1.00 hasABS=0 sy=9.92 split=1.000,0.875 ===
225.85991|I|libbeamng.print:18052| === LSTM_OBS t=440 0.00313,0.01007,4.82754,0.00258,-0.45811,9.92399,-0.05776,0.01355,0.00000,0.00000,0.00244,1.00000,0.00000,0.00028,-0.01148,731.89391,0.25000 ===
225.91273|I|libbeamng.print:18052| === LSTM_TRACE t=450 v=14.75 ws=0.01,0.01,3.80,0.02 cmd=0.643,0.614,0.743,0.802 cap=1988,1893,1430,1549 des=1988,1893,1252,1355 app=1875,1782,1245,1304 abs=nil,nil,nil,nil ebrake=1.00 ibrake=1.00 hasABS=0 sy=9.60 split=1.000,0.875 ===
225.91278|I|libbeamng.print:18052| === LSTM_OBS t=450 0.01360,0.00701,3.79565,0.02181,-0.20026,9.59993,-0.27001,0.01446,0.00000,0.00000,0.00249,1.00000,0.00000,0.00053,-0.01142,724.96606,0.25000 ===
225.96577|I|libbeamng.print:18052| === LSTM_TRACE t=460 v=14.25 ws=0.00,0.01,2.43,0.01 cmd=0.637,0.610,0.765,0.816 cap=1983,1900,1493,1589 des=1983,1900,1307,1390 app=1870,1788,1299,1338 abs=nil,nil,nil,nil ebrake=1.00 ibrake=1.00 hasABS=0 sy=10.10 split=1.000,0.875 ===
225.96581|I|libbeamng.print:18052| === LSTM_OBS t=460 0.00177,0.00597,2.43299,0.00642,-0.33694,10.09888,0.20137,0.02174,0.00000,0.00000,0.00192,1.00000,0.00000,0.00113,-0.01151,727.97912,0.25000 ===
226.01885|I|libbeamng.print:18052| === LSTM_TRACE t=470 v=13.79 ws=0.01,0.04,0.25,0.11 cmd=0.609,0.564,0.796,0.829 cap=1891,1766,1538,1604 des=1891,1766,1346,1404 app=1782,1661,1336,1350 abs=nil,nil,nil,nil ebrake=1.00 ibrake=1.00 hasABS=0 sy=9.37 split=1.000,0.875 ===
226.01889|I|libbeamng.print:18052| === LSTM_OBS t=470 0.00587,0.03830,0.25028,0.11256,0.55198,9.36718,0.57794,0.00697,0.00000,0.00000,0.00229,1.00000,0.00000,0.00071,-0.01147,727.33999,0.25000 ===
226.07952|I|libbeamng.print:18052| === LSTM_TRACE t=480 v=13.31 ws=0.01,0.01,0.05,0.03 cmd=0.607,0.593,0.883,0.900 cap=1877,1817,1700,1700 des=1877,1817,1488,1488 app=1768,1708,1475,1430 abs=nil,nil,nil,nil ebrake=1.00 ibrake=1.00 hasABS=0 sy=9.78 split=1.000,0.875 ===
226.07956|I|libbeamng.print:18052| === LSTM_OBS t=480 0.01330,0.01116,0.05350,0.03270,-0.11932,9.77634,-0.29148,0.01200,0.00000,0.00000,0.00189,1.00000,0.00000,0.00020,-0.01100,731.62068,0.25000 ===
226.13438|I|libbeamng.print:18052| === LSTM_TRACE t=490 v=12.83 ws=0.00,0.01,0.04,0.01 cmd=0.646,0.663,0.943,0.953 cap=1990,2027,1700,1700 des=1990,2027,1488,1488 app=1874,1905,1474,1429 abs=nil,nil,nil,nil ebrake=1.00 ibrake=1.00 hasABS=0 sy=9.70 split=1.000,0.875 ===
226.13441|I|libbeamng.print:18052| === LSTM_OBS t=490 0.00205,0.00614,0.03602,0.01085,-0.06326,9.69514,-0.27645,0.00596,0.00000,0.00000,0.00256,1.00000,0.00000,0.00055,-0.01080,727.51101,0.25000 ===
226.19295|I|libbeamng.print:18052| === LSTM_TRACE t=500 v=12.35 ws=0.00,0.01,0.03,0.03 cmd=0.717,0.738,0.982,0.984 cap=2203,2270,1700,1700 des=2203,2270,1488,1488 app=2073,2133,1472,1429 abs=nil,nil,nil,nil ebrake=1.00 ibrake=1.00 hasABS=0 sy=9.75 split=1.000,0.875 ===
226.19298|I|libbeamng.print:18052| === LSTM_OBS t=500 0.00040,0.00625,0.02898,0.02621,-0.26111,9.75375,-0.13942,-0.00137,0.00000,0.00000,0.00254,1.00000,0.00000,0.00089,-0.01067,729.21120,0.25000 ===
226.24587|I|libbeamng.print:18052| === LSTM_TRACE t=510 v=11.86 ws=0.00,0.00,0.01,0.00 cmd=0.743,0.754,0.989,0.988 cap=2298,2336,1700,1700 des=2298,2336,1488,1488 app=2163,2194,1471,1429 abs=nil,nil,nil,nil ebrake=1.00 ibrake=1.00 hasABS=0 sy=9.76 split=1.000,0.875 ===
226.24594|I|libbeamng.print:18052| === LSTM_OBS t=510 0.00377,0.00231,0.00643,0.00267,-0.31577,9.76297,-0.00054,-0.00630,0.00000,0.00000,0.00229,1.00000,0.00000,0.00102,-0.01069,726.23702,0.25000 ===
226.30175|I|libbeamng.print:18052| === LSTM_TRACE t=520 v=11.37 ws=0.00,0.00,0.00,0.01 cmd=0.749,0.761,0.990,0.988 cap=2322,2359,1700,1700 des=2322,2359,1488,1488 app=2184,2215,1470,1428 abs=nil,nil,nil,nil ebrake=1.00 ibrake=1.00 hasABS=0 sy=9.78 split=1.000,0.875 ===
226.30182|I|libbeamng.print:18052| === LSTM_OBS t=520 0.00244,0.00187,0.00026,0.01275,-0.26182,9.78261,0.23223,-0.00887,0.00000,0.00000,0.00221,1.00000,0.00000,0.00106,-0.01075,730.81128,0.25000 ===
226.36036|I|libbeamng.print:18052| === LSTM_TRACE t=530 v=10.87 ws=0.00,0.00,0.00,0.01 cmd=0.754,0.766,0.991,0.989 cap=2336,2375,1700,1700 des=2336,2375,1488,1488 app=2197,2230,1468,1428 abs=nil,nil,nil,nil ebrake=1.00 ibrake=1.00 hasABS=0 sy=9.86 split=1.000,0.875 ===
226.36045|I|libbeamng.print:18052| === LSTM_OBS t=530 0.00053,0.00020,0.00487,0.00772,-0.22867,9.86407,0.09975,-0.01376,0.00000,0.00000,0.00216,1.00000,0.00000,0.00103,-0.01085,727.32542,0.25000 ===
226.41321|I|libbeamng.print:18052| === LSTM_TRACE t=540 v=10.38 ws=0.00,0.00,0.00,0.00 cmd=0.758,0.771,0.991,0.989 cap=2349,2388,1700,1700 des=2349,2388,1488,1488 app=2209,2242,1467,1428 abs=nil,nil,nil,nil ebrake=1.00 ibrake=1.00 hasABS=0 sy=9.95 split=1.000,0.875 ===
226.41325|I|libbeamng.print:18052| === LSTM_OBS t=540 0.00076,0.00010,0.00028,0.00236,-0.18740,9.94629,0.06412,-0.01658,0.00000,0.00000,0.00224,1.00000,0.00000,0.00103,-0.01095,729.78212,0.25000 ===
226.46996|I|libbeamng.print:18052| === LSTM_TRACE t=550 v=9.88 ws=0.00,0.00,0.00,0.00 cmd=0.763,0.775,0.992,0.990 cap=2364,2401,1700,1700 des=2364,2401,1488,1488 app=2222,2254,1466,1427 abs=nil,nil,nil,nil ebrake=1.00 ibrake=1.00 hasABS=0 sy=10.04 split=1.000,0.875 ===
226.47000|I|libbeamng.print:18052| === LSTM_OBS t=550 0.00049,0.00345,0.00330,0.00236,-0.23130,10.04037,0.00846,-0.02007,0.00000,0.00000,0.00229,1.00000,0.00000,0.00100,-0.01106,727.09884,0.25000 ===
226.52688|I|libbeamng.print:18052| === LSTM_TRACE t=560 v=9.37 ws=0.00,0.00,0.00,0.00 cmd=0.769,0.780,0.993,0.991 cap=2382,2416,1700,1700 des=2382,2416,1488,1488 app=2238,2267,1465,1427 abs=nil,nil,nil,nil ebrake=1.00 ibrake=1.00 hasABS=0 sy=10.06 split=1.000,0.875 ===
226.52691|I|libbeamng.print:18052| === LSTM_OBS t=560 0.00148,0.00020,0.00249,0.00212,-0.22416,10.05803,0.10922,-0.02343,0.00000,0.00000,0.00229,1.00000,0.00000,0.00099,-0.01118,730.24958,0.25000 ===
226.58008|I|libbeamng.print:18052| === LSTM_TRACE t=570 v=8.87 ws=0.00,0.00,0.00,0.01 cmd=0.775,0.785,0.994,0.992 cap=2401,2432,1700,1700 des=2401,2432,1488,1488 app=2256,2282,1464,1427 abs=nil,nil,nil,nil ebrake=1.00 ibrake=1.00 hasABS=0 sy=10.14 split=1.000,0.875 ===
226.58012|I|libbeamng.print:18052| === LSTM_OBS t=570 0.00016,0.00100,0.00500,0.00518,-0.22222,10.14392,0.10542,-0.02628,0.00000,0.00000,0.00221,1.00000,0.00000,0.00095,-0.01130,727.46267,0.25000 ===
226.63583|I|libbeamng.print:18052| === LSTM_TRACE t=580 v=8.35 ws=0.00,0.00,0.01,0.00 cmd=0.786,0.793,0.996,0.994 cap=2434,2456,1700,1700 des=2434,2456,1488,1488 app=2287,2304,1463,1427 abs=nil,nil,nil,nil ebrake=1.00 ibrake=1.00 hasABS=0 sy=10.23 split=1.000,0.875 ===
226.63586|I|libbeamng.print:18052| === LSTM_OBS t=580 0.00043,0.00050,0.00558,0.00360,-0.22023,10.22577,0.15374,-0.02827,0.00000,0.00000,0.00224,1.00000,0.00000,0.00093,-0.01143,730.28369,0.25000 ===
226.69396|I|libbeamng.print:18052| === LSTM_TRACE t=590 v=7.84 ws=0.00,0.00,0.00,0.01 cmd=0.790,0.786,0.997,0.995 cap=2448,2439,1700,1700 des=2448,2439,1488,1488 app=2299,2287,1463,1426 abs=nil,nil,nil,nil ebrake=1.00 ibrake=1.00 hasABS=0 sy=10.33 split=1.000,0.875 ===
226.69399|I|libbeamng.print:18052| === LSTM_OBS t=590 0.00201,0.00135,0.00089,0.00555,-0.21391,10.33273,0.13261,-0.03161,0.00000,0.00000,0.00221,1.00000,0.00000,0.00089,-0.01156,729.36253,0.25000 ===
226.75141|I|libbeamng.print:18052| === LSTM_TRACE t=600 v=7.32 ws=0.00,0.00,0.00,0.00 cmd=0.792,0.782,0.997,0.996 cap=2452,2423,1700,1700 des=2452,2423,1488,1488 app=2303,2272,1462,1426 abs=nil,nil,nil,nil ebrake=1.00 ibrake=1.00 hasABS=0 sy=10.46 split=1.000,0.875 ===
226.75145|I|libbeamng.print:18052| === LSTM_OBS t=600 0.00208,0.00081,0.00186,0.00197,-0.17352,10.46129,0.12512,-0.03357,0.00000,0.00000,0.00229,1.00000,0.00000,0.00086,-0.01172,730.14001,0.25000 ===
226.80940|I|libbeamng.print:18052| === LSTM_TRACE t=610 v=6.78 ws=0.00,0.00,0.01,0.00 cmd=0.798,0.785,0.997,0.996 cap=2471,2432,1700,1700 des=2471,2432,1488,1488 app=2320,2280,1461,1426 abs=nil,nil,nil,nil ebrake=1.00 ibrake=1.00 hasABS=0 sy=10.63 split=1.000,0.875 ===
226.80944|I|libbeamng.print:18052| === LSTM_OBS t=610 0.00165,0.00235,0.00539,0.00352,-0.16755,10.63156,0.10784,-0.03534,0.00000,0.00000,0.00234,1.00000,0.00000,0.00081,-0.01188,727.54674,0.25000 ===
226.86502|I|libbeamng.print:18052| === LSTM_TRACE t=620 v=6.24 ws=0.00,0.00,0.00,0.00 cmd=0.806,0.791,0.997,0.996 cap=2497,2451,1700,1700 des=2497,2451,1488,1488 app=2344,2298,1461,1426 abs=nil,nil,nil,nil ebrake=1.00 ibrake=1.00 hasABS=0 sy=10.76 split=1.000,0.875 ===
226.86512|I|libbeamng.print:18052| === LSTM_OBS t=620 0.00024,0.00014,0.00163,0.00095,-0.15776,10.76076,0.10759,-0.03687,0.00000,0.00000,0.00229,1.00000,0.00000,0.00077,-0.01208,730.87264,0.25000 ===
226.91781|I|libbeamng.print:18052| === LSTM_TRACE t=630 v=5.70 ws=0.00,0.00,0.00,0.01 cmd=0.816,0.799,0.997,0.996 cap=2525,2474,1700,1700 des=2525,2474,1488,1488 app=2370,2319,1460,1426 abs=nil,nil,nil,nil ebrake=1.00 ibrake=1.00 hasABS=0 sy=10.87 split=1.000,0.875 ===
226.91785|I|libbeamng.print:18052| === LSTM_OBS t=630 0.00114,0.00113,0.00406,0.00511,-0.14553,10.87367,0.09789,-0.03811,0.00000,0.00000,0.00239,1.00000,0.00000,0.00071,-0.01227,727.97047,0.25000 ===
226.97676|I|libbeamng.print:18052| === LSTM_TRACE t=640 v=5.15 ws=0.00,0.00,0.01,0.01 cmd=0.829,0.811,0.997,0.996 cap=2565,2508,1700,1700 des=2565,2508,1488,1488 app=2407,2350,1460,1426 abs=nil,nil,nil,nil ebrake=1.00 ibrake=1.00 hasABS=0 sy=10.95 split=1.000,0.875 ===
226.97680|I|libbeamng.print:18052| === LSTM_OBS t=640 0.00255,0.00191,0.00749,0.01462,-0.12307,10.95282,0.13868,-0.03817,0.00000,0.00000,0.00239,1.00000,0.00000,0.00065,-0.01246,729.78122,0.25000 ===
227.03032|I|libbeamng.print:18052| === LSTM_TRACE t=650 v=4.60 ws=0.00,0.00,0.00,0.00 cmd=0.863,0.844,0.997,0.996 cap=2658,2600,1700,1700 des=2658,2600,1488,1488 app=2494,2436,1459,1426 abs=nil,nil,nil,nil ebrake=1.00 ibrake=1.00 hasABS=0 sy=11.13 split=1.000,0.875 ===
227.03035|I|libbeamng.print:18052| === LSTM_OBS t=650 0.00318,0.00407,0.00433,0.00092,-0.11769,11.12951,0.14325,-0.03880,0.00000,0.00000,0.00239,1.00000,0.00000,0.00060,-0.01267,727.09952,0.25000 ===
227.08643|I|libbeamng.print:18052| === LSTM_TRACE t=660 v=4.04 ws=0.00,0.00,0.01,0.01 cmd=0.933,0.925,0.994,0.995 cap=2871,2839,1700,1700 des=2871,2839,1488,1488 app=2694,2660,1459,1426 abs=nil,nil,nil,nil ebrake=1.00 ibrake=1.00 hasABS=0 sy=11.23 split=1.000,0.875 ===
227.08647|I|libbeamng.print:18052| === LSTM_OBS t=660 0.00370,0.00325,0.01340,0.01153,-0.10479,11.22816,0.17381,-0.03818,0.00000,0.00000,0.00244,1.00000,0.00000,0.00053,-0.01292,729.97965,0.25000 ===
227.14309|I|libbeamng.print:18052| === LSTM_TRACE t=670 v=3.47 ws=0.00,0.00,0.00,0.00 cmd=0.963,0.962,0.983,0.989 cap=2983,2978,1700,1700 des=2983,2978,1488,1488 app=2799,2790,1459,1426 abs=nil,nil,nil,nil ebrake=1.00 ibrake=1.00 hasABS=0 sy=11.34 split=1.000,0.875 ===
227.14313|I|libbeamng.print:18052| === LSTM_OBS t=670 0.00066,0.00059,0.00137,0.00225,-0.08859,11.34039,0.18214,-0.03729,0.00000,0.00000,0.00249,1.00000,0.00000,0.00044,-0.01311,727.63324,0.25000 ===
227.19700|I|libbeamng.print:18052| === LSTM_TRACE t=680 v=2.89 ws=0.00,0.00,0.01,0.03 cmd=0.973,0.971,0.974,0.987 cap=3014,3009,1700,1700 des=3014,3009,1488,1488 app=2827,2818,1458,1425 a
