 33.05210|I|libbeamng.print:18052| === LSTM_ABS: lens 'baseline' loaded (17 in, 64 hidden, 2 layers) ===
 33.05387|I|libbeamng.print:18052| === LSTM_ABS SELFTEST lens=baseline cmd=0.989895,0.982850,0.853746,0.872476 ===
 54.40311|I|libbeamng.print:18052| === LSTM_TRACE t=0 v=27.70 ws=27.68,27.80,27.38,27.45 cmd=1.000,1.000,1.000,1.000 cap=155,155,85,85 des=155,155,74,74 app=142,142,68,68 abs=nil,nil,nil,nil ebrake=1.00 ibrake=1.00 hasABS=0 sy=1.74 ===
 54.46131|I|libbeamng.print:18052| === LSTM_TRACE t=10 v=27.36 ws=23.11,23.26,26.55,26.71 cmd=1.000,1.000,1.000,1.000 cap=3100,3100,1700,1700 des=3100,3100,1488,1488 app=2872,2872,1378,1378 abs=nil,nil,nil,nil ebrake=1.00 ibrake=1.00 hasABS=0 sy=7.71 ===
 54.48107|I|libbeamng.print:18052| === LSTM_ABS DBG raw=19.2270,19.5930,26.0999,26.1758,0.1542,9.2352,1.4241,-0.0068,0.0000,0.0000,0.0009,1.0000,0.0000,0.0010,-0.0118,7655.0141,0.2500 ===
 54.48110|I|libbeamng.print:18052| === LSTM_ABS DBG norm=0.66,0.69,1.17,1.18,0.09,0.42,1.45,-0.06,0.00,0.00,-0.87,0.04,-0.04,0.06,0.55,2.25,0.25 ===
 54.48110|I|libbeamng.print:18052| === LSTM_ABS DBG cmd=1.0000,1.0000,1.0000,1.0000 ===
 54.51113|I|libbeamng.print:18052| === LSTM_TRACE t=20 v=26.88 ws=13.19,13.78,25.24,25.49 cmd=1.000,1.000,1.000,1.000 cap=3100,3100,1700,1700 des=3100,3100,1488,1488 app=2916,2917,1403,1403 abs=nil,nil,nil,nil ebrake=1.00 ibrake=1.00 hasABS=0 sy=9.15 ===
 54.56114|I|libbeamng.print:18052| === LSTM_TRACE t=30 v=26.43 ws=1.72,2.79,23.74,24.70 cmd=1.000,1.000,1.000,1.000 cap=3100,3100,1700,1700 des=3100,3100,1488,1488 app=2929,2931,1421,1421 abs=nil,nil,nil,nil ebrake=1.00 ibrake=1.00 hasABS=0 sy=9.31 ===
 54.61201|I|libbeamng.print:18052| === LSTM_TRACE t=40 v=25.98 ws=0.09,0.29,22.34,24.04 cmd=1.000,1.000,1.000,1.000 cap=3100,3100,1700,1700 des=3100,3100,1488,1488 app=2924,2927,1433,1434 abs=nil,nil,nil,nil ebrake=1.00 ibrake=1.00 hasABS=0 sy=8.92 ===
 54.66254|I|libbeamng.print:18052| === LSTM_TRACE t=50 v=25.47 ws=0.03,0.09,21.18,23.51 cmd=1.000,1.000,1.000,1.000 cap=3100,3100,1700,1700 des=3100,3100,1488,1488 app=2920,2923,1442,1444 abs=nil,nil,nil,nil ebrake=1.00 ibrake=1.00 hasABS=0 sy=10.02 ===
 54.71168|I|libbeamng.print:18052| === LSTM_TRACE t=60 v=24.98 ws=0.02,0.01,20.21,22.92 cmd=1.000,1.000,1.000,1.000 cap=3100,3100,1700,1700 des=3100,3100,1488,1488 app=2916,2919,1449,1452 abs=nil,nil,nil,nil ebrake=1.00 ibrake=1.00 hasABS=0 sy=9.98 ===
 54.76164|I|libbeamng.print:18052| === LSTM_TRACE t=70 v=24.46 ws=0.02,0.00,19.12,22.66 cmd=1.000,1.000,1.000,1.000 cap=3100,3100,1700,1700 des=3100,3100,1488,1488 app=2912,2915,1454,1457 abs=nil,nil,nil,nil ebrake=1.00 ibrake=1.00 hasABS=0 sy=10.31 ===
 54.81147|I|libbeamng.print:18052| === LSTM_TRACE t=80 v=23.95 ws=0.02,0.00,17.84,22.38 cmd=1.000,1.000,1.000,1.000 cap=3100,3100,1700,1700 des=3100,3100,1488,1488 app=2909,2911,1457,1462 abs=nil,nil,nil,nil ebrake=1.00 ibrake=1.00 hasABS=0 sy=10.17 ===
 54.85892|I|libbeamng.print:18052| === LSTM_TRACE t=90 v=23.45 ws=0.01,0.00,16.62,22.11 cmd=1.000,1.000,1.000,1.000 cap=3100,3100,1700,1700 des=3100,3100,1488,1488 app=2905,2908,1460,1465 abs=nil,nil,nil,nil ebrake=1.00 ibrake=1.00 hasABS=0 sy=10.11 ===
 54.90805|I|libbeamng.print:18052| === LSTM_TRACE t=100 v=22.95 ws=0.01,0.00,15.21,21.80 cmd=1.000,1.000,1.000,1.000 cap=3100,3100,1700,1700 des=3100,3100,1488,1488 app=2902,2905,1462,1468 abs=nil,nil,nil,nil ebrake=1.00 ibrake=1.00 hasABS=0 sy=10.03 ===
 54.95815|I|libbeamng.print:18052| === LSTM_TRACE t=110 v=22.46 ws=0.00,0.00,13.98,21.49 cmd=1.000,1.000,1.000,1.000 cap=3100,3100,1700,1700 des=3100,3100,1488,1488 app=2899,2901,1463,1471 abs=nil,nil,nil,nil ebrake=1.00 ibrake=1.00 hasABS=0 sy=9.91 ===
 55.00853|I|libbeamng.print:18052| === LSTM_TRACE t=120 v=21.96 ws=0.00,0.00,12.78,21.00 cmd=1.000,1.000,1.000,1.000 cap=3100,3100,1700,1700 des=3100,3100,1488,1488 app=2896,2898,1464,1473 abs=nil,nil,nil,nil ebrake=1.00 ibrake=1.00 hasABS=0 sy=9.90 ===
 55.05775|I|libbeamng.print:18052| === LSTM_TRACE t=130 v=21.47 ws=0.00,0.00,11.51,20.53 cmd=1.000,1.000,1.000,1.000 cap=3100,3100,1700,1700 des=3100,3100,1488,1488 app=2893,2895,1464,1475 abs=nil,nil,nil,nil ebrake=1.00 ibrake=1.00 hasABS=0 sy=9.78 ===
 55.10770|I|libbeamng.print:18052| === LSTM_TRACE t=140 v=20.98 ws=0.00,0.00,10.25,20.23 cmd=1.000,1.000,1.000,1.000 cap=3100,3100,1700,1700 des=3100,3100,1488,1488 app=2891,2893,1464,1476 abs=nil,nil,nil,nil ebrake=1.00 ibrake=1.00 hasABS=0 sy=9.78 ===
 55.15830|I|libbeamng.print:18052| === LSTM_TRACE t=150 v=20.50 ws=0.00,0.00,9.00,19.72 cmd=1.000,1.000,1.000,1.000 cap=3100,3100,1700,1700 des=3100,3100,1488,1488 app=2888,2890,1464,1477 abs=nil,nil,nil,nil ebrake=1.00 ibrake=1.00 hasABS=0 sy=9.65 ===
 55.20803|I|libbeamng.print:18052| === LSTM_TRACE t=160 v=20.02 ws=0.00,0.00,7.40,19.28 cmd=1.000,1.000,1.000,1.000 cap=3100,3100,1700,1700 des=3100,3100,1488,1488 app=2886,2888,1463,1478 abs=nil,nil,nil,nil ebrake=1.00 ibrake=1.00 hasABS=0 sy=9.61 ===
 55.25781|I|libbeamng.print:18052| === LSTM_TRACE t=170 v=19.55 ws=0.00,0.01,6.02,18.95 cmd=1.000,1.000,1.000,1.000 cap=3100,3100,1700,1700 des=3100,3100,1488,1488 app=2884,2886,1462,1479 abs=nil,nil,nil,nil ebrake=1.00 ibrake=1.00 hasABS=0 sy=9.53 ===
 55.30803|I|libbeamng.print:18052| === LSTM_TRACE t=180 v=19.07 ws=0.01,0.02,5.04,18.29 cmd=1.000,1.000,1.000,1.000 cap=3100,3100,1700,1700 des=3100,3100,1488,1488 app=2882,2884,1460,1480 abs=nil,nil,nil,nil ebrake=1.00 ibrake=1.00 hasABS=0 sy=9.45 ===
 55.35754|I|libbeamng.print:18052| === LSTM_TRACE t=190 v=18.58 ws=0.02,0.01,3.39,17.81 cmd=1.000,1.000,1.000,1.000 cap=3100,3100,1700,1700 des=3100,3100,1488,1488 app=2880,2882,1458,1480 abs=nil,nil,nil,nil ebrake=1.00 ibrake=1.00 hasABS=0 sy=9.51 ===
 55.40806|I|libbeamng.print:18052| === LSTM_TRACE t=200 v=18.11 ws=0.01,0.01,2.59,17.36 cmd=1.000,1.000,1.000,1.000 cap=3100,3100,1700,1700 des=3100,3100,1488,1488 app=2878,2880,1455,1481 abs=nil,nil,nil,nil ebrake=1.00 ibrake=1.00 hasABS=0 sy=9.18 ===
 55.45811|I|libbeamng.print:18052| === LSTM_TRACE t=210 v=17.64 ws=0.00,0.01,0.33,17.17 cmd=1.000,1.000,1.000,1.000 cap=3100,3100,1700,1700 des=3100,3100,1488,1488 app=2877,2878,1453,1481 abs=nil,nil,nil,nil ebrake=1.00 ibrake=1.00 hasABS=0 sy=9.08 ===
 55.50819|I|libbeamng.print:18052| === LSTM_TRACE t=220 v=17.17 ws=0.00,0.01,0.07,15.92 cmd=1.000,1.000,1.000,1.000 cap=3100,3100,1700,1700 des=3100,3100,1488,1488 app=2875,2876,1449,1481 abs=nil,nil,nil,nil ebrake=1.00 ibrake=1.00 hasABS=0 sy=9.29 ===
 55.55793|I|libbeamng.print:18052| === LSTM_TRACE t=230 v=16.68 ws=0.01,0.00,0.03,14.32 cmd=1.000,1.000,1.000,1.000 cap=3100,3100,1700,1700 des=3100,3100,1488,1488 app=2874,2875,1446,1481 abs=nil,nil,nil,nil ebrake=1.00 ibrake=1.00 hasABS=0 sy=9.67 ===
 55.60817|I|libbeamng.print:18052| === LSTM_TRACE t=240 v=16.20 ws=0.00,0.00,0.01,12.92 cmd=1.000,1.000,1.000,1.000 cap=3100,3100,1700,1700 des=3100,3100,1488,1488 app=2872,2874,1443,1481 abs=nil,nil,nil,nil ebrake=1.00 ibrake=1.00 hasABS=0 sy=9.69 ===
 55.65752|I|libbeamng.print:18052| === LSTM_TRACE t=250 v=15.72 ws=0.00,0.01,0.02,11.44 cmd=1.000,1.000,1.000,1.000 cap=3100,3100,1700,1700 des=3100,3100,1488,1488 app=2871,2872,1440,1481 abs=nil,nil,nil,nil ebrake=1.00 ibrake=1.00 hasABS=0 sy=9.57 ===
 55.70838|I|libbeamng.print:18052| === LSTM_TRACE t=260 v=15.24 ws=0.00,0.00,0.01,9.60 cmd=1.000,1.000,1.000,1.000 cap=3100,3100,1700,1700 des=3100,3100,1488,1488 app=2870,2871,1437,1480 abs=nil,nil,nil,nil ebrake=1.00 ibrake=1.00 hasABS=0 sy=9.39 ===
 55.75813|I|libbeamng.print:18052| === LSTM_TRACE t=270 v=14.77 ws=0.00,0.00,0.01,7.63 cmd=1.000,1.000,1.000,1.000 cap=3100,3100,1700,1700 des=3100,3100,1488,1488 app=2869,2870,1434,1479 abs=nil,nil,nil,nil ebrake=1.00 ibrake=1.00 hasABS=0 sy=9.46 ===
 55.80801|I|libbeamng.print:18052| === LSTM_TRACE t=280 v=14.30 ws=0.00,0.00,0.01,5.72 cmd=1.000,1.000,1.000,1.000 cap=3100,3100,1700,1700 des=3100,3100,1488,1488 app=2867,2869,1432,1478 abs=nil,nil,nil,nil ebrake=1.00 ibrake=1.00 hasABS=0 sy=9.34 ===
 55.85806|I|libbeamng.print:18052| === LSTM_TRACE t=290 v=13.82 ws=0.02,0.00,0.01,3.88 cmd=1.000,1.000,1.000,1.000 cap=3100,3100,1700,1700 des=3100,3100,1488,1488 app=2867,2868,1430,1477 abs=nil,nil,nil,nil ebrake=1.00 ibrake=1.00 hasABS=0 sy=9.43 ===
 55.90794|I|libbeamng.print:18052| === LSTM_TRACE t=300 v=13.32 ws=0.01,0.00,0.00,1.38 cmd=1.000,1.000,1.000,1.000 cap=3100,3100,1700,1700 des=3100,3100,1488,1488 app=2866,2867,1428,1475 abs=nil,nil,nil,nil ebrake=1.00 ibrake=1.00 hasABS=0 sy=10.04 ===
 55.95816|I|libbeamng.print:18052| === LSTM_TRACE t=310 v=12.86 ws=0.02,0.00,0.03,0.02 cmd=1.000,1.000,1.000,1.000 cap=3100,3100,1700,1700 des=3100,3100,1488,1488 app=2865,2866,1426,1472 abs=nil,nil,nil,nil ebrake=1.00 ibrake=1.00 hasABS=0 sy=9.29 ===
 56.00799|I|libbeamng.print:18052| === LSTM_TRACE t=320 v=12.37 ws=0.00,0.01,0.01,0.09 cmd=1.000,1.000,1.000,1.000 cap=3100,3100,1700,1700 des=3100,3100,1488,1488 app=2864,2865,1424,1470 abs=nil,nil,nil,nil ebrake=1.00 ibrake=1.00 hasABS=0 sy=9.58 ===
 56.05789|I|libbeamng.print:18052| === LSTM_TRACE t=330 v=11.89 ws=0.01,0.00,0.02,0.02 cmd=1.000,1.000,1.000,1.000 cap=3100,3100,1700,1700 des=3100,3100,1488,1488 app=2863,2864,1422,1467 abs=nil,nil,nil,nil ebrake=1.00 ibrake=1.00 hasABS=0 sy=9.65 ===
 56.10802|I|libbeamng.print:18052| === LSTM_TRACE t=340 v=11.40 ws=0.00,0.00,0.03,0.01 cmd=1.000,1.000,1.000,1.000 cap=3100,3100,1700,1700 des=3100,3100,1488,1488 app=2862,2864,1421,1465 abs=nil,nil,nil,nil ebrake=1.00 ibrake=1.00 hasABS=0 sy=9.77 ===
 56.15785|I|libbeamng.print:18052| === LSTM_TRACE t=350 v=10.91 ws=0.00,0.00,0.00,0.01 cmd=1.000,1.000,1.000,1.000 cap=3100,3100,1700,1700 des=3100,3100,1488,1488 app=2862,2863,1420,1462 abs=nil,nil,nil,nil ebrake=1.00 ibrake=1.00 hasABS=0 sy=9.87 ===
 56.20762|I|libbeamng.print:18052| === LSTM_TRACE t=360 v=10.42 ws=0.00,0.00,0.00,0.01 cmd=1.000,1.000,1.000,1.000 cap=3100,3100,1700,1700 des=3100,3100,1488,1488 app=2861,2862,1418,1460 abs=nil,nil,nil,nil ebrake=1.00 ibrake=1.00 hasABS=0 sy=9.87 ===
 56.25810|I|libbeamng.print:18052| === LSTM_TRACE t=370 v=9.91 ws=0.00,0.00,0.01,0.01 cmd=1.000,1.000,1.000,1.000 cap=3100,3100,1700,1700 des=3100,3100,1488,1488 app=2861,2862,1417,1458 abs=nil,nil,nil,nil ebrake=1.00 ibrake=1.00 hasABS=0 sy=10.00 ===
 56.30819|I|libbeamng.print:18052| === LSTM_TRACE t=380 v=9.41 ws=0.00,0.00,0.01,0.01 cmd=1.000,1.000,1.000,1.000 cap=3100,3100,1700,1700 des=3100,3100,1488,1488 app=2860,2861,1416,1456 abs=nil,nil,nil,nil ebrake=1.00 ibrake=1.00 hasABS=0 sy=10.08 ===
 56.35807|I|libbeamng.print:18052| === LSTM_TRACE t=390 v=8.90 ws=0.01,0.00,0.00,0.00 cmd=1.000,1.000,1.000,1.000 cap=3100,3100,1700,1700 des=3100,3100,1488,1488 app=2860,2861,1416,1454 abs=nil,nil,nil,nil ebrake=1.00 ibrake=1.00 hasABS=0 sy=10.16 ===
 56.40758|I|libbeamng.print:18052| === LSTM_TRACE t=400 v=8.39 ws=0.00,0.00,0.01,0.01 cmd=1.000,1.000,1.000,1.000 cap=3100,3100,1700,1700 des=3100,3100,1488,1488 app=2859,2860,1415,1453 abs=nil,nil,nil,nil ebrake=1.00 ibrake=1.00 hasABS=0 sy=10.18 ===
 56.45794|I|libbeamng.print:18052| === LSTM_TRACE t=410 v=7.88 ws=0.00,0.00,0.01,0.00 cmd=1.000,1.000,1.000,1.000 cap=3100,3100,1700,1700 des=3100,3100,1488,1488 app=2859,2860,1414,1451 abs=nil,nil,nil,nil ebrake=1.00 ibrake=1.00 hasABS=0 sy=10.30 ===
 56.50747|I|libbeamng.print:18052| === LSTM_TRACE t=420 v=7.35 ws=0.00,0.00,0.00,0.01 cmd=1.000,1.000,1.000,1.000 cap=3100,3100,1700,1700 des=3100,3100,1488,1488 app=2858,2859,1413,1450 abs=nil,nil,nil,nil ebrake=1.00 ibrake=1.00 hasABS=0 sy=10.47 ===
 56.55793|I|libbeamng.print:18052| === LSTM_TRACE t=430 v=6.82 ws=0.00,0.00,0.01,0.01 cmd=1.000,1.000,1.000,1.000 cap=3100,3100,1700,1700 des=3100,3100,1488,1488 app=2858,2859,1413,1448 abs=nil,nil,nil,nil ebrake=1.00 ibrake=1.00 hasABS=0 sy=10.62 ===
 56.60738|I|libbeamng.print:18052| === LSTM_TRACE t=440 v=6.28 ws=0.00,0.00,0.01,0.01 cmd=1.000,1.000,1.000,1.000 cap=3100,3100,1700,1700 des=3100,3100,1488,1488 app=2858,2858,1412,1447 abs=nil,nil,nil,nil ebrake=1.00 ibrake=1.00 hasABS=0 sy=10.75 ===
 56.65768|I|libbeamng.print:18052| === LSTM_TRACE t=450 v=5.74 ws=0.00,0.00,0.00,0.00 cmd=1.000,1.000,1.000,1.000 cap=3100,3100,1700,1700 des=3100,3100,1488,1488 app=2857,2858,1412,1446 abs=nil,nil,nil,nil ebrake=1.00 ibrake=1.00 hasABS=0 sy=10.86 ===
 56.70748|I|libbeamng.print:18052| === LSTM_TRACE t=460 v=5.19 ws=0.00,0.00,0.03,0.04 cmd=1.000,1.000,1.000,1.000 cap=3100,3100,1700,1700 des=3100,3100,1488,1488 app=2857,2858,1411,1445 abs=nil,nil,nil,nil ebrake=1.00 ibrake=1.00 hasABS=0 sy=10.93 ===
 56.75761|I|libbeamng.print:18052| === LSTM_TRACE t=470 v=4.63 ws=0.00,0.00,0.01,0.01 cmd=1.000,1.000,1.000,1.000 cap=3100,3100,1700,1700 des=3100,3100,1488,1488 app=2857,2857,1411,1444 abs=nil,nil,nil,nil ebrake=1.00 ibrake=1.00 hasABS=0 sy=11.16 ===
 56.80735|I|libbeamng.print:18052| === LSTM_TRACE t=480 v=4.07 ws=0.00,0.00,0.00,0.00 cmd=1.000,1.000,1.000,1.000 cap=3100,3100,1700,1700 des=3100,3100,1488,1488 app=2856,2857,1411,1443 abs=nil,nil,nil,nil ebrake=1.00 ibrake=1.00 hasABS=0 sy=11.27 ===
 56.85770|I|libbeamng.print:18052| === LSTM_TRACE t=490 v=3.50 ws=0.00,0.00,0.01,0.00 cmd=1.000,1.000,1.000,1.000 cap=3100,3100,1700,1700 des=3100,3100,1488,1488 app=2856,2857,1410,1442 abs=nil,nil,nil,nil ebrake=1.00 ibrake=1.00 hasABS=0 sy=11.41 ===
 56.90755|I|libbeamng.print:18052| === LSTM_TRACE t=500 v=2.92 ws=0.00,0.00,0.01,0.01 cmd=1.000,1.000,1.000,1.000 cap=3100,3100,1700,1700 des=3100,3100,1488,1488 app=2856,2857,1410,1442 abs=nil,nil,nil,nil ebrake=1.00 ibrake=1.00 hasABS=0 sy=11.46 ===
 56.95771|I|libbeamng.print:18052| === LSTM_TRACE t=510 v=2.34 ws=0.00,0.00,0.07,0.01 cmd=1.000,1.000,1.000,1.000 cap=3100,3100,1700,1700 des=3100,3100,1488,1488 app=2856,2856,1410,1441 abs=nil,nil,nil,nil ebrake=1.00 ibrake=1.00 hasABS=0 sy=11.58 ===
 57.00778|I|libbeamng.print:18052| === LSTM_TRACE t=520 v=1.76 ws=0.00,0.00,0.33,0.05 cmd=1.000,1.000,1.000,1.000 cap=3100,3100,1700,1700 des=3100,3100,1488,1488 app=2855,2856,1410,1440 abs=nil,nil,nil,nil ebrake=1.00 ibrake=1.00 hasABS=0 sy=11.66 ===
 57.05766|I|libbeamng.print:18052| === LSTM_TRACE t=530 v=1.16 ws=0.01,0.00,1.36,0.04 cmd=1.000,1.000,1.000,1.000 cap=3100,3100,1700,1700 des=3100,3100,1488,1488 app=2855,2856,1410,1440 abs=nil,nil,nil,nil ebrake=1.00 ibrake=1.00 hasABS=0 sy=12.04 ===
 57.11161|I|libbeamng.print:18052| === LSTM_TRACE t=540 v=0.58 ws=0.00,0.01,0.43,0.01 cmd=1.000,1.000,1.000,1.000 cap=3100,3100,1700,1700 des=3100,3100,1488,1488 app=2855,2856,1411,1439 abs=nil,ni
