 29.32926|I|libbeamng.print:18052| === LSTM_ABS: lens 'baseline_hg' loaded (17 in, 64 hidden, 2 layers) ===
 29.33098|I|libbeamng.print:18052| === LSTM_ABS SELFTEST lens=baseline_hg cmd=0.998246,0.997611,0.887598,0.895962 ===
 50.93323|I|libbeamng.print:18052| === LSTM_TRACE t=0 v=27.71 ws=27.67,27.82,27.28,27.42 cmd=0.476,0.434,0.510,0.513 cap=155,155,97,97 des=155,155,85,85 app=142,142,78,78 abs=nil,nil,nil,nil ebrake=1.00 ibrake=1.00 hasABS=0 sy=1.63 split=1.000,0.875 ===
 50.98367|I|libbeamng.print:18052| === LSTM_TRACE t=10 v=27.46 ws=26.93,27.30,26.96,26.83 cmd=0.375,0.293,0.463,0.562 cap=1163,893,837,1046 des=1163,893,732,915 app=1073,823,676,845 abs=nil,nil,nil,nil ebrake=1.00 ibrake=1.00 hasABS=0 sy=4.83 split=1.000,0.875 ===
 50.99820|I|libbeamng.print:18052| === LSTM_ABS DBG raw=26.6829,26.9200,26.6142,26.5206,-0.2027,5.3260,0.0849,0.0057,0.0000,0.0000,0.0013,1.0000,0.0000,0.0009,-0.0105,7727.6234,0.2500 ===
 50.99823|I|libbeamng.print:18052| === LSTM_ABS DBG norm=1.33,1.36,1.26,1.26,-0.15,-1.21,-0.15,0.02,-0.05,0.05,-0.37,0.05,-0.05,0.11,0.85,10.00,0.25 ===
 50.99824|I|libbeamng.print:18052| === LSTM_ABS DBG cmd=0.3715,0.3263,0.5542,0.6216 ===
 51.03259|I|libbeamng.print:18052| === LSTM_TRACE t=20 v=27.15 ws=26.54,26.69,26.14,26.17 cmd=0.386,0.388,0.615,0.633 cap=1200,1185,1165,1219 des=1200,1185,1019,1067 app=1117,1100,952,999 abs=nil,nil,nil,nil ebrake=1.00 ibrake=1.00 hasABS=0 sy=6.10 split=1.000,0.875 ===
 51.07839|I|libbeamng.print:18052| === LSTM_TRACE t=30 v=26.77 ws=26.12,26.04,25.31,25.70 cmd=0.414,0.474,0.734,0.662 cap=1270,1444,1402,1278 des=1270,1444,1227,1118 app=1191,1353,1160,1059 abs=nil,nil,nil,nil ebrake=1.00 ibrake=1.00 hasABS=0 sy=7.73 split=1.000,0.875 ===
 51.12763|I|libbeamng.print:18052| === LSTM_TRACE t=40 v=26.35 ws=25.56,25.55,24.49,25.34 cmd=0.460,0.555,0.808,0.682 cap=1411,1694,1560,1321 des=1411,1694,1365,1156 app=1333,1602,1304,1104 abs=nil,nil,nil,nil ebrake=1.00 ibrake=1.00 hasABS=0 sy=8.74 split=1.000,0.875 ===
 51.17984|I|libbeamng.print:18052| === LSTM_TRACE t=50 v=25.90 ws=25.07,25.01,23.38,25.06 cmd=0.490,0.602,0.845,0.704 cap=1512,1857,1635,1363 des=1512,1857,1431,1193 app=1438,1770,1378,1147 abs=nil,nil,nil,nil ebrake=1.00 ibrake=1.00 hasABS=0 sy=9.02 split=1.000,0.875 ===
 51.22904|I|libbeamng.print:18052| === LSTM_TRACE t=60 v=25.42 ws=24.66,24.46,22.42,24.58 cmd=0.519,0.635,0.864,0.719 cap=1596,1958,1680,1398 des=1596,1958,1470,1224 app=1528,1880,1425,1184 abs=nil,nil,nil,nil ebrake=1.00 ibrake=1.00 hasABS=0 sy=9.54 split=1.000,0.875 ===
 51.28373|I|libbeamng.print:18052| === LSTM_TRACE t=70 v=24.92 ws=23.89,23.64,21.20,24.12 cmd=0.622,0.717,0.873,0.722 cap=1860,2168,1694,1402 des=1860,2168,1482,1226 app=1790,2094,1444,1192 abs=nil,nil,nil,nil ebrake=1.00 ibrake=1.00 hasABS=0 sy=10.01 split=1.000,0.875 ===
 51.33572|I|libbeamng.print:18052| === LSTM_TRACE t=80 v=24.36 ws=22.15,21.47,20.21,23.47 cmd=0.872,0.879,0.903,0.803 cap=2646,2689,1700,1534 des=2646,2689,1488,1343 app=2564,2614,1455,1311 abs=nil,nil,nil,nil ebrake=1.00 ibrake=1.00 hasABS=0 sy=11.16 split=1.000,0.875 ===
 51.38639|I|libbeamng.print:18052| === LSTM_TRACE t=90 v=23.75 ws=18.10,16.34,19.44,22.55 cmd=0.908,0.869,0.927,0.845 cap=2838,2728,1700,1645 des=2838,2728,1488,1439 app=2766,2664,1459,1410 abs=nil,nil,nil,nil ebrake=1.00 ibrake=1.00 hasABS=0 sy=11.81 split=1.000,0.875 ===
 51.43512|I|libbeamng.print:18052| === LSTM_TRACE t=100 v=23.21 ws=13.69,11.60,17.84,22.03 cmd=0.771,0.747,0.864,0.777 cap=2418,2333,1699,1529 des=2418,2333,1486,1338 app=2364,2283,1460,1314 abs=nil,nil,nil,nil ebrake=1.00 ibrake=1.00 hasABS=0 sy=10.82 split=1.000,0.875 ===
 51.48755|I|libbeamng.print:18052| === LSTM_TRACE t=110 v=22.69 ws=10.82,8.20,16.11,21.99 cmd=0.672,0.674,0.882,0.804 cap=2126,2118,1700,1561 des=2126,2118,1488,1366 app=2081,2074,1464,1345 abs=nil,nil,nil,nil ebrake=1.00 ibrake=1.00 hasABS=0 sy=10.22 split=1.000,0.875 ===
 51.54041|I|libbeamng.print:18052| === LSTM_TRACE t=120 v=22.20 ws=11.33,6.68,14.78,21.44 cmd=0.515,0.555,0.901,0.806 cap=1614,1735,1700,1573 des=1614,1735,1488,1377 app=1580,1698,1465,1358 abs=nil,nil,nil,nil ebrake=1.00 ibrake=1.00 hasABS=0 sy=9.89 split=1.000,0.875 ===
 51.59694|I|libbeamng.print:18052| === LSTM_TRACE t=130 v=21.69 ws=14.88,7.11,13.36,21.01 cmd=0.522,0.559,0.889,0.794 cap=1602,1716,1700,1544 des=1602,1716,1488,1351 app=1569,1678,1466,1335 abs=nil,nil,nil,nil ebrake=1.00 ibrake=1.00 hasABS=0 sy=10.05 split=1.000,0.875 ===
 51.64512|I|libbeamng.print:18052| === LSTM_TRACE t=140 v=21.16 ws=18.41,5.62,12.13,20.62 cmd=0.667,0.688,0.871,0.779 cap=1999,2073,1687,1509 des=1999,2073,1476,1320 app=1960,2026,1455,1305 abs=nil,nil,nil,nil ebrake=1.00 ibrake=1.00 hasABS=0 sy=10.56 split=1.000,0.875 ===
 51.69469|I|libbeamng.print:18052| === LSTM_TRACE t=150 v=20.62 ws=17.11,0.57,10.85,20.02 cmd=0.866,0.839,0.887,0.833 cap=2667,2589,1700,1607 des=2667,2589,1488,1406 app=2621,2527,1466,1392 abs=nil,nil,nil,nil ebrake=1.00 ibrake=1.00 hasABS=0 sy=10.74 split=1.000,0.875 ===
 51.74621|I|libbeamng.print:18052| === LSTM_TRACE t=160 v=20.10 ws=12.64,0.20,9.61,19.47 cmd=0.776,0.745,0.885,0.849 cap=2456,2363,1700,1654 des=2456,2363,1488,1447 app=2418,2302,1466,1434 abs=nil,nil,nil,nil ebrake=1.00 ibrake=1.00 hasABS=0 sy=10.28 split=1.000,0.875 ===
 51.79945|I|libbeamng.print:18052| === LSTM_TRACE t=170 v=19.61 ws=9.94,0.07,8.05,19.14 cmd=0.655,0.619,0.861,0.844 cap=2052,1948,1675,1639 des=2052,1948,1466,1435 app=2021,1895,1444,1423 abs=nil,nil,nil,nil ebrake=1.00 ibrake=1.00 hasABS=0 sy=10.04 split=1.000,0.875 ===
 51.84950|I|libbeamng.print:18052| === LSTM_TRACE t=180 v=19.14 ws=8.32,0.06,6.37,18.57 cmd=0.619,0.583,0.890,0.864 cap=1927,1812,1700,1676 des=1927,1812,1488,1466 app=1898,1759,1464,1455 abs=nil,nil,nil,nil ebrake=1.00 ibrake=1.00 hasABS=0 sy=9.40 split=1.000,0.875 ===
 51.89543|I|libbeamng.print:18052| === LSTM_TRACE t=190 v=18.67 ws=7.03,0.00,5.34,17.99 cmd=0.604,0.585,0.922,0.881 cap=1871,1801,1700,1700 des=1871,1801,1488,1488 app=1841,1745,1462,1477 abs=nil,nil,nil,nil ebrake=1.00 ibrake=1.00 hasABS=0 sy=9.54 split=1.000,0.875 ===
 51.94959|I|libbeamng.print:18052| === LSTM_TRACE t=200 v=18.18 ws=5.78,0.02,4.17,17.37 cmd=0.620,0.616,0.933,0.890 cap=1921,1898,1700,1700 des=1921,1898,1488,1488 app=1889,1835,1460,1478 abs=nil,nil,nil,nil ebrake=1.00 ibrake=1.00 hasABS=0 sy=9.54 split=1.000,0.875 ===
 51.99647|I|libbeamng.print:18052| === LSTM_TRACE t=210 v=17.67 ws=4.06,0.04,2.44,16.54 cmd=0.637,0.649,0.945,0.903 cap=1997,2040,1700,1700 des=1997,2040,1488,1488 app=1962,1970,1458,1478 abs=nil,nil,nil,nil ebrake=1.00 ibrake=1.00 hasABS=0 sy=10.01 split=1.000,0.875 ===
 52.04621|I|libbeamng.print:18052| === LSTM_TRACE t=220 v=17.19 ws=1.23,0.00,0.98,16.11 cmd=0.638,0.644,0.947,0.902 cap=1980,2032,1700,1700 des=1980,2032,1488,1488 app=1943,1959,1455,1479 abs=nil,nil,nil,nil ebrake=1.00 ibrake=1.00 hasABS=0 sy=9.93 split=1.000,0.875 ===
 52.09575|I|libbeamng.print:18052| === LSTM_TRACE t=230 v=16.73 ws=0.01,0.03,0.07,16.11 cmd=0.676,0.676,0.953,0.910 cap=2076,2077,1700,1700 des=2076,2077,1488,1488 app=2034,1999,1452,1479 abs=nil,nil,nil,nil ebrake=1.00 ibrake=1.00 hasABS=0 sy=9.39 split=1.000,0.875 ===
 52.14935|I|libbeamng.print:18052| === LSTM_TRACE t=240 v=16.24 ws=0.04,0.01,0.05,14.50 cmd=0.783,0.773,0.955,0.921 cap=2364,2335,1700,1700 des=2364,2335,1488,1488 app=2313,2244,1449,1479 abs=nil,nil,nil,nil ebrake=1.00 ibrake=1.00 hasABS=0 sy=9.75 split=1.000,0.875 ===
 52.19571|I|libbeamng.print:18052| === LSTM_TRACE t=250 v=15.74 ws=0.02,0.01,0.00,13.11 cmd=0.978,0.971,0.952,0.936 cap=3006,2978,1700,1700 des=3006,2978,1488,1488 app=2936,2857,1445,1479 abs=nil,nil,nil,nil ebrake=1.00 ibrake=1.00 hasABS=0 sy=9.98 split=1.000,0.875 ===
 52.24519|I|libbeamng.print:18052| === LSTM_TRACE t=260 v=15.25 ws=0.01,0.00,0.02,11.67 cmd=0.996,0.990,0.929,0.918 cap=3088,3068,1700,1700 des=3088,3068,1488,1488 app=3011,2940,1443,1479 abs=nil,nil,nil,nil ebrake=1.00 ibrake=1.00 hasABS=0 sy=9.88 split=1.000,0.875 ===
 52.30249|I|libbeamng.print:18052| === LSTM_TRACE t=270 v=14.76 ws=0.01,0.00,0.03,10.16 cmd=0.996,0.990,0.935,0.923 cap=3089,3069,1700,1700 des=3089,3069,1488,1488 app=3006,2937,1439,1479 abs=nil,nil,nil,nil ebrake=1.00 ibrake=1.00 hasABS=0 sy=9.84 split=1.000,0.875 ===
 52.35239|I|libbeamng.print:18052| === LSTM_TRACE t=280 v=14.27 ws=0.00,0.00,0.00,8.45 cmd=0.996,0.990,0.939,0.926 cap=3088,3069,1700,1700 des=3088,3069,1488,1488 app=3001,2932,1437,1478 abs=nil,nil,nil,nil ebrake=1.00 ibrake=1.00 hasABS=0 sy=9.79 split=1.000,0.875 ===
 52.40214|I|libbeamng.print:18052| === LSTM_TRACE t=290 v=13.79 ws=0.00,0.00,0.00,6.62 cmd=0.996,0.990,0.945,0.930 cap=3087,3068,1700,1700 des=3087,3068,1488,1488 app=2995,2928,1434,1477 abs=nil,nil,nil,nil ebrake=1.00 ibrake=1.00 hasABS=0 sy=9.68 split=1.000,0.875 ===
 52.45283|I|libbeamng.print:18052| === LSTM_TRACE t=300 v=13.28 ws=0.00,0.00,0.03,4.72 cmd=0.995,0.989,0.954,0.936 cap=3084,3065,1700,1700 des=3084,3065,1488,1488 app=2988,2921,1432,1475 abs=nil,nil,nil,nil ebrake=1.00 ibrake=1.00 hasABS=0 sy=10.15 split=1.000,0.875 ===
 52.49517|I|libbeamng.print:18052| === LSTM_TRACE t=310 v=12.79 ws=0.02,0.01,0.00,3.20 cmd=0.985,0.983,0.987,0.978 cap=3060,3052,1700,1700 des=3060,3052,1488,1488 app=2961,2906,1430,1474 abs=nil,nil,nil,nil ebrake=1.00 ibrake=1.00 hasABS=0 sy=10.08 split=1.000,0.875 ===
 52.55276|I|libbeamng.print:18052| === LSTM_TRACE t=320 v=12.30 ws=0.00,0.00,0.03,0.10 cmd=0.774,0.816,0.994,0.986 cap=2531,2610,1700,1700 des=2531,2610,1488,1488 app=2445,2482,1428,1471 abs=nil,nil,nil,nil ebrake=1.00 ibrake=1.00 hasABS=0 sy=9.74 split=1.000,0.875 ===
 52.60135|I|libbeamng.print:18052| === LSTM_TRACE t=330 v=11.83 ws=0.01,0.00,0.04,0.06 cmd=0.711,0.782,0.992,0.981 cap=2205,2419,1700,1700 des=2205,2419,1488,1488 app=2127,2298,1426,1469 abs=nil,nil,nil,nil ebrake=1.00 ibrake=1.00 hasABS=0 sy=9.74 split=1.000,0.875 ===
 52.65164|I|libbeamng.print:18052| === LSTM_TRACE t=340 v=11.34 ws=0.00,0.00,0.04,0.09 cmd=0.706,0.781,0.992,0.980 cap=2194,2421,1700,1700 des=2194,2421,1488,1488 app=2113,2298,1425,1466 abs=nil,nil,nil,nil ebrake=1.00 ibrake=1.00 hasABS=0 sy=9.66 split=1.000,0.875 ===
 52.70218|I|libbeamng.print:18052| === LSTM_TRACE t=350 v=10.85 ws=0.00,0.00,0.05,0.04 cmd=0.637,0.719,0.992,0.980 cap=1998,2251,1700,1700 des=1998,2251,1488,1488 app=1923,2134,1423,1464 abs=nil,nil,nil,nil ebrake=1.00 ibrake=1.00 hasABS=0 sy=9.79 split=1.000,0.875 ===
 52.75258|I|libbeamng.print:18052| === LSTM_TRACE t=360 v=10.35 ws=0.08,0.00,0.02,0.00 cmd=0.548,0.605,0.989,0.975 cap=1745,1950,1700,1700 des=1745,1950,1488,1488 app=1677,1848,1422,1461 abs=nil,nil,nil,nil ebrake=1.00 ibrake=1.00 hasABS=0 sy=9.97 split=1.000,0.875 ===
 52.80522|I|libbeamng.print:18052| === LSTM_TRACE t=370 v=9.87 ws=0.09,0.15,0.01,0.03 cmd=0.552,0.566,0.970,0.940 cap=1711,1749,1700,1700 des=1711,1749,1488,1488 app=1642,1656,1421,1459 abs=nil,nil,nil,nil ebrake=1.00 ibrake=1.00 hasABS=0 sy=9.70 split=1.000,0.875 ===
 52.85716|I|libbeamng.print:18052| === LSTM_TRACE t=380 v=9.37 ws=1.62,0.11,0.02,0.01 cmd=0.548,0.575,0.971,0.941 cap=1698,1783,1700,1700 des=1698,1783,1488,1488 app=1628,1686,1420,1457 abs=nil,nil,nil,nil ebrake=1.00 ibrake=1.00 hasABS=0 sy=10.11 split=1.000,0.875 ===
 52.91172|I|libbeamng.print:18052| === LSTM_TRACE t=390 v=8.85 ws=5.03,1.18,0.00,0.01 cmd=0.557,0.572,0.954,0.912 cap=1726,1771,1700,1700 des=1726,1771,1488,1488 app=1656,1675,1419,1455 abs=nil,nil,nil,nil ebrake=1.00 ibrake=1.00 hasABS=0 sy=10.41 split=1.000,0.875 ===
 52.96216|I|libbeamng.print:18052| === LSTM_TRACE t=400 v=8.32 ws=7.35,3.68,0.01,0.02 cmd=0.587,0.594,0.960,0.923 cap=1818,1850,1700,1700 des=1818,1850,1488,1488 app=1746,1750,1418,1453 abs=nil,nil,nil,nil ebrake=1.00 ibrake=1.00 hasABS=0 sy=10.75 split=1.000,0.875 ===
 53.01980|I|libbeamng.print:18052| === LSTM_TRACE t=410 v=7.82 ws=7.70,5.27,0.05,0.03 cmd=0.571,0.584,0.950,0.911 cap=1779,1807,1700,1700 des=1779,1807,1488,1488 app=1710,1711,1417,1451 abs=nil,nil,nil,nil ebrake=1.00 ibrake=1.00 hasABS=0 sy=9.86 split=1.000,0.875 ===
 53.07310|I|libbeamng.print:18052| === LSTM_TRACE t=420 v=7.33 ws=6.97,7.39,0.01,0.07 cmd=0.512,0.557,0.875,0.836 cap=1607,1735,1700,1651 des=1607,1735,1488,1445 app=1546,1646,1416,1408 abs=nil,nil,nil,nil ebrake=1.00 ibrake=1.00 hasABS=0 sy=9.64 split=1.000,0.875 ===
 53.12877|I|libbeamng.print:18052| === LSTM_TRACE t=430 v=6.89 ws=6.72,6.67,0.08,0.14 cmd=0.457,0.518,0.776,0.786 cap=1430,1613,1508,1517 des=1430,1613,1320,1327 app=1377,1532,1256,1292 abs=nil,nil,nil,nil ebrake=1.00 ibrake=1.00 hasABS=0 sy=9.02 split=1.000,0.875 ===
 53.18579|I|libbeamng.print:18052| === LSTM_TRACE t=440 v=6.44 ws=6.46,6.29,0.92,1.58 cmd=0.455,0.526,0.769,0.783 cap=1402,1618,1481,1516 des=1402,1618,1296,1326 app=1351,1539,1233,1290 abs=nil,nil,nil,nil ebrake=1.00 ibrake=1.00 hasABS=0 sy=8.92 split=1.000,0.875 ===
 53.23606|I|libbeamng.print:18052| === LSTM_TRACE t=450 v=6.00 ws=5.76,5.64,0.04,1.13 cmd=0.509,0.607,0.854,0.825 cap=1560,1853,1642,1592 des=1560,1853,1436,1393 app=1503,1765,1367,1355 abs=nil,nil,nil,nil ebrake=1.00 ibrake=1.00 hasABS=0 sy=8.79 split=1.000,0.875 ===
 53.29117|I|libbeamng.print:18052| === LSTM_TRACE t=460 v=5.49 ws=5.09,5.06,0.06,1.61 cmd=0.550,0.617,0.916,0.867 cap=1709,1931,1700,1675 des=1709,1931,1488,1466 app=1647,1841,1415,1425 abs=nil,nil,nil,nil ebrake=1.00 ibrake=1.00 hasABS=0 sy=9.99 split=1.000,0.875 ===
 53.34584|I|libbeamng.print:18052| === LSTM_TRACE t=470 v=5.01 ws=4.67,4.56,0.07,0.16 cmd=0.541,0.603,0.921,0.868 cap=1677,1879,1700,1693 des=1677,1879,1488,1482 app=1617,1793,1414,1440 abs=nil,nil,nil,nil ebrake=1.00 ibrake=1.00 hasABS=0 sy=9.96 split=1.000,0.875 ===
 53.40272|I|libbeamng.print:18052| === LSTM_TRACE t=480 v=4.54 ws=3.91,4.07,0.22,0.17 cmd=0.542,0.597,0.919,0.869 cap=1680,1860,1700,1681 des=1680,1860,1488,1470 app=1621,1776,1414,1428 abs=nil,nil,nil,nil ebrake=1.00 ibrake=1.00 hasABS=0 sy=9.52 split=1.000,0.875 ===
 53.45865|I|libbeamng.print:18052| === LSTM_TRACE t=490 v=4.04 ws=3.76,4.09,1.64,0.98 cmd=0.551,0.584,0.932,0.885 cap=1710,1814,1700,1700 des=1710,1814,1488,1488 app=1650,1733,1414,1444 abs=nil,nil,nil,nil ebrake=1.00 ibrake=1.00 hasABS=0 sy=10.04 split=1.000,0.875 ===
 53.51157|I|libbeamng.print:18052| === LSTM_TRACE t=500 v=3.54 ws=3.28,3.19,0.84,0.74 cmd=0.547,0.581,0.928,0.878 cap=1695,1803,1700,1700 des=1695,1803,1488,1488 app=1635,1723,1415,1443 abs=nil,nil,nil,nil ebrake=1.00 ibrake=1.00 hasABS=0 sy=9.93 split=1.000,0.875 ===
 53.57237|I|libbeamng.print:18052| === LSTM_TRACE t=510 v=3.08 ws=2.99,2.81,0.32,0.41 cmd=0.574,0.601,0.958,0.921 cap=1775,1863,1700,1700 des=1775,1863,1488,1488 app=1711,1781,1415,1443 abs=nil,nil,nil,nil ebrake=1.00 ibrake=1.00 hasABS=0 sy=9.49 split=1.000,0.875 ===
 53.62347|I|libbeamng.print:18052| === LSTM_TRACE t=520 v=2.55 ws=2.48,2.36,2.21,0.07 cmd=0.567,0.585,0.967,0.930 cap=1771,1825,1700,1700 des=1771,1825,1488,1488 app=1707,1744,1415,1442 abs=nil,nil,nil,nil ebrake=1.00 ibrake=1.00 hasABS=0 sy=10.56 split=1.000,0.875 ===
 53.67684|I|libbeamng.print:18052| === LSTM_TRACE t=530 v=2.06 ws=1.74,1.88,2.09,0.00 cmd=0.570,0.595,0.964,0.928 cap=1771,1846,1700,1700 des=1771,1846,1488,1488 app=1706,1764,1416,1441 abs=nil,nil,nil,nil ebrake=1.00 ibrake=1.00 hasABS=0 sy=10.02 split=1.000,0.875 ===
 53.72947|I|libbeamng.print:18052| === LSTM_TRACE t=540 v=1.55 ws=1.54,1.35,1.16,0.09 cmd=0.584,0.597,0.969,0.936 cap=1783,1843,1700,1700 des=1783,1843,1488,1488 app=1717,1760,1417,1440 abs=nil,nil,nil,nil ebrake=1.00 ibrake=1.00 hasABS=0 sy=10.04 split=1.000,0.875 ===
 53.78559|I|libbeamng.print:18052| === LSTM_TRACE t=550 v=1.05 ws=1.05,1.17,1.03,0.24 cmd=0.585,0.599,0.978,0.952 cap=1823,1858,1700,1700 des=1823,1858,1488,1488 app=1754,1773,1417,1440 abs=nil,nil,nil,nil ebrake=1.00 ibrake=1.00 hasABS=0 sy=10.17 split=1.000,0.875 ===
 53.83517|I|libbeamng.print:18052| === LSTM_TRACE t=560 v=0.57 ws=0.49,0.74,0.46,0.44 cmd=0.570,0.588,0.970,0.938 cap=1763,1822,1700,1700 des=1763,1822,1488,1488 app=1695,1738,1417,1439 abs=nil,nil,nil,nil ebrake=1.00 ibrake=1.00 hasABS=0 sy=9.89 split=1.000,0.875 ===
 84.25027|I|libbeamng.print:18052| === LSTM_TRACE t=0 v=27.71 ws=27.73,27.86,27.34,27.41 cmd=0.474,0.432,0.507,0.510 cap=155,155,97,97 des=155,155,85,85 app=146,145,80,81 abs=nil,nil,nil,nil ebrake=1.00 ibrake=1.00 hasABS=0 sy=1.54 split=1.000,0.875 ===
 84.29731|I|libbeamng.print:18052| === LSTM_TRACE t=10 v=27.46 ws=26.93,27.28,26.98,26.89 cmd=0.382,0.299,0.466,0.564 cap=1177,907,847,1053 des=1177,907,741,921 app=1117,854,704,888 abs=nil,nil,nil,nil ebrake=1.00 ibrake=1.00 hasABS=0 sy=5.01 split=1.000,0.875 ===
 84.32012|I|libbeamng.print:18052| === LSTM_ABS DBG raw=26.6451,26.8361,26.6645,26.5088,0.0819,5.5357,0.3990,0.0030,0.0000,0.0000,0.0014,1.0000,0.0000,0.0009,-0.0106,7707.9911,0.2500 ===
 84.32015|I|libbeamng.print:18052| === LSTM_ABS DBG norm=1.33,1.35,1.27,1.26,-0.01,-1.15,0.15,0.00,-0.05,0.05,-0.36,0.05,-0.05,0.12,0.85,10.00,0.25 ===
 84.32016|I|libbeamng.print:18052| === LSTM_ABS DBG cmd=0.3798,0.3311,0.5589,0.6252 ===
 84.35303|I|libbeamng.print:18052| === LSTM_TRACE t=20 v=27.14 ws=26.49,26.58,26.16,26.00 cmd=0.391,0.394,0.622,0.638 cap=1214,1201,1179,1230 des=1214,1201,1032,1076 app=1159,1139,989,1045 abs=nil,nil,nil,nil ebrake=1.00 ibrake=1.00 hasABS=0 sy=6.28 split=1.000,0.875 ===
 84.40463|I|libbeamng.print:18052| === LSTM_TRACE t=30 v=26.76 ws=26.04,26.12,25.23,25.59 cmd=0.414,0.481,0.740,0.664 cap=1271,1467,1415,1284 des=1271,1467,1238,1123 app=1221,1401,1196,1097 abs=nil,nil,nil,nil ebrake=1.00 ibrake=1.00 hasABS=0 sy=7.64 split=1.000,0.875 ===
 84.45487|I|libbeamng.print:18052| === LSTM_TRACE t=40 v=26.33 ws=25.58,25.44,24.24,25.36 cmd=0.456,0.551,0.814,0.687 cap=1403,1696,1566,1324 des=1403,1696,1370,1159 app=1354,1630,1333,1136 abs=nil,nil,nil,nil ebrake=1.00 ibrake=1.00 hasABS=0 sy=8.52 split=1.000,0.875 ===
 84.50488|I|libbeamng.print:18052| === LSTM_TRACE t=50 v=25.87 ws=25.10,24.91,23.14,24.95 cmd=0.498,0.610,0.849,0.706 cap=1533,1874,1648,1370 des=1533,1874,1442,1199 app=1486,1811,1410,1180 abs=nil,nil,nil,nil ebrake=1.00 ibrake=1.00 hasABS=0 sy=9.20 split=1.000,0.875 ===
 84.55795|I|libbeamng.print:18052| === LSTM_TRACE t=60 v=25.38 ws=24.62,24.38,22.02,24.48 cmd=0.530,0.635,0.870,0.729 cap=1624,1957,1684,1409 des=1624,1957,1474,1233 app=1581,1903,1448,1217 abs=nil,nil,nil,nil ebrake=1.00 ibrake=1.00 hasABS=0 sy=9.86 split=1.000,0.875 ===
 84.60923|I|libbeamng.print:18052| === LSTM_TRACE t=70 v=24.89 ws=23.66,23.38,20.88,24.04 cmd=0.682,0.764,0.867,0.714 cap=2040,2311,1692,1394 des=2040,2311,1480,1220 app=1994,2258,1459,1207 abs=nil,nil,nil,nil ebrake=1.00 ibrake=1.00 hasABS=0 sy=9.68 split=1.000,0.875 ===
 84.65748|I|libbeamng.print:18052| === LSTM_TRACE t=80 v=24.28 ws=21.48,20.54,19.86,23.27 cmd=0.908,0.900,0.921,0.831 cap=2783,2776,1700,1594 des=2783,2776,1488,1395 app=2733,2725,1469,1383 abs=nil,nil,nil,nil ebrake=1.00 ibrake=1.00 hasABS=0 sy=11.87 split=1.000,0.875 ===
 84.70937|I|libbeamng.print:18052| === LSTM_TRACE t=90 v=23.69 ws=16.52,15.19,18.91,22.25 cmd=0.876,0.835,0.921,0.840 cap=2760,2633,1700,1641 des=2760,2633,1488,1436 app=2720,2593,1472,1426 abs=nil,nil,nil,nil ebrake=1.00 ibrake=1.00 hasABS=0 sy=11.50 split=1.000,0.875 ===
 84.75912|I|libbeamng.print:18052| === LSTM_TRACE t=100 v=23.15 ws=12.21,10.78,17.33,22.02 cmd=0.738,0.721,0.865,0.783 cap=2316,2253,1682,1519 des=2316,2253,1472,1329 app=2286,2221,1458,1322 abs=nil,nil,nil,nil ebrake=1.00 ibrake=1.00 hasABS=0 sy=10.88 split=1.000,0.875 ===
 84.81082|I|libbeamng.print:18052| === LSTM_TRACE t=110 v=22.66 ws=9.77,7.72,15.51,21.83 cmd=0.597,0.621,0.899,0.813 cap=1909,1966,1700,1579 des=1909,1966,1488,1382 app=1886,1938,1475,1376 abs=nil,nil,nil,nil ebrake=1.00 ibrake=1.00 hasABS=0 sy=9.93 split=1.000,0.875 ===
 84.85972|I|libbeamng.print:18052| === LSTM_TRACE t=120 v=22.16 ws=11.36,7.00,14.28,21.37 cmd=0.501,0.541,0.901,0.805 cap=1554,1681,1700,1569 des=1554,1681,1488,1373 app=1534,1656,1476,1369 abs=nil,nil,nil,nil ebrake=1.00 ibrake=1.00 hasABS=0 sy=9.99 split=1.000,0.875 ===
 84.90870|I|libbeamng.print:18052| === LSTM_TRACE t=130 v=21.65 ws=14.73,7.34,12.77,20.96 cmd=0.543,0.578,0.881,0.787 cap=1658,1769,1700,1537 des=1658,1769,1488,1345 app=1637,1742,1476,1341 abs=nil,nil,nil,nil ebrake=1.00 ibrake=1.00 hasABS=0 sy=10.03 split=1.000,0.875 ===
 84.95820|I|libbeamng.print:18052| === LSTM_TRACE t=140 v=21.12 ws=17.17,5.01,11.55,20.48 cmd=0.708,0.716,0.863,0.782 cap=2114,2152,1684,1519 des=2114,2152,1473,1329 app=2090,2119,1463,1326 abs=nil,nil,nil,nil ebrake=1.00 ibrake=1.00 hasABS=0 sy=10.56 split=1.000,0.875 ===
 85.00800|I|libbeamng.print:18052| === LSTM_TRACE t=150 v=20.57 ws=14.57,0.34,10.29,19.90 cmd=0.851,0.818,0.875,0.832 cap=2630,2532,1700,1616 des=2630,2532,1488,1414 app=2604,2490,1476,1411 abs=nil,nil,nil,nil ebrake=1.00 ibrake=1.00 hasABS=0 sy=11.03 split=1.000,0.875 ===
 85.05681|I|libbeamng.print:18052| === LSTM_TRACE t=160 v=20.07 ws=9.54,0.11,9.06,19.42 cmd=0.729,0.701,0.887,0.855 cap=2316,2231,1700,1663 des=2316,2231,1488,1455 app=2295,2191,1476,1453 abs=nil,nil,nil,nil ebrake=1.00 ibrake=1.00 hasABS=0 sy=10.12 split=1.000,0.875 ===
 85.10923|I|libbeamng.print:18052| === LSTM_TRACE t=170 v=19.58 ws=6.26,0.03,7.37,18.98 cmd=0.615,0.574,0.875,0.855 cap=1909,1789,1700,1663 des=1909,1789,1488,1455 app=1891,1755,1475,1454 abs=nil,nil,nil,nil ebrake=1.00 ibrake=1.00 hasABS=0 sy=9.62 split=1.000,0.875 ===
 85.15655|I|libbeamng.print:18052| === LSTM_TRACE t=180 v=19.11 ws=4.15,0.03,6.05,18.48 cmd=0.608,0.575,0.916,0.877 cap=1883,1771,1700,1700 des=1883,1771,1488,1488 app=1864,1735,1475,1487 abs=nil,nil,nil,nil ebrake=1.00 ibrake=1.00 hasABS=0 sy=9.55 split=1.000,0.875 ===
 85.20983|I|libbeamng.print:18052| === LSTM_TRACE t=190 v=18.62 ws=2.78,0.01,4.63,17.86 cmd=0.606,0.604,0.940,0.894 cap=1872,1850,1700,1700 des=1872,1850,1488,1488 app=1852,1810,1473,1487 abs=nil,nil,nil,nil ebrake=1.00 ibrake=1.00 hasABS=0 sy=9.80 split=1.000,0.875 ===
 85.25818|I|libbeamng.print:18052| === LSTM_TRACE t=200 v=18.16 ws=0.22,0.01,3.28,17.59 cmd=0.684,0.666,0.935,0.891 cap=2071,2034,1700,1700 des=2071,2034,1488,1488 app=2046,1987,1472,1488 abs=nil,nil,nil,nil ebrake=1.00 ibrake=1.00 hasABS=0 sy=8.89 split=1.000,0.875 ===
 85.30903|I|libbeamng.print:18052| === LSTM_TRACE t=210 v=17.69 ws=0.10,0.04,2.13,17.20 cmd=0.953,0.939,0.942,0.918 cap=2898,2848,1700,1700 des=2898,2848,1488,1488 app=2860,2779,1470,1488 abs=nil,nil,nil,nil ebrake=1.00 ibrake=1.00 hasABS=0 sy=9.11 split=1.000,0.875 ===
 85.36007|I|libbeamng.print:18052| === LSTM_TRACE t=220 v=17.20 ws=0.04,0.02,0.36,16.55 cmd=0.995,0.989,0.925,0.914 cap=3086,3065,1700,1700 des=3086,3065,1488,1488 app=3042,2987,1468,1488 abs=nil,nil,nil,nil ebrake=1.00 ibrake=1.00 hasABS=0 sy=9.41 split=1.000,0.875 ===
 85.40920|I|libbeamng.print:18052| === LSTM_TRACE t=230 v=16.72 ws=0.03,0.01,0.05,15.35 cmd=0.996,0.990,0.927,0.917 cap=3089,3069,1700,1700 des=3089,3069,1488,1488 app=3042,2988,1466,1488 abs=nil,nil,nil,nil ebrake=1.00 ibrake=1.00 hasABS=0 sy=9.60 split=1.000,0.875 ===
 85.45957|I|libbeamng.print:18052| === LSTM_TRACE t=240 v=16.22 ws=0.01,0.00,0.03,13.86 cmd=0.997,0.991,0.931,0.921 cap=3089,3071,1700,1700 des=3089,3071,1488,1488 app=3039,2986,1464,1488 abs=nil,nil,nil,nil ebrake=1.00 ibrake=1.00 hasABS=0 sy=9.88 split=1.000,0.875 ===
 85.51047|I|libbeamng.print:18052| === LSTM_TRACE t=250 v=15.74 ws=0.00,0.00,0.02,12.38 cmd=0.997,0.991,0.933,0.922 cap=3089,3071,1700,1700 des=3089,3071,1488,1488 app=3036,2983,1462,1488 abs=nil,nil,nil,nil ebrake=1.00 ibrake=1.00 hasABS=0 sy=9.72 split=1.000,0.875 ===
 85.56053|I|libbeamng.print:18052| === LSTM_TRACE t=260 v=15.25 ws=0.00,0.00,0.01,10.85 cmd=0.996,0.991,0.936,0.925 cap=3089,3071,1700,1700 des=3089,3071,1488,1488 app=3032,2980,1460,1488 abs=nil,nil,nil,nil ebrake=1.00 ibrake=1.00 hasABS=0 sy=9.70 split=1.000,0.875 ===
 85.61694|I|libbeamng.print:18052| === LSTM_TRACE t=270 v=14.77 ws=0.00,0.00,0.01,8.99 cmd=0.996,0.991,0.940,0.928 cap=3089,3071,1700,1700 des=3089,3071,1488,1488 app=3028,2976,1458,1488 abs=nil,nil,nil,nil ebrake=1.00 ibrake=1.00 hasABS=0 sy=9.59 split=1.000,0.875 ===
 85.66680|I|libbeamng.print:18052| === LSTM_TRACE t=280 v=14.29 ws=0.00,0.00,0.01,6.95 cmd=0.996,0.991,0.945,0.933 cap=3088,3071,1700,1700 des=3088,3071,1488,1488 app=3024,2973,1456,1487 abs=nil,nil,nil,nil ebrake=1.00 ibrake=1.00 hasABS=0 sy=9.48 split=1.000,0.875 ===
 85.71738|I|libbeamng.print:18052| === LSTM_TRACE t=290 v=13.82 ws=0.01,0.00,0.04,5.19 cmd=0.996,0.990,0.953,0.939 cap=3087,3070,1700,1700 des=3087,3070,1488,1488 app=3020,2970,1454,1486 abs=nil,nil,nil,nil ebrake=1.00 ibrake=1.00 hasABS=0 sy=9.53 split=1.000,0.875 ===
 85.76168|I|libbeamng.print:18052| === LSTM_TRACE t=300 v=13.33 ws=0.00,0.00,0.00,3.06 cmd=0.995,0.990,0.964,0.950 cap=3085,3069,1700,1700 des=3085,3069,1488,1488 app=3016,2966,1453,1486 abs=nil,nil,nil,nil ebrake=1.00 ibrake=1.00 hasABS=0 sy=9.44 split=1.000,0.875 ===
 85.81395|I|libbeamng.print:18052| === LSTM_TRACE t=310 v=12.83 ws=0.00,0.00,0.00,0.29 cmd=0.976,0.973,0.991,0.983 cap=3044,3036,1700,1700 des=3044,3036,1488,1488 app=2973,2932,1452,1484 abs=nil,nil,nil,nil ebrake=1.00 ibrake=1.00 hasABS=0 sy=9.82 split=1.000,0.875 ===
 85.86395|I|libbeamng.print:18052| === LSTM_TRACE t=320 v=12.36 ws=0.00,0.00,0.02,0.07 cmd=0.729,0.786,0.994,0.984 cap=2265,2433,1700,1700 des=2265,2433,1488,1488 app=2210,2347,1450,1483 abs=nil,nil,nil,nil ebrake=1.00 ibrake=1.00 hasABS=0 sy=9.44 split=1.000,0.875 ===
 85.91373|I|libbeamng.print:18052| === LSTM_TRACE t=330 v=11.88 ws=0.00,0.00,0.02,0.03 cmd=0.729,0.790,0.994,0.984 cap=2259,2445,1700,1700 des=2259,2445,1488,1488 app=2202,2357,1449,1482 abs=nil,nil,nil,nil ebrake=1.00 ibrake=1.00 hasABS=0 sy=9.68 split=1.000,0.875 ===
 85.96355|I|libbeamng.print:18052| === LSTM_TRACE t=340 v=11.40 ws=0.00,0.00,0.01,0.02 cmd=0.732,0.793,0.994,0.985 cap=2267,2456,1700,1700 des=2267,2456,1488,1488 app=2208,2366,1448,1480 abs=nil,nil,nil,nil ebrake=1.00 ibrake=1.00 hasABS=0 sy=9.68 split=1.000,0.875 ===
 86.01339|I|libbeamng.print:18052| === LSTM_TRACE t=350 v=10.90 ws=0.00,0.00,0.01,0.02 cmd=0.721,0.782,0.994,0.985 cap=2250,2438,1700,1700 des=2250,2438,1488,1488 app=2190,2347,1447,1479 abs=nil,nil,nil,nil ebrake=1.00 ibrake=1.00 hasABS=0 sy=9.83 split=1.000,0.875 ===
 86.06709|I|libbeamng.print:18052| === LSTM_TRACE t=360 v=10.41 ws=0.00,0.00,0.01,0.00 cmd=0.599,0.624,0.995,0.990 cap=1869,1952,1700,1700 des=1869,1952,1488,1488 app=1817,1878,1446,1478 abs=nil,nil,nil,nil ebrake=1.00 ibrake=1.00 hasABS=0 sy=9.90 split=1.000,0.875 ===
 86.11765|I|libbeamng.print:18052| === LSTM_TRACE t=370 v=9.91 ws=0.01,0.03,0.01,0.00 cmd=0.585,0.597,0.992,0.984 cap=1815,1854,1700,1700 des=1815,1854,1488,1488 app=1763,1783,1445,1477 abs=nil,nil,nil,nil ebrake=1.00 ibrake=1.00 hasABS=0 sy=9.91 split=1.000,0.875 ===
 86.16807|I|libbeamng.print:18052| === LSTM_TRACE t=380 v=9.42 ws=0.06,0.52,0.00,0.01 cmd=0.582,0.594,0.988,0.974 cap=1806,1840,1700,1700 des=1806,1840,1488,1488 app=1754,1768,1445,1476 abs=nil,nil,nil,nil ebrake=1.00 ibrake=1.00 hasABS=0 sy=9.96 split=1.000,0.875 ===
 86.21409|I|libbeamng.print:18052| === LSTM_TRACE t=390 v=8.92 ws=0.09,0.00,0.00,0.00 cmd=0.584,0.600,0.986,0.969 cap=1809,1858,1700,1700 des=1809,1858,1488,1488 app=1756,1785,1444,1475 abs=nil,nil,nil,nil ebrake=1.00 ibrake=1.00 hasABS=0 sy=9.84 split=1.000,0.875 ===
 86.26756|I|libbeamng.print:18052| === LSTM_TRACE t=400 v=8.41 ws=1.44,0.05,0.01,0.01 cmd=0.583,0.596,0.988,0.972 cap=1805,1847,1700,1700 des=1805,1847,1488,1488 app=1751,1773,1443,1474 abs=nil,nil,nil,nil ebrake=1.00 ibrake=1.00 hasABS=0 sy=10.30 split=1.000,0.875 ===
 86.31433|I|libbeamng.print:18052| === LSTM_TRACE t=410 v=7.90 ws=3.57,0.02,0.00,0.01 cmd=0.598,0.606,0.981,0.958 cap=1847,1868,1700,1700 des=1847,1868,1488,1488 app=1792,1793,1443,1473 abs=nil,nil,nil,nil ebrake=1.00 ibrake=1.00 hasABS=0 sy=10.06 split=1.000,0.875 ===
 86.36792|I|libbeamng.print:18052| === LSTM_TRACE t=420 v=7.38 ws=5.50,0.04,0.01,0.00 cmd=0.611,0.614,0.984,0.964 cap=1887,1895,1700,1700 des=1887,1895,1488,1488 app=1832,1818,1442,1472 abs=nil,nil,nil,nil ebrake=1.00 ibrake=1.00 hasABS=0 sy=10.35 split=1.000,0.875 ===
 86.41518|I|libbeamng.print:18052| === LSTM_TRACE t=430 v=6.86 ws=6.35,0.01,0.07,0.07 cmd=0.638,0.629,0.995,0.991 cap=1982,1952,1700,1700 des=1982,1952,1488,1488 app=1926,1871,1442,1472 abs=nil,nil,nil,nil ebrake=1.00 ibrake=1.00 hasABS=0 sy=10.07 split=1.000,0.875 ===
 86.46960|I|libbeamng.print:18052| === LSTM_TRACE t=440 v=6.35 ws=5.99,0.00,0.23,0.03 cmd=0.643,0.638,0.996,0.994 cap=1997,1978,1700,1700 des=1997,1978,1488,1488 app=1943,1895,1442,1471 abs=nil,nil,nil,nil ebrake=1.00 ibrake=1.00 hasABS=0 sy=10.24 split=1.000,0.875 ===
 86.52091|I|libbeamng.print:18052| === LSTM_TRACE t=450 v=5.84 ws=5.54,0.02,0.42,0.02 cmd=0.623,0.635,0.995,0.991 cap=1937,1969,1700,1700 des=1937,1969,1488,1488 app=1886,1886,1441,1470 abs=nil,nil,nil,nil ebrake=1.00 ibrake=1.00 hasABS=0 sy=10.15 split=1.000,0.875 ===
 86.57030|I|libbeamng.print:18052| === LSTM_TRACE t=460 v=5.34 ws=5.14,0.01,0.01,0.03 cmd=0.613,0.632,0.995,0.989 cap=1904,1961,1700,1700 des=1904,1961,1488,1488 app=1856,1878,1441,1470 abs=nil,nil,nil,nil ebrake=1.00 ibrake=1.00 hasABS=0 sy=10.17 split=1.000,0.875 ===
 86.62102|I|libbeamng.print:18052| === LSTM_TRACE t=470 v=4.84 ws=4.56,0.04,0.02,0.03 cmd=0.613,0.630,0.995,0.990 cap=1900,1954,1700,1700 des=1900,1954,1488,1488 app=1852,1871,1441,1469 abs=nil,nil,nil,nil ebrake=1.00 ibrake=1.00 hasABS=0 sy=10.17 split=1.000,0.875 ===
 86.66975|I|libbeamng.print:18052| === LSTM_TRACE t=480 v=4.34 ws=3.85,0.07,0.02,0.03 cmd=0.618,0.629,0.996,0.991 cap=1914,1946,1700,1700 des=1914,1946,1488,1488 app=1866,1862,1441,1469 abs=nil,nil,nil,nil ebrake=1.00 ibrake=1.00 hasABS=0 sy=10.27 split=1.000,0.875 ===
 86.71869|I|libbeamng.print:18052| === LSTM_TRACE t=490 v=3.82 ws=3.83,0.07,0.08,0.10 cmd=0.618,0.623,0.996,0.992 cap=1918,1935,1700,1700 des=1918,1935,1488,1488 app=1871,1851,1440,1468 abs=nil,nil,nil,nil ebrake=1.00 ibrake=1.00 hasABS=0 sy=10.32 split=1.000,0.875 ===
 86.76614|I|libbeamng.print:18052| === LSTM_TRACE t=500 v=3.32 ws=2.95,0.21,0.06,0.12 cmd=0.615,0.621,0.995,0.992 cap=1903,1921,1700,1700 des=1903,1921,1488,1488 app=1857,1838,1440,1468 abs=nil,nil,nil,nil ebrake=1.00 ibrake=1.00 hasABS=0 sy=10.10 split=1.000,0.875 ===
 86.81967|I|libbeamng.print:18052| === LSTM_TRACE t=510 v=2.77 ws=2.77,2.83,1.07,0.02 cmd=0.603,0.604,0.993,0.986 cap=1872,1878,1700,1700 des=1872,1878,1488,1488 app=1826,1797,1440,1467 abs=nil,nil,nil,nil ebrake=1.00 ibrake=1.00 hasABS=0 sy=10.84 split=1.000,0.875 ===
 86.87079|I|libbeamng.print:18052| === LSTM_TRACE t=520 v=2.25 ws=2.31,2.05,1.93,0.01 cmd=0.589,0.588,0.976,0.947 cap=1812,1822,1700,1700 des=1812,1822,1488,1488 app=1767,1744,1441,1467 abs=nil,nil,nil,nil ebrake=1.00 ibrake=1.00 hasABS=0 sy=10.67 split=1.000,0.875 ===
 86.92014|I|libbeamng.print:18052| === LSTM_TRACE t=530 v=1.76 ws=1.39,1.02,1.71,0.04 cmd=0.583,0.593,0.977,0.950 cap=1803,1833,1700,1700 des=1803,1833,1488,1488 app=1758,1755,1442,1467 abs=nil,nil,nil,nil ebrake=1.00 ibrake=1.00 hasABS=0 sy=10.00 split=1.000,0.875 ===
 86.97217|I|libbeamng.print:18052| === LSTM_TRACE t=540 v=1.25 ws=0.99,1.16,0.84,0.01 cmd=0.601,0.615,0.987,0.970 cap=1844,1884,1700,1700 des=1844,1884,1488,1488 app=1797,1804,1442,1467 abs=nil,nil,nil,nil ebrake=1.00 ibrake=1.00 hasABS=0 sy=9.96 split=1.000,0.875 ===
 87.02212|I|libbeamng.print:18052| === LSTM_TRACE t=550 v=0.76 ws=0.44,0.46,0.74,0.01 cmd=0.592,0.619,0.994,0.986 cap=1841,1919,1700,1700 des=1841,1919,1488,1488 app=1794,1838,1442,1466 abs=nil,nil,nil,nil ebrake=1.00 ibrake=1.00 hasABS=0 sy=9.67 split=1.000,0.875 ===
 92.25067|I|libbeamng.print:18052| === LSTM_ABS: lens 'avg_g_window_hg' loaded (17 in, 64 hidden, 2 layers) ===
 92.25249|I|libbeamng.print:18052| === LSTM_ABS SELFTEST lens=avg_g_window_hg cmd=0.998694,0.998210,0.871784,0.863909 ===
113.86296|I|libbeamng.print:18052| === LSTM_TRACE t=0 v=27.72 ws=27.67,27.83,27.42,27.40 cmd=0.621,0.597,0.615,0.587 cap=155,155,97,97 des=155,155,85,85 app=142,142,78,78 abs=nil,nil,nil,nil ebrake=1.00 ibrake=1.00 hasABS=0 sy=1.49 split=1.000,0.875 ===
113.92299|I|libbeamng.print:18052| === LSTM_TRACE t=10 v=27.40 ws=26.03,26.60,26.61,26.97 cmd=0.591,0.520,0.703,0.568 cap=1791,1573,1354,1119 des=1791,1573,1185,979 app=1655,1453,1096,906 abs=nil,nil,nil,nil ebrake=1.00 ibrake=1.00 hasABS=0 sy=6.69 split=1.000,0.875 ===
113.94318|I|libbeamng.print:18052| === LSTM_ABS DBG raw=25.7502,26.1153,26.2362,26.7705,0.0882,7.8000,0.2290,0.0115,0.0000,0.0000,0.0023,1.0000,0.0000,0.0008,-0.0111,7685.1662,0.2500 ===
113.94322|I|libbeamng.print:18052| === LSTM_ABS DBG norm=1.25,1.29,1.23,1.28,-0.01,-0.57,-0.01,0.04,-0.05,0.05,-0.27,0.05,-0.05,0.10,0.80,10.00,0.25 ===
113.94323|I|libbeamng.print:18052| === LSTM_ABS DBG cmd=0.6426,0.5948,0.7131,0.5681 ===
113.97531|I|libbeamng.print:18052| === LSTM_TRACE t=20 v=26.96 ws=25.48,25.78,25.56,26.27 cmd=0.661,0.639,0.730,0.580 cap=2046,1966,1408,1115 des=2046,1966,1232,976 app=1918,1841,1158,914 abs=nil,nil,nil,nil ebrake=1.00 ibrake=1.00 hasABS=0 sy=8.90 split=1.000,0.875 ===
114.02540|I|libbeamng.print:18052| === LSTM_TRACE t=30 v=26.48 ws=25.01,25.06,24.62,25.72 cmd=0.681,0.715,0.718,0.589 cap=2102,2198,1400,1144 des=2102,2198,1225,1001 app=1993,2081,1164,947 abs=nil,nil,nil,nil ebrake=1.00 ibrake=1.00 hasABS=0 sy=9.69 split=1.000,0.875 ===
114.08295|I|libbeamng.print:18052| === LSTM_TRACE t=40 v=25.95 ws=24.49,24.27,24.15,25.11 cmd=0.706,0.775,0.643,0.576 cap=2178,2384,1267,1124 des=2178,2384,1108,983 app=2085,2281,1061,937 abs=nil,nil,nil,nil ebrake=1.00 ibrake=1.00 hasABS=0 sy=10.42 split=1.000,0.875 ===
114.13252|I|libbeamng.print:18052| === LSTM_TRACE t=50 v=25.36 ws=23.60,23.02,24.07,24.28 cmd=0.821,0.874,0.511,0.551 cap=2487,2665,1032,1076 des=2487,2665,903,942 app=2399,2572,869,902 abs=nil,nil,nil,nil ebrake=1.00 ibrake=1.00 hasABS=0 sy=11.96 split=1.000,0.875 ===
114.18857|I|libbeamng.print:18052| === LSTM_TRACE t=60 v=24.76 ws=21.20,19.52,24.05,23.59 cmd=0.885,0.905,0.401,0.551 cap=2734,2799,786,1067 des=2734,2799,688,933 app=2656,2721,664,899 abs=nil,nil,nil,nil ebrake=1.00 ibrake=1.00 hasABS=0 sy=12.14 split=1.000,0.875 ===
114.23869|I|libbeamng.print:18052| === LSTM_TRACE t=70 v=24.22 ws=17.38,13.79,23.61,23.16 cmd=0.880,0.889,0.407,0.568 cap=2724,2751,776,1091 des=2724,2751,679,955 app=2659,2685,656,922 abs=nil,nil,nil,nil ebrake=1.00 ibrake=1.00 hasABS=0 sy=11.07 split=1.000,0.875 ===
114.28959|I|libbeamng.print:18052| === LSTM_TRACE t=80 v=23.73 ws=10.51,5.44,22.96,22.56 cmd=0.894,0.922,0.592,0.728 cap=2749,2832,1091,1358 des=2749,2832,954,1189 app=2690,2767,924,1152 abs=nil,nil,nil,nil ebrake=1.00 ibrake=1.00 hasABS=0 sy=9.92 split=1.000,0.875 ===
114.34441|I|libbeamng.print:18052| === LSTM_TRACE t=90 v=23.26 ws=0.46,0.22,22.26,21.52 cmd=0.984,0.989,0.777,0.823 cap=3037,3061,1475,1589 des=3037,3061,1291,1391 app=2971,2986,1255,1355 abs=nil,nil,nil,nil ebrake=1.00 ibrake=1.00 hasABS=0 sy=9.40 split=1.000,0.875 ===
114.39190|I|libbeamng.print:18052| === LSTM_TRACE t=100 v=22.81 ws=0.00,0.08,21.21,20.77 cmd=0.993,0.991,0.801,0.806 cap=3076,3071,1559,1569 des=3076,3071,1364,1373 app=3003,2990,1331,1342 abs=nil,nil,nil,nil ebrake=1.00 ibrake=1.00 hasABS=0 sy=9.30 split=1.000,0.875 ===
114.44545|I|libbeamng.print:18052| === LSTM_TRACE t=110 v=22.34 ws=0.02,0.03,20.24,20.22 cmd=0.995,0.991,0.807,0.811 cap=3084,3071,1565,1571 des=3084,3071,1370,1375 app=3005,2983,1341,1347 abs=nil,nil,nil,nil ebrake=1.00 ibrake=1.00 hasABS=0 sy=9.44 split=1.000,0.875 ===
114.49669|I|libbeamng.print:18052| === LSTM_TRACE t=120 v=21.83 ws=0.01,0.02,19.56,19.56 cmd=0.996,0.993,0.769,0.826 cap=3089,3079,1518,1614 des=3089,3079,1328,1412 app=3004,2985,1304,1387 abs=nil,nil,nil,nil ebrake=1.00 ibrake=1.00 hasABS=0 sy=10.16 split=1.000,0.875 ===
114.54825|I|libbeamng.print:18052| === LSTM_TRACE t=130 v=21.30 ws=0.01,0.01,20.00,18.30 cmd=0.997,0.992,0.665,0.786 cap=3089,3077,1298,1531 des=3089,3077,1135,1339 app=2999,2977,1116,1318 abs=nil,nil,nil,nil ebrake=1.00 ibrake=1.00 hasABS=0 sy=10.55 split=1.000,0.875 ===
114.60212|I|libbeamng.print:18052| === LSTM_TRACE t=140 v=20.78 ws=0.01,0.00,20.10,17.23 cmd=0.997,0.993,0.665,0.776 cap=3090,3078,1300,1510 des=3090,3078,1137,1321 app=2993,2973,1119,1301 abs=nil,nil,nil,nil ebrake=1.00 ibrake=1.00 hasABS=0 sy=10.36 split=1.000,0.875 ===
114.64818|I|libbeamng.print:18052| === LSTM_TRACE t=150 v=20.27 ws=0.00,0.00,19.54,16.79 cmd=0.997,0.992,0.657,0.779 cap=3090,3077,1286,1513 des=3090,3077,1125,1324 app=2988,2967,1108,1305 abs=nil,nil,nil,nil ebrake=1.00 ibrake=1.00 hasABS=0 sy=10.08 split=1.000,0.875 ===
114.70278|I|libbeamng.print:18052| === LSTM_TRACE t=160 v=19.77 ws=0.00,0.00,19.17,15.53 cmd=0.997,0.991,0.648,0.776 cap=3089,3074,1264,1511 des=3089,3074,1106,1322 app=2982,2959,1090,1304 abs=nil,nil,nil,nil ebrake=1.00 ibrake=1.00 hasABS=0 sy=9.96 split=1.000,0.875 ===
114.75048|I|libbeamng.print:18052| === LSTM_TRACE t=170 v=19.28 ws=0.00,0.00,18.69,15.00 cmd=0.997,0.991,0.680,0.795 cap=3090,3073,1309,1539 des=3090,3073,1145,1347 app=2977,2953,1130,1329 abs=nil,nil,nil,nil ebrake=1.00 ibrake=1.00 hasABS=0 sy=9.81 split=1.000,0.875 ===
114.80487|I|libbeamng.print:18052| === LSTM_TRACE t=180 v=18.79 ws=0.00,0.00,18.12,14.17 cmd=0.997,0.994,0.712,0.825 cap=3092,3080,1384,1598 des=3092,3080,1211,1399 app=2974,2954,1195,1380 abs=nil,nil,nil,nil ebrake=1.00 ibrake=1.00 hasABS=0 sy=9.90 split=1.000,0.875 ===
114.85515|I|libbeamng.print:18052| === LSTM_TRACE t=190 v=18.30 ws=0.00,0.00,17.81,13.41 cmd=0.998,0.994,0.702,0.829 cap=3093,3082,1364,1612 des=3093,3082,1193,1410 app=2970,2952,1178,1392 abs=nil,nil,nil,nil ebrake=1.00 ibrake=1.00 hasABS=0 sy=9.80 split=1.000,0.875 ===
114.90602|I|libbeamng.print:18052| === LSTM_TRACE t=200 v=17.81 ws=0.00,0.00,17.19,12.42 cmd=0.998,0.994,0.692,0.826 cap=3093,3082,1345,1607 des=3093,3082,1177,1406 app=2965,2947,1162,1388 abs=nil,nil,nil,nil ebrake=1.00 ibrake=1.00 hasABS=0 sy=9.80 split=1.000,0.875 ===
114.95489|I|libbeamng.print:18052| === LSTM_TRACE t=210 v=17.32 ws=0.00,0.00,16.72,11.28 cmd=0.998,0.994,0.686,0.823 cap=3093,3081,1336,1601 des=3093,3081,1169,1401 app=2960,2942,1155,1383 abs=nil,nil,nil,nil ebrake=1.00 ibrake=1.00 hasABS=0 sy=9.73 split=1.000,0.875 ===
115.00605|I|libbeamng.print:18052| === LSTM_TRACE t=220 v=16.83 ws=0.00,0.00,16.23,10.35 cmd=0.998,0.993,0.684,0.821 cap=3092,3079,1329,1595 des=3092,3079,1163,1396 app=2956,2936,1150,1378 abs=nil,nil,nil,nil ebrake=1.00 ibrake=1.00 hasABS=0 sy=9.87 split=1.000,0.875 ===
115.05778|I|libbeamng.print:18052| === LSTM_TRACE t=230 v=16.34 ws=0.00,0.00,16.00,9.37 cmd=0.997,0.993,0.685,0.818 cap=3092,3078,1328,1590 des=3092,3078,1162,1392 app=2951,2930,1149,1373 abs=nil,nil,nil,nil ebrake=1.00 ibrake=1.00 hasABS=0 sy=9.83 split=1.000,0.875 ===
115.11052|I|libbeamng.print:18052| === LSTM_TRACE t=240 v=15.85 ws=0.00,0.00,15.61,8.47 cmd=0.997,0.992,0.687,0.814 cap=3092,3076,1328,1584 des=3092,3076,1162,1386 app=2947,2925,1149,1367 abs=nil,nil,nil,nil ebrake=1.00 ibrake=1.00 hasABS=0 sy=9.67 split=1.000,0.875 ===
115.16085|I|libbeamng.print:18052| === LSTM_TRACE t=250 v=15.36 ws=0.00,0.00,15.01,7.44 cmd=0.997,0.991,0.686,0.810 cap=3091,3072,1329,1573 des=3091,3072,1163,1376 app=2943,2917,1150,1356 abs=nil,nil,nil,nil ebrake=1.00 ibrake=1.00 hasABS=0 sy=9.78 split=1.000,0.875 ===
115.21011|I|libbeamng.print:18052| === LSTM_TRACE t=260 v=14.88 ws=0.01,0.00,14.58,6.33 cmd=0.996,0.989,0.677,0.801 cap=3089,3065,1317,1559 des=3089,3065,1153,1364 app=2937,2908,1140,1344 abs=nil,nil,nil,nil ebrake=1.00 ibrake=1.00 hasABS=0 sy=9.84 split=1.000,0.875 ===
115.25952|I|libbeamng.print:18052| === LSTM_TRACE t=270 v=14.40 ws=0.01,0.00,14.22,5.54 cmd=0.994,0.985,0.619,0.786 cap=3082,3056,1223,1533 des=3082,3056,1070,1341 app=2927,2896,1059,1320 abs=nil,nil,nil,nil ebrake=1.00 ibrake=1.00 hasABS=0 sy=9.60 split=1.000,0.875 ===
115.31015|I|libbeamng.print:18052| === LSTM_TRACE t=280 v=13.91 ws=0.02,0.01,13.63,4.73 cmd=0.986,0.978,0.557,0.768 cap=3060,3036,1088,1494 des=3060,3036,952,1307 app=2903,2874,941,1285 abs=nil,nil,nil,nil ebrake=1.00 ibrake=1.00 hasABS=0 sy=9.62 split=1.000,0.875 ===
115.35905|I|libbeamng.print:18052| === LSTM_TRACE t=290 v=13.43 ws=0.01,0.01,13.24,3.47 cmd=0.976,0.971,0.555,0.748 cap=3027,3010,1082,1462 des=3027,3010,947,1280 app=2868,2846,936,1256 abs=nil,nil,nil,nil ebrake=1.00 ibrake=1.00 hasABS=0 sy=9.71 split=1.000,0.875 ===
115.41122|I|libbeamng.print:18052| === LSTM_TRACE t=300 v=12.97 ws=0.00,0.01,12.75,3.58 cmd=0.966,0.958,0.528,0.726 cap=3000,2978,1012,1405 des=3000,2978,886,1229 app=2840,2814,875,1205 abs=nil,nil,nil,nil ebrake=1.00 ibrake=1.00 hasABS=0 sy=9.27 split=1.000,0.875 ===
115.45907|I|libbeamng.print:18052| === LSTM_TRACE t=310 v=12.49 ws=0.00,0.00,12.14,2.95 cmd=0.957,0.950,0.514,0.678 cap=2974,2950,1020,1348 des=2974,2950,893,1179 app=2813,2784,882,1155 abs=nil,nil,nil,nil ebrake=1.00 ibrake=1.00 hasABS=0 sy=9.63 split=1.000,0.875 ===
115.51110|I|libbeamng.print:18052| === LSTM_TRACE t=320 v=12.03 ws=0.01,0.01,11.78,2.38 cmd=0.930,0.924,0.507,0.666 cap=2896,2875,985,1290 des=2896,2875,862,1129 app=2737,2712,851,1104 abs=nil,nil,nil,nil ebrake=1.00 ibrake=1.00 hasABS=0 sy=9.32 split=1.000,0.875 ===
115.56109|I|libbeamng.print:18052| === LSTM_TRACE t=330 v=11.54 ws=0.01,0.01,11.31,0.76 cmd=0.835,0.826,0.583,0.715 cap=2648,2611,1131,1391 des=2648,2611,990,1217 app=2501,2461,977,1188 abs=nil,nil,nil,nil ebrake=1.00 ibrake=1.00 hasABS=0 sy=9.55 split=1.000,0.875 ===
115.61111|I|libbeamng.print:18052| === LSTM_TRACE t=340 v=11.07 ws=0.00,0.00,10.68,0.03 cmd=0.704,0.698,0.654,0.729 cap=2212,2205,1286,1433 des=2212,2205,1126,1254 app=2087,2077,1110,1222 abs=nil,nil,nil,nil ebrake=1.00 ibrake=1.00 hasABS=0 sy=9.26 split=1.000,0.875 ===
115.66089|I|libbeamng.print:18052| === LSTM_TRACE t=350 v=10.57 ws=0.00,0.00,9.84,0.01 cmd=0.686,0.662,0.674,0.740 cap=2133,2064,1322,1448 des=2133,2064,1157,1267 app=2011,1943,1141,1233 abs=nil,nil,nil,nil ebrake=1.00 ibrake=1.00 hasABS=0 sy=9.92 split=1.000,0.875 ===
115.71058|I|libbeamng.print:18052| === LSTM_TRACE t=360 v=10.05 ws=0.00,0.00,9.05,0.00 cmd=0.686,0.662,0.673,0.749 cap=2132,2063,1324,1466 des=2132,2063,1159,1283 app=2009,1941,1142,1246 abs=nil,nil,nil,nil ebrake=1.00 ibrake=1.00 hasABS=0 sy=10.41 split=1.000,0.875 ===
115.76111|I|libbeamng.print:18052| === LSTM_TRACE t=370 v=9.52 ws=0.00,0.00,8.19,0.01 cmd=0.690,0.671,0.676,0.761 cap=2139,2082,1319,1481 des=2139,2082,1154,1296 app=2014,1957,1138,1257 abs=nil,nil,nil,nil ebrake=1.00 ibrake=1.00 hasABS=0 sy=10.53 split=1.000,0.875 ===
115.80930|I|libbeamng.print:18052| === LSTM_TRACE t=380 v=9.00 ws=0.00,0.01,7.36,0.00 cmd=0.686,0.666,0.682,0.768 cap=2128,2070,1325,1491 des=2128,2070,1160,1305 app=2002,1944,1143,1264 abs=nil,nil,nil,nil ebrake=1.00 ibrake=1.00 hasABS=0 sy=10.48 split=1.000,0.875 ===
115.86055|I|libbeamng.print:18052| === LSTM_TRACE t=390 v=8.47 ws=0.00,0.05,6.18,0.00 cmd=0.674,0.650,0.703,0.779 cap=2091,2018,1356,1506 des=2091,2018,1186,1318 app=1967,1894,1168,1274 abs=nil,nil,nil,nil ebrake=1.00 ibrake=1.00 hasABS=0 sy=10.49 split=1.000,0.875 ===
115.90650|I|libbeamng.print:18052| === LSTM_TRACE t=400 v=7.94 ws=0.01,0.41,5.21,0.02 cmd=0.663,0.637,0.723,0.791 cap=2050,1969,1397,1528 des=2050,1969,1222,1337 app=1927,1848,1203,1292 abs=nil,nil,nil,nil ebrake=1.00 ibrake=1.00 hasABS=0 sy=10.81 split=1.000,0.875 ===
115.95938|I|libbeamng.print:18052| === LSTM_TRACE t=410 v=7.40 ws=0.05,0.47,4.15,0.03 cmd=0.657,0.630,0.728,0.795 cap=2033,1952,1416,1542 des=2033,1952,1239,1349 app=1910,1831,1219,1302 abs=nil,nil,nil,nil ebrake=1.00 ibrake=1.00 hasABS=0 sy=11.00 split=1.000,0.875 ===
116.01211|I|libbeamng.print:18052| === LSTM_TRACE t=420 v=6.86 ws=0.70,1.69,3.89,0.05 cmd=0.658,0.629,0.738,0.798 cap=2032,1936,1418,1540 des=2032,1936,1241,1347 app=1908,1816,1219,1299 abs=nil,nil,nil,nil ebrake=1.00 ibrake=1.00 hasABS=0 sy=10.84 split=1.000,0.875 ===
116.06048|I|libbeamng.print:18052| === LSTM_TRACE t=430 v=6.33 ws=0.03,5.37,3.20,0.06 cmd=0.649,0.613,0.717,0.774 cap=2011,1908,1390,1500 des=2011,1908,1216,1313 app=1888,1792,1194,1264 abs=nil,nil,nil,nil ebrake=1.00 ibrake=1.00 hasABS=0 sy=10.52 split=1.000,0.875 ===
116.11062|I|libbeamng.print:18052| === LSTM_TRACE t=440 v=5.81 ws=0.37,5.81,3.66,0.11 cmd=0.649,0.618,0.741,0.787 cap=1973,1854,1403,1495 des=1973,1854,1227,1308 app=1851,1746,1204,1259 abs=nil,nil,nil,nil ebrake=1.00 ibrake=1.00 hasABS=0 sy=10.45 split=1.000,0.875 ===
116.15839|I|libbeamng.print:18052| === LSTM_TRACE t=450 v=5.26 ws=1.23,5.15,2.99,0.02 cmd=0.687,0.682,0.725,0.795 cap=2130,2102,1423,1551 des=2130,2102,1245,1357 app=1999,1983,1221,1305 abs=nil,nil,nil,nil ebrake=1.00 ibrake=1.00 hasABS=0 sy=10.83 split=1.000,0.875 ===
116.20961|I|libbeamng.print:18052| === LSTM_TRACE t=460 v=4.75 ws=0.07,4.86,2.78,0.08 cmd=0.653,0.619,0.718,0.773 cap=2051,1964,1412,1522 des=2051,1964,1235,1332 app=1924,1856,1210,1280 abs=nil,nil,nil,nil ebrake=1.00 ibrake=1.00 hasABS=0 sy=10.52 split=1.000,0.875 ===
116.25943|I|libbeamng.print:18052| === LSTM_TRACE t=470 v=4.23 ws=0.02,4.00,2.80,0.09 cmd=0.634,0.598,0.694,0.752 cap=1968,1877,1381,1484 des=1968,1877,1208,1299 app=1846,1776,1183,1247 abs=nil,nil,nil,nil ebrake=1.00 ibrake=1.00 hasABS=0 sy=10.60 split=1.000,0.875 ===
116.31024|I|libbeamng.print:18052| === LSTM_TRACE t=480 v=3.72 ws=0.05,3.71,2.78,0.00 cmd=0.653,0.611,0.692,0.765 cap=1987,1867,1309,1455 des=1987,1867,1145,1273 app=1863,1768,1121,1222 abs=nil,nil,nil,nil ebrake=1.00 ibrake=1.00 hasABS=0 sy=10.39 split=1.000,0.875 ===
116.36025|I|libbeamng.print:18052| === LSTM_TRACE t=490 v=3.20 ws=0.00,3.21,2.48,0.22 cmd=0.659,0.625,0.737,0.799 cap=2020,1889,1382,1516 des=2020,1889,1209,1326 app=1893,1789,1182,1273 abs=nil,nil,nil,nil ebrake=1.00 ibrake=1.00 hasABS=0 sy=10.39 split=1.000,0.875 ===
116.41151|I|libbeamng.print:18052| === LSTM_TRACE t=500 v=2.70 ws=0.01,2.63,2.09,0.17 cmd=0.657,0.637,0.764,0.820 cap=2034,1948,1462,1576 des=2034,1948,1279,1379 app=1906,1846,1250,1323 abs=nil,nil,nil,nil ebrake=1.00 ibrake=1.00 hasABS=0 sy=10.03 split=1.000,0.875 ===
116.45995|I|libbeamng.print:18052| === LSTM_TRACE t=510 v=2.19 ws=0.01,2.10,1.44,1.17 cmd=0.642,0.620,0.776,0.824 cap=2004,1923,1509,1603 des=2004,1923,1321,1403 app=1877,1823,1290,1345 abs=nil,nil,nil,nil ebrake=1.00 ibrake=1.00 hasABS=0 sy=10.13 split=1.000,0.875 ===
116.51400|I|libbeamng.print:18052| === LSTM_TRACE t=520 v=1.67 ws=0.23,1.44,1.53,1.17 cmd=0.622,0.585,0.776,0.817 cap=1937,1821,1523,1602 des=1937,1821,1333,1401 app=1814,1726,1301,1344 abs=nil,nil,nil,nil ebrake=1.00 ibrake=1.00 hasABS=0 sy=10.48 split=1.000,0.875 ===
116.56508|I|libbeamng.print:18052| === LSTM_TRACE t=530 v=1.17 ws=0.84,1.20,0.88,0.28 cmd=0.648,0.635,0.785,0.835 cap=2015,1969,1523,1620 des=2015,1969,1333,1417 app=1888,1865,1300,1359 abs=nil,nil,nil,nil ebrake=1.00 ibrake=1.00 hasABS=0 sy=9.81 split=1.000,0.875 ===
116.61551|I|libbeamng.print:18052| === LSTM_TRACE t=540 v=0.69 ws=0.22,0.60,0.51,0.60 cmd=0.623,0.587,0.807,0.839 cap=1942,1823,1555,1624 des=1942,1823,1361,1421 app=1819,1726,1326,1362 abs=nil,nil,nil,nil ebrake=1.00 ibrake=1.00 hasABS=0 sy=9.58 split=1.000,0.875 ===
146.45266|I|libbeamng.print:18052| === LSTM_TRACE t=0 v=27.71 ws=27.77,27.90,27.40,27.41 cmd=0.626,0.602,0.617,0.590 cap=3100,3100,1700,1700 des=3100,3100,1488,1488 app=36,36,20,20 abs=nil,nil,nil,nil ebrake=1.00 ibrake=1.00 hasABS=0 sy=1.70 split=1.000,0.875 ===
146.49870|I|libbeamng.print:18052| === LSTM_TRACE t=10 v=27.41 ws=26.08,26.61,26.52,26.94 cmd=0.588,0.509,0.715,0.569 cap=1782,1543,1374,1118 des=1782,1543,1203,978 app=1675,1451,1162,937 abs=nil,nil,nil,nil ebrake=1.00 ibrake=1.00 hasABS=0 sy=6.54 split=1.000,0.875 ===
146.52135|I|libbeamng.print:18052| === LSTM_ABS DBG raw=25.7609,26.1747,26.0530,26.7217,-0.2005,7.4246,-0.0131,0.0065,0.0000,0.0000,0.0027,1.0000,0.0000,0.0009,-0.0111,7687.8364,0.2500 ===
146.52138|I|libbeamng.print:18052| === LSTM_ABS DBG norm=1.25,1.29,1.22,1.28,-0.15,-0.67,-0.24,0.02,-0.05,0.05,-0.25,0.05,-0.05,0.11,0.80,10.00,0.25 ===
146.52139|I|libbeamng.print:18052| === LSTM_ABS DBG cmd=0.6355,0.5826,0.7231,0.5747 ===
146.55307|I|libbeamng.print:18052| === LSTM_TRACE t=20 v=26.97 ws=25.54,25.71,25.36,26.22 cmd=0.652,0.628,0.731,0.578 cap=2016,1925,1415,1112 des=2016,1925,1238,973 app=1916,1830,1205,938 abs=nil,nil,nil,nil ebrake=1.00 ibrake=1.00 hasABS=0 sy=8.53 split=1.000,0.875 ===
146.59866|I|libbeamng.print:18052| === LSTM_TRACE t=30 v=26.50 ws=25.09,25.10,24.55,25.67 cmd=0.662,0.692,0.720,0.597 cap=2050,2132,1399,1154 des=2050,2132,1225,1010 app=1966,2045,1199,980 abs=nil,nil,nil,nil ebrake=1.00 ibrake=1.00 hasABS=0 sy=9.11 split=1.000,0.875 ===
146.65346|I|libbeamng.print:18052| === LSTM_TRACE t=40 v=25.95 ws=24.53,24.27,23.76,25.08 cmd=0.707,0.770,0.649,0.579 cap=2171,2365,1272,1125 des=2171,2365,1113,984 app=2097,2286,1093,960 abs=nil,nil,nil,nil ebrake=1.00 ibrake=1.00 hasABS=0 sy=10.58 split=1.000,0.875 ===
146.70019|I|libbeamng.print:18052| === LSTM_TRACE t=50 v=25.37 ws=23.11,22.54,23.71,24.23 cmd=0.832,0.882,0.470,0.540 cap=2543,2709,956,1053 des=2543,2709,837,921 app=2473,2637,824,901 abs=nil,nil,nil,nil ebrake=1.00 ibrake=1.00 hasABS=0 sy=11.53 split=1.000,0.875 ===
146.75487|I|libbeamng.print:18052| === LSTM_TRACE t=60 v=24.76 ws=20.60,18.50,24.04,23.36 cmd=0.890,0.907,0.385,0.546 cap=2757,2817,755,1062 des=2757,2817,660,929 app=2696,2756,651,911 abs=nil,nil,nil,nil ebrake=1.00 ibrake=1.00 hasABS=0 sy=11.95 split=1.000,0.875 ===
146.80609|I|libbeamng.print:18052| === LSTM_TRACE t=70 v=24.22 ws=15.80,11.78,23.64,22.93 cmd=0.891,0.897,0.408,0.569 cap=2759,2776,782,1088 des=2759,2776,685,952 app=2709,2725,676,936 abs=nil,nil,nil,nil ebrake=1.00 ibrake=1.00 hasABS=0 sy=10.79 split=1.000,0.875 ===
146.85734|I|libbeamng.print:18052| === LSTM_TRACE t=80 v=23.74 ws=7.45,2.20,22.96,22.23 cmd=0.954,0.971,0.668,0.784 cap=2926,2986,1233,1482 des=2926,2986,1079,1297 app=2877,2932,1066,1277 abs=nil,nil,nil,nil ebrake=1.00 ibrake=1.00 hasABS=0 sy=9.73 split=1.000,0.875 ===
146.90618|I|libbeamng.print:18052| === LSTM_TRACE t=90 v=23.29 ws=0.32,0.00,21.91,21.39 cmd=0.991,0.989,0.778,0.764 cap=3070,3066,1504,1476 des=3070,3066,1316,1291 app=3016,3006,1303,1275 abs=nil,nil,nil,nil ebrake=1.00 ibrake=1.00 hasABS=0 sy=8.67 split=1.000,0.875 ===
146.95765|I|libbeamng.print:18052| === LSTM_TRACE t=100 v=22.83 ws=0.13,0.01,20.60,21.19 cmd=0.992,0.988,0.785,0.771 cap=3075,3063,1509,1478 des=3075,3063,1321,1293 app=3016,2999,1310,1279 abs=nil,nil,nil,nil ebrake=1.00 ibrake=1.00 hasABS=0 sy=9.16 split=1.000,0.875 ===
147.01213|I|libbeamng.print:18052| === LSTM_TRACE t=110 v=22.35 ws=0.05,0.01,19.39,21.05 cmd=0.995,0.991,0.799,0.803 cap=3083,3071,1553,1552 des=3083,3071,1359,1358 app=3019,3001,1350,1346 abs=nil,nil,nil,nil ebrake=1.00 ibrake=1.00 hasABS=0 sy=9.61 split=1.000,0.875 ===
147.05987|I|libbeamng.print:18052| === LSTM_TRACE t=120 v=21.84 ws=0.03,0.00,18.67,20.53 cmd=0.996,0.993,0.777,0.819 cap=3089,3077,1510,1586 des=3089,3077,1321,1388 app=3020,3003,1313,1377 abs=nil,nil,nil,nil ebrake=1.00 ibrake=1.00 hasABS=0 sy=10.17 split=1.000,0.875 ===
147.11228|I|libbeamng.print:18052| === LSTM_TRACE t=130 v=21.32 ws=0.01,0.00,18.58,19.52 cmd=0.997,0.993,0.700,0.816 cap=3090,3080,1389,1593 des=3090,3080,1215,1394 app=3016,3001,1209,1384 abs=nil,nil,nil,nil ebrake=1.00 ibrake=1.00 hasABS=0 sy=10.37 split=1.000,0.875 ===
147.16208|I|libbeamng.print:18052| === LSTM_TRACE t=140 v=20.80 ws=0.01,0.00,19.44,17.66 cmd=0.997,0.992,0.644,0.782 cap=3090,3076,1246,1524 des=3090,3076,1090,1334 app=3011,2993,1085,1326 abs=nil,nil,nil,nil ebrake=1.00 ibrake=1.00 hasABS=0 sy=10.50 split=1.000,0.875 ===
147.21127|I|libbeamng.print:18052| === LSTM_TRACE t=150 v=20.28 ws=0.01,0.00,19.73,16.15 cmd=0.997,0.993,0.653,0.780 cap=3091,3080,1274,1517 des=3091,3080,1115,1327 app=3008,2992,1110,1320 abs=nil,nil,nil,nil ebrake=1.00 ibrake=1.00 hasABS=0 sy=10.22 split=1.000,0.875 ===
147.26202|I|libbeamng.print:18052| === LSTM_TRACE t=160 v=19.78 ws=0.00,0.01,19.17,15.54 cmd=0.997,0.991,0.646,0.781 cap=3090,3074,1253,1518 des=3090,3074,1096,1329 app=3003,2983,1092,1322 abs=nil,nil,nil,nil ebrake=1.00 ibrake=1.00 hasABS=0 sy=9.82 split=1.000,0.875 ===
147.31216|I|libbeamng.print:18052| === LSTM_TRACE t=170 v=19.30 ws=0.00,0.00,18.70,14.53 cmd=0.997,0.991,0.699,0.804 cap=3090,3071,1341,1554 des=3090,3071,1174,1360 app=2999,2976,1169,1353 abs=nil,nil,nil,nil ebrake=1.00 ibrake=1.00 hasABS=0 sy=9.69 split=1.000,0.875 ===
147.36570|I|libbeamng.print:18052| === LSTM_TRACE t=180 v=18.81 ws=0.00,0.00,18.07,13.61 cmd=0.997,0.993,0.725,0.832 cap=3092,3078,1411,1615 des=3092,3078,1234,1413 app=2996,2978,1230,1407 abs=nil,nil,nil,nil ebrake=1.00 ibrake=1.00 hasABS=0 sy=9.75 split=1.000,0.875 ===
147.42094|I|libbeamng.print:18052| === LSTM_TRACE t=190 v=18.33 ws=0.00,0.00,17.66,12.60 cmd=0.998,0.994,0.707,0.830 cap=3093,3080,1377,1615 des=3093,3080,1205,1413 app=2993,2977,1201,1406 abs=nil,nil,nil,nil ebrake=1.00 ibrake=1.00 hasABS=0 sy=9.69 split=1.000,0.875 ===
147.46675|I|libbeamng.print:18052| === LSTM_TRACE t=200 v=17.84 ws=0.00,0.00,17.16,11.61 cmd=0.998,0.994,0.700,0.826 cap=3092,3080,1362,1605 des=3092,3080,1191,1404 app=2989,2973,1188,1398 abs=nil,nil,nil,nil ebrake=1.00 ibrake=1.00 hasABS=0 sy=9.74 split=1.000,0.875 ===
147.52130|I|libbeamng.print:18052| === LSTM_TRACE t=210 v=17.35 ws=0.00,0.00,16.92,10.66 cmd=0.997,0.993,0.694,0.821 cap=3092,3079,1349,1597 des=3092,3079,1180,1397 app=2985,2969,1177,1391 abs=nil,nil,nil,nil ebrake=1.00 ibrake=1.00 hasABS=0 sy=9.82 split=1.000,0.875 ===
147.57291|I|libbeamng.print:18052| === LSTM_TRACE t=220 v=16.86 ws=0.00,0.00,16.26,9.67 cmd=0.997,0.992,0.689,0.817 cap=3092,3077,1343,1590 des=3092,3077,1175,1391 app=2981,2964,1173,1385 abs=nil,nil,nil,nil ebrake=1.00 ibrake=1.00 hasABS=0 sy=9.78 split=1.000,0.875 ===
147.62309|I|libbeamng.print:18052| === LSTM_TRACE t=230 v=16.38 ws=0.00,0.00,15.94,8.80 cmd=0.997,0.992,0.688,0.813 cap=3092,3075,1339,1581 des=3092,3075,1171,1384 app=2977,2959,1169,1376 abs=nil,nil,nil,nil ebrake=1.00 ibrake=1.00 hasABS=0 sy=9.71 split=1.000,0.875 ===
147.67605|I|libbeamng.print:18052| === LSTM_TRACE t=240 v=15.89 ws=0.00,0.00,15.43,7.59 cmd=0.997,0.991,0.687,0.808 cap=3091,3071,1336,1571 des=3091,3071,1169,1375 app=2974,2952,1166,1367 abs=nil,nil,nil,nil ebrake=1.00 ibrake=1.00 hasABS=0 sy=9.75 split=1.000,0.875 ===
147.72503|I|libbeamng.print:18052| === LSTM_TRACE t=250 v=15.41 ws=0.01,0.00,15.07,6.71 cmd=0.996,0.988,0.668,0.797 cap=3089,3065,1305,1552 des=3089,3065,1142,1358 app=2969,2943,1139,1350 abs=nil,nil,nil,nil ebrake=1.00 ibrake=1.00 hasABS=0 sy=9.58 split=1.000,0.875 ===
147.77740|I|libbeamng.print:18052| === LSTM_TRACE t=260 v=14.93 ws=0.01,0.00,14.55,5.51 cmd=0.994,0.984,0.616,0.785 cap=3081,3052,1210,1527 des=3081,3052,1059,1336 app=2958,2928,1056,1327 abs=nil,nil,nil,nil ebrake=1.00 ibrake=1.00 hasABS=0 sy=9.67 split=1.000,0.875 ===
147.82882|I|libbeamng.print:18052| === LSTM_TRACE t=270 v=14.45 ws=0.02,0.00,14.19,4.55 cmd=0.986,0.978,0.561,0.767 cap=3061,3035,1099,1501 des=3061,3035,961,1313 app=2936,2909,959,1304 abs=nil,nil,nil,nil ebrake=1.00 ibrake=1.00 hasABS=0 sy=9.83 split=1.000,0.875 ===
147.87738|I|libbeamng.print:18052| === LSTM_TRACE t=280 v=13.98 ws=0.01,0.01,13.71,4.16 cmd=0.977,0.970,0.549,0.750 cap=3032,3013,1072,1463 des=3032,3013,938,1280 app=2906,2886,936,1270 abs=nil,nil,nil,nil ebrake=1.00 ibrake=1.00 hasABS=0 sy=9.43 split=1.000,0.875 ===
147.93281|I|libbeamng.print:18052| === LSTM_TRACE t=290 v=13.51 ws=0.00,0.02,13.23,2.58 cmd=0.970,0.962,0.514,0.692 cap=3011,2985,1031,1371 des=3011,2985,902,1199 app=2883,2857,899,1189 abs=nil,nil,nil,nil ebrake=1.00 ibrake=1.00 hasABS=0 sy=9.49 split=1.000,0.875 ===
147.98252|I|libbeamng.print:18052| === LSTM_TRACE t=300 v=13.05 ws=0.00,0.00,12.98,1.79 cmd=0.964,0.958,0.518,0.692 cap=2989,2972,978,1324 des=2989,2972,856,1159 app=2860,2842,854,1148 abs=nil,nil,nil,nil ebrake=1.00 ibrake=1.00 hasABS=0 sy=9.21 split=1.000,0.875 ===
148.03678|I|libbeamng.print:18052| === LSTM_TRACE t=310 v=12.57 ws=0.01,0.03,12.49,1.36 cmd=0.947,0.942,0.522,0.691 cap=2941,2924,988,1333 des=2941,2924,865,1166 app=2812,2795,862,1154 abs=nil,nil,nil,nil ebrake=1.00 ibrake=1.00 hasABS=0 sy=9.64 split=1.000,0.875 ===
148.08285|I|libbeamng.print:18052| === LSTM_TRACE t=320 v=12.10 ws=0.01,0.01,11.69,1.54 cmd=0.845,0.827,0.584,0.731 cap=2658,2597,1088,1398 des=2658,2597,952,1223 app=2540,2480,949,1209 abs=nil,nil,nil,nil ebrake=1.00 ibrake=1.00 hasABS=0 sy=9.83 split=1.000,0.875 ===
148.13680|I|libbeamng.print:18052| === LSTM_TRACE t=330 v=11.62 ws=0.00,0.00,11.34,0.05 cmd=0.734,0.726,0.634,0.725 cap=2290,2266,1197,1386 des=2290,2266,1048,1213 app=2187,2163,1044,1198 abs=nil,nil,nil,nil ebrake=1.00 ibrake=1.00 hasABS=0 sy=9.61 split=1.000,0.875 ===
148.18868|I|libbeamng.print:18052| === LSTM_TRACE t=340 v=11.13 ws=0.00,0.01,10.50,0.06 cmd=0.691,0.670,0.700,0.760 cap=2149,2078,1353,1472 des=2149,2078,1184,1288 app=2050,1982,1180,1271 abs=nil,nil,nil,nil ebrake=1.00 ibrake=1.00 hasABS=0 sy=9.86 split=1.000,0.875 ===
148.23975|I|libbeamng.print:18052| === LSTM_TRACE t=350 v=10.60 ws=0.00,0.00,9.59,0.00 cmd=0.689,0.664,0.701,0.768 cap=2140,2057,1366,1492 des=2140,2057,1196,1306 app=2040,1961,1192,1287 abs=nil,nil,nil,nil ebrake=1.00 ibrake=1.00 hasABS=0 sy=10.43 split=1.000,0.875 ===
148.29032|I|libbeamng.print:18052| === LSTM_TRACE t=360 v=10.07 ws=0.00,0.00,8.94,0.02 cmd=0.691,0.668,0.701,0.777 cap=2144,2068,1361,1507 des=2144,2068,1191,1318 app=2043,1971,1187,1298 abs=nil,nil,nil,nil ebrake=1.00 ibrake=1.00 hasABS=0 sy=10.65 split=1.000,0.875 ===
148.33433|I|libbeamng.print:18052| === LSTM_TRACE t=370 v=9.54 ws=0.00,0.00,7.84,0.01 cmd=0.686,0.664,0.708,0.784 cap=2134,2065,1374,1524 des=2134,2065,1202,1334 app=2033,1967,1198,1312 abs=nil,nil,nil,nil ebrake=1.00 ibrake=1.00 hasABS=0 sy=10.63 split=1.000,0.875 ===
148.38477|I|libbeamng.print:18052| === LSTM_TRACE t=380 v=9.01 ws=0.00,0.00,6.88,0.01 cmd=0.672,0.645,0.715,0.785 cap=2095,2014,1394,1531 des=2095,2014,1220,1340 app=1995,1918,1215,1317 abs=nil,nil,nil,nil ebrake=1.00 ibrake=1.00 hasABS=0 sy=10.49 split=1.000,0.875 ===
148.43948|I|libbeamng.print:18052| === LSTM_TRACE t=390 v=8.48 ws=0.01,0.00,5.54,0.01 cmd=0.657,0.625,0.728,0.790 cap=2040,1942,1416,1535 des=2040,1942,1239,1343 app=1942,1848,1233,1319 abs=nil,nil,nil,nil ebrake=1.00 ibrake=1.00 hasABS=0 sy=10.68 split=1.000,0.875 ===
148.48326|I|libbeamng.print:18052| === LSTM_TRACE t=400 v=7.93 ws=0.02,0.04,4.63,0.01 cmd=0.658,0.629,0.738,0.802 cap=2033,1939,1433,1552 des=2033,1939,1254,1358 app=1934,1844,1248,1333 abs=nil,nil,nil,nil ebrake=1.00 ibrake=1.00 hasABS=0 sy=11.10 split=1.000,0.875 ===
148.53754|I|libbeamng.print:18052| === LSTM_TRACE t=410 v=7.38 ws=0.12,0.06,3.96,0.01 cmd=0.660,0.630,0.748,0.810 cap=2041,1941,1441,1564 des=2041,1941,1261,1368 app=1941,1846,1255,1342 abs=nil,nil,nil,nil ebrake=1.00 ibrake=1.00 hasABS=0 sy=11.13 split=1.000,0.875 ===
148.58400|I|libbeamng.print:18052| === LSTM_TRACE t=420 v=6.86 ws=0.18,0.86,3.38,0.04 cmd=0.643,0.603,0.749,0.804 cap=2003,1885,1451,1562 des=2003,1885,1270,1367 app=1904,1792,1263,1340 abs=nil,nil,nil,nil ebrake=1.00 ibrake=1.00 hasABS=0 sy=10.36 split=1.000,0.875 ===
148.63407|I|libbeamng.print:18052| === LSTM_TRACE t=430 v=6.30 ws=0.34,3.17,3.49,0.08 cmd=0.650,0.617,0.783,0.821 cap=1989,1861,1500,1575 des=1989,1861,1313,1378 app=1890,1770,1305,1350 abs=nil,nil,nil,nil ebrake=1.00 ibrake=1.00 hasABS=0 sy=11.30 split=1.000,0.875 ===
148.68972|I|libbeamng.print:18052| === LSTM_TRACE t=440 v=5.74 ws=0.81,5.24,2.94,0.03 cmd=0.688,0.681,0.726,0.802 cap=2124,2095,1444,1569 des=2124,2095,1263,1373 app=2018,1996,1256,1345 abs=nil,nil,nil,nil ebrake=1.00 ibrake=1.00 hasABS=0 sy=11.34 split=1.000,0.875 ===
148.73945|I|libbeamng.print:18052| === LSTM_TRACE t=450 v=5.19 ws=0.06,5.03,2.64,0.01 cmd=0.662,0.628,0.692,0.770 cap=2051,1967,1348,1498 des=2051,1967,1180,1310 app=1949,1877,1172,1283 abs=nil,nil,nil,nil ebrake=1.00 ibrake=1.00 hasABS=0 sy=11.32 split=1.000,0.875 ===
148.79042|I|libbeamng.print:18052| === LSTM_TRACE t=460 v=4.66 ws=0.14,4.92,2.61,0.09 cmd=0.643,0.593,0.727,0.781 cap=1977,1842,1399,1503 des=1977,1842,1224,1315 app=1878,1760,1216,1287 abs=nil,nil,nil,nil ebrake=1.00 ibrake=1.00 hasABS=0 sy=11.11 split=1.000,0.875 ===
148.83965|I|libbeamng.print:18052| === LSTM_TRACE t=470 v=4.13 ws=0.21,3.94,2.99,0.03 cmd=0.651,0.602,0.731,0.790 cap=1974,1820,1384,1498 des=1974,1820,1211,1311 app=1875,1741,1202,1283 abs=nil,nil,nil,nil ebrake=1.00 ibrake=1.00 hasABS=0 sy=11.36 split=1.000,0.875 ===
148.89358|I|libbeamng.print:18052| === LSTM_TRACE t=480 v=3.59 ws=1.05,3.50,3.54,0.09 cmd=0.665,0.628,0.733,0.799 cap=2032,1918,1413,1540 des=2032,1918,1236,1347 app=1929,1836,1227,1318 abs=nil,nil,nil,nil ebrake=1.00 ibrake=1.00 hasABS=0 sy=11.68 split=1.000,0.875 ===
148.94362|I|libbeamng.print:18052| === LSTM_TRACE t=490 v=3.04 ws=2.96,2.61,2.87,0.11 cmd=0.712,0.693,0.662,0.780 cap=2179,2127,1299,1512 des=2179,2127,1136,1323 app=2071,2037,1127,1293 abs=nil,nil,nil,nil ebrake=1.00 ibrake=1.00 hasABS=0 sy=11.42 split=1.000,0.875 ===
148.99971|I|libbeamng.print:18052| === LSTM_TRACE t=500 v=2.50 ws=2.10,2.30,2.35,0.25 cmd=0.708,0.683,0.652,0.770 cap=2180,2119,1248,1483 des=2180,2119,1092,1298 app=2074,2030,1083,1268 abs=nil,nil,nil,nil ebrake=1.00 ibrake=1.00 hasABS=0 sy=10.98 split=1.000,0.875 ===
149.04836|I|libbeamng.print:18052| === LSTM_TRACE t=510 v=1.97 ws=1.35,2.01,1.64,0.40 cmd=0.686,0.660,0.739,0.814 cap=2148,2064,1414,1569 des=2148,2064,1237,1373 app=2044,1978,1227,1342 abs=nil,nil,nil,nil ebrake=1.00 ibrake=1.00 hasABS=0 sy=10.46 split=1.000,0.875 ===
149.10725|I|libbeamng.print:18052| === LSTM_TRACE t=520 v=1.45 ws=1.38,1.42,1.54,0.44 cmd=0.651,0.606,0.754,0.809 cap=1998,1852,1417,1537 des=1998,1852,1240,1345 app=1902,1774,1229,1315 abs=nil,nil,nil,nil ebrake=1.00 ibrake=1.00 hasABS=0 sy=10.39 split=1.000,0.875 ===
149.16182|I|libbeamng.print:18052| === LSTM_TRACE t=530 v=0.98 ws=0.48,0.52,0.79,1.22 cmd=0.621,0.581,0.781,0.822 cap=1935,1809,1512,1598 des=1935,1809,1323,1398 app=1842,1733,1311,1366 abs=nil,nil,nil,nil ebrake=1.00 ibrake=1.00 hasABS=0 sy=9.63 split=1.000,0.875 ===
149.21578|I|libbeamng.print:18052| === LSTM_TR
