 30.26292|I|libbeamng.print:18052| === LSTM_ABS: lens 'band_g_mix' loaded (17 in, 64 hidden, 2 layers) ===
 30.26480|I|libbeamng.print:18052| === LSTM_ABS SELFTEST lens=band_g_mix cmd=0.997670,0.995595,0.857687,0.856659 ===
 51.40549|I|libbeamng.print:18052| === LSTM_TRACE t=0 v=27.72 ws=27.70,27.81,27.37,27.49 cmd=0.916,0.885,0.488,0.474 cap=155,155,97,97 des=155,155,85,85 app=142,142,78,78 abs=nil,nil,nil,nil ebrake=1.00 ibrake=1.00 hasABS=0 sy=1.57 split=1.000,0.875 ===
 51.40553|I|libbeamng.print:18052| === LSTM_OBS t=0 27.69616,27.81181,27.36622,27.49319,-0.02886,1.56968,0.00000,-0.00994,0.00000,0.00000,0.00069,1.00000,0.00000,0.00000,0.00000,7858.76451,0.00000 ===
 51.45501|I|libbeamng.print:18052| === LSTM_TRACE t=10 v=27.49 ws=27.25,27.31,26.92,27.02 cmd=0.261,0.299,0.404,0.389 cap=777,898,773,731 des=777,898,676,640 app=715,827,623,590 abs=nil,nil,nil,nil ebrake=1.00 ibrake=1.00 hasABS=0 sy=2.01 split=1.000,0.875 ===
 51.45505|I|libbeamng.print:18052| === LSTM_OBS t=10 27.25477,27.30859,26.92102,27.01549,-0.00912,2.01452,0.00000,-0.00275,0.00000,0.00000,0.00285,1.00000,0.00000,0.00000,0.00000,7786.24961,0.00000 ===
 51.47525|I|libbeamng.print:18052| === LSTM_ABS DBG raw=26.9120,26.9392,26.8122,26.8519,-0.0293,2.3526,0.0000,-0.0007,0.0000,0.0000,0.0013,1.0000,0.0000,0.0000,0.0000,7730.1044,0.0000 ===
 51.47529|I|libbeamng.print:18052| === LSTM_ABS DBG norm=0.59,0.53,0.54,0.52,-0.18,-2.17,0.00,0.02,0.06,-0.06,-0.07,0.59,-0.02,0.00,0.00,3.83,0.00 ===
 51.47530|I|libbeamng.print:18052| === LSTM_ABS DBG cmd=0.3236,0.3531,0.4361,0.4373 ===
 51.50556|I|libbeamng.print:18052| === LSTM_TRACE t=20 v=27.20 ws=26.27,26.42,26.45,26.51 cmd=0.498,0.503,0.523,0.529 cap=1470,1493,985,994 des=1470,1493,862,870 app=1363,1386,803,810 abs=nil,nil,nil,nil ebrake=1.00 ibrake=1.00 hasABS=0 sy=2.85 split=1.000,0.875 ===
 51.50559|I|libbeamng.print:18052| === LSTM_OBS t=20 26.26503,26.42365,26.45330,26.51185,-0.02667,2.85271,0.00000,-0.00481,0.00000,0.00000,0.00124,1.00000,0.00000,0.00000,0.00000,7640.77554,0.00000 ===
 51.55565|I|libbeamng.print:18052| === LSTM_TRACE t=30 v=26.75 ws=24.95,25.23,25.70,25.86 cmd=0.754,0.726,0.728,0.727 cap=2302,2221,1385,1381 des=2302,2221,1212,1208 app=2161,2087,1142,1138 abs=nil,nil,nil,nil ebrake=1.00 ibrake=1.00 hasABS=0 sy=4.23 split=1.000,0.875 ===
 51.55572|I|libbeamng.print:18052| === LSTM_OBS t=30 24.94997,25.22837,25.69693,25.86018,0.00082,4.22993,0.00000,-0.00978,0.00000,0.00000,0.00256,1.00000,0.00000,0.00000,0.00000,7472.69234,0.00000 ===
 51.60565|I|libbeamng.print:18052| === LSTM_TRACE t=40 v=26.18 ws=23.75,24.26,24.83,24.99 cmd=0.815,0.789,0.787,0.779 cap=2489,2409,1527,1511 des=2489,2409,1336,1322 app=2366,2291,1273,1259 abs=nil,nil,nil,nil ebrake=1.00 ibrake=1.00 hasABS=0 sy=5.88 split=1.000,0.875 ===
 51.60570|I|libbeamng.print:18052| === LSTM_OBS t=40 23.75309,24.26446,24.82772,24.98979,0.02120,5.88085,0.00000,0.00005,0.00000,0.00000,0.00307,1.00000,0.00000,0.00000,0.00000,7248.50985,0.00000 ===
 51.65555|I|libbeamng.print:18052| === LSTM_TRACE t=50 v=25.61 ws=22.56,23.82,23.72,24.25 cmd=0.822,0.798,0.773,0.763 cap=2567,2489,1502,1487 des=2567,2489,1314,1301 app=2465,2391,1263,1250 abs=nil,nil,nil,nil ebrake=1.00 ibrake=1.00 hasABS=0 sy=7.45 split=1.000,0.875 ===
 51.65558|I|libbeamng.print:18052| === LSTM_OBS t=50 22.55721,23.81690,23.72460,24.25343,-0.00071,7.44928,0.00000,-0.00934,0.00000,0.00000,0.00221,1.00000,0.00000,0.00000,0.00000,6997.08459,0.00000 ===
 51.70569|I|libbeamng.print:18052| === LSTM_TRACE t=60 v=25.02 ws=21.30,23.38,22.79,23.64 cmd=0.832,0.810,0.736,0.733 cap=2517,2454,1436,1430 des=2517,2454,1256,1251 app=2435,2375,1215,1209 abs=nil,nil,nil,nil ebrake=1.00 ibrake=1.00 hasABS=0 sy=8.69 split=1.000,0.875 ===
 51.70573|I|libbeamng.print:18052| === LSTM_OBS t=60 21.29809,23.38422,22.79004,23.64131,0.00260,8.69056,0.00000,-0.00726,0.00000,0.00000,0.00293,1.00000,0.00000,0.00000,0.00000,6761.85674,0.00000 ===
 51.75568|I|libbeamng.print:18052| === LSTM_TRACE t=70 v=24.42 ws=19.70,22.88,22.20,22.97 cmd=0.791,0.774,0.724,0.731 cap=2436,2385,1406,1421 des=2436,2385,1230,1243 app=2369,2322,1195,1208 abs=nil,nil,nil,nil ebrake=1.00 ibrake=1.00 hasABS=0 sy=9.62 split=1.000,0.875 ===
 51.75572|I|libbeamng.print:18052| === LSTM_OBS t=70 19.70375,22.87703,22.20449,22.96745,0.00342,9.62450,0.00000,-0.01435,0.00000,0.00000,0.00285,1.00000,0.00000,0.00000,0.00000,6557.57926,0.00000 ===
 51.80507|I|libbeamng.print:18052| === LSTM_TRACE t=80 v=23.83 ws=18.34,22.47,21.60,22.30 cmd=0.732,0.725,0.721,0.738 cap=2418,2381,1399,1427 des=2418,2381,1224,1249 app=2361,2329,1193,1218 abs=nil,nil,nil,nil ebrake=1.00 ibrake=1.00 hasABS=0 sy=10.27 split=1.000,0.875 ===
 51.80511|I|libbeamng.print:18052| === LSTM_OBS t=80 18.33736,22.47358,21.60456,22.30081,0.02839,10.27196,0.00000,-0.03091,0.00000,0.00000,0.00357,1.00000,0.00000,0.00000,0.00000,6367.37491,0.00000 ===
 51.85521|I|libbeamng.print:18052| === LSTM_TRACE t=90 v=23.25 ws=17.18,21.82,21.27,21.31 cmd=0.661,0.663,0.714,0.738 cap=2440,2400,1378,1415 des=2440,2400,1206,1238 app=2388,2355,1178,1211 abs=nil,nil,nil,nil ebrake=1.00 ibrake=1.00 hasABS=0 sy=10.66 split=1.000,0.875 ===
 51.85525|I|libbeamng.print:18052| === LSTM_OBS t=90 17.18398,21.81649,21.26953,21.30587,0.06963,10.65528,0.00000,-0.02510,0.00000,0.00000,0.00338,1.00000,0.00000,0.00000,0.00000,6182.09909,0.00000 ===
 51.90493|I|libbeamng.print:18052| === LSTM_TRACE t=100 v=22.67 ws=16.07,21.31,21.17,20.22 cmd=0.578,0.593,0.729,0.754 cap=2444,2376,1377,1429 des=2444,2376,1204,1250 app=2397,2338,1180,1225 abs=nil,nil,nil,nil ebrake=1.00 ibrake=1.00 hasABS=0 sy=10.92 split=1.000,0.875 ===
 51.90497|I|libbeamng.print:18052| === LSTM_OBS t=100 16.06811,21.30683,21.17058,20.22116,0.15167,10.92086,0.00000,-0.01126,0.00000,0.00000,0.00285,1.00000,0.00000,0.00000,0.00000,6002.62400,0.00000 ===
 51.95533|I|libbeamng.print:18052| === LSTM_TRACE t=110 v=22.10 ws=15.11,21.21,21.11,19.20 cmd=0.801,0.782,0.711,0.731 cap=2099,2122,1359,1396 des=2099,2122,1189,1222 app=2062,2092,1167,1199 abs=nil,nil,nil,nil ebrake=1.00 ibrake=1.00 hasABS=0 sy=11.10 split=1.000,0.875 ===
 51.95541|I|libbeamng.print:18052| === LSTM_OBS t=110 15.10814,21.21441,21.11428,19.19912,0.22147,11.10210,0.00000,-0.00722,0.00000,0.00000,0.00311,1.00000,0.00000,0.00000,0.00000,5823.44649,0.00000 ===
 52.00541|I|libbeamng.print:18052| === LSTM_TRACE t=120 v=21.53 ws=14.67,20.47,20.76,18.08 cmd=0.747,0.739,0.707,0.723 cap=1937,1948,1371,1420 des=1937,1948,1200,1242 app=1913,1924,1179,1221 abs=nil,nil,nil,nil ebrake=1.00 ibrake=1.00 hasABS=0 sy=11.17 split=1.000,0.875 ===
 52.00550|I|libbeamng.print:18052| === LSTM_OBS t=120 14.67322,20.47415,20.75607,18.08134,0.30108,11.17475,0.00000,0.00698,0.00000,0.00000,0.00289,1.00000,0.00000,0.00000,0.00000,5637.78460,0.00000 ===
 52.05580|I|libbeamng.print:18052| === LSTM_TRACE t=130 v=20.98 ws=13.97,19.76,20.13,17.41 cmd=0.619,0.623,0.685,0.710 cap=2288,2247,1359,1397 des=2288,2247,1189,1222 app=2253,2222,1170,1202 abs=nil,nil,nil,nil ebrake=1.00 ibrake=1.00 hasABS=0 sy=11.19 split=1.000,0.875 ===
 52.05586|I|libbeamng.print:18052| === LSTM_OBS t=130 13.96792,19.76050,20.13410,17.40701,0.33901,11.18633,0.00000,0.02143,0.00000,0.00000,0.00280,1.00000,0.00000,0.00000,0.00000,5449.81861,0.00000 ===
 52.10516|I|libbeamng.print:18052| === LSTM_TRACE t=140 v=20.42 ws=13.45,19.37,19.59,16.86 cmd=0.679,0.673,0.671,0.694 cap=2313,2281,1310,1341 des=2313,2281,1146,1173 app=2279,2259,1129,1155 abs=nil,nil,nil,nil ebrake=1.00 ibrake=1.00 hasABS=0 sy=11.18 split=1.000,0.875 ===
 52.10520|I|libbeamng.print:18052| === LSTM_OBS t=140 13.44854,19.36998,19.59052,16.86423,0.33421,11.17631,0.00000,0.04168,0.00000,0.00000,0.00331,1.00000,0.00000,0.00000,0.00000,5271.55236,0.00000 ===
 52.15579|I|libbeamng.print:18052| === LSTM_TRACE t=150 v=19.86 ws=12.92,18.95,19.05,16.24 cmd=0.660,0.669,0.654,0.666 cap=1873,1906,1232,1277 des=1873,1906,1078,1117 app=1865,1889,1063,1100 abs=nil,nil,nil,nil ebrake=1.00 ibrake=1.00 hasABS=0 sy=11.17 split=1.000,0.875 ===
 52.15583|I|libbeamng.print:18052| === LSTM_OBS t=150 12.91614,18.94913,19.04540,16.23806,0.27220,11.17168,0.00000,0.03485,0.00000,0.00000,0.00285,1.00000,0.00000,0.00000,0.00000,5114.13425,0.00000 ===
 52.20507|I|libbeamng.print:18052| === LSTM_TRACE t=160 v=19.30 ws=12.43,18.33,18.46,16.38 cmd=0.574,0.603,0.617,0.633 cap=2092,2111,1189,1221 des=2092,2111,1040,1068 app=2063,2094,1026,1052 abs=nil,nil,nil,nil ebrake=1.00 ibrake=1.00 hasABS=0 sy=11.17 split=1.000,0.875 ===
 52.20511|I|libbeamng.print:18052| === LSTM_OBS t=160 12.43336,18.33196,18.46313,16.37764,0.18127,11.16907,0.00000,0.04055,0.00000,0.00000,0.00297,1.00000,0.00000,0.00000,0.00000,4982.08329,0.00000 ===
 52.25600|I|libbeamng.print:18052| === LSTM_TRACE t=170 v=18.74 ws=12.40,17.60,17.85,16.00 cmd=0.531,0.568,0.569,0.587 cap=2315,2317,1096,1122 des=2315,2317,959,982 app=2284,2300,946,967 abs=nil,nil,nil,nil ebrake=1.00 ibrake=1.00 hasABS=0 sy=11.17 split=1.000,0.875 ===
 52.25605|I|libbeamng.print:18052| === LSTM_OBS t=170 12.39551,17.60352,17.85046,16.00389,0.05624,11.16789,0.00000,0.03570,0.00000,0.00000,0.00254,1.00000,0.00000,0.00000,0.00000,4877.59052,0.00000 ===
 52.30577|I|libbeamng.print:18052| === LSTM_TRACE t=180 v=18.18 ws=12.32,17.49,16.79,16.75 cmd=0.670,0.699,0.534,0.543 cap=1733,1851,1050,1079 des=1733,1851,919,944 app=1779,1838,906,930 abs=nil,nil,nil,nil ebrake=1.00 ibrake=1.00 hasABS=0 sy=11.17 split=1.000,0.875 ===
 52.30581|I|libbeamng.print:18052| === LSTM_OBS t=180 12.32270,17.49374,16.79171,16.75100,-0.08664,11.16690,0.00000,0.02859,0.00000,0.00000,0.00210,1.00000,0.00000,0.00000,0.00000,4801.70238,0.00000 ===
 52.35553|I|libbeamng.print:18052| === LSTM_TRACE t=190 v=17.62 ws=12.45,16.98,16.32,16.93 cmd=0.741,0.754,0.516,0.528 cap=2007,2129,1035,1047 des=2007,2129,906,916 app=1981,2116,893,902 abs=nil,nil,nil,nil ebrake=1.00 ibrake=1.00 hasABS=0 sy=11.19 split=1.000,0.875 ===
 52.35557|I|libbeamng.print:18052| === LSTM_OBS t=190 12.45239,16.98235,16.32016,16.92948,-0.25846,11.18825,0.00000,0.01524,0.00000,0.00000,0.00261,1.00000,0.00000,0.00000,0.00000,4740.82135,0.00000 ===
 52.40588|I|libbeamng.print:18052| === LSTM_TRACE t=200 v=17.08 ws=12.95,16.12,15.70,16.29 cmd=0.760,0.783,0.544,0.550 cap=1704,1908,1116,1132 des=1704,1908,977,991 app=1683,1897,963,976 abs=nil,nil,nil,nil ebrake=1.00 ibrake=1.00 hasABS=0 sy=11.12 split=1.000,0.875 ===
 52.40593|I|libbeamng.print:18052| === LSTM_OBS t=200 12.94647,16.12122,15.70155,16.28839,-0.44258,11.11724,0.00000,-0.01457,0.00000,0.00000,0.00301,1.00000,0.00000,0.00000,0.00000,4661.62611,0.00000 ===
 52.45590|I|libbeamng.print:18052| === LSTM_TRACE t=210 v=16.54 ws=13.35,15.81,15.43,15.72 cmd=0.712,0.739,0.614,0.624 cap=2593,2597,1139,1151 des=2593,2597,997,1007 app=2421,2498,982,991 abs=nil,nil,nil,nil ebrake=1.00 ibrake=1.00 hasABS=0 sy=11.06 split=1.000,0.875 ===
 52.45594|I|libbeamng.print:18052| === LSTM_OBS t=210 13.35249,15.80842,15.43208,15.72372,-0.50420,11.06161,0.00000,-0.00689,0.00000,0.00000,0.00389,1.00000,0.00000,0.00000,0.00000,4551.43721,0.00000 ===
 52.50553|I|libbeamng.print:18052| === LSTM_TRACE t=220 v=15.96 ws=13.23,14.59,14.01,14.52 cmd=0.718,0.741,0.553,0.564 cap=2313,2395,1083,1096 des=2313,2395,947,959 app=2287,2383,934,944 abs=nil,nil,nil,nil ebrake=1.00 ibrake=1.00 hasABS=0 sy=11.09 split=1.000,0.875 ===
 52.50557|I|libbeamng.print:18052| === LSTM_OBS t=220 13.22731,14.59499,14.00519,14.52329,-0.46472,11.08526,0.00000,-0.01208,0.00000,0.00000,0.00280,1.00000,0.00000,0.00000,0.00000,4475.82295,0.00000 ===
 52.55535|I|libbeamng.print:18052| === LSTM_TRACE t=230 v=15.38 ws=13.03,13.80,12.86,13.16 cmd=0.701,0.721,0.511,0.524 cap=2384,2416,1037,1053 des=2384,2416,908,921 app=2358,2404,894,907 abs=nil,nil,nil,nil ebrake=1.00 ibrake=1.00 hasABS=0 sy=11.23 split=1.000,0.875 ===
 52.55540|I|libbeamng.print:18052| === LSTM_OBS t=230 13.03435,13.79626,12.86120,13.16122,-0.40690,11.23439,0.00000,-0.00919,0.00000,0.00000,0.00244,1.00000,0.00000,0.00000,0.00000,4422.74903,0.00000 ===
 52.60528|I|libbeamng.print:18052| === LSTM_TRACE t=240 v=14.78 ws=12.61,13.50,12.28,11.96 cmd=0.762,0.758,0.481,0.501 cap=2369,2359,942,980 des=2369,2359,825,857 app=2344,2348,812,843 abs=nil,nil,nil,nil ebrake=1.00 ibrake=1.00 hasABS=0 sy=11.41 split=1.000,0.875 ===
 52.60533|I|libbeamng.print:18052| === LSTM_OBS t=240 12.61155,13.49909,12.27565,11.96012,-0.34313,11.41474,0.00000,-0.00996,0.00000,0.00000,0.00278,1.00000,0.00000,0.00000,0.00000,4386.86590,0.00000 ===
 52.65589|I|libbeamng.print:18052| === LSTM_TRACE t=250 v=14.18 ws=12.00,12.97,11.83,10.78 cmd=0.777,0.760,0.465,0.496 cap=2455,2404,901,956 des=2455,2404,789,836 app=2430,2393,776,822 abs=nil,nil,nil,nil ebrake=1.00 ibrake=1.00 hasABS=0 sy=11.58 split=1.000,0.875 ===
 52.65598|I|libbeamng.print:18052| === LSTM_OBS t=250 11.99744,12.96560,11.83288,10.77796,-0.25564,11.58100,0.00000,-0.00372,0.00000,0.00000,0.00311,1.00000,0.00000,0.00000,0.00000,4360.82277,0.00000 ===
 52.70724|I|libbeamng.print:18052| === LSTM_TRACE t=260 v=13.58 ws=11.24,12.51,11.81,9.32 cmd=0.769,0.749,0.481,0.516 cap=2407,2343,919,988 des=2407,2343,804,864 app=2384,2332,790,849 abs=nil,nil,nil,nil ebrake=1.00 ibrake=1.00 hasABS=0 sy=11.69 split=1.000,0.875 ===
 52.70728|I|libbeamng.print:18052| === LSTM_OBS t=260 11.24056,12.51395,11.81236,9.31595,-0.17382,11.68699,0.00000,-0.00082,0.00000,0.00000,0.00305,1.00000,0.00000,0.00000,0.00000,4326.32338,0.00000 ===
 52.75640|I|libbeamng.print:18052| === LSTM_TRACE t=270 v=12.99 ws=10.57,11.90,11.82,8.04 cmd=0.767,0.750,0.515,0.547 cap=2308,2263,969,1032 des=2308,2263,848,903 app=2287,2253,833,887 abs=nil,nil,nil,nil ebrake=1.00 ibrake=1.00 hasABS=0 sy=11.70 split=1.000,0.875 ===
 52.75645|I|libbeamng.print:18052| === LSTM_OBS t=270 10.57236,11.90093,11.82168,8.03770,-0.10111,11.70362,0.00000,0.00804,0.00000,0.00000,0.00375,1.00000,0.00000,0.00000,0.00000,4269.67491,0.00000 ===
 52.80521|I|libbeamng.print:18052| === LSTM_TRACE t=280 v=12.43 ws=10.10,11.51,12.03,7.22 cmd=0.767,0.754,0.543,0.568 cap=2168,2146,1030,1087 des=2168,2146,902,951 app=2148,2136,886,933 abs=nil,nil,nil,nil ebrake=1.00 ibrake=1.00 hasABS=0 sy=11.67 split=1.000,0.875 ===
 52.80525|I|libbeamng.print:18052| === LSTM_OBS t=280 10.09690,11.51291,12.03203,7.21969,-0.02661,11.66856,0.00000,0.01034,0.00000,0.00000,0.00335,1.00000,0.00000,0.00000,0.00000,4171.35860,0.00000 ===
 52.85595|I|libbeamng.print:18052| === LSTM_TRACE t=290 v=11.87 ws=9.43,10.91,11.40,7.02 cmd=0.703,0.689,0.559,0.592 cap=2401,2336,1055,1116 des=2401,2336,923,977 app=2379,2326,906,957 abs=nil,nil,nil,nil ebrake=1.00 ibrake=1.00 hasABS=0 sy=11.54 split=1.000,0.875 ===
 52.85602|I|libbeamng.print:18052| === LSTM_OBS t=290 9.42942,10.91265,11.40074,7.01826,0.04222,11.54044,0.00000,0.01730,0.00000,0.00000,0.00311,1.00000,0.00000,0.00000,0.00000,4040.91304,0.00000 ===
 52.90531|I|libbeamng.print:18052| === LSTM_TRACE t=300 v=11.31 ws=8.71,10.68,10.94,6.99 cmd=0.832,0.806,0.581,0.610 cap=2130,2110,1135,1195 des=2130,2110,993,1045 app=2110,2101,975,1024 abs=nil,nil,nil,nil ebrake=1.00 ibrake=1.00 hasABS=0 sy=11.43 split=1.000,0.875 ===
 52.90535|I|libbeamng.print:18052| === LSTM_OBS t=300 8.70590,10.68002,10.94337,6.99070,0.06509,11.42915,0.00000,0.01257,0.00000,0.00000,0.00254,1.00000,0.00000,0.00000,0.00000,3903.56859,0.00000 ===
 52.95501|I|libbeamng.print:18052| === LSTM_TRACE t=310 v=10.75 ws=7.62,10.04,10.32,7.01 cmd=0.517,0.538,0.601,0.642 cap=2355,2278,1204,1288 des=2355,2278,1054,1127 app=2333,2267,1034,1103 abs=nil,nil,nil,nil ebrake=1.00 ibrake=1.00 hasABS=0 sy=11.34 split=1.000,0.875 ===
 52.95506|I|libbeamng.print:18052| === LSTM_OBS t=310 7.61615,10.04118,10.32387,7.01255,0.06543,11.34465,0.00000,0.01575,0.00000,0.00000,0.00216,1.00000,0.00000,0.00000,0.00000,3762.62319,0.00000 ===
 53.00587|I|libbeamng.print:18052| === LSTM_TRACE t=320 v=10.19 ws=7.41,9.73,9.86,6.72 cmd=0.807,0.777,0.644,0.692 cap=2521,2449,1233,1306 des=2521,2449,1079,1143 app=2199,2250,1059,1118 abs=nil,nil,nil,nil ebrake=1.00 ibrake=1.00 hasABS=0 sy=11.28 split=1.000,0.875 ===
 53.00592|I|libbeamng.print:18052| === LSTM_OBS t=320 7.41387,9.73404,9.85942,6.71914,0.03272,11.27832,0.00000,0.01737,0.00000,0.00000,0.00307,1.00000,0.00000,0.00000,0.00000,3614.98901,0.00000 ===
 53.05493|I|libbeamng.print:18052| === LSTM_TRACE t=330 v=9.65 ws=7.06,8.85,9.07,6.52 cmd=0.592,0.594,0.654,0.709 cap=1813,1809,1298,1413 des=1813,1809,1135,1236 app=2130,2043,1115,1209 abs=nil,nil,nil,nil ebrake=1.00 ibrake=1.00 hasABS=0 sy=11.20 split=1.000,0.875 ===
 53.05497|I|libbeamng.print:18052| === LSTM_OBS t=330 7.05639,8.84842,9.07340,6.51901,-0.02670,11.20448,0.00000,0.01984,0.00000,0.00000,0.00256,1.00000,0.00000,0.00000,0.00000,3461.96622,0.00000 ===
 53.10637|I|libbeamng.print:18052| === LSTM_TRACE t=340 v=9.08 ws=6.91,8.70,8.80,6.33 cmd=0.840,0.801,0.684,0.739 cap=2462,2374,1282,1372 des=2462,2374,1122,1200 app=2200,2205,1101,1174 abs=nil,nil,nil,nil ebrake=1.00 ibrake=1.00 hasABS=0 sy=11.23 split=1.000,0.875 ===
 53.10642|I|libbeamng.print:18052| === LSTM_OBS t=340 6.90767,8.70269,8.79566,6.32733,-0.07006,11.22677,0.00000,0.01710,0.00000,0.00000,0.00322,1.00000,0.00000,0.00000,0.00000,3305.77207,0.00000 ===
 53.15528|I|libbeamng.print:18052| === LSTM_TRACE t=350 v=8.51 ws=6.01,8.02,8.04,6.28 cmd=0.517,0.525,0.668,0.723 cap=2085,1991,1338,1457 des=2085,1991,1170,1275 app=2209,2083,1149,1247 abs=nil,nil,nil,nil ebrake=1.00 ibrake=1.00 hasABS=0 sy=11.23 split=1.000,0.875 ===
 53.15537|I|libbeamng.print:18052| === LSTM_OBS t=350 6.01323,8.02308,8.04154,6.28159,-0.11947,11.23119,0.00000,0.01721,0.00000,0.00000,0.00124,1.00000,0.00000,0.00000,0.00000,3147.84715,0.00000 ===
 53.20528|I|libbeamng.print:18052| === LSTM_TRACE t=360 v=7.95 ws=6.25,7.97,7.48,5.99 cmd=0.898,0.859,0.709,0.765 cap=2352,2263,1336,1430 des=2352,2263,1169,1251 app=2187,2083,1147,1223 abs=nil,nil,nil,nil ebrake=1.00 ibrake=1.00 hasABS=0 sy=11.26 split=1.000,0.875 ===
 53.20533|I|libbeamng.print:18052| === LSTM_OBS t=360 6.24854,7.97318,7.48430,5.99292,-0.13471,11.26065,0.00000,0.02146,0.00000,0.00000,0.00384,1.00000,0.00000,0.00000,0.00000,2988.96345,0.00000 ===
 53.25532|I|libbeamng.print:18052| === LSTM_TRACE t=370 v=7.37 ws=6.11,6.68,7.15,5.84 cmd=0.586,0.567,0.690,0.755 cap=2273,2124,1363,1499 des=2273,2124,1193,1311 app=2248,2111,1170,1281 abs=nil,nil,nil,nil ebrake=1.00 ibrake=1.00 hasABS=0 sy=11.25 split=1.000,0.875 ===
 53.25536|I|libbeamng.print:18052| === LSTM_OBS t=370 6.11475,6.68214,7.15225,5.84163,-0.18458,11.25224,0.00000,0.02312,0.00000,0.00000,0.00280,1.00000,0.00000,0.00000,0.00000,2829.72110,0.00000 ===
 53.30587|I|libbeamng.print:18052| === LSTM_TRACE t=380 v=6.81 ws=6.13,6.58,6.32,5.91 cmd=0.866,0.816,0.710,0.770 cap=2522,2386,1347,1455 des=2522,2386,1179,1273 app=2243,2131,1156,1244 abs=nil,nil,nil,nil ebrake=1.00 ibrake=1.00 hasABS=0 sy=11.31 split=1.000,0.875 ===
 53.30591|I|libbeamng.print:18052| === LSTM_OBS t=380 6.13181,6.57778,6.31580,5.91394,-0.21167,11.31412,0.00000,0.01710,0.00000,0.00000,0.00198,1.00000,0.00000,0.00000,0.00000,2672.49172,0.00000 ===
 53.35513|I|libbeamng.print:18052| === LSTM_TRACE t=390 v=6.24 ws=5.37,5.58,5.92,5.65 cmd=0.518,0.507,0.725,0.781 cap=2241,2080,1418,1531 des=2241,2080,1241,1340 app=2266,2120,1216,1309 abs=nil,nil,nil,nil ebrake=1.00 ibrake=1.00 hasABS=0 sy=11.36 split=1.000,0.875 ===
 53.35518|I|libbeamng.print:18052| === LSTM_OBS t=390 5.36723,5.57523,5.92040,5.65028,-0.19210,11.35595,0.00000,0.00482,0.00000,0.00000,0.00261,1.00000,0.00000,0.00000,0.00000,2518.89856,0.00000 ===
 53.40756|I|libbeamng.print:18052| === LSTM_TRACE t=400 v=5.67 ws=5.13,5.63,5.36,5.16 cmd=0.875,0.824,0.757,0.815 cap=2393,2282,1450,1538 des=2393,2282,1268,1346 app=2265,2119,1243,1315 abs=nil,nil,nil,nil ebrake=1.00 ibrake=1.00 hasABS=0 sy=11.41 split=1.000,0.875 ===
 53.40763|I|libbeamng.print:18052| === LSTM_OBS t=400 5.12788,5.63330,5.36337,5.16466,-0.19651,11.41300,0.00000,0.00176,0.00000,0.00000,0.00490,1.00000,0.00000,0.00000,0.00000,2360.22552,0.00000 ===
 53.45569|I|libbeamng.print:18052| === LSTM_TRACE t=410 v=5.11 ws=4.57,4.75,4.82,4.71 cmd=0.550,0.530,0.767,0.822 cap=2532,2366,1508,1611 des=2532,2366,1319,1410 app=2500,2347,1292,1377 abs=nil,nil,nil,nil ebrake=1.00 ibrake=1.00 hasABS=0 sy=11.41 split=1.000,0.875 ===
 53.45573|I|libbeamng.print:18052| === LSTM_OBS t=410 4.57194,4.74852,4.82018,4.70953,-0.22063,11.41331,0.00000,0.00127,0.00000,0.00000,0.00350,1.00000,0.00000,0.00000,0.00000,2187.21195,0.00000 ===
 53.50568|I|libbeamng.print:18052| === LSTM_TRACE t=420 v=4.56 ws=4.28,4.26,4.37,4.43 cmd=0.807,0.773,0.764,0.805 cap=1293,1343,1486,1574 des=1293,1343,1301,1377 app=1749,1593,1273,1345 abs=nil,nil,nil,nil ebrake=1.00 ibrake=1.00 hasABS=0 sy=11.26 split=1.000,0.875 ===
 53.50572|I|libbeamng.print:18052| === LSTM_OBS t=420 4.28101,4.26058,4.37198,4.42957,-0.19458,11.26241,0.00000,0.00294,0.00000,0.00000,0.00176,1.00000,0.00000,0.00000,0.00000,1995.04574,0.00000 ===
 53.55512|I|libbeamng.print:18052| === LSTM_TRACE t=430 v=4.03 ws=3.75,3.88,3.88,3.68 cmd=0.826,0.773,0.727,0.781 cap=2323,2185,1432,1530 des=2323,2185,1253,1339 app=2075,1968,1226,1306 abs=nil,nil,nil,nil ebrake=1.00 ibrake=1.00 hasABS=0 sy=11.04 split=1.000,0.875 ===
 53.55516|I|libbeamng.print:18052| === LSTM_OBS t=430 3.74636,3.88062,3.87796,3.67792,-0.14224,11.03890,0.00000,0.00108,0.00000,0.00000,0.00389,1.00000,0.00000,0.00000,0.00000,1791.73559,0.00000 ===
 53.60529|I|libbeamng.print:18052| === LSTM_TRACE t=440 v=3.54 ws=3.10,3.22,3.26,3.19 cmd=0.544,0.556,0.674,0.713 cap=1736,1725,1314,1397 des=1736,1725,1150,1222 app=1875,1783,1125,1192 abs=nil,nil,nil,nil ebrake=1.00 ibrake=1.00 hasABS=0 sy=10.83 split=1.000,0.875 ===
 53.60533|I|libbeamng.print:18052| === LSTM_OBS t=440 3.09927,3.22262,3.25942,3.19427,-0.12844,10.82838,0.00000,0.00460,0.00000,0.00000,0.00069,1.00000,0.00000,0.00000,0.00000,1589.78793,0.00000 ===
 53.65505|I|libbeamng.print:18052| === LSTM_TRACE t=450 v=3.02 ws=3.25,3.31,2.86,2.87 cmd=0.854,0.831,0.650,0.687 cap=2255,2272,1276,1318 des=2255,2272,1117,1153 app=2043,1936,1091,1124 abs=nil,nil,nil,nil ebrake=1.00 ibrake=1.00 hasABS=0 sy=10.62 split=1.000,0.875 ===
 53.65509|I|libbeamng.print:18052| === LSTM_OBS t=450 3.24752,3.30609,2.85565,2.86670,-0.06544,10.61977,0.00000,0.01062,0.00000,0.00000,0.00183,1.00000,0.00000,0.00000,0.00000,1402.79047,0.00000 ===
 53.70520|I|libbeamng.print:18052| === LSTM_TRACE t=460 v=2.53 ws=2.58,2.68,2.33,2.27 cmd=0.887,0.860,0.669,0.714 cap=2888,2835,1315,1389 des=2888,2835,1150,1215 app=2384,2335,1123,1184 abs=nil,nil,nil,nil ebrake=1.00 ibrake=1.00 hasABS=0 sy=10.39 split=1.000,0.875 ===
 53.70524|I|libbeamng.print:18052| === LSTM_OBS t=460 2.57680,2.67669,2.33462,2.26884,-0.07927,10.39216,0.00000,-0.00144,0.00000,0.00000,0.00369,1.00000,0.00000,0.00000,0.00000,1214.98501,0.00000 ===
 53.75560|I|libbeamng.print:18052| === LSTM_TRACE t=470 v=2.02 ws=0.15,0.07,1.24,1.31 cmd=0.988,0.979,0.811,0.818 cap=3036,3005,1551,1580 des=3036,3005,1357,1382 app=2984,2968,1324,1346 abs=nil,nil,nil,nil ebrake=1.00 ibrake=1.00 hasABS=0 sy=10.32 split=1.000,0.875 ===
 53.75564|I|libbeamng.print:18052| === LSTM_OBS t=470 0.15366,0.06538,1.24247,1.31102,-0.03817,10.32134,0.00000,-0.00459,0.00000,0.00000,0.00764,1.00000,0.00000,0.00000,0.00000,1023.87698,0.00000 ===
 53.80584|I|libbeamng.print:18052| === LSTM_TRACE t=480 v=1.47 ws=0.04,0.00,0.53,0.56 cmd=0.992,0.988,0.834,0.849 cap=3072,3058,1602,1635 des=3072,3058,1402,1431 app=3016,3017,1367,1391 abs=nil,nil,nil,nil ebrake=1.00 ibrake=1.00 hasABS=0 sy=10.44 split=1.000,0.875 ===
 53.80589|I|libbeamng.print:18052| === LSTM_OBS t=480 0.03629,0.00043,0.52988,0.55932,-0.03384,10.44335,0.00000,-0.00653,0.00000,0.00000,0.00448,1.00000,0.00000,0.00000,0.00000,833.68042,0.00000 ===
 53.85606|I|libbeamng.print:18052| === LSTM_TRACE t=490 v=0.91 ws=0.00,0.01,0.09,0.02 cmd=0.997,0.995,0.869,0.871 cap=3091,3083,1688,1692 des=3091,3083,1477,1480 app=3031,3039,1438,1438 abs=nil,nil,nil,nil ebrake=1.00 ibrake=1.00 hasABS=0 sy=10.62 split=1.000,0.875 ===
 53.85610|I|libbeamng.print:18052| === LSTM_OBS t=490 0.00181,0.01050,0.09065,0.01946,-0.03800,10.61814,0.00000,-0.00087,0.00000,0.00000,0.00406,1.00000,0.00000,0.00000,0.00000,735.95773,0.00000 ===
 84.14788|I|libbeamng.print:18052| === LSTM_TRACE t=0 v=27.71 ws=27.68,27.78,27.42,27.48 cmd=0.917,0.885,0.486,0.473 cap=155,155,97,97 des=155,155,85,85 app=148,149,81,81 abs=nil,nil,nil,nil ebrake=1.00 ibrake=1.00 hasABS=0 sy=1.57 split=1.000,0.875 ===
 84.14796|I|libbeamng.print:18052| === LSTM_OBS t=0 27.68307,27.78189,27.42066,27.48061,0.03060,1.57180,0.00000,0.00661,0.00000,0.00000,0.00000,1.00000,0.00000,0.00000,0.00000,7857.57498,0.00000 ===
 84.19793|I|libbeamng.print:18052| === LSTM_TRACE t=10 v=27.48 ws=27.22,27.22,26.83,26.89 cmd=0.249,0.287,0.405,0.391 cap=728,849,774,734 des=728,849,678,643 app=697,818,651,616 abs=nil,nil,nil,nil ebrake=1.00 ibrake=1.00 hasABS=0 sy=2.03 split=1.000,0.875 ===
 84.19798|I|libbeamng.print:18052| === LSTM_OBS t=10 27.21646,27.22321,26.83114,26.88736,-0.00063,2.02521,0.00000,0.00270,0.00000,0.00000,0.00287,1.00000,0.00000,0.00000,0.00000,7783.01271,0.00000 ===
 84.21854|I|libbeamng.print:18052| === LSTM_ABS DBG raw=26.8588,26.8491,26.6380,26.6513,-0.0078,2.3537,0.0000,0.0007,0.0000,0.0000,0.0014,1.0000,0.0000,0.0000,0.0000,7725.1872,0.0000 ===
 84.21858|I|libbeamng.print:18052| === LSTM_ABS DBG norm=0.59,0.53,0.53,0.51,-0.16,-2.17,0.00,0.03,0.06,-0.06,-0.06,0.59,-0.02,0.00,0.00,3.83,0.00 ===
 84.21859|I|libbeamng.print:18052| === LSTM_ABS DBG cmd=0.3391,0.3658,0.4423,0.4427 ===
 84.24808|I|libbeamng.print:18052| === LSTM_TRACE t=20 v=27.17 ws=26.18,26.25,26.34,26.42 cmd=0.512,0.515,0.532,0.538 cap=1461,1490,999,1009 des=1461,1490,874,883 app=1407,1442,844,852 abs=nil,nil,nil,nil ebrake=1.00 ibrake=1.00 hasABS=0 sy=2.92 split=1.000,0.875 ===
 84.24813|I|libbeamng.print:18052| === LSTM_OBS t=20 26.18191,26.25215,26.33730,26.41523,0.01629,2.92139,0.00000,-0.00101,0.00000,0.00000,0.00124,1.00000,0.00000,0.00000,0.00000,7631.52822,0.00000 ===
 84.29776|I|libbeamng.print:18052| === LSTM_TRACE t=30 v=26.70 ws=24.73,25.03,25.51,25.75 cmd=0.759,0.730,0.744,0.742 cap=2303,2216,1415,1412 des=2303,2216,1238,1236 app=2233,2158,1204,1200 abs=nil,nil,nil,nil ebrake=1.00 ibrake=1.00 hasABS=0 sy=4.35 split=1.000,0.875 ===
 84.29783|I|libbeamng.print:18052| === LSTM_OBS t=30 24.73417,25.03059,25.51459,25.74836,0.01512,4.34931,0.00000,0.00015,0.00000,0.00000,0.00239,1.00000,0.00000,0.00000,0.00000,7451.16524,0.00000 ===
 84.34833|I|libbeamng.print:18052| === LSTM_TRACE t=40 v=26.13 ws=23.05,23.98,24.53,24.83 cmd=0.806,0.783,0.796,0.788 cap=2491,2418,1546,1530 des=2491,2418,1353,1339 app=2432,2369,1323,1308 abs=nil,nil,nil,nil ebrake=1.00 ibrake=1.00 hasABS=0 sy=6.05 split=1.000,0.875 ===
 84.34838|I|libbeamng.print:18052| === LSTM_OBS t=40 23.04868,23.97599,24.53488,24.82878,-0.02993,6.05053,0.00000,0.00602,0.00000,0.00000,0.00311,1.00000,0.00000,0.00000,0.00000,7209.80737,0.00000 ===
 84.39756|I|libbeamng.print:18052| === LSTM_TRACE t=50 v=25.55 ws=21.24,23.50,23.51,24.15 cmd=0.808,0.787,0.779,0.772 cap=2523,2453,1515,1503 des=2523,2453,1326,1316 app=2476,2415,1303,1291 abs=nil,nil,nil,nil ebrake=1.00 ibrake=1.00 hasABS=0 sy=7.60 split=1.000,0.875 ===
 84.39761|I|libbeamng.print:18052| === LSTM_OBS t=50 21.23880,23.50159,23.50589,24.14633,0.01464,7.60206,0.00000,-0.00568,0.00000,0.00000,0.00216,1.00000,0.00000,0.00000,0.00000,6942.80113,0.00000 ===
 84.44857|I|libbeamng.print:18052| === LSTM_TRACE t=60 v=24.96 ws=18.98,23.02,22.58,23.42 cmd=0.801,0.784,0.749,0.750 cap=2482,2426,1459,1463 des=2482,2426,1277,1280 app=2446,2397,1259,1261 abs=nil,nil,nil,nil ebrake=1.00 ibrake=1.00 hasABS=0 sy=8.80 split=1.000,0.875 ===
 84.44863|I|libbeamng.print:18052| === LSTM_OBS t=60 18.97597,23.01977,22.57864,23.42151,0.01833,8.79578,0.00000,-0.01156,0.00000,0.00000,0.00210,1.00000,0.00000,0.00000,0.00000,6699.61263,0.00000 ===
 84.49756|I|libbeamng.print:18052| === LSTM_TRACE t=70 v=24.37 ws=16.21,22.89,21.92,22.78 cmd=0.665,0.674,0.751,0.763 cap=2108,2100,1438,1471 des=2108,2100,1258,1287 app=2106,2081,1243,1271 abs=nil,nil,nil,nil ebrake=1.00 ibrake=1.00 hasABS=0 sy=9.65 split=1.000,0.875 ===
 84.49760|I|libbeamng.print:18052| === LSTM_OBS t=70 16.20957,22.88848,21.91845,22.78045,0.05474,9.64775,0.00000,-0.00778,0.00000,0.00000,0.00210,1.00000,0.00000,0.00000,0.00000,6483.72691,0.00000 ===
 84.54819|I|libbeamng.print:18052| === LSTM_TRACE t=80 v=23.82 ws=14.63,22.77,21.55,21.72 cmd=0.802,0.791,0.747,0.766 cap=2385,2391,1435,1465 des=2385,2391,1256,1282 app=2127,2262,1243,1268 abs=nil,nil,nil,nil ebrake=1.00 ibrake=1.00 hasABS=0 sy=10.20 split=1.000,0.875 ===
 84.54827|I|libbeamng.print:18052| === LSTM_OBS t=80 14.62814,22.77192,21.55221,21.71753,0.10376,10.20320,0.00000,-0.04375,0.00000,0.00000,0.00305,1.00000,0.00000,0.00000,0.00000,6280.96544,0.00000 ===
 84.59787|I|libbeamng.print:18052| === LSTM_TRACE t=90 v=23.26 ws=13.06,22.12,21.29,20.42 cmd=0.684,0.695,0.740,0.762 cap=2134,2183,1474,1504 des=2134,2183,1289,1316 app=2112,2171,1278,1305 abs=nil,nil,nil,nil ebrake=1.00 ibrake=1.00 hasABS=0 sy=10.50 split=1.000,0.875 ===
 84.59791|I|libbeamng.print:18052| === LSTM_OBS t=90 13.05697,22.12282,21.29358,20.41820,0.16605,10.49667,0.00000,-0.03614,0.00000,0.00000,0.00307,1.00000,0.00000,0.00000,0.00000,6080.54306,0.00000 ===
 84.64809|I|libbeamng.print:18052| === LSTM_TRACE t=100 v=22.71 ws=11.93,21.40,21.38,19.05 cmd=0.586,0.614,0.755,0.773 cap=2143,2181,1470,1504 des=2143,2181,1286,1316 app=2123,2171,1277,1306 abs=nil,nil,nil,nil ebrake=1.00 ibrake=1.00 hasABS=0 sy=10.67 split=1.000,0.875 ===
 84.64815|I|libbeamng.print:18052| === LSTM_OBS t=100 11.92773,21.39720,21.38047,19.05162,0.23832,10.67397,0.00000,-0.02951,0.00000,0.00000,0.00244,1.00000,0.00000,0.00000,0.00000,5883.59651,0.00000 ===
 84.69835|I|libbeamng.print:18052| === LSTM_TRACE t=110 v=22.15 ws=11.07,21.16,21.13,17.74 cmd=0.680,0.700,0.780,0.784 cap=1743,1838,1477,1503 des=1743,1838,1292,1315 app=1740,1831,1284,1306 abs=nil,nil,nil,nil ebrake=1.00 ibrake=1.00 hasABS=0 sy=10.78 split=1.000,0.875 ===
 84.69839|I|libbeamng.print:18052| === LSTM_OBS t=110 11.06771,21.15782,21.13027,17.74385,0.33901,10.77634,0.00000,0.00069,0.00000,0.00000,0.00256,1.00000,0.00000,0.00000,0.00000,5679.54298,0.00000 ===
 84.74817|I|libbeamng.print:18052| === LSTM_TRACE t=120 v=21.61 ws=10.46,20.65,20.72,16.96 cmd=0.682,0.693,0.768,0.772 cap=1996,2058,1482,1490 des=1996,2058,1296,1304 app=1979,2052,1290,1296 abs=nil,nil,nil,nil ebrake=1.00 ibrake=1.00 hasABS=0 sy=10.81 split=1.000,0.875 ===
 84.74821|I|libbeamng.print:18052| === LSTM_OBS t=120 10.45971,20.64576,20.71800,16.95553,0.42322,10.81051,0.00000,0.01972,0.00000,0.00000,0.00297,1.00000,0.00000,0.00000,0.00000,5467.03846,0.00000 ===
 84.79796|I|libbeamng.print:18052| === LSTM_TRACE t=130 v=21.08 ws=9.82,19.96,20.20,15.65 cmd=0.615,0.642,0.752,0.751 cap=1970,2045,1486,1476 des=1970,2045,1300,1291 app=1953,2040,1295,1284 abs=nil,nil,nil,nil ebrake=1.00 ibrake=1.00 hasABS=0 sy=10.80 split=1.000,0.875 ===
 84.79800|I|libbeamng.print:18052| === LSTM_OBS t=130 9.82297,19.96094,20.20445,15.64596,0.45869,10.80357,0.00000,0.02755,0.00000,0.00000,0.00305,1.00000,0.00000,0.00000,0.00000,5255.89892,0.00000 ===
 84.84814|I|libbeamng.print:18052| === LSTM_TRACE t=140 v=20.54 ws=9.13,19.63,19.62,14.93 cmd=0.621,0.661,0.746,0.732 cap=1410,1566,1404,1402 des=1410,1566,1229,1226 app=1757,1818,1224,1220 abs=nil,nil,nil,nil ebrake=1.00 ibrake=1.00 hasABS=0 sy=10.78 split=1.000,0.875 ===
 84.84818|I|libbeamng.print:18052| === LSTM_OBS t=140 9.13084,19.63352,19.62344,14.92935,0.43514,10.78402,0.00000,0.02609,0.00000,0.00000,0.00261,1.00000,0.00000,0.00000,0.00000,5057.49246,0.00000 ===
 84.89775|I|libbeamng.print:18052| === LSTM_TRACE t=150 v=19.99 ws=8.81,19.30,19.10,14.69 cmd=0.729,0.749,0.663,0.653 cap=1514,1729,1352,1330 des=1514,1729,1183,1164 app=1501,1727,1179,1158 abs=nil,nil,nil,nil ebrake=1.00 ibrake=1.00 hasABS=0 sy=10.79 split=1.000,0.875 ===
 84.89779|I|libbeamng.print:18052| === LSTM_OBS t=150 8.81336,19.29627,19.10296,14.68724,0.36776,10.78588,0.00000,0.04266,0.00000,0.00000,0.00204,1.00000,0.00000,0.00000,0.00000,4882.97933,0.00000 ===
 84.94834|I|libbeamng.print:18052| === LSTM_TRACE t=160 v=19.45 ws=8.83,18.69,18.43,14.36 cmd=0.645,0.682,0.582,0.576 cap=2011,2135,1196,1171 des=2011,2135,1046,1024 app=1966,2133,1043,1019 abs=nil,nil,nil,nil ebrake=1.00 ibrake=1.00 hasABS=0 sy=10.79 split=1.000,0.875 ===
 84.94838|I|libbeamng.print:18052| === LSTM_OBS t=160 8.82809,18.69232,18.43460,14.35547,0.26612,10.79376,0.00000,0.04557,0.00000,0.00000,0.00239,1.00000,0.00000,0.00000,0.00000,4746.65805,0.00000 ===
 84.99785|I|libbeamng.print:18052| === LSTM_TRACE t=170 v=18.91 ws=8.86,17.95,18.02,14.75 cmd=0.456,0.524,0.522,0.524 cap=2098,2201,1013,1004 des=2098,2201,886,878 app=2080,2200,883,873 abs=nil,nil,nil,nil ebrake=1.00 ibrake=1.00 hasABS=0 sy=10.79 split=1.000,0.875 ===
 84.99789|I|libbeamng.print:18052| === LSTM_OBS t=170 8.85979,17.95142,18.02016,14.75462,0.13290,10.79422,0.00000,0.04288,0.00000,0.00000,0.00342,1.00000,0.00000,0.00000,0.00000,4662.28477,0.00000 ===
 85.04837|I|libbeamng.print:18052| === LSTM_TRACE t=180 v=18.36 ws=9.58,17.55,17.19,14.95 cmd=0.533,0.588,0.489,0.491 cap=2046,2158,939,941 des=2046,2158,821,823 app=2028,2157,818,818 abs=nil,nil,nil,nil ebrake=1.00 ibrake=1.00 hasABS=0 sy=10.81 split=1.000,0.875 ===
 85.04842|I|libbeamng.print:18052| === LSTM_OBS t=180 9.58197,17.55394,17.19436,14.94765,-0.02073,10.80662,0.00000,0.03077,0.00000,0.00000,0.00224,1.00000,0.00000,0.00000,0.00000,4617.57927,0.00000 ===
 85.09777|I|libbeamng.print:18052| === LSTM_TRACE t=190 v=17.82 ws=10.33,16.89,16.31,15.80 cmd=0.540,0.589,0.473,0.482 cap=2208,2294,900,904 des=2208,2294,787,791 app=1990,2233,784,786 abs=nil,nil,nil,nil ebrake=1.00 ibrake=1.00 hasABS=0 sy=10.84 split=1.000,0.875 ===
 85.09781|I|libbeamng.print:18052| === LSTM_OBS t=190 10.33427,16.89179,16.30857,15.79695,-0.18185,10.83533,0.00000,0.02963,0.00000,0.00000,0.00261,1.00000,0.00000,0.00000,0.00000,4590.10188,0.00000 ===
 85.14817|I|libbeamng.print:18052| === LSTM_TRACE t=200 v=17.27 ws=10.96,16.23,15.86,16.18 cmd=0.458,0.528,0.491,0.502 cap=2293,2351,913,928 des=2293,2351,799,812 app=2274,2351,795,807 abs=nil,nil,nil,nil ebrake=1.00 ibrake=1.00 hasABS=0 sy=10.87 split=1.000,0.875 ===
 85.14827|I|libbeamng.print:18052| === LSTM_OBS t=200 10.96244,16.23264,15.86463,16.18012,-0.35646,10.87178,0.00000,0.02080,0.00000,0.00000,0.00210,1.00000,0.00000,0.00000,0.00000,4566.67966,0.00000 ===
 85.19807|I|libbeamng.print:18052| === LSTM_TRACE t=210 v=16.73 ws=11.84,15.80,15.19,16.25 cmd=0.741,0.779,0.496,0.494 cap=1271,1606,982,990 des=1271,1606,859,866 app=1506,1712,856,861 abs=nil,nil,nil,nil ebrake=1.00 ibrake=1.00 hasABS=0 sy=10.85 split=1.000,0.875 ===
 85.19812|I|libbeamng.print:18052| === LSTM_OBS t=210 11.83880,15.79595,15.18839,16.25371,-0.55752,10.84605,0.00000,-0.01404,0.00000,0.00000,0.00239,1.00000,0.00000,0.00000,0.00000,4517.53510,0.00000 ===
 85.24823|I|libbeamng.print:18052| === LSTM_TRACE t=220 v=16.19 ws=12.48,14.81,13.05,15.42 cmd=0.638,0.696,0.552,0.559 cap=2354,2427,1043,1056 des=2354,2427,913,924 app=2336,2427,909,918 abs=nil,nil,nil,nil ebrake=1.00 ibrake=1.00 hasABS=0 sy=10.84 split=1.000,0.875 ===
 85.24827|I|libbeamng.print:18052| === LSTM_OBS t=220 12.48142,14.81008,13.05096,15.42250,-0.64741,10.83677,0.00000,-0.02893,0.00000,0.00000,0.00256,1.00000,0.00000,0.00000,0.00000,4475.60553,0.00000 ===
 85.29799|I|libbeamng.print:18052| === LSTM_TRACE t=230 v=15.62 ws=11.76,14.41,11.61,14.66 cmd=0.711,0.743,0.523,0.532 cap=2272,2363,1023,1036 des=2272,2363,895,907 app=2256,2363,890,901 abs=nil,nil,nil,nil ebrake=1.00 ibrake=1.00 hasABS=0 sy=10.94 split=1.000,0.875 ===
 85.29804|I|libbeamng.print:18052| === LSTM_OBS t=230 11.75923,14.40716,11.60893,14.65964,-0.59475,10.94097,0.00000,-0.03437,0.00000,0.00000,0.00204,1.00000,0.00000,0.00000,0.00000,4432.36959,0.00000 ===
 85.34822|I|libbeamng.print:18052| === LSTM_TRACE t=240 v=15.04 ws=10.95,13.62,10.15,13.82 cmd=0.677,0.704,0.541,0.557 cap=2269,2307,1017,1053 des=2269,2307,890,921 app=2254,2307,885,915 abs=nil,nil,nil,nil ebrake=1.00 ibrake=1.00 hasABS=0 sy=11.07 split=1.000,0.875 ===
 85.34826|I|libbeamng.print:18052| === LSTM_OBS t=240 10.95471,13.62152,10.15041,13.81654,-0.51295,11.07075,0.00000,-0.03367,0.00000,0.00000,0.00322,1.00000,0.00000,0.00000,0.00000,4380.53534,0.00000 ===
 85.39903|I|libbeamng.print:18052| === LSTM_TRACE t=250 v=14.47 ws=9.94,13.23,9.24,12.96 cmd=0.748,0.751,0.565,0.582 cap=2234,2247,1073,1111 des=2234,2247,939,972 app=2220,2247,933,966 abs=nil,nil,nil,nil ebrake=1.00 ibrake=1.00 hasABS=0 sy=11.21 split=1.000,0.875 ===
 85.39915|I|libbeamng.print:18052| === LSTM_OBS t=250 9.93998,13.22753,9.23778,12.96465,-0.39978,11.21238,0.00000,-0.04102,0.00000,0.00000,0.00335,1.00000,0.00000,0.00000,0.00000,4312.82733,0.00000 ===
 85.44828|I|libbeamng.print:18052| === LSTM_TRACE t=260 v=13.89 ws=8.27,12.74,8.34,11.91 cmd=0.637,0.642,0.604,0.623 cap=2466,2420,1159,1192 des=2466,2420,1014,1043 app=2452,2420,1008,1036 abs=nil,nil,nil,nil ebrake=1.00 ibrake=1.00 hasABS=0 sy=11.28 split=1.000,0.875 ===
 85.44832|I|libbeamng.print:18052| === LSTM_OBS t=260 8.26831,12.73901,8.33528,11.90729,-0.26040,11.28023,0.00000,-0.04154,0.00000,0.00000,0.00204,1.00000,0.00000,0.00000,0.00000,4222.86980,0.00000 ===
 85.49826|I|libbeamng.print:18052| === LSTM_TRACE t=270 v=13.34 ws=6.35,12.39,7.55,11.07 cmd=0.665,0.647,0.692,0.707 cap=2420,2337,1343,1363 des=2420,2337,1175,1193 app=2405,2337,1168,1185 abs=nil,nil,nil,nil ebrake=1.00 ibrake=1.00 hasABS=0 sy=11.26 split=1.000,0.875 ===
 85.49830|I|libbeamng.print:18052| === LSTM_OBS t=270 6.34560,12.39341,7.55224,11.06993,-0.12814,11.25993,0.00000,-0.04282,0.00000,0.00000,0.00224,1.00000,0.00000,0.00000,0.00000,4100.06648,0.00000 ===
 85.54816|I|libbeamng.print:18052| === LSTM_TRACE t=280 v=12.80 ws=5.21,12.28,7.19,10.79 cmd=0.816,0.780,0.763,0.764 cap=1767,1749,1464,1469 des=1767,1749,1281,1286 app=1756,1749,1273,1277 abs=nil,nil,nil,nil ebrake=1.00 ibrake=1.00 hasABS=0 sy=11.16 split=1.000,0.875 ===
 85.54820|I|libbeamng.print:18052| === LSTM_OBS t=280 5.21356,12.28297,7.19456,10.78703,0.00874,11.15822,0.00000,-0.04418,0.00000,0.00000,0.00216,1.00000,0.00000,0.00000,0.00000,3929.83099,0.00000 ===
 85.59784|I|libbeamng.print:18052| === LSTM_TRACE t=290 v=12.27 ws=4.12,11.71,6.45,10.51 cmd=0.605,0.576,0.784,0.796 cap=2709,2567,1515,1535 des=2709,2567,1325,1343 app=2481,2361,1316,1334 abs=nil,nil,nil,nil ebrake=1.00 ibrake=1.00 hasABS=0 sy=11.03 split=1.000,0.875 ===
 85.59788|I|libbeamng.print:18052| === LSTM_OBS t=290 4.11746,11.71034,6.45235,10.51280,0.09799,11.03009,0.00000,-0.04660,0.00000,0.00000,0.00000,1.00000,0.00000,0.00000,0.00000,3734.76395,0.00000 ===
 85.64799|I|libbeamng.print:18052| === LSTM_TRACE t=300 v=11.74 ws=2.86,11.32,5.73,10.55 cmd=0.712,0.679,0.773,0.786 cap=1267,1320,1521,1541 des=1267,1320,1331,1348 app=1628,1479,1321,1340 abs=nil,nil,nil,nil ebrake=1.00 ibrake=1.00 hasABS=0 sy=10.87 split=1.000,0.875 ===
 85.64804|I|libbeamng.print:18052| === LSTM_OBS t=300 2.85518,11.31966,5.72581,10.54832,0.17348,10.86700,0.00000,-0.04905,0.00000,0.00000,0.00570,1.00000,0.00000,0.00000,0.00000,3538.05155,0.00000 ===
 85.69795|I|libbeamng.print:18052| === LSTM_TRACE t=310 v=11.23 ws=2.25,11.03,4.93,10.30 cmd=0.765,0.721,0.798,0.814 cap=2381,2271,1532,1546 des=2381,2271,1340,1353 app=1760,1822,1330,1345 abs=nil,nil,nil,nil ebrake=1.00 ibrake=1.00 hasABS=0 sy=10.79 split=1.000,0.875 ===
 85.69799|I|libbeamng.print:18052| === LSTM_OBS t=310 2.24828,11.03409,4.92608,10.30447,0.30873,10.78725,0.00000,-0.04569,0.00000,0.00000,0.00285,1.00000,0.00000,0.00000,0.00000,3353.50659,0.00000 ===
 85.74896|I|libbeamng.print:18052| === LSTM_TRACE t=320 v=10.68 ws=1.73,10.11,4.52,9.94 cmd=0.633,0.619,0.788,0.793 cap=1476,1504,1554,1563 des=1476,1504,1360,1368 app=1635,1541,1349,1360 abs=nil,nil,nil,nil ebrake=1.00 ibrake=1.00 hasABS=0 sy=10.75 split=1.000,0.875 ===
 85.74900|I|libbeamng.print:18052| === LSTM_OBS t=320 1.72735,10.11384,4.51989,9.93654,0.41469,10.74910,0.00000,-0.04816,0.00000,0.00000,0.00435,1.00000,0.00000,0.00000,0.00000,3175.82547,0.00000 ===
 85.79777|I|libbeamng.print:18052| === LSTM_TRACE t=330 v=10.15 ws=0.98,9.74,3.98,9.59 cmd=0.585,0.588,0.796,0.802 cap=2026,2032,1567,1562 des=2026,2032,1371,1366 app=1981,2032,1359,1358 abs=nil,nil,nil,nil ebrake=1.00 ibrake=1.00 hasABS=0 sy=10.73 split=1.000,0.875 ===
 85.79781|I|libbeamng.print:18052| === LSTM_OBS t=330 0.97799,9.74180,3.97955,9.59360,0.43695,10.72527,0.00000,-0.04310,0.00000,0.00000,0.00280,1.00000,0.00000,0.00000,0.00000,2997.08416,0.00000 ===
 85.84826|I|libbeamng.print:18052| === LSTM_TRACE t=340 v=9.61 ws=0.72,9.50,3.76,8.63 cmd=0.757,0.720,0.789,0.799 cap=1838,1832,1558,1562 des=1838,1832,1363,1367 app=1820,1832,1351,1359 abs=nil,nil,nil,nil ebrake=1.00 ibrake=1.00 hasABS=0 sy=10.73 split=1.000,0.875 ===
 85.84831|I|libbeamng.print:18052| === LSTM_OBS t=340 0.72461,9.50227,3.75679,8.63276,0.49653,10.72560,0.00000,-0.04886,0.00000,0.00000,0.00350,1.00000,0.00000,0.00000,0.00000,2812.09587,0.00000 ===
 85.89784|I|libbeamng.print:18052| === LSTM_TRACE t=350 v=9.06 ws=0.58,8.66,3.40,8.40 cmd=0.813,0.767,0.802,0.811 cap=2341,2277,1586,1579 des=2341,2277,1387,1381 app=2070,2133,1375,1373 abs=nil,nil,nil,nil ebrake=1.00 ibrake=1.00 hasABS=0 sy=10.80 split=1.000,0.875 ===
 85.89790|I|libbeamng.print:18052| === LSTM_OBS t=350 0.57789,8.66232,3.39914,8.40287,0.45892,10.79661,0.00000,-0.02620,0.00000,0.00000,0.00530,1.00000,0.00000,0.00000,0.00000,2632.69049,0.00000 ===
 85.94842|I|libbeamng.print:18052| === LSTM_TRACE t=360 v=8.53 ws=0.04,7.70,3.27,7.99 cmd=0.753,0.701,0.817,0.811 cap=2164,1979,1562,1565 des=2164,1979,1367,1370 app=2142,1992,1353,1362 abs=nil,nil,nil,nil ebrake=1.00 ibrake=1.00 hasABS=0 sy=10.82 split=1.000,0.875 ===
 85.94847|I|libbeamng.print:18052| === LSTM_OBS t=360 0.03502,7.70217,3.26567,7.99217,0.55969,10.82292,0.00000,-0.06174,0.00000,0.00000,0.00487,1.00000,0.00000,0.00000,0.00000,2439.92874,0.00000 ===
 85.99796|I|libbeamng.print:18052| === LSTM_TRACE t=370 v=7.98 ws=0.01,6.74,2.79,7.14 cmd=0.822,0.755,0.821,0.810 cap=2555,2339,1598,1582 des=2555,2339,1398,1384 app=2525,2339,1384,1376 abs=nil,nil,nil,nil ebrake=1.00 ibrake=1.00 hasABS=0 sy=10.85 split=1.000,0.875 ===
 85.99800|I|libbeamng.print:18052| === LSTM_OBS t=370 0.00817,6.73924,2.78767,7.14366,0.49591,10.84588,0.00000,-0.05647,0.00000,0.00000,0.00448,1.00000,0.00000,0.00000,0.00000,2240.34894,0.00000 ===
 86.04833|I|libbeamng.print:18052| === LSTM_TRACE t=380 v=7.43 ws=0.01,5.17,2.14,7.15 cmd=0.855,0.786,0.823,0.807 cap=2705,2484,1602,1582 des=2705,2484,1402,1384 app=2671,2484,1387,1376 abs=nil,nil,nil,nil ebrake=1.00 ibrake=1.00 hasABS=0 sy=10.87 split=1.000,0.875 ===
 86.04837|I|libbeamng.print:18052| === LSTM_OBS t=380 0.00814,5.17349,2.14294,7.15005,0.47318,10.87281,0.00000,-0.06162,0.00000,0.00000,0.00395,1.00000,0.00000,0.00000,0.00000,2031.43808,0.00000 ===
 86.09842|I|libbeamng.print:18052| === LSTM_TRACE t=390 v=6.86 ws=0.00,2.12,1.17,6.38 cmd=0.894,0.850,0.827,0.808 cap=2792,2624,1604,1573 des=2792,2624,1404,1376 app=2755,2622,1388,1368 abs=nil,nil,nil,nil ebrake=1.00 ibrake=1.00 hasABS=0 sy=10.96 split=1.000,0.875 ===
 86.09846|I|libbeamng.print:18052| === LSTM_OBS t=390 0.00309,2.11980,1.16787,6.38264,0.45376,10.96445,0.00000,-0.04859,0.00000,0.00000,0.00234,1.00000,0.00000,0.00000,0.00000,1826.80351,0.00000 ===
 86.14768|I|libbeamng.print:18052| === LSTM_TRACE t=400 v=6.30 ws=0.01,0.22,1.58,5.48 cmd=0.994,0.990,0.864,0.864 cap=3079,3062,1678,1667 des=3079,3062,1468,1458 app=3035,3059,1451,1449 abs=nil,nil,nil,nil ebrake=1.00 ibrake=1.00 hasABS=0 sy=10.97 split=1.000,0.875 ===
 86.14774|I|libbeamng.print:18052| === LSTM_OBS t=400 0.00520,0.21733,1.58396,5.48243,0.48703,10.97297,0.00000,-0.02263,0.00000,0.00000,0.00414,1.00000,0.00000,0.00000,0.00000,1608.82138,0.00000 ===
 86.19844|I|libbeamng.print:18052| === LSTM_TRACE t=410 v=5.75 ws=0.00,0.09,0.75,4.87 cmd=0.997,0.993,0.866,0.875 cap=3091,3079,1683,1699 des=3091,3079,1472,1487 app=3045,3074,1454,1477 abs=nil,nil,nil,nil ebrake=1.00 ibrake=1.00 hasABS=0 sy=11.03 split=1.000,0.875 ===
 86.19848|I|libbeamng.print:18052| === LSTM_OBS t=410 0.00359,0.08630,0.75496,4.86634,0.34398,11.03050,0.00000,-0.01773,0.00000,0.00000,0.00450,1.00000,0.00000,0.00000,0.00000,1409.88813,0.00000 ===
 86.24790|I|libbeamng.print:18052| === LSTM_TRACE t=420 v=5.21 ws=0.03,0.01,0.05,4.84 cmd=0.997,0.994,0.871,0.879 cap=3092,3081,1691,1700 des=3092,3081,1480,1488 app=3044,3075,1460,1477 abs=nil,nil,nil,nil ebrake=1.00 ibrake=1.00 hasABS=0 sy=10.97 split=1.000,0.875 ===
 86.24794|I|libbeamng.print:18052| === LSTM_OBS t=420 0.02807,0.01013,0.04781,4.83947,0.27641,10.96819,0.00000,-0.02583,0.00000,0.00000,0.00389,1.00000,0.00000,0.00000,0.00000,1195.15525,0.00000 ===
 86.29778|I|libbeamng.print:18052| === LSTM_TRACE t=430 v=4.64 ws=0.00,0.02,0.02,3.60 cmd=0.998,0.994,0.873,0.881 cap=3093,3082,1696,1700 des=3093,3082,1484,1488 app=3043,3074,1464,1477 abs=nil,nil,nil,nil ebrake=1.00 ibrake=1.00 hasABS=0 sy=10.99 split=1.000,0.875 ===
 86.29783|I|libbeamng.print:18052| === LSTM_OBS t=430 0.00228,0.02291,0.02457,3.60027,0.24587,10.99188,0.00000,-0.02676,0.00000,0.00000,0.00483,1.00000,0.00000,0.00000,0.00000,997.04359,0.00000 ===
 86.34820|I|libbeamng.print:18052| === LSTM_TRACE t=440 v=4.09 ws=0.00,0.00,0.04,2.57 cmd=0.998,0.995,0.875,0.881 cap=3094,3085,1699,1700 des=3094,3085,1486,1488 app=3042,3075,1465,1476 abs=nil,nil,nil,nil ebrake=1.00 ibrake=1.00 hasABS=0 sy=11.10 split=1.000,0.875 ===
 86.34824|I|libbeamng.print:18052| === LSTM_OBS t=440 0.00222,0.00157,0.03542,2.56618,0.17997,11.10303,0.00000,-0.02377,0.00000,0.00000,0.00554,1.00000,0.00000,0.00000,0.00000,823.24724,0.00000 ===
 86.39781|I|libbeamng.print:18052| === LSTM_TRACE t=450 v=3.51 ws=0.01,0.00,0.04,0.46 cmd=0.998,0.996,0.876,0.880 cap=3095,3087,1700,1700 des=3095,3087,1488,1488 app=3041,3075,1466,1475 abs=nil,nil,nil,nil ebrake=1.00 ibrake=1.00 hasABS=0 sy=11.19 split=1.000,0.875 ===
 86.39785|I|libbeamng.print:18052| === LSTM_OBS t=450 0.01356,0.00183,0.04178,0.45719,0.20449,11.19424,0.00000,-0.01736,0.00000,0.00000,0.00331,1.00000,0.00000,0.00000,0.00000,740.53479,0.00000 ===
 86.44833|I|libbeamng.print:18052| === LSTM_TRACE t=460 v=2.95 ws=0.00,0.00,0.01,0.02 cmd=0.998,0.996,0.876,0.879 cap=3095,3087,1700,1700 des=3095,3087,1488,1488 app=3040,3074,1465,1474 abs=nil,nil,nil,nil ebrake=1.00 ibrake=1.00 hasABS=0 sy=11.18 split=1.000,0.875 ===
 86.44837|I|libbeamng.print:18052| === LSTM_OBS t=460 0.00338,0.00454,0.00831,0.02182,0.18986,11.17510,0.00000,-0.02313,0.00000,0.00000,0.00512,1.00000,0.00000,0.00000,0.00000,728.91167,0.00000 ===
 86.49765|I|libbeamng.print:18052| === LSTM_TRACE t=470 v=2.39 ws=0.00,0.01,0.04,0.01 cmd=0.998,0.996,0.876,0.879 cap=3095,3087,1700,1700 des=3095,3087,1488,1488 app=3038,3073,1464,1473 abs=nil,nil,nil,nil ebrake=1.00 ibrake=1.00 hasABS=0 sy=11.18 split=1.000,0.875 ===
 86.49769|I|libbeamng.print:18052| === LSTM_OBS t=470 0.00337,0.00574,0.04084,0.00562,0.18744,11.18476,0.00000,-0.01730,0.00000,0.00000,0.00497,1.00000,0.00000,0.00000,0.00000,730.51695,0.00000 ===
 86.54821|I|libbeamng.print:18052| === LSTM_TRACE t=480 v=1.82 ws=0.00,0.00,0.07,0.01 cmd=0.998,0.996,0.876,0.878 cap=3095,3087,1700,1700 des=3095,3087,1488,1488 app=3037,3071,1464,1472 abs=nil,nil,nil,nil ebrake=1.00 ibrake=1.00 hasABS=0 sy=11.23 split=1.000,0.875 ===
 86.54825|I|libbeamng.print:18052| === LSTM_OBS t=480 0.00389,0.00430,0.07276,0.00842,0.16918,11.23069,0.00000,-0.01441,0.00000,0.00000,0.00516,1.00000,0.00000,0.00000,0.00000,728.91808,0.00000 ===
 86.59781|I|libbeamng.print:18052| === LSTM_TRACE t=490 v=1.24 ws=0.00,0.00,0.06,0.01 cmd=0.998,0.996,0.876,0.878 cap=3095,3088,1700,1700 des=3095,3088,1488,1488 app=3036,3070,1463,1471 abs=nil,nil,nil,nil ebrake=1.00 ibrake=1.00 hasABS=0 sy=11.30 split=1.000,0.875 ===
 86.59786|I|libbeamng.print:18052| === LSTM_OBS t=490 0.00062,0.00016,0.06194,0.00538,0.15940,11.29857,0.00000,-0.00827,0.00000,0.00000,0.00499,1.00000,0.00000,0.00000,0.00000,730.14876,0.00000 ===
 86.64777|I|libbeamng.print:18052| === LSTM_TRACE t=500 v=0.66 ws=0.01,0.00,0.03,0.01 cmd=0.998,0.996,0.876,0.878 cap=3095,3088,1700,1700 des=3095,3088,1488,1488 app=3034,3068,1462,1470 abs=nil,nil,nil,nil ebrake=1.00 ibrake=1.00 hasABS=0 sy=11.37 split=1.000,0.875 ===
 86.64781|I|libbeamng.print:18052| === LSTM_OBS t=500 0.00605,0.00220,0.03369,0.00781,0.16912,11.37389,0.00000,-0.00541,0.00000,0.00000,0.00512,1.00000,0.00000,0.00000,0.00000,726.74475,0.00000 ===
 91.36744|I|libbeamng.print:18052| === LSTM_ABS: lens 'band_gy_mix' loaded (17 in, 64 hidden, 2 layers) ===
 91.36971|I|libbeamng.print:18052| === LSTM_ABS SELFTEST lens=band_gy_mix cmd=0.979419,0.966560,0.784487,0.803635 ===
112.43977|I|libbeamng.print:18052| === LSTM_TRACE t=0 v=27.70 ws=27.66,27.79,27.43,27.44 cmd=0.903,0.884,0.468,0.437 cap=155,155,97,97 des=155,155,85,85 app=142,142,78,78 abs=nil,nil,nil,nil ebrake=1.00 ibrake=1.00 hasABS=0 sy=1.59 split=1.000,0.875 ===
112.43982|I|libbeamng.print:18052| === LSTM_OBS t=0 27.65772,27.78974,27.43354,27.44155,-0.03100,1.58503,0.00000,0.00914,0.00000,0.00000,0.00000,1.00000,0.00000,0.00000,0.00000,7857.30619,0.00000 ===
112.48958|I|libbeamng.print:18052| === LSTM_TRACE t=10 v=27.49 ws=27.32,27.29,26.96,26.96 cmd=0.261,0.299,0.329,0.398 cap=801,919,635,762 des=801,919,556,667 app=737,846,512,615 abs=nil,nil,nil,nil ebrake=1.00 ibrake=1.00 hasABS=0 sy=1.97 split=1.000,0.875 ===
112.48962|I|libbeamng.print:18052| === LSTM_OBS t=10 27.32025,27.29030,26.95868,26.96289,-0.00814,1.97049,0.00000,-0.00326,0.00000,0.00000,0.00134,1.00000,0.00000,0.00000,0.00000,7790.17040,0.00000 ===
112.50948|I|libbeamng.print:18052| === LSTM_ABS DBG raw=27.0001,27.0535,26.8043,26.7113,0.0149,2.3092,0.0000,-0.0050,0.0000,0.0000,0.0009,1.0000,0.0000,0.0000,0.0000,7738.2312,0.0000 ===
112.50951|I|libbeamng.print:18052| === LSTM_ABS DBG norm=0.60,0.54,0.54,0.51,-0.14,-2.19,0.00,-0.01,0.06,-0.06,-0.10,0.59,-0.02,0.00,0.00,3.84,0.00 ===
112.50952|I|libbeamng.print:18052| === LSTM_ABS DBG cmd=0.2798,0.3202,0.3645,0.4375 ===
112.53979|I|libbeamng.print:18052| === LSTM_TRACE t=20 v=27.21 ws=26.61,26.62,26.56,26.41 cmd=0.361,0.409,0.464,0.529 cap=1050,1196,865,994 des=1050,1196,757,870 app=973,1110,703,810 abs=nil,nil,nil,nil ebrake=1.00 ibrake=1.00 hasABS=0 sy=2.81 split=1.000,0.875 ===
112.53983|I|libbeamng.print:18052| === LSTM_OBS t=20 26.60618,26.62187,26.55833,26.41447,-0.01538,2.81185,0.00000,-0.00140,0.00000,0.00000,0.00000,1.00000,0.00000,0.00000,0.00000,7653.66157,0.00000 ===
112.58967|I|libbeamng.print:18052| === LSTM_TRACE t=30 v=26.83 ws=25.73,25.65,25.99,25.84 cmd=0.587,0.631,0.637,0.695 cap=1736,1876,1205,1321 des=1736,1876,1054,1156 app=1623,1759,989,1088 abs=nil,nil,nil,nil ebrake=1.00 ibrake=1.00 hasABS=0 sy=3.83 split=1.000,0.875 ===
112.58971|I|libbeamng.print:18052| === LSTM_OBS t=30 25.73303,25.64711,25.98502,25.84397,-0.00059,3.83034,0.00000,-0.01159,0.00000,0.00000,0.00162,1.00000,0.00000,0.00000,0.00000,7496.05050,0.00000 ===
112.63979|I|libbeamng.print:18052| === LSTM_TRACE t=40 v=26.31 ws=24.42,24.21,25.25,25.06 cmd=0.767,0.810,0.692,0.732 cap=2361,2489,1355,1433 des=2361,2489,1186,1254 app=2234,2361,1125,1193 abs=nil,nil,nil,nil ebrake=1.00 ibrake=1.00 hasABS=0 sy=5.27 split=1.000,0.875 ===
112.63983|I|libbeamng.print:18052| === LSTM_OBS t=40 24.42395,24.21291,25.25464,25.06421,0.04388,5.26690,0.00000,-0.02521,0.00000,0.00000,0.00221,1.00000,0.00000,0.00000,0.00000,7300.61375,0.00000 ===
112.69061|I|libbeamng.print:18052| === LSTM_TRACE t=50 v=25.74 ws=23.71,23.20,24.54,24.45 cmd=0.784,0.826,0.646,0.676 cap=2437,2563,1253,1316 des=2437,2563,1096,1151 app=2330,2457,1048,1104 abs=nil,nil,nil,nil ebrake=1.00 ibrake=1.00 hasABS=0 sy=6.96 split=1.000,0.875 ===
112.69068|I|libbeamng.print:18052| === LSTM_OBS t=50 23.70948,23.19583,24.53689,24.44836,0.11752,6.95683,0.00000,-0.00184,0.00000,0.00000,0.00239,1.00000,0.00000,0.00000,0.00000,7092.43281,0.00000 ===
112.73947|I|libbeamng.print:18052| === LSTM_TRACE t=60 v=25.13 ws=23.23,22.53,23.95,23.72 cmd=0.819,0.847,0.676,0.689 cap=2482,2585,1300,1330 des=2482,2585,1137,1164 app=2394,2498,1095,1123 abs=nil,nil,nil,nil ebrake=1.00 ibrake=1.00 hasABS=0 sy=8.31 split=1.000,0.875 ===
112.73954|I|libbeamng.print:18052| === LSTM_OBS t=60 23.23498,22.52559,23.94973,23.72026,0.13654,8.31278,0.00000,-0.01135,0.00000,0.00000,0.00349,1.00000,0.00000,0.00000,0.00000,6906.65928,0.00000 ===
112.78954|I|libbeamng.print:18052| === LSTM_TRACE t=70 v=24.54 ws=22.69,21.43,23.28,23.06 cmd=0.795,0.818,0.699,0.709 cap=2449,2525,1348,1369 des=2449,2525,1179,1198 app=2378,2455,1141,1162 abs=nil,nil,nil,nil ebrake=1.00 ibrake=1.00 hasABS=0 sy=9.40 split=1.000,0.875 ===
112.78959|I|libbeamng.print:18052| === LSTM_OBS t=70 22.69168,21.43128,23.28498,23.06026,0.13631,9.39519,0.00000,-0.00926,0.00000,0.00000,0.00372,1.00000,0.00000,0.00000,0.00000,6722.49105,0.00000 ===
112.83973|I|libbeamng.print:18052| === LSTM_TRACE t=80 v=23.95 ws=22.23,20.81,22.52,22.47 cmd=0.771,0.791,0.690,0.700 cap=2308,2376,1344,1376 des=2308,2376,1176,1204 app=2252,2321,1143,1172 abs=nil,nil,nil,nil ebrake=1.00 ibrake=1.00 hasABS=0 sy=10.13 split=1.000,0.875 ===
112.83978|I|libbeamng.print:18052| === LSTM_OBS t=80 22.22878,20.80756,22.52486,22.46585,0.12550,10.12558,0.00000,-0.00258,0.00000,0.00000,0.00322,1.00000,0.00000,0.00000,0.00000,6528.56242,0.00000 ===
112.89038|I|libbeamng.print:18052| === LSTM_TRACE t=90 v=23.35 ws=21.61,20.27,21.86,21.82 cmd=0.743,0.759,0.670,0.684 cap=2320,2366,1306,1336 des=2320,2366,1143,1169 app=2273,2320,1114,1141 abs=nil,nil,nil,nil ebrake=1.00 ibrake=1.00 hasABS=0 sy=10.61 split=1.000,0.875 ===
112.89043|I|libbeamng.print:18052| === LSTM_OBS t=90 21.61356,20.26881,21.85590,21.81501,0.10985,10.60860,0.00000,-0.00853,0.00000,0.00000,0.00342,1.00000,0.00000,0.00000,0.00000,6342.99111,0.00000 ===
112.94055|I|libbeamng.print:18052| === LSTM_TRACE t=100 v=22.76 ws=21.25,19.95,21.26,21.32 cmd=0.791,0.799,0.668,0.675 cap=2249,2293,1290,1317 des=2249,2293,1129,1152 app=2211,2254,1103,1127 abs=nil,nil,nil,nil ebrake=1.00 ibrake=1.00 hasABS=0 sy=10.97 split=1.000,0.875 ===
112.94062|I|libbeamng.print:18052| === LSTM_OBS t=100 21.25394,19.95226,21.25550,21.31852,0.10785,10.96711,0.00000,0.01325,0.00000,0.00000,0.00326,1.00000,0.00000,0.00000,0.00000,6173.99869,0.00000 ===
112.99019|I|libbeamng.print:18052| === LSTM_TRACE t=110 v=22.17 ws=20.53,19.52,20.77,20.82 cmd=0.722,0.731,0.668,0.682 cap=2328,2346,1284,1308 des=2328,2346,1124,1144 app=2294,2311,1100,1121 abs=nil,nil,nil,nil ebrake=1.00 ibrake=1.00 hasABS=0 sy=11.23 split=1.000,0.875 ===
112.99024|I|libbeamng.print:18052| === LSTM_OBS t=110 20.52730,19.52323,20.77460,20.81932,0.09588,11.22529,0.00000,-0.00121,0.00000,0.00000,0.00318,1.00000,0.00000,0.00000,0.00000,6017.84690,0.00000 ===
113.03999|I|libbeamng.print:18052| === LSTM_TRACE t=120 v=21.57 ws=19.94,19.44,20.20,20.18 cmd=0.728,0.735,0.676,0.689 cap=2472,2477,1317,1321 des=2472,2477,1152,1156 app=2440,2445,1130,1134 abs=nil,nil,nil,nil ebrake=1.00 ibrake=1.00 hasABS=0 sy=11.42 split=1.000,0.875 ===
113.04005|I|libbeamng.print:18052| === LSTM_OBS t=120 19.94211,19.43699,20.20119,20.18255,0.10097,11.42069,0.00000,0.00501,0.00000,0.00000,0.00326,1.00000,0.00000,0.00000,0.00000,5861.16413,0.00000 ===
113.08990|I|libbeamng.print:18052| === LSTM_TRACE t=130 v=20.98 ws=19.50,19.32,19.61,19.55 cmd=0.761,0.760,0.668,0.675 cap=2306,2310,1302,1319 des=2306,2310,1140,1154 app=2281,2284,1119,1135 abs=nil,nil,nil,nil ebrake=1.00 ibrake=1.00 hasABS=0 sy=11.56 split=1.000,0.875 ===
113.08995|I|libbeamng.print:18052| === LSTM_OBS t=130 19.50217,19.32407,19.61491,19.55370,0.10413,11.55528,0.00000,-0.00328,0.00000,0.00000,0.00283,1.00000,0.00000,0.00000,0.00000,5700.29985,0.00000 ===
113.14043|I|libbeamng.print:18052| === LSTM_TRACE t=140 v=20.38 ws=18.84,19.10,19.16,19.05 cmd=0.748,0.746,0.667,0.670 cap=2204,2199,1280,1301 des=2204,2199,1120,1139 app=2183,2177,1101,1120 abs=nil,nil,nil,nil ebrake=1.00 ibrake=1.00 hasABS=0 sy=11.64 split=1.000,0.875 ===
113.14052|I|libbeamng.print:18052| === LSTM_OBS t=140 18.84332,19.10248,19.15768,19.04670,0.09935,11.64309,0.00000,0.00269,0.00000,0.00000,0.00307,1.00000,0.00000,0.00000,0.00000,5540.47934,0.00000 ===
113.18984|I|libbeamng.print:18052| === LSTM_TRACE t=150 v=19.81 ws=18.26,18.49,18.73,18.70 cmd=0.690,0.686,0.641,0.653 cap=2305,2286,1254,1265 des=2305,2286,1097,1107 app=2285,2266,1079,1090 abs=nil,nil,nil,nil ebrake=1.00 ibrake=1.00 hasABS=0 sy=11.67 split=1.000,0.875 ===
113.18991|I|libbeamng.print:18052| === LSTM_OBS t=150 18.26088,18.48631,18.72858,18.69681,0.08620,11.67391,0.00000,-0.00810,0.00000,0.00000,0.00311,1.00000,0.00000,0.00000,0.00000,5389.26820,0.00000 ===
113.24073|I|libbeamng.print:18052| === LSTM_TRACE t=160 v=19.23 ws=17.84,17.99,18.16,18.26 cmd=0.719,0.713,0.628,0.633 cap=2134,2112,1212,1239 des=2134,2112,1061,1084 app=2117,2095,1044,1068 abs=nil,nil,nil,nil ebrake=1.00 ibrake=1.00 hasABS=0 sy=11.67 split=1.000,0.875 ===
113.24079|I|libbeamng.print:18052| === LSTM_OBS t=160 17.84242,17.98880,18.16076,18.26476,0.08172,11.67008,0.00000,-0.00718,0.00000,0.00000,0.00301,1.00000,0.00000,0.00000,0.00000,5252.26203,0.00000 ===
113.28979|I|libbeamng.print:18052| === LSTM_TRACE t=170 v=18.66 ws=17.06,17.49,17.81,17.90 cmd=0.525,0.528,0.600,0.628 cap=2429,2391,1175,1175 des=2429,2391,1028,1028 app=2412,2373,1012,1013 abs=nil,nil,nil,nil ebrake=1.00 ibrake=1.00 hasABS=0 sy=11.61 split=1.000,0.875 ===
113.28983|I|libbeamng.print:18052| === LSTM_OBS t=170 17.05984,17.49297,17.80785,17.89600,0.04714,11.61123,0.00000,-0.00042,0.00000,0.00000,0.00239,1.00000,0.00000,0.00000,0.00000,5123.75633,0.00000 ===
113.33980|I|libbeamng.print:18052| === LSTM_TRACE t=180 v=18.11 ws=16.90,16.91,17.11,17.16 cmd=0.632,0.633,0.594,0.607 cap=1984,1960,1158,1207 des=1984,1960,1014,1056 app=1971,1947,998,1041 abs=nil,nil,nil,nil ebrake=1.00 ibrake=1.00 hasABS=0 sy=11.48 split=1.000,0.875 ===
113.33984|I|libbeamng.print:18052| === LSTM_OBS t=180 16.89654,16.91240,17.11157,17.15533,0.06309,11.48184,0.00000,0.00624,0.00000,0.00000,0.00289,1.00000,0.00000,0.00000,0.00000,4992.90803,0.00000 ===
113.38999|I|libbeamng.print:18052| === LSTM_TRACE t=190 v=17.59 ws=16.28,16.37,16.72,16.68 cmd=0.595,0.597,0.557,0.563 cap=1590,1602,1121,1159 des=1590,1602,981,1014 app=1922,1903,967,1000 abs=nil,nil,nil,nil ebrake=1.00 ibrake=1.00 hasABS=0 sy=11.29 split=1.000,0.875 ===
113.39003|I|libbeamng.print:18052| === LSTM_OBS t=190 16.27595,16.37081,16.71606,16.68418,0.02451,11.28826,0.00000,-0.00269,0.00000,0.00000,0.00384,1.00000,0.00000,0.00000,0.00000,4863.52297,0.00000 ===
113.44104|I|libbeamng.print:18052| === LSTM_TRACE t=200 v=17.05 ws=15.93,16.27,16.16,16.33 cmd=0.585,0.587,0.569,0.592 cap=2601,2540,1082,1063 des=2601,2540,947,930 app=2462,2407,933,917 abs=nil,nil,nil,nil ebrake=1.00 ibrake=1.00 hasABS=0 sy=11.12 split=1.000,0.875 ===
113.44110|I|libbeamng.print:18052| === LSTM_OBS t=200 15.92729,16.27267,16.16307,16.33332,0.02121,11.11596,0.00000,0.00121,0.00000,0.00000,0.00375,1.00000,0.00000,0.00000,0.00000,4742.77522,0.00000 ===
113.48965|I|libbeamng.print:18052| === LSTM_TRACE t=210 v=16.51 ws=15.35,15.47,16.19,16.19 cmd=0.561,0.567,0.475,0.465 cap=1582,1609,965,985 des=1582,1609,844,862 app=1740,1699,831,850 abs=nil,nil,nil,nil ebrake=1.00 ibrake=1.00 hasABS=0 sy=10.95 split=1.000,0.875 ===
113.48969|I|libbeamng.print:18052| === LSTM_OBS t=210 15.35376,15.47152,16.18567,16.18648,0.01509,10.94891,0.00000,0.00639,0.00000,0.00000,0.00169,1.00000,0.00000,0.00000,0.00000,4625.36463,0.00000 ===
113.53980|I|libbeamng.print:18052| === LSTM_TRACE t=220 v=16.00 ws=15.04,15.14,15.32,15.45 cmd=0.638,0.632,0.434,0.413 cap=2121,2090,820,779 des=2121,2090,718,682 app=2110,2078,706,672 abs=nil,nil,nil,nil ebrake=1.00 ibrake=1.00 hasABS=0 sy=10.77 split=1.000,0.875 ===
113.53984|I|libbeamng.print:18052| === LSTM_OBS t=220 15.04308,15.14018,15.32224,15.45104,0.00152,10.76547,0.00000,0.00492,0.00000,0.00000,0.00192,1.00000,0.00000,0.00000,0.00000,4529.67992,0.00000 ===
113.58957|I|libbeamng.print:18052| === LSTM_TRACE t=230 v=15.43 ws=14.23,14.66,13.95,14.36 cmd=0.736,0.721,0.355,0.333 cap=2123,2074,701,673 des=2123,2074,613,589 app=2112,2063,603,579 abs=nil,nil,nil,nil ebrake=1.00 ibrake=1.00 hasABS=0 sy=10.83 split=1.000,0.875 ===
113.58961|I|libbeamng.print:18052| === LSTM_OBS t=230 14.23294,14.66038,13.95161,14.35544,-0.00548,10.83183,0.00000,0.00096,0.00000,0.00000,0.00221,1.00000,0.00000,0.00000,0.00000,4568.09567,0.00000 ===
113.64017|I|libbeamng.print:18052| === LSTM_TRACE t=240 v=14.85 ws=13.75,13.94,13.41,13.99 cmd=0.689,0.682,0.312,0.297 cap=2147,2116,607,583 des=2147,2116,531,510 app=2136,2105,522,502 abs=nil,nil,nil,nil ebrake=1.00 ibrake=1.00 hasABS=0 sy=11.03 split=1.000,0.875 ===
113.64021|I|libbeamng.print:18052| === LSTM_OBS t=240 13.75104,13.94232,13.40676,13.99487,-0.03763,11.02983,0.00000,-0.00437,0.00000,0.00000,0.00270,1.00000,0.00000,0.00000,0.00000,4664.88054,0.00000 ===
113.68968|I|libbeamng.print:18052| === LSTM_TRACE t=250 v=14.27 ws=13.36,13.48,12.67,13.50 cmd=0.709,0.701,0.287,0.277 cap=2288,2269,566,532 des=2288,2269,495,466 app=2277,2257,486,457 abs=nil,nil,nil,nil ebrake=1.00 ibrake=1.00 hasABS=0 sy=11.18 split=1.000,0.875 ===
113.68974|I|libbeamng.print:18052| === LSTM_OBS t=250 13.35545,13.47635,12.66942,13.50218,-0.05976,11.18122,0.00000,-0.00149,0.00000,0.00000,0.00280,1.00000,0.00000,0.00000,0.00000,4765.88882,0.00000 ===
113.74042|I|libbeamng.print:18052| === LSTM_TRACE t=260 v=13.71 ws=12.98,12.90,11.85,12.90 cmd=0.682,0.683,0.280,0.263 cap=1957,1948,540,532 des=1957,1948,473,466 app=1975,1949,463,457 abs=nil,nil,nil,nil ebrake=1.00 ibrake=1.00 hasABS=0 sy=11.25 split=1.000,0.875 ===
113.74047|I|libbeamng.print:18052| === LSTM_OBS t=260 12.98010,12.90494,11.84994,12.89868,-0.04469,11.25107,0.00000,-0.00598,0.00000,0.00000,0.00244,1.00000,0.00000,0.00000,0.00000,4852.02376,0.00000 ===
113.78974|I|libbeamng.print:18052| === LSTM_TRACE t=270 v=13.15 ws=12.50,12.60,11.35,12.33 cmd=0.746,0.740,0.299,0.279 cap=1934,1933,580,565 des=1934,1933,507,495 app=1925,1924,497,485 abs=nil,nil,nil,nil ebrake=1.00 ibrake=1.00 hasABS=0 sy=11.25 split=1.000,0.875 ===
113.78979|I|libbeamng.print:18052| === LSTM_OBS t=270 12.49629,12.60188,11.34747,12.32822,-0.01296,11.25019,0.00000,-0.00829,0.00000,0.00000,0.00254,1.00000,0.00000,0.00000,0.00000,4923.25833,0.00000 ===
113.83955|I|libbeamng.print:18052| === LSTM_TRACE t=280 v=12.60 ws=11.92,11.89,11.18,12.12 cmd=0.721,0.716,0.371,0.365 cap=2107,2121,709,686 des=2107,2121,620,600 app=2097,2110,607,587 abs=nil,nil,nil,nil ebrake=1.00 ibrake=1.00 hasABS=0 sy=11.20 split=1.000,0.875 ===
113.83960|I|libbeamng.print:18052| === LSTM_OBS t=280 11.92456,11.89197,11.17989,12.12448,0.00355,11.19971,0.00000,-0.00852,0.00000,0.00000,0.00285,1.00000,0.00000,0.00000,0.00000,4958.54139,0.00000 ===
113.88967|I|libbeamng.print:18052| === LSTM_TRACE t=290 v=12.06 ws=11.42,11.36,11.37,11.48 cmd=0.672,0.675,0.463,0.469 cap=2113,2132,903,901 des=2113,2132,790,789 app=2103,2121,772,772 abs=nil,nil,nil,nil ebrake=1.00 ibrake=1.00 hasABS=0 sy=11.13 split=1.000,0.875 ===
113.88972|I|libbeamng.print:18052| === LSTM_OBS t=290 11.41565,11.35709,11.37184,11.48099,0.02777,11.12582,0.00000,-0.00976,0.00000,0.00000,0.00265,1.00000,0.00000,0.00000,0.00000,4923.16384,0.00000 ===
113.93959|I|libbeamng.print:18052| === LSTM_TRACE t=300 v=11.53 ws=10.89,10.96,11.21,11.23 cmd=0.632,0.643,0.514,0.525 cap=2121,2135,978,995 des=2121,2135,856,870 app=2110,2124,836,851 abs=nil,nil,nil,nil ebrake=1.00 ibrake=1.00 hasABS=0 sy=11.00 split=1.000,0.875 ===
113.93964|I|libbeamng.print:18052| === LSTM_OBS t=300 10.88965,10.96068,11.20734,11.22788,0.06895,10.99711,0.00000,-0.00501,0.00000,0.00000,0.00270,1.00000,0.00000,0.00000,0.00000,4838.15944,0.00000 ===
113.98940|I|libbeamng.print:18052| === LSTM_TRACE t=310 v=11.03 ws=10.51,10.41,10.77,10.82 cmd=0.718,0.724,0.519,0.527 cap=1934,1994,1036,1052 des=1934,1994,906,920 app=1924,1984,886,900 abs=nil,nil,nil,nil ebrake=1.00 ibrake=1.00 hasABS=0 sy=10.76 split=1.000,0.875 ===
113.98946|I|libbeamng.print:18052| === LSTM_OBS t=310 10.50960,10.40866,10.77140,10.82419,0.09690,10.75868,0.00000,-0.00537,0.00000,0.00000,0.00328,1.00000,0.00000,0.00000,0.00000,4705.84524,0.00000 ===
114.03951|I|libbeamng.print:18052| === LSTM_TRACE t=320 v=10.55 ws=9.94,9.98,10.38,10.38 cmd=0.652,0.671,0.561,0.575 cap=2002,2048,1081,1116 des=2002,2048,946,976 app=1991,2037,924,955 abs=nil,nil,nil,nil ebrake=1.00 ibrake=1.00 hasABS=0 sy=10.47 split=1.000,0.875 ===
114.03958|I|libbeamng.print:18052| === LSTM_OBS t=320 9.93589,9.98178,10.38061,10.38375,0.08944,10.47087,0.00000,-0.00565,0.00000,0.00000,0.00265,1.00000,0.00000,0.00000,0.00000,4536.19635,0.00000 ===
114.08971|I|libbeamng.print:18052| === LSTM_TRACE t=330 v=10.07 ws=9.48,9.44,9.89,9.94 cmd=0.662,0.682,0.568,0.587 cap=1956,2034,1113,1149 des=1956,2034,974,1006 app=1945,2022,952,984 abs=nil,nil,nil,nil ebrake=1.00 ibrake=1.00 hasABS=0 sy=10.21 split=1.000,0.875 ===
114.08975|I|libbeamng.print:18052| === LSTM_OBS t=330 9.47815,9.43599,9.89281,9.94189,0.08571,10.20806,0.00000,-0.00024,0.00000,0.00000,0.00274,1.00000,0.00000,0.00000,0.00000,4345.00218,0.00000 ===
114.13944|I|libbeamng.print:18052| === LSTM_TRACE t=340 v=9.59 ws=8.89,8.99,9.47,9.34 cmd=0.585,0.619,0.596,0.618 cap=1910,1979,1144,1197 des=1910,1979,1001,1048 app=1899,1968,978,1025 abs=nil,nil,nil,nil ebrake=1.00 ibrake=1.00 hasABS=0 sy=10.00 split=1.000,0.875 ===
114.13948|I|libbeamng.print:18052| === LSTM_OBS t=340 8.89094,8.98553,9.47251,9.34185,0.06718,10.00477,0.00000,0.00051,0.00000,0.00000,0.00142,1.00000,0.00000,0.00000,0.00000,4143.12710,0.00000 ===
114.18962|I|libbeamng.print:18052| === LSTM_TRACE t=350 v=9.12 ws=8.71,8.53,8.83,8.86 cmd=0.646,0.674,0.631,0.650 cap=1986,2016,1149,1225 des=1986,2016,1005,1072 app=1974,2003,983,1049 abs=nil,nil,nil,nil ebrake=1.00 ibrake=1.00 hasABS=0 sy=9.87 split=1.000,0.875 ===
114.18966|I|libbeamng.print:18052| === LSTM_OBS t=350 8.70753,8.52751,8.82876,8.86420,0.06693,9.87348,0.00000,0.00488,0.00000,0.00000,0.00305,1.00000,0.00000,0.00000,0.00000,3936.93104,0.00000 ===
114.23943|I|libbeamng.print:18052| === LSTM_TRACE t=360 v=8.63 ws=7.86,8.09,8.36,8.35 cmd=0.579,0.608,0.565,0.595 cap=2237,2294,1240,1270 des=2237,2294,1085,1111 app=2223,2280,1061,1088 abs=nil,nil,nil,nil ebrake=1.00 ibrake=1.00 hasABS=0 sy=9.81 split=1.000,0.875 ===
114.23947|I|libbeamng.print:18052| === LSTM_OBS t=360 7.85941,8.08797,8.36228,8.34761,0.03663,9.81406,0.00000,-0.00689,0.00000,0.00000,0.00146,1.00000,0.00000,0.00000,0.00000,3734.59495,0.00000 ===
114.28956|I|libbeamng.print:18052| === LSTM_TRACE t=370 v=8.15 ws=7.60,7.80,8.24,7.97 cmd=0.725,0.734,0.574,0.594 cap=2122,2188,1137,1163 des=2122,2188,995,1018 app=2108,2174,972,996 abs=nil,nil,nil,nil ebrake=1.00 ibrake=1.00 hasABS=0 sy=9.75 split=1.000,0.875 ===
114.28960|I|libbeamng.print:18052| === LSTM_OBS t=370 7.60106,7.80016,8.23718,7.97190,0.03614,9.75393,0.00000,-0.01158,0.00000,0.00000,0.00278,1.00000,0.00000,0.00000,0.00000,3533.97656,0.00000 ===
114.33975|I|libbeamng.print:18052| === LSTM_TRACE t=380 v=7.67 ws=6.94,7.19,7.72,7.50 cmd=0.440,0.466,0.614,0.658 cap=2606,2598,1152,1172 des=2606,2598,1008,1025 app=2378,2386,985,1003 abs=nil,nil,nil,nil ebrake=1.00 ibrake=1.00 hasABS=0 sy=9.74 split=1.000,0.875 ===
114.33981|I|libbeamng.print:18052| === LSTM_OBS t=380 6.93605,7.18706,7.71792,7.50184,0.01042,9.74075,0.00000,-0.00365,0.00000,0.00000,0.00345,1.00000,0.00000,0.00000,0.00000,3339.36474,0.00000 ===
114.38954|I|libbeamng.print:18052| === LSTM_TRACE t=390 v=7.18 ws=6.99,6.93,7.10,7.10 cmd=0.730,0.751,0.591,0.591 cap=1272,1406,1129,1179 des=1272,1406,988,1032 app=1551,1600,966,1009 abs=nil,nil,nil,nil ebrake=1.00 ibrake=1.00 hasABS=0 sy=9.66 split=1.000,0.875 ===
114.38958|I|libbeamng.print:18052| === LSTM_OBS t=390 6.98742,6.93385,7.10348,7.09805,0.02247,9.66237,0.00000,-0.00670,0.00000,0.00000,0.00115,1.00000,0.00000,0.00000,0.00000,3143.26174,0.00000 ===
114.44054|I|libbeamng.print:18052| === LSTM_TRACE t=400 v=6.76 ws=6.33,6.45,6.44,6.59 cmd=0.518,0.538,0.614,0.639 cap=2273,2273,1124,1160 des=2273,2273,984,1015 app=2220,2229,961,992 abs=nil,nil,nil,nil ebrake=1.00 ibrake=1.00 hasABS=0 sy=9.53 split=1.000,0.875 ===
114.44058|I|libbeamng.print:18052| === LSTM_OBS t=400 6.33101,6.45133,6.44447,6.58604,-0.01655,9.52897,0.00000,-0.01574,0.00000,0.00000,0.00360,1.00000,0.00000,0.00000,0.00000,2943.23735,0.00000 ===
114.48961|I|libbeamng.print:18052| === LSTM_TRACE t=410 v=6.28 ws=5.99,6.00,6.39,6.23 cmd=0.617,0.649,0.548,0.550 cap=891,1036,1110,1155 des=891,1036,972,1011 app=1450,1446,949,988 abs=nil,nil,nil,nil ebrake=1.00 ibrake=1.00 hasABS=0 sy=9.37 split=1.000,0.875 ===
114.48969|I|libbeamng.print:18052| === LSTM_OBS t=410 5.99135,5.99587,6.39026,6.23293,-0.01563,9.36836,0.00000,0.00025,0.00000,0.00000,0.00124,1.00000,0.00000,0.00000,0.00000,2755.98118,0.00000 ===
114.53959|I|libbeamng.print:18052| === LSTM_TRACE t=420 v=5.85 ws=5.68,5.65,5.81,5.76 cmd=0.510,0.525,0.593,0.610 cap=2265,2281,1086,1084 des=2265,2281,950,949 app=2133,2213,927,927 abs=nil,nil,nil,nil ebrake=1.00 ibrake=1.00 hasABS=0 sy=9.28 split=1.000,0.875 ===
114.53963|I|libbeamng.print:18052| === LSTM_OBS t=420 5.67704,5.64582,5.81063,5.75847,-0.01919,9.28356,0.00000,-0.00542,0.00000,0.00000,0.00411,1.00000,0.00000,0.00000,0.00000,2573.82959,0.00000 ===
114.58978|I|libbeamng.print:18052| === LSTM_TRACE t=430 v=5.41 ws=5.25,5.37,5.17,5.43 cmd=0.638,0.654,0.573,0.564 cap=1423,1545,1126,1115 des=1423,1545,985,976 app=1410,1531,961,953 abs=nil,nil,nil,nil ebrake=1.00 ibrake=1.00 hasABS=0 sy=9.13 split=1.000,0.875 ===
114.58982|I|libbeamng.print:18052| === LSTM_OBS t=430 5.24653,5.36761,5.16663,5.42932,0.01465,9.12653,0.00000,0.00057,0.00000,0.00000,0.00557,1.00000,0.00000,0.00000,0.00000,2391.23212,0.00000 ===
114.63954|I|libbeamng.print:18052| === LSTM_TRACE t=440 v=5.00 ws=4.83,5.08,4.56,4.95 cmd=0.497,0.505,0.622,0.600 cap=2495,2475,1150,1074 des=2495,2475,1007,940 app=2066,2046,982,917 abs=nil,nil,nil,nil ebrake=1.00 ibrake=1.00 hasABS=0 sy=8.96 split=1.000,0.875 ===
114.63958|I|libbeamng.print:18052| === LSTM_OBS t=440 4.82580,5.07527,4.56394,4.95375,-0.00425,8.95925,0.00000,-0.00458,0.00000,0.00000,0.00653,1.00000,0.00000,0.00000,0.00000,2206.68419,0.00000 ===
114.69005|I|libbeamng.print:18052| === LSTM_TRACE t=450 v=4.58 ws=4.32,4.13,4.24,4.55 cmd=0.432,0.466,0.589,0.562 cap=1689,1741,1158,1100 des=1689,1741,1014,963 app=1671,1723,988,939 abs=nil,nil,nil,nil ebrake=1.00 ibrake=1.00 hasABS=0 sy=8.78 split=1.000,0.875 ===
114.69009|I|libbeamng.print:18052| === LSTM_OBS t=450 4.31590,4.13351,4.23558,4.54790,0.03327,8.77515,0.00000,0.00378,0.00000,0.00000,0.00448,1.00000,0.00000,0.00000,0.00000,2023.22807,0.00000 ===
114.73982|I|libbeamng.print:18052| === LSTM_TRACE t=460 v=4.13 ws=3.12,3.65,4.36,4.07 cmd=0.519,0.604,0.588,0.529 cap=729,978,1122,1028 des=729,978,982,900 app=1605,1601,957,877 abs=nil,nil,nil,nil ebrake=1.00 ibrake=1.00 hasABS=0 sy=8.69 split=1.000,0.875 ===
114.73986|I|libbeamng.print:18052| === LSTM_OBS t=460 3.11741,3.64970,4.35885,4.06895,-0.00403,8.68977,0.00000,0.00739,0.00000,0.00000,0.00342,1.00000,0.00000,0.00000,0.00000,1845.68358,0.00000 ===
114.78994|I|libbeamng.print:18052| === LSTM_TRACE t=470 v=3.65 ws=3.42,2.95,3.36,3.49 cmd=0.682,0.703,0.624,0.582 cap=2372,2443,1226,1119 des=2372,2443,1073,979 app=2257,2410,1045,954 abs=nil,nil,nil,nil ebrake=1.00 ibrake=1.00 hasABS=0 sy=8.91 split=1.000,0.875 ===
114.78998|I|libbeamng.print:18052| === LSTM_OBS t=470 3.41923,2.94767,3.36009,3.48860,0.02287,8.90631,0.00000,-0.00728,0.00000,0.00000,0.00239,1.00000,0.00000,0.00000,0.00000,1666.61556,0.00000 ===
114.83986|I|libbeamng.print:18052| === LSTM_TRACE t=480 v=3.16 ws=2.38,2.52,3.26,3.06 cmd=0.458,0.517,0.633,0.590 cap=1288,1422,1222,1171 des=1288,1422,1070,1025 app=2004,2009,1041,998 abs=nil,nil,nil,nil ebrake=1.00 ibrake=1.00 hasABS=0 sy=9.13 split=1.000,0.875 ===
114.83990|I|libbeamng.print:18052| === LSTM_OBS t=480 2.38196,2.51846,3.26219,3.05968,0.01024,9.13442,0.00000,-0.00010,0.00000,0.00000,0.00285,1.00000,0.00000,0.00000,0.00000,1473.90073,0.00000 ===
114.88992|I|libbeamng.print:18052| === LSTM_TRACE t=490 v=2.68 ws=2.13,2.67,2.83,2.46 cmd=0.784,0.801,0.666,0.608 cap=1965,2087,1262,1161 des=1965,2087,1104,1016 app=1940,2060,1074,989 abs=nil,nil,nil,nil ebrake=1.00 ibrake=1.00 hasABS=0 sy=9.28 split=1.000,0.875 ===
114.88996|I|libbeamng.print:18052| === LSTM_OBS t=490 2.12913,2.67381,2.82750,2.45755,0.00443,9.28111,0.00000,-0.00270,0.00000,0.00000,0.00401,1.00000,0.00000,0.00000,0.00000,1277.52511,0.00000 ===
114.93946|I|libbeamng.print:18052| === LSTM_TRACE t=500 v=2.17 ws=1.99,1.10,2.13,2.04 cmd=0.704,0.739,0.703,0.669 cap=2284,2374,1358,1285 des=2284,2374,1188,1124 app=2252,2342,1155,1093 abs=nil,nil,nil,nil ebrake=1.00 ibrake=1.00 hasABS=0 sy=9.43 split=1.000,0.875 ===
114.93950|I|libbeamng.print:18052| === LSTM_OBS t=500 1.98716,1.10253,2.12612,2.03605,0.00250,9.43369,0.00000,0.00118,0.00000,0.00000,0.00311,1.00000,0.00000,0.00000,0.00000,1085.35667,0.00000 ===
114.98934|I|libbeamng.print:18052| === LSTM_TRACE t=510 v=1.67 ws=0.14,0.02,0.56,0.86 cmd=0.941,0.952,0.820,0.814 cap=2833,2882,1566,1552 des=2833,2882,1371,1358 app=2792,2840,1331,1320 abs=nil,nil,nil,nil ebrake=1.00 ibrake=1.00 hasABS=0 sy=9.63 split=1.000,0.875 ===
114.98938|I|libbeamng.print:18052| === LSTM_OBS t=510 0.14443,0.02246,0.55637,0.85798,-0.03888,9.63482,0.00000,-0.00760,0.00000,0.00000,0.00448,1.00000,0.00000,0.00000,0.00000,895.97569,0.00000 ===
115.03973|I|libbeamng.print:18052| === LSTM_TRACE t=520 v=1.10 ws=0.05,0.04,0.01,0.48 cmd=0.983,0.983,0.840,0.854 cap=3045,3045,1634,1662 des=3045,3045,1430,1455 app=2997,2998,1387,1413 abs=nil,nil,nil,nil ebrake=1.00 ibrake=1.00 hasABS=0 sy=9.99 split=1.000,0.875 ===
115.03978|I|libbeamng.print:18052| === LSTM_OBS t=520 0.05125,0.04114,0.00555,0.47846,-0.12425,9.98630,0.00000,0.00016,0.00000,0.00000,0.00420,1.00000,0.00000,0.00000,0.00000,751.00163,0.00000 ===
115.08987|I|libbeamng.print:18052| === LSTM_TRACE t=530 v=0.52 ws=0.02,0.00,0.42,0.56 cmd=0.988,0.988,0.845,0.856 cap=3062,3059,1638,1664 des=3062,3059,1433,1456 app=3012,3009,1389,1413 abs=nil,nil,nil,nil ebrake=1.00 ibrake=1.00 hasABS=0 sy=10.37 split=1.000,0.875 ===
115.08991|I|libbeamng.print:18052| === LSTM_OBS t=530 0.01776,0.00134,0.42408,0.55785,-0.00949,10.36695,0.00000,0.00893,0.00000,0.00000,0.00392,1.00000,0.00000,0.00000,0.00000,733.53908,0.00000 ===
145.22876|I|libbeamng.print:18052| === LSTM_TRACE t=0 v=27.72 ws=27.71,27.77,27.32,27.39 cmd=0.903,0.885,0.468,0.437 cap=155,155,97,97 des=155,155,85,85 app=149,149,81,81 abs=nil,nil,nil,nil ebrake=1.00 ibrake=1.00 hasABS=0 sy=1.57 split=1.000,0.875 ===
145.22880|I|libbeamng.print:18052| === LSTM_OBS t=0 27.71476,27.76868,27.31685,27.39487,-0.00637,1.57050,0.00000,0.00258,0.00000,0.00000,0.00000,1.00000,0.00000,0.00000,0.00000,7859.35082,0.00000 ===
145.27815|I|libbeamng.print:18052| === LSTM_TRACE t=10 v=27.48 ws=27.23,27.22,27.05,26.97 cmd=0.253,0.291,0.335,0.407 cap=791,910,645,776 des=791,910,564,679 app=762,877,541,651 abs=nil,nil,nil,nil ebrake=1.00 ibrake=1.00 hasABS=0 sy=2.01 split=1.000,0.875 ===
145.27819|I|libbeamng.print:18052| === LSTM_OBS t=10 27.22830,27.21593,27.04793,26.96736,-0.01944,2.00518,0.00000,0.00596,0.00000,0.00000,0.00189,1.00000,0.00000,0.00000,0.00000,7786.80532,0.00000 ===
145.29881|I|libbeamng.print:18052| === LSTM_ABS DBG raw=26.9113,27.0350,26.8709,26.7778,-0.0389,2.3278,0.0000,0.0009,0.0000,0.0000,0.0009,1.0000,0.0000,0.0000,0.0000,7732.3891,0.0000 ===
145.29884|I|libbeamng.print:18052| === LSTM_ABS DBG norm=0.59,0.54,0.55,0.52,-0.19,-2.18,0.00,0.03,0.06,-0.06,-0.10,0.59,-0.02,0.00,0.00,3.84,0.00 ===
145.29885|I|libbeamng.print:18052| === LSTM_ABS DBG cmd=0.2731,0.3162,0.3678,0.4446 ===
145.32840|I|libbeamng.print:18052| === LSTM_TRACE t=20 v=27.21 ws=26.51,26.50,26.46,26.41 cmd=0.371,0.423,0.474,0.541 cap=1111,1268,882,1012 des=1111,1268,772,886 app=1074,1227,744,855 abs=nil,nil,nil,nil ebrake=1.00 ibrake=1.00 hasABS=0 sy=2.85 split=1.000,0.875 ===
145.32844|I|libbeamng.print:18052| === LSTM_OBS t=20 26.51456,26.50355,26.45591,26.40596,-0.03362,2.85235,0.00000,-0.00862,0.00000,0.00000,0.00085,1.00000,0.00000,0.00000,0.00000,7644.10201,0.00000 ===
145.37834|I|libbeamng.print:18052| === LSTM_TRACE t=30 v=26.80 ws=25.55,25.50,25.76,25.71 cmd=0.615,0.656,0.652,0.707 cap=1818,1949,1231,1344 des=1818,1949,1078,1176 app=1767,1896,1044,1142 abs=nil,nil,nil,nil ebrake=1.00 ibrake=1.00 hasABS=0 sy=4.06 split=1.000,0.875 ===
145.37838|I|libbeamng.print:18052| === LSTM_OBS t=30 25.54923,25.49503,25.75938,25.70599,0.01544,4.06407,0.00000,-0.01659,0.00000,0.00000,0.00154,1.00000,0.00000,0.00000,0.00000,7477.80845,0.00000 ===
145.42922|I|libbeamng.print:18052| === LSTM_TRACE t=40 v=26.27 ws=24.02,23.64,25.06,24.88 cmd=0.771,0.812,0.708,0.746 cap=2372,2503,1392,1469 des=2372,2503,1218,1286 app=2319,2451,1187,1256 abs=nil,nil,nil,nil ebrake=1.00 ibrake=1.00 hasABS=0 sy=5.69 split=1.000,0.875 ===
145.42929|I|libbeamng.print:18052| === LSTM_OBS t=40 24.01954,23.63673,25.05854,24.88270,0.00439,5.69491,0.00000,-0.01106,0.00000,0.00000,0.00261,1.00000,0.00000,0.00000,0.00000,7267.38088,0.00000 ===
145.47831|I|libbeamng.print:18052| === LSTM_TRACE t=50 v=25.68 ws=23.36,22.29,24.36,24.05 cmd=0.792,0.831,0.675,0.700 cap=2458,2580,1295,1347 des=2458,2580,1133,1179 app=2416,2538,1110,1157 abs=nil,nil,nil,nil ebrake=1.00 ibrake=1.00 hasABS=0 sy=7.27 split=1.000,0.875 ===
145.47835|I|libbeamng.print:18052| === LSTM_OBS t=50 23.35873,22.28957,24.35917,24.04841,0.05185,7.26675,0.00000,-0.00625,0.00000,0.00000,0.00289,1.00000,0.00000,0.00000,0.00000,7041.58751,0.00000 ===
145.52826|I|libbeamng.print:18052| === LSTM_TRACE t=60 v=25.07 ws=23.12,20.64,23.77,23.43 cmd=0.764,0.802,0.701,0.718 cap=2349,2464,1335,1372 des=2349,2464,1168,1200 app=2317,2433,1148,1182 abs=nil,nil,nil,nil ebrake=1.00 ibrake=1.00 hasABS=0 sy=8.61 split=1.000,0.875 ===
145.52830|I|libbeamng.print:18052| === LSTM_OBS t=60 23.11729,20.64149,23.77359,23.43079,0.09409,8.60550,0.00000,0.00964,0.00000,0.00000,0.00357,1.00000,0.00000,0.00000,0.00000,6840.90147,0.00000 ===
145.57865|I|libbeamng.print:18052| === LSTM_TRACE t=70 v=24.49 ws=22.77,18.98,23.07,22.72 cmd=0.758,0.780,0.696,0.712 cap=2382,2459,1371,1397 des=2382,2459,1200,1222 app=2358,2434,1183,1206 abs=nil,nil,nil,nil ebrake=1.00 ibrake=1.00 hasABS=0 sy=9.60 split=1.000,0.875 ===
145.57874|I|libbeamng.print:18052| === LSTM_OBS t=70 22.77208,18.97531,23.07453,22.72365,0.09674,9.59509,0.00000,0.00924,0.00000,0.00000,0.00342,1.00000,0.00000,0.00000,0.00000,6646.07967,0.00000 ===
145.62817|I|libbeamng.print:18052| === LSTM_TRACE t=80 v=23.90 ws=22.39,17.69,22.26,22.21 cmd=0.759,0.774,0.678,0.685 cap=2120,2187,1320,1356 des=2120,2187,1155,1186 app=2103,2169,1141,1173 abs=nil,nil,nil,nil ebrake=1.00 ibrake=1.00 hasABS=0 sy=10.22 split=1.000,0.875 ===
145.62820|I|libbeamng.print:18052| === LSTM_OBS t=80 22.39265,17.69344,22.25720,22.21076,0.06414,10.21935,0.00000,-0.00145,0.00000,0.00000,0.00311,1.00000,0.00000,0.00000,0.00000,6452.90889,0.00000 ===
145.67808|I|libbeamng.print:18052| === LSTM_TRACE t=90 v=23.32 ws=21.73,16.26,21.54,21.76 cmd=0.620,0.641,0.653,0.674 cap=2231,2251,1254,1283 des=2231,2251,1097,1122 app=2217,2235,1086,1112 abs=nil,nil,nil,nil ebrake=1.00 ibrake=1.00 hasABS=0 sy=10.59 split=1.000,0.875 ===
145.67812|I|libbeamng.print:18052| === LSTM_OBS t=90 21.72531,16.26292,21.54458,21.76025,0.03390,10.59031,0.00000,0.01138,0.00000,0.00000,0.00338,1.00000,0.00000,0.00000,0.00000,6277.48718,0.00000 ===
145.72816|I|libbeamng.print:18052| === LSTM_TRACE t=100 v=22.76 ws=21.54,15.59,20.92,21.44 cmd=0.763,0.772,0.650,0.653 cap=1974,2028,1231,1268 des=1974,2028,1077,1110 app=1965,2015,1067,1100 abs=nil,nil,nil,nil ebrake=1.00 ibrake=1.00 hasABS=0 sy=10.84 split=1.000,0.875 ===
145.72820|I|libbeamng.print:18052| === LSTM_OBS t=100 21.53921,15.59153,20.92323,21.43534,0.00919,10.83561,0.00000,0.00572,0.00000,0.00000,0.00210,1.00000,0.00000,0.00000,0.00000,6127.05388,0.00000 ===
145.77819|I|libbeamng.print:18052| === LSTM_TRACE t=110 v=22.20 ws=20.92,14.25,20.27,21.12 cmd=0.625,0.643,0.655,0.674 cap=2174,2224,1282,1299 des=2174,2224,1122,1137 app=2166,2212,1112,1128 abs=nil,nil,nil,nil ebrake=1.00 ibrake=1.00 hasABS=0 sy=10.97 split=1.000,0.875 ===
145.77823|I|libbeamng.print:18052| === LSTM_OBS t=110 20.91648,14.24828,20.26563,21.11876,-0.03323,10.96980,0.00000,-0.01066,0.00000,0.00000,0.00357,1.00000,0.00000,0.00000,0.00000,5989.35178,0.00000 ===
145.82834|I|libbeamng.print:18052| === LSTM_TRACE t=120 v=21.65 ws=20.45,13.62,19.82,20.63 cmd=0.655,0.675,0.675,0.687 cap=2100,2168,1327,1344 des=2100,2168,1161,1176 app=2093,2157,1152,1168 abs=nil,nil,nil,nil ebrake=1.00 ibrake=1.00 hasABS=0 sy=11.03 split=1.000,0.875 ===
145.82838|I|libbeamng.print:18052| === LSTM_OBS t=120 20.45001,13.61945,19.81700,20.63264,-0.06760,11.02518,0.00000,-0.01843,0.00000,0.00000,0.00274,1.00000,0.00000,0.00000,0.00000,5841.59054,0.00000 ===
145.87830|I|libbeamng.print:18052| === LSTM_TRACE t=130 v=21.10 ws=20.06,12.93,19.15,20.02 cmd=0.663,0.686,0.690,0.700 cap=1916,1987,1314,1345 des=1916,1987,1150,1177 app=1911,1978,1142,1170 abs=nil,nil,nil,nil ebrake=1.00 ibrake=1.00 hasABS=0 sy=10.99 split=1.000,0.875 ===
145.87834|I|libbeamng.print:18052| === LSTM_OBS t=130 20.06059,12.92909,19.14985,20.02291,-0.08372,10.98949,0.00000,-0.02052,0.00000,0.00000,0.00254,1.00000,0.00000,0.00000,0.00000,5680.74177,0.00000 ===
145.92859|I|libbeamng.print:18052| === LSTM_TRACE t=140 v=20.55 ws=19.41,12.40,18.60,19.35 cmd=0.595,0.621,0.679,0.695 cap=2103,2175,1348,1359 des=2103,2175,1179,1189 app=2099,2165,1172,1183 abs=nil,nil,nil,nil ebrake=1.00 ibrake=1.00 hasABS=0 sy=10.96 split=1.000,0.875 ===
145.92863|I|libbeamng.print:18052| === LSTM_OBS t=140 19.41318,12.39715,18.59900,19.35201,-0.07731,10.95954,0.00000,-0.01720,0.00000,0.00000,0.00289,1.00000,0.00000,0.00000,0.00000,5520.29198,0.00000 ===
145.97822|I|libbeamng.print:18052| === LSTM_TRACE t=150 v=20.00 ws=18.94,11.84,18.21,18.83 cmd=0.565,0.591,0.676,0.694 cap=2124,2186,1346,1356 des=2124,2186,1178,1187 app=2121,2177,1171,1181 abs=nil,nil,nil,nil ebrake=1.00 ibrake=1.00 hasABS=0 sy=10.94 split=1.000,0.875 ===
145.97826|I|libbeamng.print:18052| === LSTM_OBS t=150 18.94014,11.84012,18.20955,18.82613,-0.03785,10.94113,0.00000,-0.02577,0.00000,0.00000,0.00239,1.00000,0.00000,0.00000,0.00000,5367.38938,0.00000 ===
146.02825|I|libbeamng.print:18052| === LSTM_TRACE t=160 v=19.46 ws=18.69,11.70,17.85,18.09 cmd=0.729,0.741,0.688,0.689 cap=1798,1878,1326,1353 des=1798,1878,1160,1184 app=1796,1871,1154,1179 abs=nil,nil,nil,nil ebrake=1.00 ibrake=1.00 hasABS=0 sy=10.94 split=1.000,0.875 ===
146.02828|I|libbeamng.print:18052| === LSTM_OBS t=160 18.68781,11.70346,17.84705,18.08729,0.02976,10.94332,0.00000,-0.02402,0.00000,0.00000,0.00239,1.00000,0.00000,0.00000,0.00000,5219.00752,0.00000 ===
146.07857|I|libbeamng.print:18052| === LSTM_TRACE t=170 v=18.90 ws=18.08,11.45,17.55,17.44 cmd=0.711,0.725,0.685,0.685 cap=1768,1832,1317,1349 des=1768,1832,1152,1180 app=1767,1825,1146,1175 abs=nil,nil,nil,nil ebrake=1.00 ibrake=1.00 hasABS=0 sy=10.96 split=1.000,0.875 ===
146.07863|I|libbeamng.print:18052| === LSTM_OBS t=170 18.07792,11.45396,17.55121,17.43708,0.11666,10.95640,0.00000,-0.00941,0.00000,0.00000,0.00249,1.00000,0.00000,0.00000,0.00000,5074.32992,0.00000 ===
146.12834|I|libbeamng.print:18052| === LSTM_TRACE t=180 v=18.36 ws=17.40,11.27,17.15,16.70 cmd=0.649,0.663,0.669,0.678 cap=1961,1979,1249,1281 des=1961,1979,1093,1121 app=1960,1971,1088,1116 abs=nil,nil,nil,nil ebrake=1.00 ibrake=1.00 hasABS=0 sy=10.97 split=1.000,0.875 ===
146.12838|I|libbeamng.print:18052| === LSTM_OBS t=180 17.39595,11.26894,17.15487,16.69881,0.18435,10.97096,0.00000,0.00628,0.00000,0.00000,0.00261,1.00000,0.00000,0.00000,0.00000,4930.64570,0.00000 ===
146.17828|I|libbeamng.print:18052| === LSTM_TRACE t=190 v=17.80 ws=17.11,10.89,16.82,16.37 cmd=0.798,0.794,0.608,0.599 cap=1634,1728,1248,1264 des=1634,1728,1092,1106 app=1633,1722,1087,1102 abs=nil,nil,nil,nil ebrake=1.00 ibrake=1.00 hasABS=0 sy=10.99 split=1.000,0.875 ===
146.17832|I|libbeamng.print:18052| === LSTM_OBS t=190 17.11195,10.89495,16.82033,16.37295,0.24416,10.98595,0.00000,0.01142,0.00000,0.00000,0.00322,1.00000,0.00000,0.00000,0.00000,4793.01268,0.00000 ===
146.22831|I|libbeamng.print:18052| === LSTM_TRACE t=200 v=17.25 ws=16.35,11.12,16.21,16.04 cmd=0.741,0.737,0.540,0.525 cap=1734,1825,1093,1072 des=1734,1825,957,938 app=1734,1818,952,935 abs=nil,nil,nil,nil ebrake=1.00 ibrake=1.00 hasABS=0 sy=11.00 split=1.000,0.875 ===
146.22836|I|libbeamng.print:18052| === LSTM_OBS t=200 16.34946,11.11642,16.20827,16.03587,0.24942,11.00302,0.00000,0.02136,0.00000,0.00000,0.00183,1.00000,0.00000,0.00000,0.00000,4675.86971,0.00000 ===
146.27913|I|libbeamng.print:18052| === LSTM_TRACE t=210 v=16.70 ws=15.65,11.44,15.97,16.27 cmd=0.565,0.574,0.493,0.477 cap=2021,1985,987,974 des=2021,1985,864,853 app=2021,1977,860,849 abs=nil,nil,nil,nil ebrake=1.00 ibrake=1.00 hasABS=0 sy=11.04 split=1.000,0.875 ===
146.27917|I|libbeamng.print:18052| === LSTM_OBS t=210 15.64524,11.44168,15.96818,16.26694,0.21953,11.03783,0.00000,-0.00261,0.00000,0.00000,0.00192,1.00000,0.00000,0.00000,0.00000,4594.35838,0.00000 ===
146.32823|I|libbeamng.print:18052| === LSTM_TRACE t=220 v=16.14 ws=15.15,12.17,15.23,15.47 cmd=0.732,0.726,0.467,0.433 cap=2153,2136,924,872 des=2153,2136,809,763 app=2153,2129,804,760 abs=nil,nil,nil,nil ebrake=1.00 ibrake=1.00 hasABS=0 sy=11.05 split=1.000,0.875 ===
146.32827|I|libbeamng.print:18052| === LSTM_OBS t=220 15.15240,12.17034,15.22536,15.46925,0.16943,11.04900,0.00000,0.00241,0.00000,0.00000,0.00176,1.00000,0.00000,0.00000,0.00000,4529.04649,0.00000 ===
146.37815|I|libbeamng.print:18052| === LSTM_TRACE t=230 v=15.56 ws=14.14,12.38,13.85,14.92 cmd=0.738,0.725,0.424,0.401 cap=2323,2300,830,765 des=2323,2300,726,669 app=2323,2293,722,666 abs=nil,nil,nil,nil ebrake=1.00 ibrake=1.00 hasABS=0 sy=11.16 split=1.000,0.875 ===
146.37819|I|libbeamng.print:18052| === LSTM_OBS t=230 14.14185,12.38362,13.85101,14.92002,0.10870,11.16325,0.00000,0.00311,0.00000,0.00000,0.00370,1.00000,0.00000,0.00000,0.00000,4536.85236,0.00000 ===
146.42818|I|libbeamng.print:18052| === LSTM_TRACE t=240 v=14.97 ws=13.69,12.57,12.69,14.22 cmd=0.721,0.712,0.369,0.350 cap=2168,2126,722,706 des=2168,2126,632,617 app=2168,2120,628,614 abs=nil,nil,nil,nil ebrake=1.00 ibrake=1.00 hasABS=0 sy=11.32 split=1.000,0.875 ===
146.42825|I|libbeamng.print:18052| === LSTM_OBS t=240 13.69239,12.57308,12.68569,14.21858,0.04143,11.31574,0.00000,-0.01288,0.00000,0.00000,0.00283,1.00000,0.00000,0.00000,0.00000,4575.46976,0.00000 ===
146.47809|I|libbeamng.print:18052| === LSTM_TRACE t=250 v=14.39 ws=13.04,13.09,11.91,13.81 cmd=0.757,0.745,0.330,0.318 cap=2398,2372,646,603 des=2398,2372,565,528 app=2398,2366,562,525 abs=nil,nil,nil,nil ebrake=1.00 ibrake=1.00 hasABS=0 sy=11.44 split=1.000,0.875 ===
146.47813|I|libbeamng.print:18052| === LSTM_OBS t=250 13.04457,13.08824,11.90614,13.80663,0.00911,11.44406,0.00000,-0.01898,0.00000,0.00000,0.00322,1.00000,0.00000,0.00000,0.00000,4624.34577,0.00000 ===
146.52838|I|libbeamng.print:18052| === LSTM_TRACE t=260 v=13.81 ws=12.72,13.04,11.13,13.11 cmd=0.696,0.691,0.323,0.311 cap=2107,2086,629,618 des=2107,2086,550,541 app=2107,2081,546,538 abs=nil,nil,nil,nil ebrake=1.00 ibrake=1.00 hasABS=0 sy=11.50 split=1.000,0.875 ===
146.52842|I|libbeamng.print:18052| === LSTM_OBS t=260 12.71765,13.04422,11.13295,13.10510,0.02884,11.50497,0.00000,-0.02026,0.00000,0.00000,0.00293,1.00000,0.00000,0.00000,0.00000,4675.92943,0.00000 ===
146.57832|I|libbeamng.print:18052| === LSTM_TRACE t=270 v=13.24 ws=12.33,12.30,10.67,12.39 cmd=0.753,0.741,0.328,0.316 cap=2106,2101,646,621 des=2106,2101,565,543 app=2106,2097,561,539 abs=nil,nil,nil,nil ebrake=1.00 ibrake=1.00 hasABS=0 sy=11.50 split=1.000,0.875 ===
146.57836|I|libbeamng.print:18052| === LSTM_OBS t=270 12.32872,12.29828,10.66870,12.39317,0.04779,11.50184,0.00000,-0.02052,0.00000,0.00000,0.00249,1.00000,0.00000,0.00000,0.00000,4721.42573,0.00000 ===
146.62888|I|libbeamng.print:18052| === LSTM_TRACE t=280 v=12.67 ws=11.68,11.79,10.33,11.76 cmd=0.678,0.667,0.400,0.408 cap=2341,2308,759,746 des=2341,2308,664,653 app=2341,2304,658,648 abs=nil,nil,nil,nil ebrake=1.00 ibrake=1.00 hasABS=0 sy=11.46 split=1.000,0.875 ===
146.62892|I|libbeamng.print:18052| === LSTM_OBS t=280 11.67645,11.78816,10.33400,11.76153,0.08072,11.46277,0.00000,-0.01076,0.00000,0.00000,0.00322,1.00000,0.00000,0.00000,0.00000,4743.06901,0.00000 ===
146.67824|I|libbeamng.print:18052| === LSTM_TRACE t=290 v=12.10 ws=11.16,11.36,10.36,11.56 cmd=0.607,0.612,0.521,0.535 cap=2257,2222,964,987 des=2257,2222,843,864 app=2257,2218,836,857 abs=nil,nil,nil,nil ebrake=1.00 ibrake=1.00 hasABS=0 sy=11.44 split=1.000,0.875 ===
146.67828|I|libbeamng.print:18052| === LSTM_OBS t=290 11.15982,11.36416,10.35919,11.56051,0.11314,11.43592,0.00000,-0.01158,0.00000,0.00000,0.00328,1.00000,0.00000,0.00000,0.00000,4699.66315,0.00000 ===
146.72819|I|libbeamng.print:18052| === LSTM_TRACE t=300 v=11.55 ws=10.84,10.76,10.24,10.86 cmd=0.721,0.726,0.583,0.580 cap=2003,1995,1096,1132 des=2003,1995,959,990 app=2030,1999,951,983 abs=nil,nil,nil,nil ebrake=1.00 ibrake=1.00 hasABS=0 sy=11.36 split=1.000,0.875 ===
146.72823|I|libbeamng.print:18052| === LSTM_OBS t=300 10.84078,10.76262,10.24460,10.86095,0.13582,11.35949,0.00000,-0.01344,0.00000,0.00000,0.00278,1.00000,0.00000,0.00000,0.00000,4604.97336,0.00000 ===
146.77895|I|libbeamng.print:18052| === LSTM_TRACE t=310 v=10.99 ws=10.32,10.34,10.18,10.30 cmd=0.798,0.792,0.599,0.600 cap=2138,2161,1182,1186 des=2138,2161,1035,1037 app=2138,2158,1026,1029 abs=nil,nil,nil,nil ebrake=1.00 ibrake=1.00 hasABS=0 sy=11.31 split=1.000,0.875 ===
146.77899|I|libbeamng.print:18052| === LSTM_OBS t=310 10.31659,10.34361,10.18167,10.29848,0.16567,11.30672,0.00000,-0.00872,0.00000,0.00000,0.00378,1.00000,0.00000,0.00000,0.00000,4481.56734,0.00000 ===
146.82844|I|libbeamng.print:18052| === LSTM_TRACE t=320 v=10.43 ws=9.58,9.57,9.92,9.92 cmd=0.571,0.598,0.608,0.617 cap=1789,1829,1237,1284 des=1789,1829,1082,1124 app=2081,2038,1073,1115 abs=nil,nil,nil,nil ebrake=1.00 ibrake=1.00 hasABS=0 sy=11.25 split=1.000,0.875 ===
146.82848|I|libbeamng.print:18052| === LSTM_OBS t=320 9.58005,9.56821,9.91513,9.91558,0.20451,11.24655,0.00000,-0.00006,0.00000,0.00000,0.00244,1.00000,0.00000,0.00000,0.00000,4344.87836,0.00000 ===
146.87818|I|libbeamng.print:18052| === LSTM_TRACE t=330 v=9.90 ws=9.43,9.40,9.59,9.65 cmd=0.835,0.830,0.639,0.639 cap=2060,2126,1197,1199 des=2060,2126,1047,1049 app=2060,2123,1038,1041 abs=nil,nil,nil,nil ebrake=1.00 ibrake=1.00 hasABS=0 sy=11.17 split=1.000,0.875 ===
146.87825|I|libbeamng.print:18052| === LSTM_OBS t=330 9.43238,9.40287,9.59019,9.64672,0.21098,11.16531,0.00000,-0.00227,0.00000,0.00000,0.00229,1.00000,0.00000,0.00000,0.00000,4186.51139,0.00000 ===
146.92814|I|libbeamng.print:18052| === LSTM_TRACE t=340 v=9.39 ws=8.56,8.55,9.11,9.06 cmd=0.473,0.516,0.638,0.653 cap=1647,1702,1326,1387 des=1647,1702,1160,1214 app=2060,2123,1150,1204 abs=nil,nil,nil,nil ebrake=1.00 ibrake=1.00 hasABS=0 sy=10.95 split=1.000,0.875 ===
146.92818|I|libbeamng.print:18052| === LSTM_OBS t=340 8.56142,8.54915,9.10734,9.06219,0.18802,10.95267,0.00000,0.00236,0.00000,0.00000,0.00115,1.00000,0.00000,0.00000,0.00000,4003.92056,0.00000 ===
146.97847|I|libbeamng.print:18052| === LSTM_TRACE t=350 v=8.86 ws=8.38,8.54,8.65,8.70 cmd=0.802,0.795,0.656,0.671 cap=2344,2385,1229,1224 des=2344,2385,1075,1071 app=2079,2096,1066,1063 abs=nil,nil,nil,nil ebrake=1.00 ibrake=1.00 hasABS=0 sy=10.77 split=1.000,0.875 ===
146.97851|I|libbeamng.print:18052| === LSTM_OBS t=350 8.38328,8.54285,8.65183,8.70433,0.15341,10.77004,0.00000,-0.00132,0.00000,0.00000,0.00254,1.00000,0.00000,0.00000,0.00000,3806.84333,0.00000 ===
147.02825|I|libbeamng.print:18052| === LSTM_TRACE t=360 v=8.36 ws=7.81,7.84,8.03,8.22 cmd=0.651,0.661,0.689,0.714 cap=2451,2430,1340,1378 des=2451,2430,1173,1206 app=2451,2426,1163,1196 abs=nil,nil,nil,nil ebrake=1.00 ibrake=1.00 hasABS=0 sy=10.58 split=1.000,0.875 ===
147.02829|I|libbeamng.print:18052| === LSTM_OBS t=360 7.81261,7.83584,8.02556,8.21707,0.11154,10.58453,0.00000,0.01350,0.00000,0.00000,0.00420,1.00000,0.00000,0.00000,0.00000,3603.83114,0.00000 ===
147.07835|I|libbeamng.print:18052| === LSTM_TRACE t=370 v=7.85 ws=7.59,7.64,7.57,7.71 cmd=0.838,0.840,0.622,0.620 cap=1518,1664,1329,1347 des=1518,1664,1163,1179 app=1518,1661,1152,1170 abs=nil,nil,nil,nil ebrake=1.00 ibrake=1.00 hasABS=0 sy=10.45 split=1.000,0.875 ===
147.07839|I|libbeamng.print:18052| === LSTM_OBS t=370 7.59358,7.63559,7.57410,7.71318,0.07929,10.45350,0.00000,0.00287,0.00000,0.00000,0.00085,1.00000,0.00000,0.00000,0.00000,3399.48916,0.00000 ===
147.12829|I|libbeamng.print:18052| === LSTM_TRACE t=380 v=7.38 ws=6.87,6.85,7.12,7.25 cmd=0.546,0.567,0.643,0.665 cap=2161,2187,1296,1323 des=2161,2187,1134,1158 app=2161,2183,1124,1149 abs=nil,nil,nil,nil ebrake=1.00 ibrake=1.00 hasABS=0 sy=10.25 split=1.000,0.875 ===
147.12836|I|libbeamng.print:18052| === LSTM_OBS t=380 6.86946,6.84727,7.11566,7.25197,0.06712,10.25259,0.00000,-0.01114,0.00000,0.00000,0.00224,1.00000,0.00000,0.00000,0.00000,3196.73247,0.00000 ===
147.17825|I|libbeamng.print:18052| === LSTM_TRACE t=390 v=6.89 ws=6.10,6.13,6.77,6.53 cmd=0.357,0.375,0.633,0.671 cap=2459,2447,1300,1307 des=2459,2447,1137,1144 app=2322,2363,1127,1135 abs=nil,nil,nil,nil ebrake=1.00 ibrake=1.00 hasABS=0 sy=10.10 split=1.000,0.875 ===
147.17829|I|libbeamng.print:18052| === LSTM_OBS t=390 6.10278,6.12805,6.76973,6.53094,0.04133,10.09619,0.00000,0.00179,0.00000,0.00000,0.00395,1.00000,0.00000,0.00000,0.00000,2996.53225,0.00000 ===
147.22820|I|libbeamng.print:18052| === LSTM_TRACE t=400 v=6.40 ws=5.93,5.94,6.16,6.36 cmd=0.645,0.663,0.586,0.589 cap=1097,1251,1259,1268 des=1097,1251,1102,1109 app=1547,1590,1092,1100 abs=nil,nil,nil,nil ebrake=1.00 ibrake=1.00 hasABS=0 sy=9.95 split=1.000,0.875 ===
147.22824|I|libbeamng.print:18052| === LSTM_OBS t=400 5.92538,5.94314,6.15920,6.36404,0.01522,9.95320,0.00000,0.00426,0.00000,0.00000,0.00115,1.00000,0.00000,0.00000,0.00000,2797.34224,0.00000 ===
147.27818|I|libbeamng.print:18052| === LSTM_TRACE t=410 v=5.95 ws=5.84,5.81,5.97,5.73 cmd=0.580,0.582,0.657,0.669 cap=2489,2462,1175,1172 des=2489,2462,1028,1026 app=2266,2339,1019,1017 abs=nil,nil,nil,nil ebrake=1.00 ibrake=1.00 hasABS=0 sy=9.86 split=1.000,0.875 ===
147.27822|I|libbeamng.print:18052| === LSTM_OBS t=410 5.83935,5.80883,5.96721,5.72778,0.02098,9.85761,0.00000,-0.01220,0.00000,0.00000,0.00328,1.00000,0.00000,0.00000,0.00000,2600.23923,0.00000 ===
147.32864|I|libbeamng.print:18052| === LSTM_TRACE t=420 v=5.49 ws=4.88,4.90,5.47,5.28 cmd=0.258,0.308,0.609,0.603 cap=976,1081,1235,1238 des=976,1081,1080,1083 app=1780,1767,1070,1074 abs=nil,nil,nil,nil ebrake=1.00 ibrake=1.00 hasABS=0 sy=9.70 split=1.000,0.875 ===
147.32868|I|libbeamng.print:18052| === LSTM_OBS t=420 4.88209,4.89571,5.47149,5.28125,-0.00059,9.69866,0.00000,-0.00517,0.00000,0.00000,0.00278,1.00000,0.00000,0.00000,0.00000,2409.32764,0.00000 ===
147.37821|I|libbeamng.print:18052| === LSTM_TRACE t=430 v=5.05 ws=4.80,4.84,4.95,5.03 cmd=0.544,0.576,0.578,0.554 cap=779,919,1159,1133 des=779,919,1014,991 app=1333,1331,1004,982 abs=nil,nil,nil,nil ebrake=1.00 ibrake=1.00 hasABS=0 sy=9.50 split=1.000,0.875 ===
147.37825|I|libbeamng.print:18052| === LSTM_OBS t=430 4.80354,4.83789,4.95397,5.02673,-0.00831,9.49979,0.00000,0.00293,0.00000,0.00000,0.00176,1.00000,0.00000,0.00000,0.00000,2223.78327,0.00000 ===
147.42813|I|libbeamng.print:18052| === LSTM_TRACE t=440 v=4.62 ws=4.67,4.68,4.49,4.47 cmd=0.588,0.587,0.625,0.598 cap=2538,2528,1165,1067 des=2538,2528,1020,934 app=2035,2100,1009,925 abs=nil,nil,nil,nil ebrake=1.00 ibrake=1.00 hasABS=0 sy=9.25 split=1.000,0.875 ===
147.42816|I|libbeamng.print:18052| === LSTM_OBS t=440 4.67405,4.67645,4.49390,4.46584,0.00298,9.24986,0.00000,-0.00179,0.00000,0.00000,0.00349,1.00000,0.00000,0.00000,0.00000,2037.41209,0.00000 ===
147.47826|I|libbeamng.print:18052| === LSTM_TRACE t=450 v=4.20 ws=3.69,3.80,4.26,3.92 cmd=0.447,0.484,0.596,0.554 cap=1747,1752,1165,1105 des=1747,1752,1019,967 app=1743,1745,1008,958 abs=nil,nil,nil,nil ebrake=1.00 ibrake=1.00 hasABS=0 sy=9.00 split=1.000,0.875 ===
147.47831|I|libbeamng.print:18052| === LSTM_OBS t=450 3.69457,3.79938,4.25530,3.91718,0.01526,9.00359,0.00000,-0.00945,0.00000,0.00000,0.00189,1.00000,0.00000,0.00000,0.00000,1853.45092,0.00000 ===
147.52859|I|libbeamng.print:18052| === LSTM_TRACE t=460 v=3.74 ws=3.73,3.64,3.50,3.92 cmd=0.693,0.697,0.579,0.538 cap=2054,2142,1120,1019 des=2054,2142,980,891 app=1772,1931,970,883 abs=nil,nil,nil,nil ebrake=1.00 ibrake=1.00 hasABS=0 sy=8.94 split=1.000,0.875 ===
147.52862|I|libbeamng.print:18052| === LSTM_OBS t=460 3.72745,3.64313,3.49733,3.91719,0.01409,8.93966,0.00000,0.00457,0.00000,0.00000,0.00470,1.00000,0.00000,0.00000,0.00000,1675.96833,0.00000 ===
147.57848|I|libbeamng.print:18052| === LSTM_TRACE t=470 v=3.29 ws=2.99,2.99,3.06,3.07 cmd=0.688,0.711,0.605,0.545 cap=1867,1969,1167,1060 des=1867,1969,1021,928 app=1862,1961,1009,918 abs=nil,nil,nil,nil ebrake=1.00 ibrake=1.00 hasABS=0 sy=8.95 split=1.000,0.875 ===
147.57852|I|libbeamng.print:18052| === LSTM_OBS t=470 2.99248,2.99198,3.06237,3.07204,0.01928,8.95243,0.00000,0.00378,0.00000,0.00000,0.00189,1.00000,0.00000,0.00000,0.00000,1501.12199,0.00000 ===
147.62830|I|libbeamng.print:18052| === LSTM_TRACE t=480 v=2.81 ws=2.49,2.40,2.84,2.70 cmd=0.696,0.715,0.644,0.588 cap=2122,2194,1248,1137 des=2122,2194,1092,995 app=2116,2184,1079,984 abs=nil,nil,nil,nil ebrake=1.00 ibrake=1.00 hasABS=0 sy=9.04 split=1.000,0.875 ===
147.62833|I|libbeamng.print:18052| === LSTM_OBS t=480 2.48615,2.40137,2.83809,2.70167,-0.01464,9.04495,0.00000,0.00127,0.00000,0.00000,0.00280,1.00000,0.00000,0.00000,0.00000,1319.40532,0.00000 ===
147.67845|I|libbeamng.print:18052| === LSTM_TRACE t=490 v=2.32 ws=1.50,1.71,2.26,2.20 cmd=0.653,0.688,0.697,0.649 cap=1713,1848,1319,1236 des=1713,1848,1155,1082 app=1708,1839,1141,1070 abs=nil,nil,nil,nil ebrake=1.00 ibrake=1.00 hasABS=0 sy=9.27 split=1.000,0.875 ===
147.67848|I|libbeamng.print:18052| === LSTM_OBS t=490 1.50435,1.71496,2.25704,2.20212,0.00106,9.26625,0.00000,0.00011,0.00000,0.00000,0.00134,1.00000,0.00000,0.00000,0.00000,1131.02645,0.00000 ===
147.72897|I|libbeamng.print:18052| === LSTM_TRACE t=500 v=1.80 ws=0.20,0.07,1.27,1.25 cmd=0.901,0.910,0.800,0.780 cap=2704,2740,1530,1482 des=2704,2740,1338,1296 app=2694,2725,1322,1282 abs=nil,nil,nil,nil ebrake=1.00 ibrake=1.00 hasABS=0 sy=9.48 split=1.000,0.875 ===
147.72902|I|libbeamng.print:18052| === LSTM_OBS t=5
