 28.19603|I|libbeamng.print:18052| === LSTM_ABS: lens 'baseline_stock800' loaded (17 in, 64 hidden, 2 layers) ===
 28.19781|I|libbeamng.print:18052| === LSTM_ABS SELFTEST lens=baseline_stock800 cmd=0.942358,0.745321,0.845199,0.930048 ===
 50.37309|I|libbeamng.print:18052| === LSTM_TRACE t=0 v=27.70 ws=27.67,27.78,27.40,27.47 cmd=0.650,0.683,0.573,0.586 cap=155,155,97,97 des=155,155,85,85 app=142,142,78,78 abs=nil,nil,nil,nil ebrake=1.00 ibrake=1.00 hasABS=0 sy=1.85 split=1.000,0.875 ===
 50.37312|I|libbeamng.print:18052| === LSTM_OBS t=0 27.66824,27.78258,27.40293,27.46592,-0.32329,1.84689,-0.01187,0.01318,0.00000,0.00000,0.00000,1.00000,0.00000,0.00095,-0.00903,7858.05982,0.25000 ===
 50.43145|I|libbeamng.print:18052| === LSTM_TRACE t=10 v=27.40 ws=25.89,25.81,26.47,27.03 cmd=0.590,0.603,0.739,0.434 cap=1836,1923,1454,893 des=1836,1923,1272,781 app=1698,1780,1179,722 abs=nil,nil,nil,nil ebrake=1.00 ibrake=1.00 hasABS=0 sy=6.59 split=1.000,0.875 ===
 50.43149|I|libbeamng.print:18052| === LSTM_OBS t=10 25.88840,25.81297,26.46702,27.03045,-0.10875,6.59254,0.80017,-0.00517,0.00000,0.00000,0.00091,1.00000,0.00000,0.00109,-0.01009,7762.76234,0.25000 ===
 50.45208|I|libbeamng.print:18052| === LSTM_ABS DBG raw=25.6771,25.8852,26.0300,26.8453,-0.0229,8.1213,0.0834,0.0148,0.0000,0.0000,0.0023,1.0000,0.0000,0.0010,-0.0112,7676.0459,0.2500 ===
 50.45211|I|libbeamng.print:18052| === LSTM_ABS DBG norm=1.35,1.34,1.19,1.26,0.03,-0.47,-0.18,0.04,-0.09,0.09,-0.11,0.35,-0.05,-0.02,0.52,10.00,0.25 ===
 50.45212|I|libbeamng.print:18052| === LSTM_ABS DBG cmd=0.6679,0.6813,0.7328,0.4011 ===
 50.47853|I|libbeamng.print:18052| === LSTM_TRACE t=20 v=26.94 ws=25.37,25.42,25.32,26.55 cmd=0.717,0.733,0.734,0.403 cap=2174,2233,1422,769 des=2174,2233,1244,673 app=2038,2094,1170,627 abs=nil,nil,nil,nil ebrake=1.00 ibrake=1.00 hasABS=0 sy=8.89 split=1.000,0.875 ===
 50.47857|I|libbeamng.print:18052| === LSTM_OBS t=20 25.37197,25.41683,25.32396,26.55390,-0.26153,8.88608,0.47497,0.02232,0.00000,0.00000,0.00221,1.00000,0.00000,0.00088,-0.01296,7554.80263,0.25000 ===
 50.53610|I|libbeamng.print:18052| === LSTM_TRACE t=30 v=26.43 ws=24.45,24.09,24.23,25.97 cmd=0.796,0.824,0.784,0.514 cap=2412,2508,1517,977 des=2412,2508,1328,855 app=2290,2384,1263,804 abs=nil,nil,nil,nil ebrake=1.00 ibrake=1.00 hasABS=0 sy=10.34 split=1.000,0.875 ===
 50.53614|I|libbeamng.print:18052| === LSTM_OBS t=30 24.44609,24.08746,24.23426,25.97272,-0.33737,10.33967,0.52523,0.01028,0.00000,0.00000,0.00229,1.00000,0.00000,0.00039,-0.01543,7311.73476,0.25000 ===
 50.58942|I|libbeamng.print:18052| === LSTM_TRACE t=40 v=25.88 ws=23.37,22.11,23.24,25.32 cmd=0.804,0.847,0.814,0.609 cap=2493,2617,1575,1166 des=2493,2617,1378,1020 app=2391,2513,1323,967 abs=nil,nil,nil,nil ebrake=1.00 ibrake=1.00 hasABS=0 sy=11.15 split=1.000,0.875 ===
 50.58951|I|libbeamng.print:18052| === LSTM_OBS t=40 23.37453,22.10536,23.23664,25.32254,-0.61042,11.15136,-0.06304,0.00934,0.00000,0.00000,0.00326,1.00000,0.00000,0.00019,-0.01747,7068.94697,0.25000 ===
 50.64361|I|libbeamng.print:18052| === LSTM_TRACE t=50 v=25.33 ws=22.73,19.65,22.08,24.62 cmd=0.801,0.814,0.803,0.681 cap=2519,2544,1559,1308 des=2519,2544,1364,1144 app=2436,2460,1318,1094 abs=nil,nil,nil,nil ebrake=1.00 ibrake=1.00 hasABS=0 sy=11.01 split=1.000,0.875 ===
 50.64365|I|libbeamng.print:18052| === LSTM_OBS t=50 22.72629,19.64571,22.07609,24.61693,-0.38508,11.00763,-0.19228,-0.00904,0.00000,0.00000,0.00388,1.00000,0.00000,0.00061,-0.01898,6810.66132,0.25000 ===
 50.70239|I|libbeamng.print:18052| === LSTM_TRACE t=60 v=24.78 ws=22.25,17.38,20.88,24.03 cmd=0.799,0.761,0.782,0.711 cap=2459,2350,1525,1385 des=2459,2350,1334,1212 app=2392,2283,1295,1166 abs=nil,nil,nil,nil ebrake=1.00 ibrake=1.00 hasABS=0 sy=10.87 split=1.000,0.875 ===
 50.70248|I|libbeamng.print:18052| === LSTM_OBS t=60 22.25306,17.38071,20.87949,24.03304,-0.27533,10.86775,0.14874,-0.00627,0.00000,0.00000,0.00307,1.00000,0.00000,0.00124,-0.01951,6546.39608,0.25000 ===
 50.75533|I|libbeamng.print:18052| === LSTM_TRACE t=70 v=24.22 ws=21.40,16.20,19.86,23.32 cmd=0.803,0.715,0.760,0.716 cap=2425,2178,1488,1394 des=2425,2178,1302,1219 app=2371,2123,1268,1180 abs=nil,nil,nil,nil ebrake=1.00 ibrake=1.00 hasABS=0 sy=11.15 split=1.000,0.875 ===
 50.75538|I|libbeamng.print:18052| === LSTM_OBS t=70 21.39734,16.19826,19.86342,23.31637,0.06548,11.14667,0.35901,-0.01509,0.00000,0.00000,0.00335,1.00000,0.00000,0.00194,-0.01918,6298.72128,0.25000 ===
 50.81252|I|libbeamng.print:18052| === LSTM_TRACE t=80 v=23.66 ws=19.78,15.66,18.91,22.74 cmd=0.774,0.682,0.760,0.728 cap=2405,2095,1469,1402 des=2405,2095,1285,1227 app=2359,2046,1255,1192 abs=nil,nil,nil,nil ebrake=1.00 ibrake=1.00 hasABS=0 sy=11.23 split=1.000,0.875 ===
 50.81257|I|libbeamng.print:18052| === LSTM_OBS t=80 19.78239,15.65790,18.90976,22.74191,-0.09339,11.23481,-0.03869,-0.00753,0.00000,0.00000,0.00280,1.00000,0.00000,0.00231,-0.01842,6068.11947,0.25000 ===
 50.86871|I|libbeamng.print:18052| === LSTM_TRACE t=90 v=23.12 ws=18.04,14.65,18.00,22.20 cmd=0.736,0.673,0.770,0.733 cap=2257,2056,1497,1422 des=2257,2056,1310,1245 app=2219,2012,1282,1214 abs=nil,nil,nil,nil ebrake=1.00 ibrake=1.00 hasABS=0 sy=10.86 split=1.000,0.875 ===
 50.86875|I|libbeamng.print:18052| === LSTM_OBS t=90 18.04469,14.65335,17.99965,22.19617,-0.04469,10.86475,0.23479,-0.02553,0.00000,0.00000,0.00342,1.00000,0.00000,0.00209,-0.01763,5850.58126,0.25000 ===
 50.92266|I|libbeamng.print:18052| === LSTM_TRACE t=100 v=22.57 ws=16.39,13.87,17.03,21.62 cmd=0.747,0.697,0.778,0.748 cap=2158,2035,1523,1473 des=2158,2035,1333,1289 app=2125,1993,1306,1261 abs=nil,nil,nil,nil ebrake=1.00 ibrake=1.00 hasABS=0 sy=10.99 split=1.000,0.875 ===
 50.92273|I|libbeamng.print:18052| === LSTM_OBS t=100 16.39078,13.86919,17.03472,21.62244,0.24564,10.99421,1.18890,-0.01867,0.00000,0.00000,0.00289,1.00000,0.00000,0.00161,-0.01689,5635.00907,0.25000 ===
 50.97678|I|libbeamng.print:18052| === LSTM_TRACE t=110 v=22.03 ws=15.14,12.77,16.21,21.26 cmd=0.670,0.652,0.797,0.780 cap=2155,2076,1540,1506 des=2155,2076,1347,1318 app=2125,2035,1322,1292 abs=nil,nil,nil,nil ebrake=1.00 ibrake=1.00 hasABS=0 sy=10.87 split=1.000,0.875 ===
 50.97682|I|libbeamng.print:18052| === LSTM_OBS t=110 15.13948,12.76865,16.20906,21.26297,-0.26195,10.87316,0.06055,-0.01707,0.00000,0.00000,0.00305,1.00000,0.00000,0.00116,-0.01608,5412.50948,0.25000 ===
 51.03577|I|libbeamng.print:18052| === LSTM_TRACE t=120 v=21.49 ws=14.48,11.46,15.19,20.70 cmd=0.687,0.668,0.807,0.814 cap=2162,2102,1564,1575 des=2162,2102,1369,1378 app=2133,2062,1344,1354 abs=nil,nil,nil,nil ebrake=1.00 ibrake=1.00 hasABS=0 sy=10.77 split=1.000,0.875 ===
 51.03580|I|libbeamng.print:18052| === LSTM_OBS t=120 14.48382,11.45693,15.19060,20.70009,-0.11023,10.76866,0.10862,-0.02062,0.00000,0.00000,0.00239,1.00000,0.00000,0.00090,-0.01533,5187.77617,0.25000 ===
 51.08912|I|libbeamng.print:18052| === LSTM_TRACE t=130 v=20.96 ws=13.97,9.93,13.92,19.96 cmd=0.686,0.666,0.816,0.841 cap=2136,2070,1582,1625 des=2136,2070,1384,1422 app=2109,2032,1361,1400 abs=nil,nil,nil,nil ebrake=1.00 ibrake=1.00 hasABS=0 sy=10.68 split=1.000,0.875 ===
 51.08918|I|libbeamng.print:18052| === LSTM_OBS t=130 13.97163,9.93063,13.92016,19.96401,-0.06732,10.68025,-0.08883,-0.01948,0.00000,0.00000,0.00338,1.00000,0.00000,0.00086,-0.01453,4960.64870,0.25000 ===
 51.14439|I|libbeamng.print:18052| === LSTM_TRACE t=140 v=20.41 ws=13.03,8.50,12.77,19.31 cmd=0.676,0.660,0.823,0.857 cap=2076,2031,1599,1663 des=2076,2031,1399,1455 app=2050,1993,1375,1435 abs=nil,nil,nil,nil ebrake=1.00 ibrake=1.00 hasABS=0 sy=10.78 split=1.000,0.875 ===
 51.14444|I|libbeamng.print:18052| === LSTM_OBS t=140 13.02720,8.49578,12.76815,19.31360,0.00787,10.78372,0.24181,-0.01402,0.00000,0.00000,0.00307,1.00000,0.00000,0.00109,-0.01379,4729.21965,0.25000 ===
 51.20292|I|libbeamng.print:18052| === LSTM_TRACE t=150 v=19.89 ws=12.54,6.89,11.73,18.82 cmd=0.673,0.648,0.826,0.871 cap=2033,1976,1611,1700 des=2033,1976,1410,1488 app=2009,1939,1386,1469 abs=nil,nil,nil,nil ebrake=1.00 ibrake=1.00 hasABS=0 sy=10.53 split=1.000,0.875 ===
 51.20296|I|libbeamng.print:18052| === LSTM_OBS t=150 12.54233,6.88970,11.73004,18.81893,0.04765,10.53078,0.78259,-0.02248,0.00000,0.00000,0.00322,1.00000,0.00000,0.00141,-0.01305,4494.60913,0.25000 ===
 51.25614|I|libbeamng.print:18052| === LSTM_TRACE t=160 v=19.35 ws=11.83,5.49,10.55,18.36 cmd=0.674,0.642,0.829,0.884 cap=2077,1977,1611,1700 des=2077,1977,1410,1488 app=2052,1939,1387,1471 abs=nil,nil,nil,nil ebrake=1.00 ibrake=1.00 hasABS=0 sy=10.57 split=1.000,0.875 ===
 51.25620|I|libbeamng.print:18052| === LSTM_OBS t=160 11.82992,5.49064,10.54773,18.35762,0.00063,10.57496,0.64545,-0.02289,0.00000,0.00000,0.00322,1.00000,0.00000,0.00159,-0.01230,4257.60311,0.25000 ===
 51.31090|I|libbeamng.print:18052| === LSTM_TRACE t=170 v=18.82 ws=11.18,4.48,9.40,17.71 cmd=0.667,0.643,0.834,0.896 cap=2036,1946,1618,1700 des=2036,1946,1415,1488 app=2012,1907,1392,1472 abs=nil,nil,nil,nil ebrake=1.00 ibrake=1.00 hasABS=0 sy=10.65 split=1.000,0.875 ===
 51.31094|I|libbeamng.print:18052| === LSTM_OBS t=170 11.17862,4.48392,9.40288,17.71403,0.21203,10.65284,0.03893,-0.02902,0.00000,0.00000,0.00229,1.00000,0.00000,0.00115,-0.01142,4016.60895,0.25000 ===
 51.36943|I|libbeamng.print:18052| === LSTM_TRACE t=180 v=18.29 ws=10.52,2.56,8.57,17.01 cmd=0.636,0.629,0.843,0.902 cap=1992,1989,1640,1700 des=1992,1989,1435,1488 app=1969,1947,1410,1473 abs=nil,nil,nil,nil ebrake=1.00 ibrake=1.00 hasABS=0 sy=10.64 split=1.000,0.875 ===
 51.36947|I|libbeamng.print:18052| === LSTM_OBS t=180 10.52098,2.56192,8.56608,17.00955,0.39906,10.64325,0.29212,-0.01242,0.00000,0.00000,0.00270,1.00000,0.00000,-0.00032,-0.01033,3773.52979,0.25000 ===
 51.42356|I|libbeamng.print:18052| === LSTM_TRACE t=190 v=17.76 ws=10.37,1.04,7.69,16.15 cmd=0.643,0.651,0.851,0.906 cap=1989,2016,1651,1700 des=1989,2016,1445,1488 app=1965,1970,1420,1474 abs=nil,nil,nil,nil ebrake=1.00 ibrake=1.00 hasABS=0 sy=10.63 split=1.000,0.875 ===
 51.42359|I|libbeamng.print:18052| === LSTM_OBS t=190 10.36665,1.03928,7.69462,16.14917,0.49588,10.62578,-0.08042,-0.01400,0.00000,0.00000,0.00169,1.00000,0.00000,-0.00170,-0.00911,3531.14735,0.25000 ===
 51.47796|I|libbeamng.print:18052| === LSTM_TRACE t=200 v=17.25 ws=10.00,0.06,6.69,15.63 cmd=0.643,0.662,0.853,0.904 cap=1978,2055,1659,1700 des=1978,2055,1451,1488 app=1955,2005,1425,1475 abs=nil,nil,nil,nil ebrake=1.00 ibrake=1.00 hasABS=0 sy=10.58 split=1.000,0.875 ===
 51.47800|I|libbeamng.print:18052| === LSTM_OBS t=200 9.99642,0.05503,6.68758,15.63436,0.35700,10.58087,0.01397,0.00429,0.00000,0.00000,0.00345,1.00000,0.00000,-0.00233,-0.00797,3292.47653,0.25000 ===
 51.53649|I|libbeamng.print:18052| === LSTM_TRACE t=210 v=16.74 ws=9.17,0.00,5.46,14.85 cmd=0.661,0.694,0.853,0.906 cap=2068,2156,1654,1700 des=2068,2156,1447,1488 app=2043,2100,1420,1475 abs=nil,nil,nil,nil ebrake=1.00 ibrake=1.00 hasABS=0 sy=10.39 split=1.000,0.875 ===
 51.53652|I|libbeamng.print:18052| === LSTM_OBS t=210 9.17424,0.00421,5.45678,14.84988,0.16878,10.39485,0.08613,0.00125,0.00000,0.00000,0.00278,1.00000,0.00000,-0.00185,-0.00726,3055.87475,0.25000 ===
 51.59027|I|libbeamng.print:18052| === LSTM_TRACE t=220 v=16.20 ws=8.03,0.01,4.48,14.41 cmd=0.642,0.708,0.860,0.911 cap=1965,2165,1670,1700 des=1965,2165,1461,1488 app=1941,2105,1431,1476 abs=nil,nil,nil,nil ebrake=1.00 ibrake=1.00 hasABS=0 sy=10.87 split=1.000,0.875 ===
 51.59031|I|libbeamng.print:18052| === LSTM_OBS t=220 8.03311,0.01334,4.47850,14.40792,0.14502,10.87135,-0.25783,0.00986,0.00000,0.00000,0.00234,1.00000,0.00000,-0.00141,-0.00705,2829.57610,0.25000 ===
 51.64503|I|libbeamng.print:18052| === LSTM_TRACE t=230 v=15.69 ws=6.69,0.01,3.42,13.86 cmd=0.640,0.728,0.862,0.912 cap=2000,2273,1676,1700 des=2000,2273,1467,1488 app=1974,2207,1435,1476 abs=nil,nil,nil,nil ebrake=1.00 ibrake=1.00 hasABS=0 sy=10.13 split=1.000,0.875 ===
 51.64510|I|libbeamng.print:18052| === LSTM_OBS t=230 6.69479,0.00720,3.41991,13.85644,0.72479,10.12743,-0.19494,0.00738,0.00000,0.00000,0.00224,1.00000,0.00000,-0.00108,-0.00730,2600.48019,0.25000 ===
 51.70395|I|libbeamng.print:18052| === LSTM_TRACE t=240 v=15.18 ws=5.47,0.01,2.81,13.48 cmd=0.557,0.691,0.866,0.911 cap=1854,2211,1673,1700 des=1854,2211,1464,1488 app=1830,2143,1430,1476 abs=nil,nil,nil,nil ebrake=1.00 ibrake=1.00 hasABS=0 sy=10.18 split=1.000,0.875 ===
 51.70399|I|libbeamng.print:18052| === LSTM_OBS t=240 5.47044,0.00592,2.81445,13.47865,-0.81498,10.18365,0.24126,0.00321,0.00000,0.00000,0.00388,1.00000,0.00000,-0.00085,-0.00754,2354.92626,0.25000 ===
 51.75673|I|libbeamng.print:18052| === LSTM_TRACE t=250 v=14.69 ws=4.59,0.02,0.71,12.69 cmd=0.572,0.710,0.859,0.902 cap=1652,2142,1680,1700 des=1652,2142,1470,1488 app=1629,2073,1434,1476 abs=nil,nil,nil,nil ebrake=1.00 ibrake=1.00 hasABS=0 sy=9.64 split=1.000,0.875 ===
 51.75676|I|libbeamng.print:18052| === LSTM_OBS t=250 4.59370,0.02013,0.71263,12.69339,0.42318,9.63624,1.36052,-0.00415,0.00000,0.00000,0.00659,1.00000,0.00000,-0.00049,-0.00760,2103.58262,0.25000 ===
 51.81181|I|libbeamng.print:18052| === LSTM_TRACE t=260 v=14.20 ws=3.52,0.02,0.04,11.99 cmd=0.627,0.763,0.858,0.903 cap=1880,2317,1669,1700 des=1880,2317,1460,1488 app=1852,2239,1421,1476 abs=nil,nil,nil,nil ebrake=1.00 ibrake=1.00 hasABS=0 sy=9.35 split=1.000,0.875 ===
 51.81185|I|libbeamng.print:18052| === LSTM_OBS t=260 3.52276,0.01761,0.03838,11.99145,0.22716,9.34840,0.05364,-0.00840,0.00000,0.00000,0.00091,1.00000,0.00000,-0.00072,-0.00680,1839.49106,0.25000 ===
 51.87015|I|libbeamng.print:18052| === LSTM_TRACE t=270 v=13.69 ws=2.11,0.03,0.04,10.31 cmd=0.568,0.747,0.868,0.897 cap=1699,2284,1692,1700 des=1699,2284,1481,1488 app=1672,2204,1438,1476 abs=nil,nil,nil,nil ebrake=1.00 ibrake=1.00 hasABS=0 sy=9.92 split=1.000,0.875 ===
 51.87019|I|libbeamng.print:18052| === LSTM_OBS t=270 2.10508,0.03092,0.03512,10.30816,0.20185,9.91522,0.32162,-0.00642,0.00000,0.00000,0.00322,1.00000,0.00000,0.00058,-0.00620,1636.01154,0.25000 ===
 51.92774|I|libbeamng.print:18052| === LSTM_TRACE t=280 v=13.20 ws=0.73,0.01,0.00,8.88 cmd=0.635,0.820,0.867,0.889 cap=1933,2522,1687,1700 des=1933,2522,1476,1488 app=1899,2429,1430,1475 abs=nil,nil,nil,nil ebrake=1.00 ibrake=1.00 hasABS=0 sy=9.83 split=1.000,0.875 ===
 51.92778|I|libbeamng.print:18052| === LSTM_OBS t=280 0.72630,0.00892,0.00361,8.88472,0.25748,9.82680,-0.03596,-0.01736,0.00000,0.00000,0.00315,1.00000,0.00000,0.00176,-0.00587,1415.99530,0.25000 ===
 51.98574|I|libbeamng.print:18052| === LSTM_TRACE t=290 v=12.71 ws=0.01,0.00,0.02,6.92 cmd=0.624,0.829,0.872,0.884 cap=1902,2557,1699,1700 des=1902,2557,1486,1488 app=1866,2459,1438,1474 abs=nil,nil,nil,nil ebrake=1.00 ibrake=1.00 hasABS=0 sy=9.77 split=1.000,0.875 ===
 51.98577|I|libbeamng.print:18052| === LSTM_OBS t=290 0.00971,0.00320,0.01925,6.91750,0.14720,9.76843,0.38153,-0.02748,0.00000,0.00000,0.00104,1.00000,0.00000,0.00281,-0.00577,1220.11380,0.25000 ===
 52.03934|I|libbeamng.print:18052| === LSTM_TRACE t=300 v=12.24 ws=0.02,0.01,0.02,5.31 cmd=0.703,0.870,0.866,0.878 cap=2139,2678,1685,1700 des=2139,2678,1475,1488 app=2096,2572,1424,1473 abs=nil,nil,nil,nil ebrake=1.00 ibrake=1.00 hasABS=0 sy=9.52 split=1.000,0.875 ===
 52.03939|I|libbeamng.print:18052| === LSTM_OBS t=300 0.01811,0.00750,0.01549,5.30720,0.19422,9.51947,0.58646,-0.03328,0.00000,0.00000,0.00085,1.00000,0.00000,0.00322,-0.00565,1018.42217,0.25000 ===
 52.09398|I|libbeamng.print:18052| === LSTM_TRACE t=310 v=11.74 ws=0.02,0.00,0.00,3.33 cmd=0.752,0.898,0.869,0.874 cap=2313,2770,1687,1698 des=2313,2770,1476,1486 app=2263,2657,1424,1470 abs=nil,nil,nil,nil ebrake=1.00 ibrake=1.00 hasABS=0 sy=9.57 split=1.000,0.875 ===
 52.09402|I|libbeamng.print:18052| === LSTM_OBS t=310 0.02383,0.00330,0.00164,3.33096,0.04229,9.57094,0.09424,-0.03975,0.00000,0.00000,0.00115,1.00000,0.00000,0.00263,-0.00602,827.13579,0.25000 ===
 52.15294|I|libbeamng.print:18052| === LSTM_TRACE t=320 v=11.24 ws=0.02,0.01,0.06,0.24 cmd=0.756,0.906,0.871,0.859 cap=2290,2796,1699,1670 des=2290,2796,1486,1461 app=2237,2679,1431,1443 abs=nil,nil,nil,nil ebrake=1.00 ibrake=1.00 hasABS=0 sy=9.79 split=1.000,0.875 ===
 52.15302|I|libbeamng.print:18052| === LSTM_OBS t=320 0.01820,0.00676,0.05522,0.23762,0.64868,9.78673,0.29126,-0.02829,0.00000,0.00000,0.00069,1.00000,0.00000,0.00163,-0.00691,742.58879,0.25000 ===
 52.20635|I|libbeamng.print:18052| === LSTM_TRACE t=330 v=10.77 ws=0.01,0.00,0.02,0.08 cmd=0.789,0.912,0.858,0.853 cap=2402,2814,1672,1654 des=2402,2814,1463,1447 app=2344,2693,1407,1427 abs=nil,nil,nil,nil ebrake=1.00 ibrake=1.00 hasABS=0 sy=9.47 split=1.000,0.875 ===
 52.20639|I|libbeamng.print:18052| === LSTM_OBS t=330 0.01497,0.00332,0.02354,0.08413,0.20346,9.46953,0.47652,-0.03312,0.00000,0.00000,0.00142,1.00000,0.00000,0.00147,-0.00730,730.69391,0.25000 ===
 52.26145|I|libbeamng.print:18052| === LSTM_TRACE t=340 v=10.29 ws=0.00,0.00,0.02,0.02 cmd=0.799,0.917,0.860,0.854 cap=2443,2828,1672,1657 des=2443,2828,1463,1450 app=2380,2704,1405,1427 abs=nil,nil,nil,nil ebrake=1.00 ibrake=1.00 hasABS=0 sy=9.61 split=1.000,0.875 ===
 52.26148|I|libbeamng.print:18052| === LSTM_OBS t=340 0.00194,0.00226,0.02064,0.02187,0.21495,9.60763,0.25501,-0.02875,0.00000,0.00000,0.00162,1.00000,0.00000,0.00137,-0.00739,730.84668,0.25000 ===
 52.32000|I|libbeamng.print:18052| === LSTM_TRACE t=350 v=9.80 ws=0.00,0.00,0.01,0.03 cmd=0.800,0.920,0.864,0.854 cap=2475,2848,1678,1660 des=2475,2848,1469,1452 app=2408,2720,1409,1426 abs=nil,nil,nil,nil ebrake=1.00 ibrake=1.00 hasABS=0 sy=9.71 split=1.000,0.875 ===
 52.32005|I|libbeamng.print:18052| === LSTM_OBS t=350 0.00491,0.00111,0.01252,0.02969,0.09755,9.71467,0.21042,-0.02865,0.00000,0.00000,0.00134,1.00000,0.00000,0.00113,-0.00753,726.42290,0.25000 ===
 52.37723|I|libbeamng.print:18052| === LSTM_TRACE t=360 v=9.31 ws=0.00,0.00,0.00,0.03 cmd=0.799,0.920,0.865,0.854 cap=2471,2849,1681,1659 des=2471,2849,1471,1452 app=2401,2718,1410,1423 abs=nil,nil,nil,nil ebrake=1.00 ibrake=1.00 hasABS=0 sy=9.89 split=1.000,0.875 ===
 52.37728|I|libbeamng.print:18052| === LSTM_OBS t=360 0.00426,0.00011,0.00320,0.03244,0.21473,9.89447,0.13472,-0.02451,0.00000,0.00000,0.00124,1.00000,0.00000,0.00094,-0.00770,728.31886,0.25000 ===
 52.43575|I|libbeamng.print:18052| === LSTM_TRACE t=370 v=8.81 ws=0.01,0.00,0.00,0.00 cmd=0.804,0.921,0.865,0.855 cap=2492,2855,1681,1660 des=2492,2855,1471,1453 app=2418,2722,1408,1422 abs=nil,nil,nil,nil ebrake=1.00 ibrake=1.00 hasABS=0 sy=9.91 split=1.000,0.875 ===
 52.43582|I|libbeamng.print:18052| === LSTM_OBS t=370 0.00689,0.00124,0.00054,0.00183,0.25478,9.91363,0.05188,-0.02360,0.00000,0.00000,0.00124,1.00000,0.00000,0.00079,-0.00793,729.76161,0.25000 ===
 52.48968|I|libbeamng.print:18052| === LSTM_TRACE t=380 v=8.31 ws=0.00,0.00,0.01,0.01 cmd=0.803,0.920,0.866,0.855 cap=2487,2851,1682,1661 des=2487,2851,1472,1454 app=2410,2715,1408,1420 abs=nil,nil,nil,nil ebrake=1.00 ibrake=1.00 hasABS=0 sy=9.96 split=1.000,0.875 ===
 52.48973|I|libbeamng.print:18052| === LSTM_OBS t=380 0.00363,0.00233,0.00741,0.00741,0.26546,9.96347,0.10872,-0.02002,0.00000,0.00000,0.00142,1.00000,0.00000,0.00068,-0.00813,732.23735,0.25000 ===
 52.54480|I|libbeamng.print:18052| === LSTM_TRACE t=390 v=7.81 ws=0.01,0.00,0.00,0.00 cmd=0.808,0.921,0.865,0.856 cap=2502,2855,1681,1662 des=2502,2855,1471,1454 app=2422,2717,1406,1419 abs=nil,nil,nil,nil ebrake=1.00 ibrake=1.00 hasABS=0 sy=10.06 split=1.000,0.875 ===
 52.54485|I|libbeamng.print:18052| === LSTM_OBS t=390 0.00608,0.00080,0.00194,0.00220,0.26750,10.06198,0.15520,-0.01781,0.00000,0.00000,0.00142,1.00000,0.00000,0.00061,-0.00836,730.41177,0.25000 ===
 52.60316|I|libbeamng.print:18052| === LSTM_TRACE t=400 v=7.30 ws=0.00,0.00,0.00,0.01 cmd=0.814,0.922,0.865,0.857 cap=2518,2858,1681,1664 des=2518,2858,1470,1456 app=2435,2717,1404,1419 abs=nil,nil,nil,nil ebrake=1.00 ibrake=1.00 hasABS=0 sy=10.17 split=1.000,0.875 ===
 52.60321|I|libbeamng.print:18052| === LSTM_OBS t=400 0.00176,0.00245,0.00273,0.00910,0.23494,10.16985,0.15091,-0.01667,0.00000,0.00000,0.00142,1.00000,0.00000,0.00054,-0.00858,733.03587,0.25000 ===
 52.66035|I|libbeamng.print:18052| === LSTM_TRACE t=410 v=6.78 ws=0.00,0.00,0.01,0.00 cmd=0.819,0.924,0.865,0.858 cap=2538,2864,1680,1666 des=2538,2864,1470,1458 app=2451,2720,1403,1419 abs=nil,nil,nil,nil ebrake=1.00 ibrake=1.00 hasABS=0 sy=10.37 split=1.000,0.875 ===
 52.66039|I|libbeamng.print:18052| === LSTM_OBS t=410 0.00430,0.00045,0.00598,0.00355,0.26938,10.37430,0.09310,-0.01392,0.00000,0.00000,0.00154,1.00000,0.00000,0.00046,-0.00883,731.97336,0.25000 ===
 52.71947|I|libbeamng.print:18052| === LSTM_TRACE t=420 v=6.26 ws=0.00,0.00,0.01,0.01 cmd=0.823,0.925,0.866,0.859 cap=2553,2868,1681,1669 des=2553,2868,1471,1460 app=2463,2722,1403,1419 abs=nil,nil,nil,nil ebrake=1.00 ibrake=1.00 hasABS=0 sy=10.49 split=1.000,0.875 ===
 52.71951|I|libbeamng.print:18052| === LSTM_OBS t=420 0.00268,0.00200,0.00716,0.00631,0.29889,10.48657,0.06365,-0.01220,0.00000,0.00000,0.00154,1.00000,0.00000,0.00039,-0.00910,733.14870,0.25000 ===
 52.77296|I|libbeamng.print:18052| === LSTM_TRACE t=430 v=5.73 ws=0.00,0.00,0.00,0.00 cmd=0.827,0.926,0.866,0.860 cap=2562,2869,1682,1670 des=2562,2869,1471,1461 app=2470,2722,1402,1419 abs=nil,nil,nil,nil ebrake=1.00 ibrake=1.00 hasABS=0 sy=10.56 split=1.000,0.875 ===
 52.77299|I|libbeamng.print:18052| === LSTM_OBS t=430 0.00433,0.00069,0.00271,0.00059,0.33291,10.55575,0.06760,-0.01024,0.00000,0.00000,0.00162,1.00000,0.00000,0.00032,-0.00938,728.94819,0.25000 ===
 52.82772|I|libbeamng.print:18052| === LSTM_TRACE t=440 v=5.20 ws=0.00,0.00,0.01,0.01 cmd=0.826,0.925,0.866,0.860 cap=2566,2870,1683,1671 des=2566,2870,1472,1462 app=2471,2721,1403,1418 abs=nil,nil,nil,nil ebrake=1.00 ibrake=1.00 hasABS=0 sy=10.60 split=1.000,0.875 ===
 52.82776|I|libbeamng.print:18052| === LSTM_OBS t=440 0.00064,0.00415,0.00709,0.00970,0.31388,10.60283,0.07622,-0.00672,0.00000,0.00000,0.00154,1.00000,0.00000,0.00030,-0.00963,729.11995,0.25000 ===
 52.88921|I|libbeamng.print:18052| === LSTM_TRACE t=450 v=4.65 ws=0.00,0.00,0.00,0.01 cmd=0.832,0.926,0.866,0.861 cap=2578,2871,1683,1673 des=2578,2871,1472,1464 app=2481,2720,1402,1419 abs=nil,nil,nil,nil ebrake=1.00 ibrake=1.00 hasABS=0 sy=10.83 split=1.000,0.875 ===
 52.88924|I|libbeamng.print:18052| === LSTM_OBS t=450 0.00499,0.00053,0.00061,0.00731,0.36495,10.83373,0.08253,-0.00539,0.00000,0.00000,0.00162,1.00000,0.00000,0.00029,-0.00993,728.47679,0.25000 ===
 52.94457|I|libbeamng.print:18052| === LSTM_TRACE t=460 v=4.11 ws=0.00,0.00,0.00,0.01 cmd=0.837,0.927,0.865,0.862 cap=2597,2876,1681,1675 des=2597,2876,1471,1465 app=2497,2723,1400,1419 abs=nil,nil,nil,nil ebrake=1.00 ibrake=1.00 hasABS=0 sy=10.93 split=1.000,0.875 ===
 52.94460|I|libbeamng.print:18052| === LSTM_OBS t=460 0.00133,0.00317,0.00236,0.01085,0.33528,10.92775,0.07259,-0.00385,0.00000,0.00000,0.00162,1.00000,0.00000,0.00021,-0.01029,728.55105,0.25000 ===
 53.00298|I|libbeamng.print:18052| === LSTM_TRACE t=470 v=3.55 ws=0.00,0.00,0.01,0.00 cmd=0.844,0.929,0.864,0.863 cap=2616,2880,1679,1676 des=2616,2880,1469,1467 app=2514,2726,1398,1419 abs=nil,nil,nil,nil ebrake=1.00 ibrake=1.00 hasABS=0 sy=11.04 split=1.000,0.875 ===
 53.00302|I|libbeamng.print:18052| === LSTM_OBS t=470 0.00463,0.00078,0.00503,0.00170,0.34893,11.04209,0.10114,-0.00234,0.00000,0.00000,0.00176,1.00000,0.00000,0.00013,-0.01062,726.19822,0.25000 ===
 53.05699|I|libbeamng.print:18052| === LSTM_TRACE t=480 v=3.00 ws=0.00,0.00,0.00,0.00 cmd=0.849,0.930,0.863,0.864 cap=2632,2884,1677,1678 des=2632,2884,1468,1468 app=2526,2728,1396,1420 abs=nil,nil,nil,nil ebrake=1.00 ibrake=1.00 hasABS=0 sy=11.11 split=1.000,0.875 ===
 53.05704|I|libbeamng.print:18052| === LSTM_OBS t=480 0.00292,0.00267,0.00155,0.00079,0.33238,11.11481,0.11955,-0.00060,0.00000,0.00000,0.00176,1.00000,0.00000,0.00008,-0.01089,728.96131,0.25000 ===
 53.11097|I|libbeamng.print:18052| === LSTM_TRACE t=490 v=2.44 ws=0.01,0.00,0.01,0.01 cmd=0.853,0.931,0.863,0.864 cap=2646,2888,1676,1679 des=2646,2888,1467,1469 app=2538,2731,1395,1420 abs=nil,nil,nil,nil ebrake=1.00 ibrake=1.00 hasABS=0 sy=11.17 split=1.000,0.875 ===
 53.11106|I|libbeamng.print:18052| === LSTM_OBS t=490 0.00589,0.00069,0.00711,0.00972,0.36568,11.17252,0.14257,-0.00029,0.00000,0.00000,0.00183,1.00000,0.00000,0.00002,-0.01107,727.25718,0.25000 ===
 53.16977|I|libbeamng.print:18052| === LSTM_TRACE t=500 v=1.87 ws=0.00,0.00,0.30,0.61 cmd=0.853,0.929,0.862,0.867 cap=2640,2881,1675,1683 des=2640,2881,1466,1473 app=2531,2722,1393,1423 abs=nil,nil,nil,nil ebrake=1.00 ibrake=1.00 hasABS=0 sy=11.37 split=1.000,0.875 ===
 53.16984|I|libbeamng.print:18052| === LSTM_OBS t=500 0.00403,0.00225,0.30150,0.61431,0.38190,11.37460,0.21140,-0.00101,0.00000,0.00000,0.00183,1.00000,0.00000,-0.00006,-0.01118,729.84012,0.25000 ===
 53.22676|I|libbeamng.print:18052| === LSTM_TRACE t=510 v=1.27 ws=0.01,0.00,1.26,0.37 cmd=0.840,0.927,0.872,0.868 cap=2611,2875,1692,1688 des=2611,2875,1481,1477 app=2501,2716,1408,1427 abs=nil,nil,nil,nil ebrake=1.00 ibrake=1.00 hasABS=0 sy=11.78 split=1.000,0.875 ===
 53.22680|I|libbeamng.print:18052| === LSTM_OBS t=510 0.00734,0.00305,1.25625,0.37186,0.34106,11.78180,-0.02084,0.00769,0.00000,0.00000,0.00192,1.00000,0.00000,-0.00038,-0.01150,727.40871,0.25000 ===
 53.28593|I|libbeamng.print:18052| === LSTM_TRACE t=520 v=0.69 ws=0.00,0.00,0.50,0.09 cmd=0.864,0.932,0.861,0.870 cap=2664,2887,1676,1689 des=2664,2887,1467,1478 app=2551,2727,1395,1426 abs=nil,nil,nil,nil ebrake=1.00 ibrake=1.00 hasABS=0 sy=11.64 split=1.000,0.875 ===
 53.28597|I|libbeamng.print:18052| === LSTM_OBS t=520 0.00107,0.00247,0.50305,0.08900,1.08575,11.63697,0.38187,0.02531,0.00000,0.00000,0.00162,1.00000,0.00000,-0.00063,-0.01176,728.33508,0.25000 ===
 83.97341|I|libbeamng.print:18052| === LSTM_TRACE t=0 v=27.71 ws=27.70,27.78,27.40,27.40 cmd=0.655,0.685,0.572,0.586 cap=155,155,97,97 des=155,155,85,85 app=147,145,80,81 abs=nil,nil,nil,nil ebrake=1.00 ibrake=1.00 hasABS=0 sy=1.69 split=1.000,0.875 ===
 83.97345|I|libbeamng.print:18052| === LSTM_OBS t=0 27.69770,27.78491,27.40436,27.39855,0.20148,1.68522,0.09089,-0.01006,0.00000,0.00000,0.00049,1.00000,0.00000,0.00069,-0.00903,7857.43479,0.25000 ===
 84.03005|I|libbeamng.print:18052| === LSTM_TRACE t=10 v=27.39 ws=25.82,25.74,26.43,27.07 cmd=0.589,0.592,0.737,0.440 cap=1840,1888,1447,890 des=1840,1888,1266,779 app=1753,1784,1207,749 abs=nil,nil,nil,nil ebrake=1.00 ibrake=1.00 hasABS=0 sy=6.94 split=1.000,0.875 ===
 84.03009|I|libbeamng.print:18052| === LSTM_OBS t=10 25.81773,25.74117,26.42877,27.07398,0.17964,6.93789,0.50892,-0.00554,0.00000,0.00000,0.00000,1.00000,0.00000,0.00080,-0.01009,7763.86801,0.25000 ===
 84.05491|I|libbeamng.print:18052| === LSTM_ABS DBG raw=25.4356,25.6528,25.9642,26.8165,0.2418,8.0609,0.2247,0.0045,0.0000,0.0000,0.0029,1.0000,0.0000,0.0007,-0.0112,7679.5276,0.2500 ===
 84.05495|I|libbeamng.print:18052| === LSTM_ABS DBG norm=1.32,1.31,1.19,1.26,0.14,-0.49,0.02,-0.01,-0.09,0.09,-0.11,0.35,-0.05,-0.04,0.51,10.00,0.25 ===
 84.05496|I|libbeamng.print:18052| === LSTM_ABS DBG cmd=0.6563,0.6559,0.7287,0.4096 ===
 84.08760|I|libbeamng.print:18052| === LSTM_TRACE t=20 v=26.94 ws=25.22,25.34,25.21,26.50 cmd=0.693,0.693,0.721,0.396 cap=2109,2116,1399,761 des=2109,2116,1224,666 app=2028,2022,1179,643 abs=nil,nil,nil,nil ebrake=1.00 ibrake=1.00 hasABS=0 sy=8.91 split=1.000,0.875 ===
 84.08765|I|libbeamng.print:18052| === LSTM_OBS t=20 25.22184,25.33964,25.20955,26.50256,-0.38631,8.90604,1.01897,0.01700,0.00000,0.00000,0.00274,1.00000,0.00000,0.00063,-0.01300,7535.54984,0.25000 ===
 84.14078|I|libbeamng.print:18052| === LSTM_TRACE t=30 v=26.45 ws=24.30,23.93,24.20,25.90 cmd=0.766,0.817,0.793,0.511 cap=2356,2498,1527,965 des=2356,2498,1337,845 app=2284,2409,1296,820 abs=nil,nil,nil,nil ebrake=1.00 ibrake=1.00 hasABS=0 sy=9.58 split=1.000,0.875 ===
 84.14082|I|libbeamng.print:18052| === LSTM_OBS t=30 24.29956,23.92903,24.19706,25.90222,-0.71315,9.57715,-0.24292,0.01398,0.00000,0.00000,0.00270,1.00000,0.00000,0.00022,-0.01542,7297.02685,0.25000 ===
 84.19565|I|libbeamng.print:18052| === LSTM_TRACE t=40 v=25.87 ws=23.23,21.73,23.05,25.22 cmd=0.814,0.844,0.809,0.621 cap=2539,2623,1567,1194 des=2539,2623,1371,1045 app=2478,2549,1338,1019 abs=nil,nil,nil,nil ebrake=1.00 ibrake=1.00 hasABS=0 sy=11.24 split=1.000,0.875 ===
 84.19568|I|libbeamng.print:18052| === LSTM_OBS t=40 23.23352,21.72584,23.04672,25.21987,-0.29512,11.24127,0.37226,-0.00175,0.00000,0.00000,0.00349,1.00000,0.00000,0.00004,-0.01744,7051.77599,0.25000 ===
 84.25454|I|libbeamng.print:18052| === LSTM_TRACE t=50 v=25.33 ws=22.51,18.97,21.87,24.66 cmd=0.791,0.790,0.800,0.693 cap=2514,2512,1557,1332 des=2514,2512,1363,1165 app=2466,2453,1335,1142 abs=nil,nil,nil,nil ebrake=1.00 ibrake=1.00 hasABS=0 sy=10.91 split=1.000,0.875 ===
 84.25458|I|libbeamng.print:18052| === LSTM_OBS t=50 22.51486,18.97134,21.87338,24.66036,-0.38118,10.90944,-0.05378,-0.01846,0.00000,0.00000,0.00331,1.00000,0.00000,0.00056,-0.01889,6790.09846,0.25000 ===
 84.30768|I|libbeamng.print:18052| === LSTM_TRACE t=60 v=24.78 ws=21.81,16.95,20.77,23.88 cmd=0.791,0.738,0.779,0.718 cap=2437,2291,1519,1400 des=2437,2291,1329,1225 app=2400,2245,1306,1204 abs=nil,nil,nil,nil ebrake=1.00 ibrake=1.00 hasABS=0 sy=10.68 split=1.000,0.875 ===
 84.30772|I|libbeamng.print:18052| === LSTM_OBS t=60 21.80588,16.94644,20.77335,23.87773,-0.15163,10.67820,0.26961,-0.01096,0.00000,0.00000,0.00326,1.00000,0.00000,0.00141,-0.01931,6523.57455,0.25000 ===
 84.36330|I|libbeamng.print:18052| === LSTM_TRACE t=70 v=24.22 ws=20.77,16.04,19.67,23.27 cmd=0.793,0.701,0.762,0.725 cap=2430,2152,1482,1413 des=2430,2152,1296,1237 app=2400,2113,1277,1220 abs=nil,nil,nil,nil ebrake=1.00 ibrake=1.00 hasABS=0 sy=11.29 split=1.000,0.875 ===
 84.36337|I|libbeamng.print:18052| === LSTM_OBS t=70 20.76678,16.03646,19.66728,23.26981,-0.30384,11.29405,0.40473,-0.00319,0.00000,0.00000,0.00283,1.00000,0.00000,0.00220,-0.01889,6272.67866,0.25000 ===
 84.42127|I|libbeamng.print:18052| === LSTM_TRACE t=80 v=23.67 ws=18.85,15.56,18.57,22.77 cmd=0.779,0.704,0.765,0.730 cap=2348,2102,1487,1422 des=2348,2102,1301,1244 app=2324,2068,1284,1229 abs=nil,nil,nil,nil ebrake=1.00 ibrake=1.00 hasABS=0 sy=10.87 split=1.000,0.875 ===
 84.42131|I|libbeamng.print:18052| === LSTM_OBS t=80 18.84861,15.55801,18.56851,22.76524,0.02068,10.86805,0.52239,-0.02646,0.00000,0.00000,0.00357,1.00000,0.00000,0.00248,-0.01807,6038.73276,0.25000 ===
 84.47426|I|libbeamng.print:18052| === LSTM_TRACE t=90 v=23.13 ws=17.11,14.49,17.57,22.19 cmd=0.707,0.661,0.778,0.745 cap=2214,2069,1516,1448 des=2214,2069,1327,1267 app=2195,2038,1311,1255 abs=nil,nil,nil,nil ebrake=1.00 ibrake=1.00 hasABS=0 sy=10.72 split=1.000,0.875 ===
 84.47432|I|libbeamng.print:18052| === LSTM_OBS t=90 17.11132,14.49172,17.57487,22.19358,-0.07374,10.71932,0.11384,-0.02156,0.00000,0.00000,0.00283,1.00000,0.00000,0.00213,-0.01719,5817.82297,0.25000 ===
 84.53659|I|libbeamng.print:18052| === LSTM_TRACE t=100 v=22.58 ws=15.49,13.63,16.44,21.65 cmd=0.702,0.677,0.789,0.764 cap=2049,1999,1545,1496 des=2049,1999,1352,1309 app=2033,1971,1337,1298 abs=nil,nil,nil,nil ebrake=1.00 ibrake=1.00 hasABS=0 sy=10.84 split=1.000,0.875 ===
 84.53663|I|libbeamng.print:18052| === LSTM_OBS t=100 15.49198,13.63128,16.44480,21.65492,0.11943,10.83745,0.77301,-0.03354,0.00000,0.00000,0.00239,1.00000,0.00000,0.00156,-0.01634,5574.56836,0.25000 ===
 84.59008|I|libbeamng.print:18052| === LSTM_TRACE t=110 v=22.05 ws=14.35,12.39,15.82,21.02 cmd=0.663,0.662,0.807,0.795 cap=2055,2057,1569,1548 des=2055,2057,1373,1355 app=2040,2029,1359,1346 abs=nil,nil,nil,nil ebrake=1.00 ibrake=1.00 hasABS=0 sy=10.72 split=1.000,0.875 ===
 84.59014|I|libbeamng.print:18052| === LSTM_OBS t=110 14.35348,12.38805,15.81988,21.01727,-0.03555,10.72481,0.42895,-0.02483,0.00000,0.00000,0.00285,1.00000,0.00000,0.00095,-0.01548,5348.48034,0.25000 ===
 84.64495|I|libbeamng.print:18052| === LSTM_TRACE t=120 v=21.51 ws=13.62,10.77,14.50,20.42 cmd=0.668,0.663,0.817,0.829 cap=2084,2073,1587,1612 des=2084,2073,1388,1411 app=2069,2046,1375,1403 abs=nil,nil,nil,nil ebrake=1.00 ibrake=1.00 hasABS=0 sy=10.76 split=1.000,0.875 ===
 84.64499|I|libbeamng.print:18052| === LSTM_OBS t=120 13.62029,10.77339,14.50240,20.42325,0.04574,10.75993,0.36505,-0.02678,0.00000,0.00000,0.00265,1.00000,0.00000,0.00079,-0.01463,5118.40795,0.25000 ===
 84.70395|I|libbeamng.print:18052| === LSTM_TRACE t=130 v=20.98 ws=13.10,9.27,13.40,19.91 cmd=0.660,0.652,0.825,0.854 cap=2069,2049,1602,1653 des=2069,2049,1401,1446 app=2055,2023,1389,1440 abs=nil,nil,nil,nil ebrake=1.00 ibrake=1.00 hasABS=0 sy=10.57 split=1.000,0.875 ===
 84.70399|I|libbeamng.print:18052| === LSTM_OBS t=130 13.10495,9.26806,13.39738,19.91061,0.20821,10.57180,0.11090,-0.02199,0.00000,0.00000,0.00326,1.00000,0.00000,0.00087,-0.01376,4883.25464,0.25000 ===
 84.75808|I|libbeamng.print:18052| === LSTM_TRACE t=140 v=20.44 ws=12.48,7.81,12.30,19.34 cmd=0.659,0.644,0.829,0.870 cap=2050,2010,1611,1686 des=2050,2010,1409,1475 app=2037,1985,1397,1470 abs=nil,nil,nil,nil ebrake=1.00 ibrake=1.00 hasABS=0 sy=10.62 split=1.000,0.875 ===
 84.75812|I|libbeamng.print:18052| === LSTM_OBS t=140 12.48021,7.80998,12.30154,19.34484,0.23378,10.62185,0.12290,-0.02808,0.00000,0.00000,0.00322,1.00000,0.00000,0.00113,-0.01294,4646.63845,0.25000 ===
 84.81258|I|libbeamng.print:18052| === LSTM_TRACE t=150 v=19.91 ws=11.98,6.10,11.01,18.91 cmd=0.660,0.635,0.830,0.885 cap=2042,1972,1613,1700 des=2042,1972,1411,1488 app=2029,1946,1399,1483 abs=nil,nil,nil,nil ebrake=1.00 ibrake=1.00 hasABS=0 sy=10.82 split=1.000,0.875 ===
 84.81266|I|libbeamng.print:18052| === LSTM_OBS t=150 11.97804,6.09516,11.01077,18.90640,0.22680,10.82187,-0.10047,-0.01720,0.00000,0.00000,0.00254,1.00000,0.00000,0.00138,-0.01213,4407.56651,0.25000 ===
 84.87107|I|libbeamng.print:18052| === LSTM_TRACE t=160 v=19.38 ws=11.34,4.86,9.80,18.34 cmd=0.651,0.634,0.835,0.896 cap=2007,1942,1620,1700 des=2007,1942,1417,1488 app=1995,1916,1405,1484 abs=nil,nil,nil,nil ebrake=1.00 ibrake=1.00 hasABS=0 sy=10.64 split=1.000,0.875 ===
 84.87111|I|libbeamng.print:18052| === LSTM_OBS t=160 11.33725,4.86197,9.80132,18.34219,0.11608,10.63530,-0.26259,-0.02358,0.00000,0.00000,0.00301,1.00000,0.00000,0.00133,-0.01134,4166.98895,0.25000 ===
 84.92522|I|libbeamng.print:18052| === LSTM_TRACE t=170 v=18.86 ws=10.51,2.92,8.70,17.71 cmd=0.621,0.617,0.841,0.901 cap=1936,1924,1634,1700 des=1936,1924,1430,1488 app=1924,1897,1417,1484 abs=nil,nil,nil,nil ebrake=1.00 ibrake=1.00 hasABS=0 sy=10.51 split=1.000,0.875 ===
 84.92531|I|libbeamng.print:18052| === LSTM_OBS t=170 10.51387,2.91883,8.70324,17.70786,-0.08412,10.51253,0.13864,-0.02132,0.00000,0.00000,0.00244,1.00000,0.00000,0.00005,-0.01033,3924.23996,0.25000 ===
 84.97945|I|libbeamng.print:18052| === LSTM_TRACE t=180 v=18.34 ws=10.21,1.11,7.75,16.98 cmd=0.610,0.631,0.851,0.905 cap=1868,1934,1653,1700 des=1868,1934,1446,1488 app=1857,1905,1433,1485 abs=nil,nil,nil,nil ebrake=1.00 ibrake=1.00 hasABS=0 sy=10.32 split=1.000,0.875 ===
 84.97949|I|libbeamng.print:18052| === LSTM_OBS t=180 10.20590,1.10672,7.75188,16.98423,0.26745,10.32374,-0.03852,-0.01561,0.00000,0.00000,0.00305,1.00000,0.00000,-0.00139,-0.00913,3679.58939,0.25000 ===
 85.03799|I|libbeamng.print:18052| === LSTM_TRACE t=190 v=17.84 ws=10.25,0.05,6.76,16.09 cmd=0.636,0.640,0.848,0.906 cap=1947,1980,1650,1700 des=1947,1980,1443,1488 app=1936,1948,1429,1485 abs=nil,nil,nil,nil ebrake=1.00 ibrake=1.00 hasABS=0 sy=9.93 split=1.000,0.875 ===
 85.03803|I|libbeamng.print:18052| === LSTM_OBS t=190 10.24535,0.05303,6.75725,16.09062,0.43003,9.93002,0.05828,-0.00540,0.00000,0.00000,0.00349,1.00000,0.00000,-0.00155,-0.00815,3433.92899,0.25000 ===
 85.09537|I|libbeamng.print:18052| === LSTM_TRACE t=200 v=17.31 ws=9.29,0.05,5.36,15.96 cmd=0.662,0.677,0.846,0.907 cap=2043,2083,1643,1700 des=2043,2083,1438,1488 app=2030,2046,1423,1486 abs=nil,nil,nil,nil ebrake=1.00 ibrake=1.00 hasABS=0 sy=10.44 split=1.000,0.875 ===
 85.09541|I|libbeamng.print:18052| === LSTM_OBS t=200 9.29378,0.04603,5.36450,15.95625,0.06991,10.43696,0.42489,0.00060,0.00000,0.00000,0.00335,1.00000,0.00000,-0.00101,-0.00739,3173.42451,0.25000 ===
 85.15366|I|libbeamng.print:18052| === LSTM_TRACE t=210 v=16.79 ws=8.09,0.02,4.11,15.47 cmd=0.652,0.703,0.855,0.914 cap=2010,2164,1660,1700 des=2010,2164,1453,1488 app=1997,2123,1437,1486 abs=nil,nil,nil,nil ebrake=1.00 ibrake=1.00 hasABS=0 sy=10.64 split=1.000,0.875 ===
 85.15371|I|libbeamng.print:18052| === LSTM_OBS t=210 8.08902,0.01591,4.11275,15.47224,0.26817,10.64002,-0.34375,0.00432,0.00000,0.00000,0.00183,1.00000,0.00000,-0.00067,-0.00717,2948.68821,0.25000 ===
 85.20717|I|libbeamng.print:18052| === LSTM_TRACE t=220 v=16.27 ws=6.98,0.01,3.62,14.72 cmd=0.603,0.694,0.860,0.914 cap=1908,2156,1665,1700 des=1908,2156,1457,1488 app=1896,2112,1440,1486 abs=nil,nil,nil,nil ebrake=1.00 ibrake=1.00 hasABS=0 sy=10.58 split=1.000,0.875 ===
 85.20721|I|libbeamng.print:18052| === LSTM_OBS t=220 6.98227,0.00740,3.61511,14.71685,-0.53809,10.58287,-0.24339,-0.00221,0.00000,0.00000,0.00274,1.00000,0.00000,-0.00047,-0.00734,2715.99156,0.25000 ===
 85.26277|I|libbeamng.print:18052| === LSTM_TRACE t=230 v=15.77 ws=6.23,0.01,1.73,13.80 cmd=0.644,0.738,0.856,0.905 cap=1823,2166,1671,1700 des=1823,2166,1462,1488 app=1810,2119,1443,1486 abs=nil,nil,nil,nil ebrake=1.00 ibrake=1.00 hasABS=0 sy=10.31 split=1.000,0.875 ===
 85.26281|I|libbeamng.print:18052| === LSTM_OBS t=230 6.23117,0.00668,1.72559,13.80457,1.02182,10.31014,0.68416,0.01038,0.00000,0.00000,0.00198,1.00000,0.00000,-0.00023,-0.00767,2476.19700,0.25000 ===
 85.32092|I|libbeamng.print:18052| === LSTM_TRACE t=240 v=15.30 ws=5.00,0.01,0.17,14.01 cmd=0.690,0.763,0.835,0.901 cap=2072,2314,1633,1700 des=2072,2314,1428,1488 app=2057,2262,1408,1486 abs=nil,nil,nil,nil ebrake=1.00 ibrake=1.00 hasABS=0 sy=9.54 split=1.000,0.875 ===
 85.32100|I|libbeamng.print:18052| === LSTM_OBS t=240 5.00433,0.01196,0.17309,14.00690,0.29879,9.53654,0.62559,-0.00381,0.00000,0.00000,0.00198,1.00000,0.00000,-0.00077,-0.00759,2212.42985,0.25000 ===
 85.37431|I|libbeamng.print:18052| === LSTM_TRACE t=250 v=14.80 ws=4.00,0.02,0.08,12.86 cmd=0.666,0.776,0.849,0.905 cap=1999,2346,1649,1700 des=1999,2346,1443,1488 app=1983,2290,1420,1486 abs=nil,nil,nil,nil ebrake=1.00 ibrake=1.00 hasABS=0 sy=9.64 split=1.000,0.875 ===
 85.37434|I|libbeamng.print:18052| === LSTM_OBS t=250 4.00009,0.01884,0.07684,12.86230,0.18088,9.64099,-0.29340,-0.00872,0.00000,0.00000,0.00085,1.00000,0.00000,-0.00053,-0.00690,1967.86662,0.25000 ===
 85.42989|I|libbeamng.print:18052| === LSTM_TRACE t=260 v=14.30 ws=2.68,0.02,0.03,11.58 cmd=0.572,0.732,0.862,0.903 cap=1812,2296,1676,1700 des=1812,2296,1466,1488 app=1797,2238,1441,1486 abs=nil,nil,nil,nil ebrake=1.00 ibrake=1.00 hasABS=0 sy=9.87 split=1.000,0.875 ===
 85.42994|I|libbeamng.print:18052| === LSTM_OBS t=260 2.68479,0.01894,0.03318,11.58174,-0.09576,9.87058,0.29401,-0.00599,0.00000,0.00000,0.00473,1.00000,0.00000,0.00124,-0.00637,1769.67667,0.25000 ===
 85.48830|I|libbeamng.print:18052| === LSTM_TRACE t=270 v=13.83 ws=0.93,0.00,0.03,9.87 cmd=0.594,0.774,0.864,0.896 cap=1869,2396,1677,1700 des=1869,2396,1467,1488 app=1852,2334,1440,1486 abs=nil,nil,nil,nil ebrake=1.00 ibrake=1.00 hasABS=0 sy=9.39 split=1.000,0.875 ===
 85.48834|I|libbeamng.print:18052| === LSTM_OBS t=270 0.92999,0.00339,0.03201,9.87201,0.06660,9.39141,0.42393,-0.01931,0.00000,0.00000,0.00091,1.00000,0.00000,0.00251,-0.00606,1575.02723,0.25000 ===
 85.54170|I|libbeamng.print:18052| === LSTM_TRACE t=280 v=13.35 ws=0.05,0.01,0.02,8.06 cmd=0.669,0.847,0.861,0.883 cap=2048,2612,1673,1700 des=2048,2612,1464,1488 app=2027,2541,1435,1486 abs=nil,nil,nil,nil ebrake=1.00 ibrake=1.00 hasABS=0 sy=9.45 split=1.000,0.875 ===
 85.54177|I|libbeamng.print:18052| === LSTM_OBS t=280 0.04772,0.00768,0.01957,8.06354,0.20878,9.45312,0.66277,-0.03248,0.00000,0.00000,0.00162,1.00000,0.00000,0.00237,-0.00626,1376.38312,0.25000 ===
 85.59794|I|libbeamng.print:18052| === LSTM_TRACE t=290 v=12.88 ws=0.01,0.01,0.04,5.82 cmd=0.682,0.863,0.866,0.877 cap=2089,2663,1682,1700 des=2089,2663,1472,1488 app=2066,2588,1442,1485 abs=nil,nil,nil,nil ebrake=1.00 ibrake=1.00 hasABS=0 sy=9.62 split=1.000,0.875 ===
 85.59799|I|libbeamng.print:18052| === LSTM_OBS t=290 0.00747,0.00774,0.03739,5.81864,0.27722,9.62013,-0.04465,-0.03383,0.00000,0.00000,0.00270,1.00000,0.00000,0.00224,-0.00651,1168.51654,0.25000 ===
 85.65487|I|libbeamng.print:18052| === LSTM_TRACE t=300 v=12.40 ws=0.02,0.00,0.00,4.13 cmd=0.694,0.870,0.868,0.872 cap=2118,2679,1687,1695 des=2118,2679,1476,1483 app=2092,2601,1444,1480 abs=nil,nil,nil,nil ebrake=1.00 ibrake=1.00 hasABS=0 sy=9.75 split=1.000,0.875 ===
 85.65492|I|libbeamng.print:18052| === LSTM_OBS t=300 0.01705,0.00261,0.00329,4.12767,0.31445,9.75352,-0.13769,-0.03997,0.00000,0.00000,0.00328,1.00000,0.00000,0.00224,-0.00657,955.63374,0.25000 ===
 85.70876|I|libbeamng.print:18052| === LSTM_TRACE t=310 v=11.92 ws=0.01,0.00,0.03,2.64 cmd=0.688,0.878,0.874,0.864 cap=2137,2730,1700,1679 des=2137,2730,1488,1470 app=2109,2648,1453,1465 abs=nil,nil,nil,nil ebrake=1.00 ibrake=1.00 hasABS=0 sy=9.77 split=1.000,0.875 ===
 85.70880|I|libbeamng.print:18052| === LSTM_OBS t=310 0.00817,0.00094,0.03099,2.63727,0.65210,9.77368,-0.07648,-0.04249,0.00000,0.00000,0.00381,1.00000,0.00000,0.00171,-0.00698,771.79549,0.25000 ===
 85.76325|I|libbeamng.print:18052| === LSTM_TRACE t=320 v=11.44 ws=0.01,0.01,0.02,0.32 cmd=0.768,0.911,0.867,0.852 cap=2342,2806,1685,1656 des=2342,2806,1475,1449 app=2309,2719,1440,1444 abs=nil,nil,nil,nil ebrake=1.00 ibrake=1.00 hasABS=0 sy=9.47 split=1.000,0.875 ===
 85.76329|I|libbeamng.print:18052| === LSTM_OBS t=320 0.01274,0.01165,0.02208,0.31713,-0.15100,9.47161,-0.17344,-0.03882,0.00000,0.00000,0.00328,1.00000,0.00000,0.00085,-0.00772,733.38793,0.25000 ===
 85.82077|I|libbeamng.print:18052| === LSTM_TRACE t=330 v=10.98 ws=0.01,0.00,0.07,0.02 cmd=0.798,0.921,0.859,0.851 cap=2477,2841,1658,1654 des=2477,2841,1451,1447 app=2439,2751,1415,1441 abs=nil,nil,nil,nil ebrake=1.00 ibrake=1.00 hasABS=0 sy=9.48 split=1.000,0.875 ===
 85.82083|I|libbeamng.print:18052| === LSTM_OBS t=330 0.00505,0.00133,0.06907,0.01613,0.05184,9.47808,-0.48791,-0.04754,0.00000,0.00000,0.00499,1.00000,0.00000,0.00093,-0.00774,729.52144,0.25000 ===
 85.87403|I|libbeamng.print:18052| === LSTM_TRACE t=340 v=10.50 ws=0.00,0.01,0.03,0.03 cmd=0.802,0.924,0.863,0.852 cap=2521,2867,1666,1658 des=2521,2867,1458,1450 app=2481,2774,1421,1442 abs=nil,nil,nil,nil ebrake=1.00 ibrake=1.00 hasABS=0 sy=9.48 split=1.000,0.875 ===
 85.87406|I|libbeamng.print:18052| === LSTM_OBS t=340 0.00079,0.01032,0.02873,0.03370,-0.08279,9.47889,-0.41749,-0.04144,0.00000,0.00000,0.00404,1.00000,0.00000,0.00072,-0.00786,728.25485,0.25000 ===
 85.93026|I|libbeamng.print:18052| === LSTM_TRACE t=350 v=10.02 ws=0.01,0.00,0.01,0.01 cmd=0.795,0.922,0.866,0.851 cap=2491,2864,1676,1655 des=2491,2864,1467,1448 app=2449,2769,1428,1439 abs=nil,nil,nil,nil ebrake=1.00 ibrake=1.00 hasABS=0 sy=9.68 split=1.000,0.875 ===
 85.93031|I|libbeamng.print:18052| === LSTM_OBS t=350 0.00797,0.00000,0.01462,0.01456,0.20789,9.67964,-0.28819,-0.04117,0.00000,0.00000,0.00388,1.00000,0.00000,0.00058,-0.00792,728.36280,0.25000 ===
 85.98747|I|libbeamng.print:18052| === LSTM_TRACE t=360 v=9.54 ws=0.00,0.00,0.00,0.01 cmd=0.797,0.921,0.865,0.852 cap=2483,2860,1679,1656 des=2483,2860,1469,1449 app=2439,2763,1429,1438 abs=nil,nil,nil,nil ebrake=1.00 ibrake=1.00 hasABS=0 sy=9.70 split=1.000,0.875 ===
 85.98751|I|libbeamng.print:18052| === LSTM_OBS t=360 0.00015,0.00302,0.00427,0.01021,0.28003,9.69964,-0.01098,-0.03906,0.00000,0.00000,0.00367,1.00000,0.00000,0.00043,-0.00806,729.25296,0.25000 ===
 86.04086|I|libbeamng.print:18052| === LSTM_TRACE t=370 v=9.05 ws=0.00,0.00,0.01,0.00 cmd=0.799,0.921,0.865,0.853 cap=2480,2857,1680,1657 des=2480,2857,1470,1450 app=2435,2758,1430,1438 abs=nil,nil,nil,nil ebrake=1.00 ibrake=1.00 hasABS=0 sy=9.73 split=1.000,0.875 ===
 86.04089|I|libbeamng.print:18052| === LSTM_OBS t=370 0.00296,0.00118,0.01124,0.00143,0.36626,9.73420,0.13799,-0.03684,0.00000,0.00000,0.00414,1.00000,0.00000,0.00033,-0.00821,727.37255,0.25000 ===
 86.09601|I|libbeamng.print:18052| === LSTM_TRACE t=380 v=8.56 ws=0.00,0.00,0.01,0.01 cmd=0.806,0.923,0.863,0.854 cap=2494,2859,1679,1659 des=2494,2859,1469,1451 app=2447,2758,1428,1438 abs=nil,nil,nil,nil ebrake=1.00 ibrake=1.00 hasABS=0 sy=9.75 split=1.000,0.875 ===
 86.09604|I|libbeamng.print:18052| === LSTM_OBS t=380 0.00157,0.00314,0.00662,0.00794,0.24640,9.75000,0.20453,-0.03583,0.00000,0.00000,0.00424,1.00000,0.00000,0.00027,-0.00838,729.36643,0.25000 ===
 86.15451|I|libbeamng.print:18052| === LSTM_TRACE t=390 v=8.06 ws=0.00,0.00,0.00,0.00 cmd=0.810,0.924,0.863,0.855 cap=2509,2862,1677,1660 des=2509,2862,1468,1453 app=2459,2760,1426,1438 abs=nil,nil,nil,nil ebrake=1.00 ibrake=1.00 hasABS=0 sy=9.90 split=1.000,0.875 ===
 86.15455|I|libbeamng.print:18052| === LSTM_OBS t=390 0.00385,0.00233,0.00148,0.00145,0.29512,9.90464,0.11060,-0.03487,0.00000,0.00000,0.00423,1.00000,0.00000,0.00022,-0.00856,727.66543,0.25000 ===
 86.20747|I|libbeamng.print:18052| === LSTM_TRACE t=400 v=7.56 ws=0.00,0.00,0.00,0.01 cmd=0.813,0.925,0.864,0.855 cap=2522,2866,1678,1662 des=2522,2866,1468,1454 app=2470,2762,1426,1439 abs=nil,nil,nil,nil ebrake=1.00 ibrake=1.00 hasABS=0 sy=10.03 split=1.000,0.875 ===
 86.20750|I|libbeamng.print:18052| === LSTM_OBS t=400 0.00021,0.00236,0.00193,0.00791,0.33327,10.02814,0.03364,-0.03293,0.00000,0.00000,0.00430,1.00000,0.00000,0.00016,-0.00875,729.89640,0.25000 ===
 86.27549|I|libbeamng.print:18052| === LSTM_TRACE t=410 v=7.05 ws=0.00,0.00,0.00,0.01 cmd=0.817,0.925,0.865,0.857 cap=2532,2869,1680,1664 des=2532,2869,1470,1456 app=2478,2763,1427,1440 abs=nil,nil,nil,nil ebrake=1.00 ibrake=1.00 hasABS=0 sy=10.20 split=1.000,0.875 ===
 86.27554|I|libbeamng.print:18052| === LSTM_OBS t=410 0.00454,0.00029,0.00413,0.00718,0.42078,10.20240,0.07774,-0.03017,0.00000,0.00000,0.00455,1.00000,0.00000,0.00009,-0.00896,728.81098,0.25000 ===
 86.32406|I|libbeamng.print:18052| === LSTM_TRACE t=420 v=6.54 ws=0.00,0.00,0.01,0.01 cmd=0.822,0.926,0.865,0.858 cap=2547,2872,1681,1667 des=2547,2872,1471,1459 app=2491,2764,1427,1441 abs=nil,nil,nil,nil ebrake=1.00 ibrake=1.00 hasABS=0 sy=10.28 split=1.000,0.875 ===
 86.32410|I|libbeamng.print:18052| === LSTM_OBS t=420 0.00103,0.00288,0.00774,0.00954,0.40581,10.27769,0.10772,-0.02847,0.00000,0.00000,0.00473,1.00000,0.00000,0.00002,-0.00917,729.89061,0.25000 ===
 86.37441|I|libbeamng.print:18052| === LSTM_TRACE t=430 v=6.02 ws=0.00,0.00,0.00,0.00 cmd=0.827,0.927,0.865,0.859 cap=2563,2875,1680,1669 des=2563,2875,1470,1461 app=2505,2766,1426,1443 abs=nil,nil,nil,nil ebrake=1.00 ibrake=1.00 hasABS=0 sy=10.40 split=1.000,0.875 ===
 86.37445|I|libbeamng.print:18052| === LSTM_OBS t=430 0.00181,0.00125,0.00018,0.00201,0.41898,10.39916,0.09063,-0.02667,0.00000,0.00000,0.00483,1.00000,0.00000,-0.00005,-0.00941,728.76978,0.25000 ===
 86.42537|I|libbeamng.print:18052| === LSTM_TRACE t=440 v=5.49 ws=0.00,0.00,0.04,0.03 cmd=0.830,0.928,0.864,0.860 cap=2570,2876,1680,1671 des=2570,2876,1470,1462 app=2511,2766,1426,1443 abs=nil,nil,nil,nil ebrake=1.00 ibrake=1.00 hasABS=0 sy=10.48 split=1.000,0.875 ===
 86.42541|I|libbeamng.print:18052| === LSTM_OBS t=440 0.00106,0.00213,0.04191,0.03132,0.41181,10.48481,0.10405,-0.02388,0.00000,0.00000,0.00490,1.00000,0.00000,-0.00011,-0.00964,729.54050,0.25000 ===
 86.47913|I|libbeamng.print:18052| === LSTM_TRACE t=450 v=4.96 ws=0.00,0.00,0.00,0.02 cmd=0.837,0.930,0.864,0.861 cap=2592,2882,1679,1673 des=2592,2882,1469,1464 app=2531,2770,1424,1444 abs=nil,nil,nil,nil ebrake=1.00 ibrake=1.00 hasABS=0 sy=10.68 split=1.000,0.875 ===
 86.47918|I|libbeamng.print:18052| === LSTM_OBS t=450 0.00395,0.00018,0.00356,0.01537,0.47196,10.68421,0.03708,-0.02116,0.00000,0.00000,0.00510,1.00000,0.00000,-0.00018,-0.00985,727.28211,0.25000 ===
 86.53690|I|libbeamng.print:18052| === LSTM_TRACE t=460 v=4.42 ws=0.00,0.00,0.01,0.00 cmd=0.841,0.930,0.863,0.862 cap=2603,2882,1678,1675 des=2603,2882,1468,1466 app=2540,2769,1423,1445 abs=nil,nil,nil,nil ebrake=1.00 ibrake=1.00 hasABS=0 sy=10.75 split=1.000,0.875 ===
 86.53694|I|libbeamng.print:18052| === LSTM_OBS t=460 0.00113,0.00370,0.01009,0.00444,0.46308,10.74888,0.10400,-0.01846,0.00000,0.00000,0.00527,1.00000,0.00000,-0.00023,-0.01019,727.63128,0.25000 ===
 86.58802|I|libbeamng.print:18052| === LSTM_TRACE t=470 v=3.88 ws=0.01,0.00,0.01,0.00 cmd=0.846,0.931,0.863,0.863 cap=2621,2887,1676,1677 des=2621,2887,1467,1467 app=2556,2773,1421,1446 abs=nil,nil,nil,nil ebrake=1.00 ibrake=1.00 hasABS=0 sy=10.83 split=1.000,0.875 ===
 86.58808|I|libbeamng.print:18052| === LSTM_OBS t=470 0.00507,0.00004,0.01162,0.00079,0.49240,10.83054,0.12196,-0.01659,0.00000,0.00000,0.00537,1.00000,0.00000,-0.00028,-0.01050,727.09836,0.25000 ===
 86.64136|I|libbeamng.print:18052| === LSTM_TRACE t=480 v=3.33 ws=0.00,0.00,0.00,0.00 cmd=0.853,0.933,0.862,0.864 cap=2643,2893,1675,1679 des=2643,2893,1466,1469 app=2576,2778,1420,1448 abs=nil,nil,nil,nil ebrake=1.00 ibrake=1.00 hasABS=0 sy=10.95 split=1.000,0.875 ===
 86.64141|I|libbeamng.print:18052| === LSTM_OBS t=480 0.00203,0.00242,0.00436,0.00488,0.49834,10.94700,0.09896,-0.01345,0.00000,0.00000,0.00547,1.00000,0.00000,-0.00033,-0.01076,728.45616,0.25000 ===
 86.69606|I|libbeamng.print:18052| === LSTM_TRACE t=490 v=2.78 ws=0.00,0.00,0.00,0.01 cmd=0.857,0.934,0.862,0.865 cap=2658,2897,1675,1681 des=2658,2897,1465,1471 app=2590,2780,1419,1449 abs=nil,nil,nil,nil ebrake=1.00 ibrake=1.00 hasABS=0 sy=11.04 split=1.000,0.875 ===
 86.69610|I|libbeamng.print:18052| === LSTM_OBS t=490 0.00279,0.00097,0.00428,0.01162,0.53400,11.04178,0.07866,-0.01084,0.00000,0.00000,0.00559,1.00000,0.00000,-0.00038,-0.01094,725.80101,0.25000 ===
 86.75407|I|libbeamng.print:18052| === LSTM_TRACE t=500 v=2.22 ws=0.00,0.00,0.33,0.10 cmd=0.856,0.933,0.863,0.865 cap=2661,2897,1676,1682 des=2661,2897,1467,1472 app=2592,2779,1421,1449 abs=nil,nil,nil,nil ebrake=1.00 ibrake=1.00 hasABS=0 sy=11.15 split=1.000,0.875 ===
 86.75413|I|libbeamng.print:18052| === LSTM_OBS t=500 0.00102,0.00304,0.32510,0.09931,0.52975,11.15498,0.10194,-0.00804,0.00000,0.00000,0.00573,1.00000,0.00000,-0.00042,-0.01107,729.18387,0.25000 ===
 86.80807|I|libbeamng.print:18052| === LSTM_TRACE t=510 v=1.63 ws=0.00,0.00,1.42,0.03 cmd=0.843,0.929,0.871,0.866 cap=2613,2881,1692,1682 des=2613,2881,1481,1471 app=2544,2764,1435,1449 abs=nil,nil,nil,nil ebrake=1.00 ibrake=1.00 hasABS=0 sy=11.60 split=1.000,0.875 ===
 86.80810|I|libbeamng.print:18052| === LSTM_OBS t=510 0.00214,0.00073,1.41773,0.03428,0.80294,11.59761,0.01264,0.01282,0.00000,0.00000,0.00580,1.00000,0.00000,-0.00023,-0.01124,728.36572,0.25000 ===
 86.86333|I|libbeamng.print:18052| === LSTM_TRACE t=520 v=1.07 ws=0.00,0.00,0.51,0.01 cmd=0.876,0.938,0.860,0.871 cap=2710,2902,1670,1695 des=2710,2902,1461,1483 app=2638,2783,1416,1460 abs=nil,nil,nil,nil ebrake=1.00 ibrake=1.00 hasABS=0 sy=11.18 split=1.000,0.875 ===
 86.86338|I|libbeamng.print:18052| === LSTM_OBS t=520 0.00242,0.00313,0.50705,0.01314,0.74984,11.18490,-0.03579,0.02326,0.00000,0.00000,0.00626,1.00000,0.00000,-0.00057,-0.01144,730.17162,0.25000 ===
 86.92107|I|libbeamng.print:18052| === LSTM_TRACE t=530 v=0.51 ws=0.00,0.01,0.46,0.09 cmd=0.869,0.938,0.862,0.865 cap=2706,2907,1669,1685 des=2706,2907,1460,1474 app=2633,2787,1415,1451 abs=nil,nil,nil,nil ebrake=1.00 ibrake=1.00 hasABS=0 sy=11.23 split=1.000,0.875 ===
 86.92111|I|libbeamng.print:18052| === LSTM_OBS t=530 0.00208,0.00782,0.45701,0.09376,0.02707,11.22908,-0.10876,0.01727,0.00000,0.00000,0.00645,1.00000,0.00000,-0.00087,-0.01139,729.39863,0.25000 ===
