zeroing channels in train+deploy: ['sensor_z', 'roll_angle', 'pitch_angle', 'gear']
loading cache recorded_data_2khz_clean_tel\_cache_all.npz
4937 episodes in memory
episode filter: 4937 -> 2692  (variants=['dyn_abs', 'no_abs', 'no_safety', 'stock_tel'] minus none, models=['etk800'], min_peak_g=0.9)

split: 2289 train episodes / 403 val episodes

--- lens: band_g ---
  slip-keep (0.05, 0.25) over 20 ticks x1.5/x0.4: 71.1% of braking ticks score above midpoint
  lock down-weight: slip>0.5 above 5.0mph -> x0.1 on 315,463/1,928,366 braking ticks (16.4%)
  bands=33  graded/episode mean=15.21
  weight bins [0.10,0.28)=0.212, [0.28,0.46)=0.177, [0.46,0.64)=0.220, [0.64,0.82)=0.196, [0.82,1.00)=0.195
  train seqs=400,000  val seqs=100,000
    epoch  1  train=0.02505  val_MAE(frac of car max)=[0.1779 0.1818 0.184  0.1831]
    epoch  2  train=0.02297  val_MAE(frac of car max)=[0.1736 0.1734 0.1784 0.1793]
    epoch  4  train=0.02244  val_MAE(frac of car max)=[0.1671 0.1708 0.174  0.175 ]
    epoch  6  train=0.02174  val_MAE(frac of car max)=[0.1603 0.1604 0.1744 0.1739]
    epoch  8  train=0.02087  val_MAE(frac of car max)=[0.1603 0.163  0.1729 0.1722]

=== Summary: val MAE (fraction of car max torque, lower=closer fit) ===
  band_g         FR=0.1603 FL=0.1630 RR=0.1729 RL=0.1722

Models -> C:\Users\Blake\Desktop\lstm-abs\experiments
zeroing channels in train+deploy: ['sensor_z', 'roll_angle', 'pitch_angle', 'gear']
loading cache recorded_data_2khz_clean_tel\_cache_all.npz
4937 episodes in memory
episode filter: 4937 -> 2692  (variants=['dyn_abs', 'no_abs', 'no_safety', 'stock_tel'] minus none, models=['etk800'], min_peak_g=0.9)

split: 2289 train episodes / 403 val episodes

--- lens: band_g ---
  slip-keep (0.05, 0.25) over 20 ticks x1.5/x0.4: 71.1% of braking ticks score above midpoint
  lock down-weight: slip>0.5 above 5.0mph -> x0.1 on 315,463/1,928,366 braking ticks (16.4%)
  bands=33  graded/episode mean=15.21
  weight bins [0.10,0.28)=0.212, [0.28,0.46)=0.177, [0.46,0.64)=0.220, [0.64,0.82)=0.196, [0.82,1.00)=0.195
  train seqs=400,000  val seqs=100,000
    epoch  1  train=0.02506  val_MAE(frac of car max)=[0.1744 0.1773 0.1831 0.1821]
    epoch  2  train=0.02300  val_MAE(frac of car max)=[0.1695 0.1715 0.1793 0.1789]
    epoch  4  train=0.02244  val_MAE(frac of car max)=[0.1678 0.1695 0.1753 0.1761]
    epoch  6  train=0.02188  val_MAE(frac of car max)=[0.1647 0.1672 0.1758 0.1725]
    epoch  8  train=0.02074  val_MAE(frac of car max)=[0.1551 0.1584 0.1703 0.1697]

=== Summary: val MAE (fraction of car max torque, lower=closer fit) ===
  band_g         FR=0.1551 FL=0.1584 RR=0.1703 RL=0.1697

Models -> C:\Users\Blake\Desktop\lstm-abs\experiments
zeroing channels in train+deploy: ['sensor_z', 'roll_angle', 'pitch_angle', 'gear']
loading cache recorded_data_2khz_clean_tel\_cache_all.npz
4937 episodes in memory
episode filter: 4937 -> 2692  (variants=['dyn_abs', 'no_abs', 'no_safety', 'stock_tel'] minus none, models=['etk800'], min_peak_g=0.9)

split: 2289 train episodes / 403 val episodes

--- lens: band_g ---
  slip-keep (0.05, 0.25) over 20 ticks x1.5/x0.4: 71.1% of braking ticks score above midpoint
  lock down-weight: slip>0.5 above 5.0mph -> x0.1 on 315,463/1,928,366 braking ticks (16.4%)
  bands=33  graded/episode mean=15.21
  weight bins [0.10,0.28)=0.212, [0.28,0.46)=0.177, [0.46,0.64)=0.220, [0.64,0.82)=0.196, [0.82,1.00)=0.195
  train seqs=400,000  val seqs=100,000
    epoch  1  train=0.02499  val_MAE(frac of car max)=[0.18   0.1821 0.1827 0.1827]
    epoch  2  train=0.02306  val_MAE(frac of car max)=[0.172  0.1745 0.182  0.1825]
    epoch  4  train=0.02255  val_MAE(frac of car max)=[0.1688 0.1717 0.1785 0.1784]
    epoch  6  train=0.02206  val_MAE(frac of car max)=[0.1652 0.1666 0.1746 0.1731]
    epoch  8  train=0.02119  val_MAE(frac of car max)=[0.1556 0.1582 0.1716 0.1702]

=== Summary: val MAE (fraction of car max torque, lower=closer fit) ===
  band_g         FR=0.1556 FL=0.1582 RR=0.1716 RL=0.1702

Models -> C:\Users\Blake\Desktop\lstm-abs\experiments
zeroing channels in train+deploy: ['sensor_z', 'roll_angle', 'pitch_angle', 'gear']
loading cache recorded_data_2khz_clean_tel\_cache_all.npz
4937 episodes in memory
episode filter: 4937 -> 2692  (variants=['dyn_abs', 'no_abs', 'no_safety', 'stock_tel'] minus none, models=['etk800'], min_peak_g=0.9)

split: 2289 train episodes / 403 val episodes

--- lens: band_g ---
  slip-keep (0.05, 0.25) over 20 ticks x1.5/x0.4: 71.1% of braking ticks score above midpoint
  yaw-match dz=0.015 rad/s x1.5/x0.5: 51.7% of braking ticks inside deadzone
  lock down-weight: slip>0.5 above 5.0mph -> x0.1 on 315,463/1,928,366 braking ticks (16.4%)
  bands=33  graded/episode mean=15.21
  weight bins [0.10,0.28)=0.221, [0.28,0.46)=0.256, [0.46,0.64)=0.239, [0.64,0.82)=0.147, [0.82,1.00)=0.137
  train seqs=400,000  val seqs=100,000
    epoch  1  train=0.02460  val_MAE(frac of car max)=[0.1757 0.1799 0.1841 0.1831]
    epoch  2  train=0.02241  val_MAE(frac of car max)=[0.1728 0.1728 0.1798 0.1801]
    epoch  4  train=0.02181  val_MAE(frac of car max)=[0.1665 0.1697 0.1758 0.1754]
    epoch  6  train=0.02096  val_MAE(frac of car max)=[0.1599 0.1626 0.1745 0.174 ]
    epoch  8  train=0.02013  val_MAE(frac of car max)=[0.1526 0.1574 0.172  0.1711]

=== Summary: val MAE (fraction of car max torque, lower=closer fit) ===
  band_g         FR=0.1526 FL=0.1574 RR=0.1720 RL=0.1711

Models -> C:\Users\Blake\Desktop\lstm-abs\experiments
exporting: ['band_g_mix_keep_s0', 'band_g_mix_keep_s1', 'band_g_mix_keep_s2', 'band_g_mix_keepy_s0']

  band_g_mix_keep_s0 parity max|diff|=1.286e-07  PASS  -> lstmabs_weights_band_g_mix_keep_s0.lua
  band_g_mix_keep_s1 parity max|diff|=1.142e-07  PASS  -> lstmabs_weights_band_g_mix_keep_s1.lua
  band_g_mix_keep_s2 parity max|diff|=1.603e-07  PASS  -> lstmabs_weights_band_g_mix_keep_s2.lua
  band_g_mix_keepy_s0 parity max|diff|=1.084e-07  PASS  -> lstmabs_weights_band_g_mix_keepy_s0.lua

ALL PASS
deployed 63 files -> C:\Users\Blake\AppData\Local\BeamNG\BeamNG.drive\current\mods\Unpacked\lstm_abs
launching BeamNG.drive on smallgrid (attempt 1) ...
  waiting for channel... 10s
channel up on level 'smallgrid' after ~20s
lens tag: band_g_mix_keep_s0  ->  OK
partConfig: vehicles/etk800/LSTMABS.pc  hasABS: 0
[band_g_mix_keep_s0] run 1/2 @ 60mph ...  {'runID': '1788469731-0001', 'avg_g': '1.1314', 'dist_m': '32.3650', 'status': 'OK', 'gear': 'D', 'rpm': '7477', 'dmg': '0'}
[band_g_mix_keep_s0] run 2/2 @ 60mph ...  {'runID': '1788469763-0002', 'avg_g': '1.1204', 'dist_m': '32.6826', 'status': 'OK', 'gear': 'D', 'rpm': '7465', 'dmg': '0'}
engagements: 2
lens tag: band_g_mix_keep_s1  ->  OK
partConfig: vehicles/etk800/LSTMABS.pc  hasABS: 0
[band_g_mix_keep_s1] run 1/2 @ 60mph ...  {'runID': '1788469799-0003', 'avg_g': '1.0419', 'dist_m': '35.1468', 'status': 'OK', 'gear': 'D', 'rpm': '7395', 'dmg': '0'}
[band_g_mix_keep_s1] run 2/2 @ 60mph ...  {'runID': '1788469832-0004', 'avg_g': '1.0357', 'dist_m': '35.3570', 'status': 'OK', 'gear': 'D', 'rpm': '7420', 'dmg': '0'}
engagements: 4
lens tag: band_g_mix_keep_s2  ->  OK
partConfig: vehicles/etk800/LSTMABS.pc  hasABS: 0
[band_g_mix_keep_s2] run 1/2 @ 60mph ...  {'runID': '1788469869-0005', 'avg_g': '1.1017', 'dist_m': '33.2370', 'status': 'OK', 'gear': 'D', 'rpm': '7449', 'dmg': '0'}
[band_g_mix_keep_s2] run 2/2 @ 60mph ...  {'runID': '1788469902-0006', 'avg_g': '1.1077', 'dist_m': '33.0580', 'status': 'OK', 'gear': 'D', 'rpm': '7450', 'dmg': '0'}
engagements: 6
lens tag: band_g_mix_keepy_s0  ->  OK
partConfig: vehicles/etk800/LSTMABS.pc  hasABS: 0
[band_g_mix_keepy_s0] run 1/2 @ 60mph ...  {'runID': '1788469939-0007', 'avg_g': '1.0891', 'dist_m': '33.6213', 'status': 'OK', 'gear': 'D', 'rpm': '7446', 'dmg': '0'}
[band_g_mix_keepy_s0] run 2/2 @ 60mph ...  {'runID': '1788469972-0008', 'avg_g': '1.0873', 'dist_m': '33.6774', 'status': 'OK', 'gear': 'D', 'rpm': '7436', 'dmg': '0'}
engagements: 8
860 trace/log lines -> C:\Users\Blake\Desktop\lstm-abs\results\control_trace_slipkeep_20260903_1407.log
RESULT ('band_g_mix_keep_s0', {'runID': '1788469731-0001', 'avg_g': '1.1314', 'dist_m': '32.3650', 'status': 'OK', 'gear': 'D', 'rpm': '7477', 'dmg': '0'})
RESULT ('band_g_mix_keep_s0', {'runID': '1788469763-0002', 'avg_g': '1.1204', 'dist_m': '32.6826', 'status': 'OK', 'gear': 'D', 'rpm': '7465', 'dmg': '0'})
RESULT ('band_g_mix_keep_s1', {'runID': '1788469799-0003', 'avg_g': '1.0419', 'dist_m': '35.1468', 'status': 'OK', 'gear': 'D', 'rpm': '7395', 'dmg': '0'})
RESULT ('band_g_mix_keep_s1', {'runID': '1788469832-0004', 'avg_g': '1.0357', 'dist_m': '35.3570', 'status': 'OK', 'gear': 'D', 'rpm': '7420', 'dmg': '0'})
RESULT ('band_g_mix_keep_s2', {'runID': '1788469869-0005', 'avg_g': '1.1017', 'dist_m': '33.2370', 'status': 'OK', 'gear': 'D', 'rpm': '7449', 'dmg': '0'})
RESULT ('band_g_mix_keep_s2', {'runID': '1788469902-0006', 'avg_g': '1.1077', 'dist_m': '33.0580', 'status': 'OK', 'gear': 'D', 'rpm': '7450', 'dmg': '0'})
RESULT ('band_g_mix_keepy_s0', {'runID': '1788469939-0007', 'avg_g': '1.0891', 'dist_m': '33.6213', 'status': 'OK', 'gear': 'D', 'rpm': '7446', 'dmg': '0'})
RESULT ('band_g_mix_keepy_s0', {'runID': '1788469972-0008', 'avg_g': '1.0873', 'dist_m': '33.6774', 'status': 'OK', 'gear': 'D', 'rpm': '7436', 'dmg': '0'})
