zeroing channels in train+deploy: ['sensor_z', 'roll_angle', 'pitch_angle', 'gear']
loading cache recorded_data_2khz_clean_tel\_cache_all.npz
4937 episodes in memory
episode filter: 4937 -> 2692  (variants=['dyn_abs', 'no_abs', 'no_safety', 'stock_tel'] minus none, models=['etk800'], min_peak_g=0.9)

split: 2289 train episodes / 403 val episodes

--- lens: band_g ---
  bands=33  graded/episode mean=15.21
  weight bins [0.10,0.28)=0.229, [0.28,0.46)=0.181, [0.46,0.64)=0.251, [0.64,0.82)=0.176, [0.82,1.00)=0.163
  train seqs=400,000  val seqs=100,000
    epoch  1  train=0.02825  val_MAE(frac of car max)=[0.1815 0.1817 0.1898 0.1875]
    epoch  2  train=0.02586  val_MAE(frac of car max)=[0.1698 0.1715 0.1769 0.1757]
    epoch  4  train=0.02496  val_MAE(frac of car max)=[0.1628 0.1653 0.1722 0.1723]
    epoch  6  train=0.02386  val_MAE(frac of car max)=[0.1553 0.1598 0.1748 0.172 ]
    epoch  8  train=0.02311  val_MAE(frac of car max)=[0.1423 0.154  0.1681 0.1676]

=== Summary: val MAE (fraction of car max torque, lower=closer fit) ===
  band_g         FR=0.1423 FL=0.1540 RR=0.1681 RL=0.1676
Traceback (most recent call last):
  File "C:\Users\Blake\Desktop\lstm-abs\train_lenses_corpus.py", line 548, in <module>
    main()
    ~~~~^^
  File "C:\Users\Blake\Desktop\lstm-abs\train_lenses_corpus.py", line 544, in main
    print(f"\nModels -> {MODEL_DIR}")
                         ^^^^^^^^^
NameError: name 'MODEL_DIR' is not defined
zeroing channels in train+deploy: ['sensor_z', 'roll_angle', 'pitch_angle', 'gear']
loading cache recorded_data_2khz_clean_tel\_cache_all.npz
4937 episodes in memory
episode filter: 4937 -> 2692  (variants=['dyn_abs', 'no_abs', 'no_safety', 'stock_tel'] minus none, models=['etk800'], min_peak_g=0.9)

split: 2289 train episodes / 403 val episodes

--- lens: band_g ---
  bands=33  graded/episode mean=15.21
  weight bins [0.10,0.28)=0.229, [0.28,0.46)=0.181, [0.46,0.64)=0.251, [0.64,0.82)=0.176, [0.82,1.00)=0.163
  train seqs=400,000  val seqs=100,000
    epoch  1  train=0.02831  val_MAE(frac of car max)=[0.1758 0.1772 0.1827 0.1807]
    epoch  2  train=0.02591  val_MAE(frac of car max)=[0.1739 0.1755 0.1823 0.1812]
    epoch  4  train=0.02509  val_MAE(frac of car max)=[0.165  0.1672 0.1763 0.1759]
    epoch  6  train=0.02424  val_MAE(frac of car max)=[0.1575 0.1603 0.1718 0.1716]
    epoch  8  train=0.02327  val_MAE(frac of car max)=[0.1512 0.1532 0.1693 0.1698]

=== Summary: val MAE (fraction of car max torque, lower=closer fit) ===
  band_g         FR=0.1512 FL=0.1532 RR=0.1693 RL=0.1698
Traceback (most recent call last):
  File "C:\Users\Blake\Desktop\lstm-abs\train_lenses_corpus.py", line 548, in <module>
    main()
    ~~~~^^
  File "C:\Users\Blake\Desktop\lstm-abs\train_lenses_corpus.py", line 544, in main
    print(f"\nModels -> {MODEL_DIR}")
                         ^^^^^^^^^
NameError: name 'MODEL_DIR' is not defined
zeroing channels in train+deploy: ['sensor_z', 'roll_angle', 'pitch_angle', 'gear']
loading cache recorded_data_2khz_clean_tel\_cache_all.npz
4937 episodes in memory
episode filter: 4937 -> 2692  (variants=['dyn_abs', 'no_abs', 'no_safety', 'stock_tel'] minus none, models=['etk800'], min_peak_g=0.9)

split: 2289 train episodes / 403 val episodes

--- lens: band_g ---
  bands=33  graded/episode mean=15.21
  weight bins [0.10,0.28)=0.229, [0.28,0.46)=0.181, [0.46,0.64)=0.251, [0.64,0.82)=0.176, [0.82,1.00)=0.163
  train seqs=400,000  val seqs=100,000
    epoch  1  train=0.02820  val_MAE(frac of car max)=[0.1727 0.1754 0.1811 0.1811]
    epoch  2  train=0.02586  val_MAE(frac of car max)=[0.1666 0.1678 0.1789 0.1773]
    epoch  4  train=0.02504  val_MAE(frac of car max)=[0.164  0.1665 0.1715 0.1729]
