zeroing channels in train+deploy: ['sensor_z', 'roll_angle', 'pitch_angle', 'gear']
Building cache from 4949 parquet episodes...
  ...250/4949  kept=250
  ...500/4949  kept=500
  ...750/4949  kept=750
  ...1000/4949  kept=1000
  ...1250/4949  kept=1250
  ...1500/4949  kept=1500
  ...1750/4949  kept=1750
  ...2000/4949  kept=2000
  ...2250/4949  kept=2250
  ...2500/4949  kept=2500
  ...2750/4949  kept=2750
  ...3000/4949  kept=2997
  ...3250/4949  kept=3247
  ...3500/4949  kept=3496
  ...3750/4949  kept=3745
  ...4000/4949  kept=3992
  ...4250/4949  kept=4242
  ...4500/4949  kept=4492
  ...4750/4949  kept=4742
4937 usable episodes
per-car max torque (Nm):
   sbr        [3000. 3000. 3000. 3000.]
   vivace     [3000. 3000.  980.  980.]
   etkc       [2800. 2800. 1500. 1500.]
   etk800     [3100. 3100. 1700. 1700.]
   pickup     [3671. 3645. 1440. 1440.]
   sunburst2  [2700. 2700.  750.  750.]
   scintilla  [2986. 2986. 2500. 2500.]
   lansdale   [3200. 3200. 1013. 1013.]
   bastion    [4300. 4300. 1388. 1388.]
cached -> recorded_data_2khz_clean_tel\_cache_all.npz
4937 episodes in memory
episode filter: 4937 -> 1391  (variants=['dyn_abs'] minus none, models=['etk800'], min_peak_g=0.9)

split: 1183 train episodes / 208 val episodes

--- lens: band_g ---
  bands=31  graded/episode mean=4.10
  weight bins [0.10,0.28)=0.074, [0.28,0.46)=0.054, [0.46,0.64)=0.788, [0.64,0.82)=0.046, [0.82,1.00)=0.037
  train seqs=400,000  val seqs=100,000
    epoch  1  train=0.03034  val_MAE(frac of car max)=[0.2028 0.2064 0.1023 0.097 ]
    epoch  2  train=0.02659  val_MAE(frac of car max)=[0.1917 0.194  0.0996 0.0962]
    epoch  4  train=0.02249  val_MAE(frac of car max)=[0.1658 0.1707 0.0959 0.0924]
    epoch  6  train=0.02140  val_MAE(frac of car max)=[0.167  0.1742 0.1014 0.0982]
    epoch  8  train=0.01937  val_MAE(frac of car max)=[0.1405 0.1562 0.0872 0.0845]

--- lens: band_gy ---
  bands=31  graded/episode mean=4.10
  weight bins [0.10,0.28)=0.073, [0.28,0.46)=0.054, [0.46,0.64)=0.788, [0.64,0.82)=0.047, [0.82,1.00)=0.038
  train seqs=400,000  val seqs=100,000
    epoch  1  train=0.03063  val_MAE(frac of car max)=[0.2056 0.2097 0.1098 0.1054]
    epoch  2  train=0.02667  val_MAE(frac of car max)=[0.1961 0.1983 0.0994 0.0947]
    epoch  4  train=0.02340  val_MAE(frac of car max)=[0.1733 0.1755 0.0995 0.0926]
    epoch  6  train=0.02103  val_MAE(frac of car max)=[0.1607 0.1657 0.0948 0.0908]
    epoch  8  train=0.01672  val_MAE(frac of car max)=[0.1239 0.1285 0.0874 0.0833]

=== Summary: val MAE (fraction of car max torque, lower=closer fit) ===
  band_g         FR=0.1405 FL=0.1562 RR=0.0872 RL=0.0845
  band_gy        FR=0.1239 FL=0.1285 RR=0.0874 RL=0.0833

Models -> <home>\Desktop\Beamng_AI\ml\SpeedLSTM\lens_models_corpus
