 31.95072|I|libbeamng.print:18052| === LSTM_ABS: lens 'band_g_mix_lock_sy' loaded (1 member, 17 in, 64 hidden, 2 layers) ===
 31.95244|I|libbeamng.print:18052| === LSTM_ABS SELFTEST lens=band_g_mix_lock_sy cmd=0.956085,0.957974,0.339686,0.366768 ===
 35.54281|I|libbeamng.print:18052| === LSTM_ABS: lens 'band_g_mix_lock_s' loaded (1 member, 17 in, 64 hidden, 2 layers) ===
 35.54533|I|libbeamng.print:18052| === LSTM_ABS SELFTEST lens=band_g_mix_lock_s cmd=0.989402,0.972978,0.297531,0.565520 ===
 45.23787|I|libbeamng.print:18052| === LSTM_TRACE t=0 v=27.70 ws=27.64,27.79,27.42,27.47 cmd=0.938,0.915,0.574,0.649 cap=155,155,97,97 des=155,155,85,85 app=142,142,78,78 abs=nil,nil,nil,nil ebrake=1.00 ibrake=1.00 hasABS=0 sy=1.59 split=1.000,0.875 ===
 45.23792|I|libbeamng.print:18052| === LSTM_OBS t=0 27.64088,27.79212,27.42158,27.47144,-0.05046,1.58838,-9.79193,0.01337,0.00000,0.00000,0.00049,1.00000,0.00000,0.00099,-0.00904,7858.23420,0.25000 ===
 45.29809|I|libbeamng.print:18052| === LSTM_TRACE t=10 v=27.42 ws=26.40,26.73,26.76,26.93 cmd=0.547,0.510,0.579,0.525 cap=1665,1539,1072,973 des=1665,1539,938,852 app=1538,1421,866,786 abs=nil,nil,nil,nil ebrake=1.00 ibrake=1.00 hasABS=0 sy=2.11 split=1.000,0.875 ===
 45.29813|I|libbeamng.print:18052| === LSTM_OBS t=10 26.40293,26.72753,26.75683,26.93173,-0.03007,2.11241,-9.78333,-0.00301,0.00000,0.00000,0.00104,1.00000,0.00000,0.00096,-0.01006,7790.24645,0.25000 ===
 45.31642|I|libbeamng.print:18052| === LSTM_ABS DBG raw=26.0699,26.3121,26.4263,26.6295,-0.0349,2.7971,-9.7269,0.0103,0.0000,0.0000,0.0027,1.0000,0.0000,0.0010,-0.0110,7711.3349,0.2500 ===
 45.31647|I|libbeamng.print:18052| === LSTM_ABS DBG norm=0.54,0.49,0.52,0.51,-0.18,-2.04,0.00,0.10,0.06,-0.06,0.02,0.59,-0.02,0.00,0.00,3.82,0.00 ===
 45.31647|I|libbeamng.print:18052| === LSTM_ABS DBG cmd=0.6060,0.5820,0.6558,0.6106 ===
 45.34180|I|libbeamng.print:18052| === LSTM_TRACE t=20 v=26.99 ws=25.35,25.51,25.91,26.14 cmd=0.734,0.715,0.712,0.682 cap=2197,2142,1366,1302 des=2197,2142,1195,1139 app=2057,2004,1120,1065 abs=nil,nil,nil,nil ebrake=1.00 ibrake=1.00 hasABS=0 sy=3.68 split=1.000,0.875 ===
 45.34188|I|libbeamng.print:18052| === LSTM_OBS t=20 25.34706,25.50931,25.91341,26.14393,-0.04006,3.67769,-9.64668,0.01555,0.00000,0.00000,0.00216,1.00000,0.00000,0.00104,-0.01258,7585.18285,0.25000 ===
 45.38781|I|libbeamng.print:18052| === LSTM_TRACE t=30 v=26.47 ws=23.92,24.18,25.06,25.37 cmd=0.814,0.814,0.738,0.735 cap=2520,2515,1438,1427 des=2520,2515,1258,1249 app=2390,2384,1193,1182 abs=nil,nil,nil,nil ebrake=1.00 ibrake=1.00 hasABS=0 sy=5.37 split=1.000,0.875 ===
 45.38789|I|libbeamng.print:18052| === LSTM_OBS t=30 23.91751,24.17735,25.05580,25.37101,-0.06293,5.37434,-9.53609,0.02225,0.00000,0.00000,0.00221,1.00000,0.00000,0.00106,-0.01517,7340.69972,0.25000 ===
 45.43335|I|libbeamng.print:18052| === LSTM_TRACE t=40 v=25.88 ws=22.90,23.50,24.22,24.57 cmd=0.835,0.843,0.751,0.767 cap=2521,2561,1450,1471 des=2521,2561,1269,1287 app=2415,2453,1214,1230 abs=nil,nil,nil,nil ebrake=1.00 ibrake=1.00 hasABS=0 sy=7.00 split=1.000,0.875 ===
 45.43339|I|libbeamng.print:18052| === LSTM_OBS t=40 22.90472,23.50029,24.22420,24.56975,-0.08050,6.99706,-9.37551,0.00474,0.00000,0.00000,0.00254,1.00000,0.00000,0.00156,-0.01729,7106.22569,0.25000 ===
 45.48362|I|libbeamng.print:18052| === LSTM_TRACE t=50 v=25.28 ws=21.74,22.99,23.39,23.82 cmd=0.799,0.818,0.744,0.763 cap=2482,2543,1433,1469 des=2482,2543,1254,1286 app=2397,2457,1208,1238 abs=nil,nil,nil,nil ebrake=1.00 ibrake=1.00 hasABS=0 sy=8.40 split=1.000,0.875 ===
 45.48372|I|libbeamng.print:18052| === LSTM_OBS t=50 21.74182,22.98684,23.38724,23.81896,-0.07680,8.40463,-9.49269,-0.01679,0.00000,0.00000,0.00311,1.00000,0.00000,0.00187,-0.01890,6869.78714,0.25000 ===
 45.53447|I|libbeamng.print:18052| === LSTM_TRACE t=60 v=24.68 ws=20.56,22.58,22.65,23.05 cmd=0.816,0.828,0.771,0.788 cap=2462,2521,1478,1509 des=2462,2521,1293,1320 app=2393,2452,1253,1279 abs=nil,nil,nil,nil ebrake=1.00 ibrake=1.00 hasABS=0 sy=9.45 split=1.000,0.875 ===
 45.53453|I|libbeamng.print:18052| === LSTM_OBS t=60 20.55802,22.57773,22.64508,23.04962,-0.06267,9.44768,-9.60690,-0.01357,0.00000,0.00000,0.00278,1.00000,0.00000,0.00185,-0.01968,6645.95181,0.25000 ===
 45.58483|I|libbeamng.print:18052| === LSTM_TRACE t=70 v=24.09 ws=19.18,22.36,21.87,22.27 cmd=0.800,0.809,0.776,0.797 cap=2413,2453,1504,1541 des=2413,2453,1316,1348 app=2355,2397,1280,1312 abs=nil,nil,nil,nil ebrake=1.00 ibrake=1.00 hasABS=0 sy=10.18 split=1.000,0.875 ===
 45.58488|I|libbeamng.print:18052| === LSTM_OBS t=70 19.17661,22.35518,21.87437,22.26857,-0.01317,10.18474,-9.68107,-0.02622,0.00000,0.00000,0.00349,1.00000,0.00000,0.00146,-0.01979,6422.43805,0.25000 ===
 45.62955|I|libbeamng.print:18052| === LSTM_ABS: lens 'band_g_mix_lock_s' loaded (1 member, 17 in, 64 hidden, 2 layers) ===
 45.63110|I|libbeamng.print:18052| === LSTM_ABS SELFTEST lens=band_g_mix_lock_s cmd=0.989402,0.972978,0.297531,0.565520 ===
 45.63306|I|libbeamng.print:18052| === LSTM_TRACE t=0 v=23.82 ws=18.60,22.35,21.67,21.94 cmd=0.939,0.919,0.622,0.666 cap=155,155,97,97 des=155,155,85,85 app=2042,2083,1119,1152 abs=nil,nil,nil,nil ebrake=1.00 ibrake=1.00 hasABS=0 sy=10.41 split=1.000,0.875 ===
 45.63311|I|libbeamng.print:18052| === LSTM_OBS t=0 18.60349,22.34686,21.66775,21.93535,0.01590,10.41164,-9.67730,-0.02160,0.00000,0.00000,0.00274,1.00000,0.00000,0.00116,-0.01959,6332.00620,0.25000 ===
 45.68132|I|libbeamng.print:18052| === LSTM_TRACE t=10 v=23.24 ws=19.39,21.52,21.54,21.01 cmd=0.759,0.777,0.701,0.704 cap=2399,2443,1373,1390 des=2399,2443,1202,1217 app=2352,2400,1174,1188 abs=nil,nil,nil,nil ebrake=1.00 ibrake=1.00 hasABS=0 sy=10.78 split=1.000,0.875 ===
 45.68137|I|libbeamng.print:18052| === LSTM_OBS t=10 19.38623,21.52141,21.54479,21.01250,0.05296,10.78484,-9.72873,-0.01534,0.00000,0.00000,0.00229,1.00000,0.00000,0.00022,-0.01853,6160.60621,0.25000 ===
 45.70191|I|libbeamng.print:18052| === LSTM_ABS DBG raw=19.1122,20.9711,21.5052,20.6683,0.0776,10.9356,-9.7133,-0.0028,0.0000,0.0000,0.0038,1.0000,0.0000,-0.0000,-0.0183,6106.9719,0.2500 ===
 45.70195|I|libbeamng.print:18052| === LSTM_ABS DBG norm=0.10,0.16,0.20,0.14,-0.09,0.38,0.00,0.00,0.06,-0.06,0.10,0.59,-0.02,0.00,0.00,2.81,0.00 ===
 45.70197|I|libbeamng.print:18052| === LSTM_ABS DBG cmd=0.7066,0.7195,0.7042,0.7184 ===
 45.73082|I|libbeamng.print:18052| === LSTM_TRACE t=20 v=22.63 ws=19.19,21.02,21.39,20.27 cmd=0.779,0.770,0.713,0.736 cap=2252,2257,1355,1392 des=2252,2257,1186,1218 app=2213,2223,1161,1192 abs=nil,nil,nil,nil ebrake=1.00 ibrake=1.00 hasABS=0 sy=11.16 split=1.000,0.875 ===
 45.73087|I|libbeamng.print:18052| === LSTM_OBS t=20 19.19263,21.02072,21.39261,20.27217,0.11753,11.16285,-9.73081,-0.00636,0.00000,0.00000,0.00378,1.00000,0.00000,-0.00033,-0.01826,6012.59802,0.25000 ===
 45.77776|I|libbeamng.print:18052| === LSTM_TRACE t=30 v=22.03 ws=19.02,20.62,21.00,19.22 cmd=0.763,0.751,0.699,0.719 cap=2273,2257,1338,1364 des=2273,2257,1171,1194 app=2238,2227,1149,1171 abs=nil,nil,nil,nil ebrake=1.00 ibrake=1.00 hasABS=0 sy=11.40 split=1.000,0.875 ===
 45.77781|I|libbeamng.print:18052| === LSTM_OBS t=30 19.01944,20.62478,21.00493,19.21716,0.18426,11.39719,-9.69660,0.01572,0.00000,0.00000,0.00335,1.00000,0.00000,-0.00060,-0.01810,5850.83545,0.25000 ===
 45.82805|I|libbeamng.print:18052| === LSTM_TRACE t=40 v=21.44 ws=18.54,19.91,20.44,18.56 cmd=0.722,0.717,0.657,0.663 cap=2441,2397,1312,1342 des=2441,2397,1148,1174 app=2408,2370,1127,1153 abs=nil,nil,nil,nil ebrake=1.00 ibrake=1.00 hasABS=0 sy=11.54 split=1.000,0.875 ===
 45.82810|I|libbeamng.print:18052| === LSTM_OBS t=40 18.53957,19.90773,20.43603,18.56425,0.23167,11.54317,-9.68712,0.01973,0.00000,0.00000,0.00378,1.00000,0.00000,-0.00052,-0.01797,5664.65276,0.25000 ===
 45.87751|I|libbeamng.print:18052| === LSTM_TRACE t=50 v=20.85 ws=18.53,19.74,19.99,18.10 cmd=0.768,0.753,0.624,0.648 cap=2235,2217,1209,1248 des=2235,2217,1058,1092 app=2208,2195,1040,1073 abs=nil,nil,nil,nil ebrake=1.00 ibrake=1.00 hasABS=0 sy=11.63 split=1.000,0.875 ===
 45.87757|I|libbeamng.print:18052| === LSTM_OBS t=50 18.53381,19.74215,19.98922,18.10497,0.23153,11.63232,-9.65055,0.02448,0.00000,0.00000,0.00381,1.00000,0.00000,0.00003,-0.01794,5495.75081,0.25000 ===
 45.92668|I|libbeamng.print:18052| === LSTM_TRACE t=60 v=20.27 ws=18.75,19.41,19.34,17.76 cmd=0.746,0.736,0.554,0.584 cap=2255,2213,1114,1175 des=2255,2213,975,1028 app=2231,2194,959,1011 abs=nil,nil,nil,nil ebrake=1.00 ibrake=1.00 hasABS=0 sy=11.66 split=1.000,0.875 ===
 45.92673|I|libbeamng.print:18052| === LSTM_OBS t=60 18.74660,19.41105,19.33861,17.75944,0.18702,11.65772,-9.64903,0.02360,0.00000,0.00000,0.00305,1.00000,0.00000,0.00080,-0.01793,5358.51131,0.25000 ===
 45.97701|I|libbeamng.print:18052| === LSTM_TRACE t=70 v=19.68 ws=18.20,18.64,18.96,17.98 cmd=0.717,0.715,0.473,0.505 cap=2191,2184,922,985 des=2191,2184,807,862 app=2171,2167,794,848 abs=nil,nil,nil,nil ebrake=1.00 ibrake=1.00 hasABS=0 sy=11.62 split=1.000,0.875 ===
 45.97705|I|libbeamng.print:18052| === LSTM_OBS t=70 18.19762,18.63625,18.95771,17.98020,0.07051,11.62210,-9.67326,0.03419,0.00000,0.00000,0.00249,1.00000,0.00000,0.00177,-0.01789,5271.55448,0.25000 ===
 46.02637|I|libbeamng.print:18052| === LSTM_TRACE t=80 v=19.11 ws=17.22,17.85,18.32,18.26 cmd=0.692,0.692,0.483,0.515 cap=2293,2274,944,1017 des=2293,2274,826,890 app=2274,2258,813,875 abs=nil,nil,nil,nil ebrake=1.00 ibrake=1.00 hasABS=0 sy=11.59 split=1.000,0.875 ===
 46.02641|I|libbeamng.print:18052| === LSTM_OBS t=80 17.22208,17.84741,18.32480,18.25917,-0.07047,11.58975,-9.67729,0.02222,0.00000,0.00000,0.00278,1.00000,0.00000,0.00284,-0.01832,5227.52753,0.25000 ===
 46.07318|I|libbeamng.print:18052| === LSTM_TRACE t=90 v=18.56 ws=16.58,17.72,17.88,17.98 cmd=0.648,0.658,0.495,0.522 cap=2273,2256,996,1077 des=2273,2256,871,942 app=2255,2242,857,926 abs=nil,nil,nil,nil ebrake=1.00 ibrake=1.00 hasABS=0 sy=11.50 split=1.000,0.875 ===
 46.07323|I|libbeamng.print:18052| === LSTM_OBS t=90 16.57652,17.72207,17.88332,17.97558,-0.21714,11.50025,-9.67390,0.00205,0.00000,0.00000,0.00249,1.00000,0.00000,0.00376,-0.01926,5165.54791,0.25000 ===
 46.12351|I|libbeamng.print:18052| === LSTM_TRACE t=100 v=18.05 ws=16.62,17.09,17.27,17.33 cmd=0.557,0.575,0.476,0.509 cap=1977,2015,970,1034 des=1977,2015,849,905 app=1963,2003,835,890 abs=nil,nil,nil,nil ebrake=1.00 ibrake=1.00 hasABS=0 sy=11.25 split=1.000,0.875 ===
 46.12357|I|libbeamng.print:18052| === LSTM_OBS t=100 16.61520,17.08549,17.26643,17.32854,-0.30255,11.24927,-9.64386,0.00281,0.00000,0.00000,0.00198,1.00000,0.00000,0.00408,-0.01972,5040.76699,0.25000 ===
 46.17324|I|libbeamng.print:18052| === LSTM_TRACE t=110 v=17.55 ws=16.25,16.56,16.90,16.94 cmd=0.380,0.415,0.448,0.449 cap=2372,2316,984,1086 des=2372,2316,861,950 app=2356,2303,847,935 abs=nil,nil,nil,nil ebrake=1.00 ibrake=1.00 hasABS=0 sy=10.95 split=1.000,0.875 ===
 46.17328|I|libbeamng.print:18052| === LSTM_OBS t=110 16.24718,16.56283,16.89962,16.94254,-0.33373,10.94988,-9.57433,-0.00219,0.00000,0.00000,0.00169,1.00000,0.00000,0.00367,-0.01959,4898.98534,0.25000 ===
 46.22395|I|libbeamng.print:18052| === LSTM_TRACE t=120 v=17.05 ws=16.24,16.19,16.34,16.25 cmd=0.634,0.626,0.469,0.508 cap=2446,2351,1102,1237 des=2446,2351,964,1082 app=2145,2138,948,1065 abs=nil,nil,nil,nil ebrake=1.00 ibrake=1.00 hasABS=0 sy=10.68 split=1.000,0.875 ===
 46.22403|I|libbeamng.print:18052| === LSTM_OBS t=120 16.24292,16.18665,16.33666,16.24737,-0.31786,10.67916,-9.53992,-0.00512,0.00000,0.00000,0.00384,1.00000,0.00000,0.00303,-0.01918,4757.63344,0.25000 ===
 46.27471|I|libbeamng.print:18052| === LSTM_TRACE t=130 v=16.54 ws=15.67,15.88,16.05,16.04 cmd=0.659,0.654,0.529,0.558 cap=1469,1527,916,925 des=1469,1527,801,810 app=1482,1519,788,796 abs=nil,nil,nil,nil ebrake=1.00 ibrake=1.00 hasABS=0 sy=10.46 split=1.000,0.875 ===
 46.27475|I|libbeamng.print:18052| === LSTM_OBS t=130 15.67006,15.87521,16.05381,16.03734,-0.27550,10.45895,-9.52271,-0.01172,0.00000,0.00000,0.00069,1.00000,0.00000,0.00235,-0.01879,4627.85917,0.25000 ===
 46.32461|I|libbeamng.print:18052| === LSTM_TRACE t=140 v=16.07 ws=15.09,15.26,15.10,15.01 cmd=0.499,0.520,0.412,0.408 cap=2211,2173,889,947 des=2211,2173,778,828 app=2197,2161,764,815 abs=nil,nil,nil,nil ebrake=1.00 ibrake=1.00 hasABS=0 sy=10.27 split=1.000,0.875 ===
 46.32466|I|libbeamng.print:18052| === LSTM_OBS t=140 15.08752,15.26323,15.09513,15.00839,-0.22717,10.26913,-9.51674,-0.00836,0.00000,0.00000,0.00305,1.00000,0.00000,0.00187,-0.01832,4524.33995,0.25000 ===
 46.37554|I|libbeamng.print:18052| === LSTM_TRACE t=150 v=15.49 ws=14.61,14.74,14.61,14.19 cmd=0.728,0.728,0.445,0.441 cap=2017,2050,860,843 des=2017,2050,752,738 app=2004,2039,739,725 abs=nil,nil,nil,nil ebrake=1.00 ibrake=1.00 hasABS=0 sy=10.40 split=1.000,0.875 ===
 46.37558|I|libbeamng.print:18052| === LSTM_OBS t=150 14.61248,14.73793,14.60926,14.19188,-0.16655,10.39637,-9.52013,-0.00053,0.00000,0.00000,0.00146,1.00000,0.00000,0.00121,-0.01872,4540.93240,0.25000 ===
 46.42436|I|libbeamng.print:18052| === LSTM_TRACE t=160 v=14.92 ws=14.15,14.06,13.69,13.23 cmd=0.662,0.670,0.371,0.355 cap=2164,2170,757,738 des=2164,2170,662,646 app=2151,2160,650,635 abs=nil,nil,nil,nil ebrake=1.00 ibrake=1.00 hasABS=0 sy=10.65 split=1.000,0.875 ===
 46.42441|I|libbeamng.print:18052| === LSTM_OBS t=160 14.14675,14.05939,13.69209,13.22808,-0.11522,10.64737,-9.56251,-0.00211,0.00000,0.00000,0.00278,1.00000,0.00000,0.00063,-0.01965,4605.96442,0.25000 ===
 46.47471|I|libbeamng.print:18052| === LSTM_TRACE t=170 v=14.36 ws=13.28,13.63,13.01,12.51 cmd=0.605,0.619,0.319,0.302 cap=2166,2157,651,641 des=2166,2157,570,560 app=2154,2147,559,550 abs=nil,nil,nil,nil ebrake=1.00 ibrake=1.00 hasABS=0 sy=10.84 split=1.000,0.875 ===
 46.47475|I|libbeamng.print:18052| === LSTM_OBS t=170 13.28261,13.63282,13.01130,12.51061,-0.08474,10.84473,-9.61354,-0.00144,0.00000,0.00000,0.00274,1.00000,0.00000,0.00036,-0.02085,4677.60694,0.25000 ===
 46.52540|I|libbeamng.print:18052| === LSTM_TRACE t=180 v=13.80 ws=12.92,12.98,12.45,11.82 cmd=0.528,0.556,0.278,0.257 cap=2301,2266,611,614 des=2301,2266,535,537 app=2288,2255,524,526 abs=nil,nil,nil,nil ebrake=1.00 ibrake=1.00 hasABS=0 sy=10.96 split=1.000,0.875 ===
 46.52544|I|libbeamng.print:18052| === LSTM_OBS t=180 12.92494,12.98466,12.45261,11.82037,-0.06369,10.96291,-9.65369,0.00463,0.00000,0.00000,0.00274,1.00000,0.00000,0.00034,-0.02183,4751.72759,0.25000 ===
 46.57584|I|libbeamng.print:18052| === LSTM_TRACE t=190 v=13.23 ws=12.55,12.71,11.85,11.17 cmd=0.715,0.705,0.287,0.292 cap=2561,2497,691,740 des=2561,2497,604,648 app=2224,2292,592,634 abs=nil,nil,nil,nil ebrake=1.00 ibrake=1.00 hasABS=0 sy=11.08 split=1.000,0.875 ===
 46.57589|I|libbeamng.print:18052| === LSTM_OBS t=190 12.54628,12.71249,11.85396,11.17181,-0.04466,11.07729,-9.67510,0.00545,0.00000,0.00000,0.00370,1.00000,0.00000,0.00049,-0.02273,4818.50903,0.25000 ===
 46.62570|I|libbeamng.print:18052| === LSTM_TRACE t=200 v=12.67 ws=12.04,12.04,11.70,11.06 cmd=0.835,0.818,0.400,0.429 cap=1664,1779,692,676 des=1664,1779,605,592 app=1654,1770,592,579 abs=nil,nil,nil,nil ebrake=1.00 ibrake=1.00 hasABS=0 sy=11.11 split=1.000,0.875 ===
 46.62576|I|libbeamng.print:18052| === LSTM_OBS t=200 12.04397,12.04036,11.70064,11.05579,-0.05662,11.11443,-9.68136,0.01290,0.00000,0.00000,0.00091,1.00000,0.00000,0.00066,-0.02339,4855.78389,0.25000 ===
 46.67596|I|libbeamng.print:18052| === LSTM_TRACE t=210 v=12.13 ws=11.40,11.51,11.39,11.01 cmd=0.535,0.566,0.338,0.334 cap=2500,2455,771,832 des=2500,2455,674,728 app=2425,2443,659,712 abs=nil,nil,nil,nil ebrake=1.00 ibrake=1.00 hasABS=0 sy=11.09 split=1.000,0.875 ===
 46.67602|I|libbeamng.print:18052| === LSTM_OBS t=210 11.39615,11.51072,11.38664,11.00752,-0.04346,11.08659,-9.61727,0.00197,0.00000,0.00000,0.00307,1.00000,0.00000,0.00098,-0.02381,4840.26869,0.25000 ===
 46.72643|I|libbeamng.print:18052| === LSTM_TRACE t=220 v=11.57 ws=10.86,11.08,10.92,11.06 cmd=0.729,0.729,0.525,0.565 cap=1432,1569,919,941 des=1432,1569,804,824 app=1654,1644,786,805 abs=nil,nil,nil,nil ebrake=1.00 ibrake=1.00 hasABS=0 sy=11.04 split=1.000,0.875 ===
 46.72649|I|libbeamng.print:18052| === LSTM_OBS t=220 10.85645,11.07894,10.91990,11.06157,-0.05847,11.04045,-9.58331,0.00650,0.00000,0.00000,0.00069,1.00000,0.00000,0.00129,-0.02386,4787.70117,0.25000 ===
 46.77332|I|libbeamng.print:18052| === LSTM_TRACE t=230 v=11.08 ws=10.49,10.46,10.85,10.82 cmd=0.527,0.553,0.430,0.440 cap=2428,2384,962,1054 des=2428,2384,841,922 app=2414,2372,822,901 abs=nil,nil,nil,nil ebrake=1.00 ibrake=1.00 hasABS=0 sy=10.88 split=1.000,0.875 ===
 46.77337|I|libbeamng.print:18052| === LSTM_OBS t=230 10.49128,10.46426,10.85403,10.81791,-0.08863,10.88058,-9.54705,-0.00957,0.00000,0.00000,0.00481,1.00000,0.00000,0.00155,-0.02371,4698.18897,0.25000 ===
 46.82248|I|libbeamng.print:18052| === LSTM_TRACE t=240 v=10.59 ws=10.14,10.19,10.38,10.35 cmd=0.714,0.709,0.608,0.647 cap=1301,1434,1078,1093 des=1301,1434,944,956 app=1565,1519,922,934 abs=nil,nil,nil,nil ebrake=1.00 ibrake=1.00 hasABS=0 sy=10.57 split=1.000,0.875 ===
 46.82252|I|libbeamng.print:18052| === LSTM_OBS t=240 10.13743,10.19275,10.38040,10.35458,-0.06721,10.56834,-9.53237,-0.00057,0.00000,0.00000,0.00000,1.00000,0.00000,0.00166,-0.02290,4548.90171,0.25000 ===
 46.87238|I|libbeamng.print:18052| === LSTM_TRACE t=250 v=10.15 ws=9.44,9.73,9.93,9.94 cmd=0.472,0.496,0.517,0.511 cap=2364,2307,1118,1180 des=2364,2307,978,1033 app=2335,2290,956,1009 abs=nil,nil,nil,nil ebrake=1.00 ibrake=1.00 hasABS=0 sy=10.21 split=1.000,0.875 ===
 46.87242|I|libbeamng.print:18052| === LSTM_OBS t=250 9.44182,9.72670,9.93057,9.93790,-0.07183,10.20810,-9.50333,-0.00373,0.00000,0.00000,0.00350,1.00000,0.00000,0.00169,-0.02167,4365.86426,0.25000 ===
 46.92401|I|libbeamng.print:18052| === LSTM_TRACE t=260 v=9.67 ws=9.22,9.33,9.34,9.40 cmd=0.713,0.704,0.667,0.703 cap=1412,1519,1211,1217 des=1412,1519,1059,1065 app=1499,1511,1035,1041 abs=nil,nil,nil,nil ebrake=1.00 ibrake=1.00 hasABS=0 sy=9.92 split=1.000,0.875 ===
 46.92405|I|libbeamng.print:18052| === LSTM_OBS t=260 9.22451,9.32959,9.34236,9.40302,-0.04230,9.91769,-9.49143,0.00509,0.00000,0.00000,0.00278,1.00000,0.00000,0.00156,-0.02027,4166.66595,0.25000 ===
 46.97356|I|libbeamng.print:18052| === LSTM_TRACE t=270 v=9.23 ws=8.67,8.87,9.18,9.18 cmd=0.579,0.588,0.568,0.566 cap=2394,2340,1149,1193 des=2394,2340,1005,1044 app=2228,2280,982,1021 abs=nil,nil,nil,nil ebrake=1.00 ibrake=1.00 hasABS=0 sy=9.71 split=1.000,0.875 ===
 46.97360|I|libbeamng.print:18052| === LSTM_OBS t=270 8.67279,8.87269,9.17972,9.17595,-0.04119,9.70907,-9.47215,-0.00823,0.00000,0.00000,0.00381,1.00000,0.00000,0.00156,-0.01893,3966.74049,0.25000 ===
 47.02390|I|libbeamng.print:18052| === LSTM_TRACE t=280 v=8.75 ws=8.37,8.44,8.46,8.53 cmd=0.734,0.735,0.716,0.750 cap=1112,1312,1241,1209 des=1112,1312,1086,1058 app=1485,1531,1061,1034 abs=nil,nil,nil,nil ebrake=1.00 ibrake=1.00 hasABS=0 sy=9.60 split=1.000,0.875 ===
 47.02394|I|libbeamng.print:18052| === LSTM_OBS t=280 8.37234,8.43580,8.45894,8.53374,-0.02418,9.59851,-9.50110,0.00086,0.00000,0.00000,0.00124,1.00000,0.00000,0.00153,-0.01775,3767.36246,0.25000 ===
 47.07315|I|libbeamng.print:18052| === LSTM_TRACE t=290 v=8.29 ws=7.65,7.82,7.99,8.05 cmd=0.447,0.486,0.570,0.550 cap=2477,2443,1236,1276 des=2477,2443,1081,1116 app=2254,2336,1057,1091 abs=nil,nil,nil,nil ebrake=1.00 ibrake=1.00 hasABS=0 sy=9.55 split=1.000,0.875 ===
 47.07322|I|libbeamng.print:18052| === LSTM_OBS t=290 7.64829,7.82179,7.98833,8.05024,-0.00921,9.55192,-9.51385,-0.00478,0.00000,0.00000,0.00331,1.00000,0.00000,0.00130,-0.01680,3570.28517,0.25000 ===
 47.12371|I|libbeamng.print:18052| === LSTM_TRACE t=300 v=7.81 ws=7.33,7.51,7.49,7.60 cmd=0.629,0.656,0.711,0.732 cap=1255,1429,1305,1281 des=1255,1429,1142,1121 app=1491,1565,1116,1096 abs=nil,nil,nil,nil ebrake=1.00 ibrake=1.00 hasABS=0 sy=9.54 split=1.000,0.875 ===
 47.12375|I|libbeamng.print:18052| === LSTM_OBS t=300 7.32900,7.50563,7.48526,7.59568,0.00033,9.53795,-9.55513,-0.00850,0.00000,0.00000,0.00198,1.00000,0.00000,0.00119,-0.01606,3372.29532,0.25000 ===
 47.17358|I|libbeamng.print:18052| === LSTM_TRACE t=310 v=7.34 ws=7.17,6.71,7.06,7.14 cmd=0.536,0.558,0.594,0.580 cap=2492,2457,1293,1348 des=2492,2457,1131,1179 app=2259,2334,1106,1153 abs=nil,nil,nil,nil ebrake=1.00 ibrake=1.00 hasABS=0 sy=9.54 split=1.000,0.875 ===
 47.17363|I|libbeamng.print:18052| === LSTM_OBS t=310 7.16539,6.70698,7.06483,7.14146,-0.01255,9.54446,-9.60903,-0.01214,0.00000,0.00000,0.00364,1.00000,0.00000,0.00124,-0.01526,3174.31798,0.25000 ===
 47.22340|I|libbeamng.print:18052| === LSTM_TRACE t=320 v=6.84 ws=6.51,6.39,6.68,6.74 cmd=0.592,0.624,0.709,0.733 cap=1028,1205,1302,1287 des=1028,1205,1139,1127 app=1490,1564,1113,1101 abs=nil,nil,nil,nil ebrake=1.00 ibrake=1.00 hasABS=0 sy=9.53 split=1.000,0.875 ===
 47.22349|I|libbeamng.print:18052| === LSTM_OBS t=320 6.50767,6.39328,6.67839,6.73799,-0.03407,9.52821,-9.64977,-0.00061,0.00000,0.00000,0.00049,1.00000,0.00000,0.00146,-0.01469,2967.95823,0.25000 ===
 47.27362|I|libbeamng.print:18052| === LSTM_TRACE t=330 v=6.38 ws=6.27,5.87,6.24,6.27 cmd=0.595,0.601,0.591,0.578 cap=2531,2495,1284,1330 des=2531,2495,1124,1164 app=2118,2244,1098,1137 abs=nil,nil,nil,nil ebrake=1.00 ibrake=1.00 hasABS=0 sy=9.51 split=1.000,0.875 ===
 47.27369|I|libbeamng.print:18052| === LSTM_OBS t=330 6.27421,5.86570,6.24451,6.26855,-0.00175,9.50990,-9.64868,-0.00553,0.00000,0.00000,0.00424,1.00000,0.00000,0.00141,-0.01393,2775.62901,0.25000 ===
 47.32382|I|libbeamng.print:18052| === LSTM_TRACE t=340 v=5.93 ws=5.34,5.30,6.06,5.97 cmd=0.206,0.278,0.674,0.636 cap=1444,1479,1140,1064 des=1444,1479,998,931 app=1734,1711,975,909 abs=nil,nil,nil,nil ebrake=1.00 ibrake=1.00 hasABS=0 sy=9.44 split=1.000,0.875 ===
 47.32386|I|libbeamng.print:18052| === LSTM_OBS t=340 5.33584,5.30305,6.05885,5.97368,0.00076,9.44270,-9.69472,-0.00017,0.00000,0.00000,0.00049,1.00000,0.00000,0.00106,-0.01324,2584.38651,0.25000 ===
 47.37447|I|libbeamng.print:18052| === LSTM_TRACE t=350 v=5.47 ws=5.04,4.95,5.27,5.40 cmd=0.476,0.524,0.672,0.712 cap=299,488,1254,1162 des=299,488,1097,1016 app=1305,1512,1072,993 abs=nil,nil,nil,nil ebrake=1.00 ibrake=1.00 hasABS=0 sy=9.28 split=1.000,0.875 ===
 47.37451|I|libbeamng.print:18052| === LSTM_OBS t=350 5.04428,4.94535,5.27469,5.40161,-0.04245,9.28292,-9.79400,-0.00464,0.00000,0.00000,0.00216,1.00000,0.00000,0.00112,-0.01230,2395.61485,0.25000 ===
 47.42397|I|libbeamng.print:18052| === LSTM_TRACE t=360 v=5.00 ws=4.66,4.83,4.67,4.82 cmd=0.621,0.646,0.651,0.676 cap=618,838,1241,1173 des=618,838,1086,1026 app=1453,1368,1060,1002 abs=nil,nil,nil,nil ebrake=1.00 ibrake=1.00 hasABS=0 sy=9.27 split=1.000,0.875 ===
 47.42402|I|libbeamng.print:18052| === LSTM_OBS t=360 4.65603,4.83371,4.67464,4.82444,-0.02363,9.26527,-9.84305,0.01157,0.00000,0.00000,0.00000,1.00000,0.00000,0.00105,-0.01181,2211.42495,0.25000 ===
 47.47530|I|libbeamng.print:18052| === LSTM_TRACE t=370 v=4.54 ws=4.07,4.38,4.21,4.41 cmd=0.636,0.653,0.644,0.668 cap=755,1020,1246,1171 des=755,1020,1091,1025 app=1479,1404,1064,1000 abs=nil,nil,nil,nil ebrake=1.00 ibrake=1.00 hasABS=0 sy=9.23 split=1.000,0.875 ===
 47.47535|I|libbeamng.print:18052| === LSTM_OBS t=370 4.07341,4.37548,4.21257,4.41155,-0.01914,9.23088,-9.87025,0.00905,0.00000,0.00000,0.00265,1.00000,0.00000,0.00129,-0.01187,2018.57115,0.25000 ===
 47.52461|I|libbeamng.print:18052| === LSTM_TRACE t=380 v=4.08 ws=4.31,4.30,4.10,4.08 cmd=0.887,0.857,0.647,0.671 cap=2344,2323,1306,1344 des=2344,2323,1143,1176 app=1892,1884,1115,1147 abs=nil,nil,nil,nil ebrake=1.00 ibrake=1.00 hasABS=0 sy=9.25 split=1.000,0.875 ===
 47.52468|I|libbeamng.print:18052| === LSTM_OBS t=380 4.31435,4.29759,4.10341,4.08084,0.04001,9.24763,-9.85781,0.01214,0.00000,0.00000,0.00154,1.00000,0.00000,0.00094,-0.01194,1830.58245,0.25000 ===
 47.57523|I|libbeamng.print:18052| === LSTM_TRACE t=390 v=3.66 ws=3.21,3.35,3.33,3.29 cmd=0.644,0.624,0.628,0.620 cap=2233,2189,1260,1278 des=2233,2189,1102,1118 app=2019,2126,1074,1090 abs=nil,nil,nil,nil ebrake=1.00 ibrake=1.00 hasABS=0 sy=9.17 split=1.000,0.875 ===
 47.57527|I|libbeamng.print:18052| === LSTM_OBS t=390 3.20905,3.34520,3.32587,3.28977,-0.00249,9.16859,-9.80257,-0.00478,0.00000,0.00000,0.00624,1.00000,0.00000,0.00111,-0.01209,1642.74430,0.25000 ===
 47.62404|I|libbeamng.print:18052| === LSTM_TRACE t=400 v=3.14 ws=2.85,2.70,3.01,3.06 cmd=0.738,0.739,0.698,0.700 cap=1776,1814,1305,1272 des=1776,1814,1141,1113 app=1753,1792,1112,1084 abs=nil,nil,nil,nil ebrake=1.00 ibrake=1.00 hasABS=0 sy=9.24 split=1.000,0.875 ===
 47.62408|I|libbeamng.print:18052| === LSTM_OBS t=400 2.84766,2.69995,3.00792,3.06060,-0.02387,9.23830,-9.75043,0.00129,0.00000,0.00000,0.00000,1.00000,0.00000,0.00125,-0.01245,1473.33445,0.25000 ===
 47.67580|I|libbeamng.print:18052| === LSTM_TRACE t=410 v=2.64 ws=1.79,1.98,2.49,2.47 cmd=0.714,0.700,0.695,0.683 cap=2504,2430,1346,1360 des=2504,2430,1177,1190 app=2470,2399,1146,1158 abs=nil,nil,nil,nil ebrake=1.00 ibrake=1.00 hasABS=0 sy=9.48 split=1.000,0.875 ===
 47.67585|I|libbeamng.print:18052| === LSTM_OBS t=410 1.78945,1.97511,2.48537,2.47326,-0.00602,9.47700,-9.69986,-0.00161,0.00000,0.00000,0.00328,1.00000,0.00000,0.00115,-0.01314,1276.32237,0.25000 ===
 47.72641|I|libbeamng.print:18052| === LSTM_TRACE t=420 v=2.12 ws=0.03,0.25,1.88,1.77 cmd=0.948,0.926,0.794,0.804 cap=2876,2802,1538,1574 des=2876,2802,1346,1377 app=2834,2764,1309,1340 abs=nil,nil,nil,nil ebrake=1.00 ibrake=1.00 hasABS=0 sy=9.71 split=1.000,0.875 ===
 47.72649|I|libbeamng.print:18052| === LSTM_OBS t=420 0.03099,0.24785,1.88416,1.76868,0.03156,9.71273,-9.62437,0.00361,0.00000,0.00000,0.00430,1.00000,0.00000,0.00072,-0.01392,1068.70652,0.25000 ===
 47.77607|I|libbeamng.print:18052| === LSTM_TRACE t=430 v=1.57 ws=0.01,0.08,1.59,1.53 cmd=0.984,0.976,0.849,0.844 cap=3049,3020,1650,1641 des=3049,3020,1444,1435 app=3001,2976,1403,1395 abs=nil,nil,nil,nil ebrake=1.00 ibrake=1.00 hasABS=0 sy=9.99 split=1.000,0.875 ===
 47.77612|I|libbeamng.print:18052| === LSTM_OBS t=430 0.00929,0.07840,1.59450,1.52877,-0.00600,9.99008,-9.50454,0.00032,0.00000,0.00000,0.00091,1.00000,0.00000,0.00074,-0.01455,865.24139,0.25000 ===
 47.82559|I|libbeamng.print:18052| === LSTM_TRACE t=440 v=1.01 ws=0.01,0.05,0.36,0.63 cmd=0.991,0.985,0.857,0.866 cap=3068,3050,1661,1677 des=3068,3050,1454,1467 app=3017,3003,1412,1425 abs=nil,nil,nil,nil ebrake=1.00 ibrake=1.00 hasABS=0 sy=10.33 split=1.000,0.875 ===
 47.82563|I|libbeamng.print:18052| === LSTM_OBS t=440 0.01119,0.04801,0.35523,0.62758,0.02810,10.32959,-9.46156,-0.00260,0.00000,0.00000,0.00134,1.00000,0.00000,0.00054,-0.01467,745.40592,0.25000 ===
 55.55343|I|libbeamng.print:18052| === LSTM_TRACE t=0 v=27.72 ws=27.75,27.87,27.29,27.48 cmd=0.938,0.915,0.573,0.648 cap=155,155,97,97 des=155,155,85,85 app=112,112,61,61 abs=nil,nil,nil,nil ebrake=1.00 ibrake=1.00 hasABS=0 sy=1.56 split=1.000,0.875 ===
 55.55348|I|libbeamng.print:18052| === LSTM_OBS t=0 27.75435,27.87199,27.29407,27.48442,0.05579,1.56466,-9.78916,0.00988,0.00000,0.00000,0.00000,1.00000,0.00000,0.00074,-0.00901,7859.11843,0.25000 ===
 55.60509|I|libbeamng.print:18052| === LSTM_TRACE t=10 v=27.41 ws=26.24,26.56,26.81,26.91 cmd=0.553,0.514,0.582,0.528 cap=1681,1547,1079,978 des=1681,1547,944,856 app=1624,1497,909,824 abs=nil,nil,nil,nil ebrake=1.00 ibrake=1.00 hasABS=0 sy=2.25 split=1.000,0.875 ===
 55.60517|I|libbeamng.print:18052| === LSTM_OBS t=10 26.23966,26.55939,26.80579,26.91126,0.06270,2.24603,-9.73262,-0.00036,0.00000,0.00000,0.00124,1.00000,0.00000,0.00067,-0.01004,7770.25343,0.25000 ===
 55.62539|I|libbeamng.print:18052| === LSTM_ABS DBG raw=25.9124,26.0495,26.4257,26.5373,0.0550,2.8882,-9.7024,0.0086,0.0000,0.0000,0.0029,1.0000,0.0000,0.0007,-0.0110,7690.5986,0.2500 ===
 55.62544|I|libbeamng.print:18052| === LSTM_ABS DBG norm=0.53,0.48,0.52,0.50,-0.11,-2.02,0.00,0.08,0.06,-0.06,0.03,0.59,-0.02,0.00,0.00,3.81,0.00 ===
 55.62545|I|libbeamng.print:18052| === LSTM_ABS DBG cmd=0.6125,0.5881,0.6555,0.6110 ===
 55.65202|I|libbeamng.print:18052| === LSTM_TRACE t=20 v=26.98 ws=25.22,25.28,25.80,26.09 cmd=0.734,0.717,0.711,0.683 cap=2193,2140,1364,1300 des=2193,2140,1194,1138 app=2133,2083,1157,1102 abs=nil,nil,nil,nil ebrake=1.00 ibrake=1.00 hasABS=0 sy=3.71 split=1.000,0.875 ===
 55.65209|I|libbeamng.print:18052| === LSTM_OBS t=20 25.21989,25.28268,25.80192,26.09092,0.00930,3.70594,-9.61624,0.00938,0.00000,0.00000,0.00210,1.00000,0.00000,0.00077,-0.01275,7570.59455,0.25000 ===
 55.70240|I|libbeamng.print:18052| === LSTM_TRACE t=30 v=26.44 ws=23.54,23.96,24.90,25.28 cmd=0.787,0.801,0.736,0.728 cap=2469,2494,1429,1413 des=2469,2494,1251,1236 app=2417,2443,1221,1206 abs=nil,nil,nil,nil ebrake=1.00 ibrake=1.00 hasABS=0 sy=5.49 split=1.000,0.875 ===
 55.70246|I|libbeamng.print:18052| === LSTM_OBS t=30 23.54231,23.96275,24.90433,25.27572,-0.04137,5.48530,-9.47549,-0.02163,0.00000,0.00000,0.00265,1.00000,0.00000,0.00122,-0.01541,7310.98839,0.25000 ===
 55.75327|I|libbeamng.print:18052| === LSTM_TRACE t=40 v=25.87 ws=21.87,22.74,23.97,24.54 cmd=0.785,0.809,0.741,0.750 cap=2465,2531,1430,1447 des=2465,2531,1251,1266 app=2425,2492,1227,1241 abs=nil,nil,nil,nil ebrake=1.00 ibrake=1.00 hasABS=0 sy=7.14 split=1.000,0.875 ===
 55.75333|I|libbeamng.print:18052| === LSTM_OBS t=40 21.87373,22.73846,23.96676,24.54453,-0.05111,7.13994,-9.44021,-0.01976,0.00000,0.00000,0.00274,1.00000,0.00000,0.00164,-0.01751,7054.99613,0.25000 ===
 55.80949|I|libbeamng.print:18052| === LSTM_TRACE t=50 v=25.27 ws=20.33,21.55,23.17,23.66 cmd=0.803,0.826,0.770,0.782 cap=2390,2477,1472,1494 des=2390,2477,1288,1307 app=2360,2448,1268,1287 abs=nil,nil,nil,nil ebrake=1.00 ibrake=1.00 hasABS=0 sy=8.50 split=1.000,0.875 ===
 55.80962|I|libbeamng.print:18052| === LSTM_OBS t=50 20.32973,21.55454,23.16503,23.65675,-0.05287,8.50286,-9.54021,-0.02068,0.00000,0.00000,0.00326,1.00000,0.00000,0.00185,-0.01896,6814.88148,0.25000 ===
 55.86108|I|libbeamng.print:18052| === LSTM_TRACE t=60 v=24.68 ws=18.56,20.59,22.27,22.94 cmd=0.731,0.761,0.775,0.781 cap=2320,2417,1496,1503 des=2320,2417,1309,1315 app=2296,2394,1292,1299 abs=nil,nil,nil,nil ebrake=1.00 ibrake=1.00 hasABS=0 sy=9.42 split=1.000,0.875 ===
 55.86114|I|libbeamng.print:18052| === LSTM_OBS t=60 18.55671,20.59339,22.26561,22.94126,-0.02818,9.42163,-9.64225,-0.01972,0.00000,0.00000,0.00270,1.00000,0.00000,0.00164,-0.01956,6598.52953,0.25000 ===
 55.90753|I|libbeamng.print:18052| === LSTM_TRACE t=70 v=24.10 ws=16.87,20.09,21.40,22.18 cmd=0.659,0.699,0.762,0.767 cap=2428,2465,1533,1561 des=2428,2465,1341,1366 app=2407,2446,1327,1351 abs=nil,nil,nil,nil ebrake=1.00 ibrake=1.00 hasABS=0 sy=10.08 split=1.000,0.875 ===
 55.90757|I|libbeamng.print:18052| === LSTM_OBS t=70 16.87298,20.09347,21.40473,22.17501,0.01185,10.07508,-9.69427,-0.03081,0.00000,0.00000,0.00289,1.00000,0.00000,0.00126,-0.01935,6372.97170,0.25000 ===
 55.95701|I|libbeamng.print:18052| === LSTM_TRACE t=80 v=23.53 ws=15.32,20.20,20.75,21.11 cmd=0.855,0.856,0.801,0.822 cap=2349,2387,1575,1611 des=2349,2387,1378,1410 app=2262,2373,1366,1398 abs=nil,nil,nil,nil ebrake=1.00 ibrake=1.00 hasABS=0 sy=10.54 split=1.000,0.875 ===
 55.95706|I|libbeamng.print:18052| === LSTM_OBS t=80 15.32353,20.19551,20.75110,21.11219,0.05555,10.53906,-9.70819,-0.02709,0.00000,0.00000,0.00354,1.00000,0.00000,0.00068,-0.01850,6129.24016,0.25000 ===
 56.00376|I|libbeamng.print:18052| === LSTM_TRACE t=90 v=22.95 ws=12.30,19.86,20.39,20.04 cmd=0.642,0.672,0.806,0.809 cap=2385,2401,1589,1618 des=2385,2401,1390,1416 app=2369,2390,1380,1406 abs=nil,nil,nil,nil ebrake=1.00 ibrake=1.00 hasABS=0 sy=10.78 split=1.000,0.875 ===
 56.00381|I|libbeamng.print:18052| === LSTM_OBS t=90 12.30009,19.86304,20.38520,20.04258,0.13587,10.78126,-9.66576,-0.03743,0.00000,0.00000,0.00192,1.00000,0.00000,0.00005,-0.01752,5915.26128,0.25000 ===
 56.05271|I|libbeamng.print:18052| === LSTM_TRACE t=100 v=22.39 ws=9.03,19.84,19.92,18.80 cmd=0.692,0.725,0.852,0.851 cap=2330,2383,1670,1676 des=2330,2383,1461,1467 app=2315,2375,1452,1458 abs=nil,nil,nil,nil ebrake=1.00 ibrake=1.00 hasABS=0 sy=10.96 split=1.000,0.875 ===
 56.05276|I|libbeamng.print:18052| === LSTM_OBS t=100 9.02612,19.84360,19.91600,18.79795,0.21143,10.95921,-9.64365,-0.04239,0.00000,0.00000,0.00142,1.00000,0.00000,-0.00049,-0.01648,5666.14476,0.25000 ===
 56.09968|I|libbeamng.print:18052| === LSTM_TRACE t=110 v=21.83 ws=4.54,18.67,19.53,17.28 cmd=0.787,0.832,0.881,0.878 cap=2394,2527,1700,1700 des=2394,2527,1488,1488 app=2378,2520,1480,1480 abs=nil,nil,nil,nil ebrake=1.00 ibrake=1.00 hasABS=0 sy=11.00 split=1.000,0.875 ===
 56.09972|I|libbeamng.print:18052| === LSTM_OBS t=110 4.53513,18.67368,19.53235,17.27713,0.29411,11.00355,-9.59382,-0.04489,0.00000,0.00000,0.00104,1.00000,0.00000,-0.00110,-0.01552,5426.18215,0.25000 ===
 56.15067|I|libbeamng.print:18052| === LSTM_TRACE t=120 v=21.29 ws=0.25,13.51,19.24,15.86 cmd=0.914,0.933,0.899,0.902 cap=2796,2867,1700,1700 des=2796,2867,1488,1488 app=2776,2862,1481,1481 abs=nil,nil,nil,nil ebrake=1.00 ibrake=1.00 hasABS=0 sy=11.01 split=1.000,0.875 ===
 56.15071|I|libbeamng.print:18052| === LSTM_OBS t=120 0.24990,13.51215,19.24365,15.85601,0.31771,11.01377,-9.66992,-0.03025,0.00000,0.00000,0.00684,1.00000,0.00000,-0.00081,-0.01449,5154.89251,0.25000 ===
 56.20008|I|libbeamng.print:18052| === LSTM_TRACE t=130 v=20.79 ws=0.08,2.68,18.66,14.65 cmd=0.859,0.909,0.891,0.884 cap=2681,2826,1700,1700 des=2681,2826,1488,1488 app=2659,2821,1482,1481 abs=nil,nil,nil,nil ebrake=1.00 ibrake=1.00 hasABS=0 sy=10.83 split=1.000,0.875 ===
 56.20015|I|libbeamng.print:18052| === LSTM_OBS t=130 0.08378,2.67768,18.65953,14.65476,0.37805,10.82939,-9.68021,-0.02804,0.00000,0.00000,0.00162,1.00000,0.00000,-0.00001,-0.01312,4883.90242,0.25000 ===
 56.25201|I|libbeamng.print:18052| === LSTM_TRACE t=140 v=20.30 ws=0.03,0.13,18.41,13.00 cmd=0.933,0.950,0.885,0.880 cap=2891,2943,1700,1700 des=2891,2943,1488,1488 app=2864,2936,1483,1482 abs=nil,nil,nil,nil ebrake=1.00 ibrake=1.00 hasABS=0 sy=10.59 split=1.000,0.875 ===
 56.25207|I|libbeamng.print:18052| === LSTM_OBS t=140 0.02634,0.12597,18.40822,12.99534,0.39362,10.58938,-9.64374,-0.00593,0.00000,0.00000,0.00210,1.00000,0.00000,-0.00014,-0.01149,4619.36747,0.25000 ===
 56.30161|I|libbeamng.print:18052| === LSTM_TRACE t=150 v=19.80 ws=0.03,0.07,18.39,11.48 cmd=0.942,0.953,0.881,0.875 cap=2910,2949,1700,1699 des=2910,2949,1488,1486 app=2881,2939,1484,1481 abs=nil,nil,nil,nil ebrake=1.00 ibrake=1.00 hasABS=0 sy=10.38 split=1.000,0.875 ===
 56.30167|I|libbeamng.print:18052| === LSTM_OBS t=150 0.02586,0.06836,18.39377,11.48350,0.41362,10.38233,-9.58830,0.01363,0.00000,0.00000,0.00176,1.00000,0.00000,-0.00014,-0.00970,4368.98869,0.25000 ===
 56.35218|I|libbeamng.print:18052| === LSTM_TRACE t=160 v=19.29 ws=0.02,0.03,18.29,9.93 cmd=0.941,0.950,0.876,0.873 cap=2910,2943,1700,1693 des=2910,2943,1488,1482 app=2878,2930,1485,1476 abs=nil,nil,nil,nil ebrake=1.00 ibrake=1.00 hasABS=0 sy=10.30 split=1.000,0.875 ===
 56.35224|I|libbeamng.print:18052| === LSTM_OBS t=160 0.01661,0.03324,18.28524,9.92979,0.41985,10.30027,-9.60607,0.04732,0.00000,0.00000,0.00169,1.00000,0.00000,0.00014,-0.00824,4128.62632,0.25000 ===
 56.40509|I|libbeamng.print:18052| === LSTM_TRACE t=170 v=18.78 ws=0.01,0.02,17.96,8.31 cmd=0.929,0.939,0.869,0.869 cap=2881,2913,1689,1687 des=2881,2913,1478,1477 app=2847,2899,1476,1470 abs=nil,nil,nil,nil ebrake=1.00 ibrake=1.00 hasABS=0 sy=10.26 split=1.000,0.875 ===
 56.40517|I|libbeamng.print:18052| === LSTM_OBS t=170 0.01182,0.02314,17.95631,8.31228,0.45213,10.26315,-9.65889,0.07242,0.00000,0.00000,0.00189,1.00000,0.00000,0.00012,-0.00708,3888.30862,0.25000 ===
 56.45431|I|libbeamng.print:18052| === LSTM_TRACE t=180 v=18.28 ws=0.01,0.01,17.32,6.94 cmd=0.901,0.916,0.860,0.862 cap=2811,2853,1674,1679 des=2811,2853,1465,1469 app=2776,2836,1464,1462 abs=nil,nil,nil,nil ebrake=1.00 ibrake=1.00 hasABS=0 sy=10.20 split=1.000,0.875 ===
 56.45436|I|libbeamng.print:18052| === LSTM_OBS t=180 0.00730,0.01379,17.32101,6.93719,0.41337,10.20154,-9.72782,0.08204,0.00000,0.00000,0.00192,1.00000,0.00000,0.00057,-0.00617,3638.23906,0.25000 ===
 56.50567|I|libbeamng.print:18052| === LSTM_TRACE t=190 v=17.78 ws=0.01,0.00,16.96,5.99 cmd=0.872,0.891,0.855,0.862 cap=2694,2758,1662,1673 des=2694,2758,1454,1464 app=2658,2740,1453,1456 abs=nil,nil,nil,nil ebrake=1.00 ibrake=1.00 hasABS=0 sy=10.13 split=1.000,0.875 ===
 56.50573|I|libbeamng.print:18052| === LSTM_OBS t=190 0.01032,0.00237,16.96157,5.98611,0.31089,10.13284,-9.77297,0.08892,0.00000,0.00000,0.00169,1.00000,0.00000,0.00147,-0.00547,3388.81171,0.25000 ===
 56.55485|I|libbeamng.print:18052| === LSTM_TRACE t=200 v=17.28 ws=0.03,0.00,16.16,5.17 cmd=0.866,0.886,0.853,0.860 cap=2677,2741,1656,1669 des=2677,2741,1449,1460 app=2639,2721,1448,1452 abs=nil,nil,nil,nil ebrake=1.00 ibrake=1.00 hasABS=0 sy=10.11 split=1.000,0.875 ===
 56.55493|I|libbeamng.print:18052| === LSTM_OBS t=200 0.02577,0.00397,16.15811,5.17458,0.20777,10.10738,-9.81328,0.08070,0.00000,0.00000,0.00162,1.00000,0.00000,0.00220,-0.00520,3153.67069,0.25000 ===
 56.60533|I|libbeamng.print:18052| === LSTM_TRACE t=210 v=16.78 ws=0.01,0.01,15.85,4.25 cmd=0.904,0.917,0.856,0.855 cap=2801,2840,1665,1666 des=2801,2840,1457,1458 app=2759,2817,1456,1449 abs=nil,nil,nil,nil ebrake=1.00 ibrake=1.00 hasABS=0 sy=10.11 split=1.000,0.875 ===
 56.60540|I|libbeamng.print:18052| === LSTM_OBS t=210 0.00769,0.00846,15.84938,4.24963,0.06892,10.10575,-9.83941,0.06559,0.00000,0.00000,0.00154,1.00000,0.00000,0.00238,-0.00544,2925.50709,0.25000 ===
 56.65459|I|libbeamng.print:18052| === LSTM_TRACE t=220 v=16.26 ws=0.01,0.00,14.43,2.87 cmd=0.934,0.942,0.860,0.854 cap=2878,2904,1669,1660 des=2878,2904,1461,1452 app=2832,2878,1460,1442 abs=nil,nil,nil,nil ebrake=1.00 ibrake=1.00 hasABS=0 sy=10.09 split=1.000,0.875 ===
 56.65463|I|libbeamng.print:18052| === LSTM_OBS t=220 0.00553,0.00014,14.43383,2.87192,-0.01376,10.09281,-9.83165,0.05478,0.00000,0.00000,0.00085,1.00000,0.00000,0.00235,-0.00585,2691.54890,0.25000 ===
 56.70507|I|libbeamng.print:18052| === LSTM_TRACE t=230 v=15.79 ws=0.01,0.00,13.34,1.38 cmd=0.959,0.964,0.857,0.840 cap=2964,2982,1663,1631 des=2964,2982,1455,1427 app=2915,2952,1454,1416 abs=nil,nil,nil,nil ebrake=1.00 ibrake=1.00 hasABS=0 sy=10.01 split=1.000,0.875 ===
 56.70512|I|libbeamng.print:18052| === LSTM_OBS t=230 0.00741,0.00193,13.33916,1.37805,-0.18927,10.01012,-9.79065,0.02972,0.00000,0.00000,0.00270,1.00000,0.00000,0.00240,-0.00605,2450.38904,0.25000 ===
 56.75396|I|libbeamng.print:18052| === LSTM_TRACE t=240 v=15.30 ws=0.01,0.01,12.90,1.18 cmd=0.975,0.976,0.854,0.843 cap=3014,3020,1660,1635 des=3014,3020,1453,1431 app=2962,2988,1452,1418 abs=nil,nil,nil,nil ebrake=1.00 ibrake=1.00 hasABS=0 sy=9.89 split=1.000,0.875 ===
 56.75401|I|libbeamng.print:18052| === LSTM_OBS t=240 0.01481,0.01383,12.89554,1.18270,-0.26532,9.89218,-9.77006,0.03065,0.00000,0.00000,0.00104,1.00000,0.00000,0.00305,-0.00581,2208.77797,0.25000 ===
 56.80385|I|libbeamng.print:18052| === LSTM_TRACE t=250 v=14.81 ws=0.01,0.02,12.00,0.31 cmd=0.982,0.982,0.857,0.841 cap=3040,3041,1662,1631 des=3040,3041,1454,1428 app=2986,3006,1453,1413 abs=nil,nil,nil,nil ebrake=1.00 ibrake=1.00 hasABS=0 sy=9.90 split=1.000,0.875 ===
 56.80390|I|libbeamng.print:18052| === LSTM_OBS t=250 0.00665,0.01915,11.99793,0.30945,-0.29297,9.89639,-9.71357,0.02208,0.00000,0.00000,0.00091,1.00000,0.00000,0.00240,-0.00613,1983.29311,0.25000 ===
 56.85620|I|libbeamng.print:18052| === LSTM_TRACE t=260 v=14.31 ws=0.01,0.01,11.29,0.04 cmd=0.987,0.986,0.859,0.842 cap=3057,3054,1668,1635 des=3057,3054,1460,1431 app=3000,3018,1459,1415 abs=nil,nil,nil,nil ebrake=1.00 ibrake=1.00 hasABS=0 sy=9.90 split=1.000,0.875 ===
 56.85625|I|libbeamng.print:18052| === LSTM_OBS t=260 0.01493,0.00952,11.29057,0.03853,-0.31913,9.89891,-9.72689,0.02701,0.00000,0.00000,0.00000,1.00000,0.00000,0.00189,-0.00627,1740.86190,0.25000 ===
 56.90864|I|libbeamng.print:18052| === LSTM_TRACE t=270 v=13.81 ws=0.00,0.00,9.24,0.04 cmd=0.989,0.988,0.857,0.846 cap=3067,3062,1665,1643 des=3067,3062,1457,1438 app=3009,3023,1456,1420 abs=nil,nil,nil,nil ebrake=1.00 ibrake=1.00 hasABS=0 sy=9.91 split=1.000,0.875 ===
 56.90870|I|libbeamng.print:18052| === LSTM_OBS t=270 0.00041,0.00428,9.24152,0.03774,-0.32216,9.90698,-9.73194,0.02315,0.00000,0.00000,0.00169,1.00000,0.00000,0.00166,-0.00646,1522.33681,0.25000 ===
 56.96023|I|libbeamng.print:18052| === LSTM_TRACE t=280 v=13.31 ws=0.00,0.01,7.58,0.03 cmd=0.992,0.990,0.856,0.855 cap=3075,3068,1663,1660 des=3075,3068,1455,1452 app=3014,3027,1454,1433 abs=nil,nil,nil,nil ebrake=1.00 ibrake=1.00 hasABS=0 sy=9.93 split=1.000,0.875 ===
 56.96031|I|libbeamng.print:18052| === LSTM_OBS t=280 0.00113,0.00886,7.57515,0.02726,-0.31265,9.93271,-9.74239,0.02329,0.00000,0.00000,0.00176,1.00000,0.00000,0.00121,-0.00669,1297.90543,0.25000 ===
 57.00664|I|libbeamng.print:18052| === LSTM_TRACE t=290 v=12.81 ws=0.00,0.00,5.21,0.00 cmd=0.994,0.991,0.853,0.863 cap=3080,3072,1657,1674 des=3080,3072,1450,1465 app=3018,3029,1448,1444 abs=nil,nil,nil,nil ebrake=1.00 ibrake=1.00 hasABS=0 sy=9.92 split=1.000,0.875 ===
 57.00672|I|libbeamng.print:18052| === LSTM_OBS t=290 0.00041,0.00288,5.21153,0.00227,-0.32773,9.92232,-9.74303,0.01942,0.00000,0.00000,0.00176,1.00000,0.00000,0.00113,-0.00688,1094.73927,0.25000 ===
 57.05820|I|libbeamng.print:18052| === LSTM_TRACE t=300 v=12.30 ws=0.00,0.01,3.40,0.01 cmd=0.995,0.993,0.851,0.869 cap=3085,3077,1654,1686 des=3085,3077,1447,1475 app=3021,3032,1444,1453 abs=nil,nil,nil,nil ebrake=1.00 ibrake=1.00 hasABS=0 sy=9.97 split=1.000,0.875 ===
 57.05825|I|libbeamng.print:18052| === LSTM_OBS t=300 0.00446,0.01296,3.39846,0.00824,-0.34509,9.97094,-9.79842,0.02115,0.00000,0.00000,0.00154,1.00000,0.00000,0.00149,-0.00720,883.11356,0.25000 ===
 57.10727|I|libbeamng.print:18052| === LSTM_TRACE t=310 v=11.81 ws=0.00,0.00,0.40,0.09 cmd=0.996,0.994,0.843,0.875 cap=3088,3080,1641,1700 des=3088,3080,1436,1488 app=3023,3033,1432,1464 abs=nil,nil,nil,nil ebrake=1.00 ibrake=1.00 hasABS=0 sy=10.01 split=1.000,0.875 ===
 57.10740|I|libbeamng.print:18052| === LSTM_OBS t=310 0.00370,0.00281,0.40363,0.09474,-0.29055,10.00925,-9.81661,0.01558,0.00000,0.00000,0.00154,1.00000,0.00000,0.00188,-0.00799,749.50179,0.25000 ===
 57.16033|I|libbeamng.print:18052| === LSTM_TRACE t=320 v=11.33 ws=0.00,0.01,0.17,0.10 cmd=0.996,0.993,0.828,0.868 cap=3088,3078,1612,1687 des=3088,3078,1410,1476 app=3021,3030,1405,1452 abs=nil,nil,nil,nil ebrake=1.00 ibrake=1.00 hasABS=0 sy=9.92 split=1.000,0.875 ===
 57.16037|I|libbeamng.print:18052| === LSTM_OBS t=320 0.00346,0.00811,0.16793,0.09716,-0.25710,9.92433,-9.76563,0.01066,0.00000,0.00000,0.00146,1.00000,0.00000,0.00137,-0.00849,730.32374,0.25000 ===
 57.20922|I|libbeamng.print:18052| === LSTM_TRACE t=330 v=10.83 ws=0.01,0.01,0.04,0.01 cmd=0.995,0.992,0.835,0.867 cap=3086,3075,1613,1682 des=3086,3075,1411,1472 app=3018,3026,1405,1446 abs=nil,nil,nil,nil ebrake=1.00 ibrake=1.00 hasABS=0 sy=9.89 split=1.000,0.875 ===
 57.20929|I|libbeamng.print:18052| === LSTM_OBS t=330 0.00865,0.01177,0.03979,0.00537,-0.28723,9.89490,-9.75990,0.00687,0.00000,0.00000,0.00204,1.00000,0.00000,0.00159,-0.00867,725.21174,0.25000 ===
 57.26296|I|libbeamng.print:18052| === LSTM_TRACE t=340 v=10.33 ws=0.00,0.00,0.04,0.02 cmd=0.995,0.991,0.855,0.871 cap=3084,3073,1661,1694 des=3084,3073,1453,1482 app=3014,3022,1445,1456 abs=nil,nil,nil,nil ebrake=1.00 ibrake=1.00 hasABS=0 sy=9.90 split=1.000,0.875 ===
 57.26302|I|libbeamng.print:18052| === LSTM_OBS t=340 0.00450,0.00218,0.04349,0.01883,-0.29209,9.89534,-9.74852,0.00363,0.00000,0.00000,0.00142,1.00000,0.00000,0.00192,-0.00873,725.36339,0.25000 ===
 57.31452|I|libbeamng.print:18052| === LSTM_TRACE t=350 v=9.83 ws=0.01,0.00,0.00,0.00 cmd=0.995,0.991,0.854,0.870 cap=3083,3072,1658,1690 des=3083,3072,1451,1479 app=3013,3019,1442,1451 abs=nil,nil,nil,nil ebrake=1.00 ibrake=1.00 hasABS=0 sy=9.93 split=1.000,0.875 ===
 57.31457|I|libbeamng.print:18052| === LSTM_OBS t=350 0.00669,0.00015,0.00467,0.00220,-0.28933,9.92734,-9.70962,0.00096,0.00000,0.00000,0.00091,1.00000,0.00000,0.00206,-0.00892,721.82355,0.25000 ===
 57.35993|I|libbeamng.print:18052| === LSTM_TRACE t=360 v=9.33 ws=0.00,0.00,0.00,0.02 cmd=0.995,0.991,0.854,0.869 cap=3083,3073,1658,1688 des=3083,3073,1451,1477 app=3012,3018,1440,1449 abs=nil,nil,nil,nil ebrake=1.00 ibrake=1.00 hasABS=0 sy=9.97 split=1.000,0.875 ===
 57.35997|I|libbeamng.print:18052| === LSTM_OBS t=360 0.00175,0.00303,0.00483,0.01669,-0.28830,9.97175,-9.70162,-0.00328,0.00000,0.00000,0.00115,1.00000,0.00000,0.00216,-0.00906,724.24068,0.25000 ===
 57.41175|I|libbeamng.print:18052| === LSTM_TRACE t=370 v=8.81 ws=0.00,0.00,0.00,0.00 cmd=0.995,0.991,0.854,0.868 cap=3084,3073,1659,1687 des=3084,3073,1452,1476 app=3011,3018,1440,1448 abs=nil,nil,nil,nil ebrake=1.00 ibrake=1.00 hasABS=0 sy=10.03 split=1.000,0.875 ===
 57.41181|I|libbeamng.print:18052| === LSTM_OBS t=370 0.00447,0.00155,0.00061,0.00438,-0.28733,10.02956,-9.69348,-0.00555,0.00000,0.00000,0.00124,1.00000,0.00000,0.00217,-0.00925,723.23416,0.25000 ===
 57.45716|I|libbeamng.print:18052| === LSTM_TRACE t=380 v=8.30 ws=0.00,0.00,0.01,0.00 cmd=0.995,0.992,0.855,0.867 cap=3084,3074,1660,1685 des=3084,3074,1453,1474 app=3010,3017,1440,1445 abs=nil,nil,nil,nil ebrake=1.00 ibrake=1.00 hasABS=0 sy=10.09 split=1.000,0.875 ===
 57.45721|I|libbeamng.print:18052| === LSTM_OBS t=380 0.00418,0.00327,0.00629,0.00169,-0.29060,10.08914,-9.69475,-0.00866,0.00000,0.00000,0.00115,1.00000,0.00000,0.00223,-0.00938,724.90563,0.25000 ===
 57.50771|I|libbeamng.print:18052| === LSTM_TRACE t=390 v=7.78 ws=0.01,0.00,0.01,0.00 cmd=0.995,0.992,0.856,0.867 cap=3085,3075,1663,1684 des=3085,3075,1455,1473 app=3010,3017,1441,1443 abs=nil,nil,nil,nil ebrake=1.00 ibrake=1.00 hasABS=0 sy=10.17 split=1.000,0.875 ===
 57.50777|I|libbeamng.print:18052| === LSTM_OBS t=390 0.00530,0.00037,0.00568,0.00388,-0.29627,10.16548,-9.69536,-0.01196,0.00000,0.00000,0.00115,1.00000,0.00000,0.00225,-0.00955,723.73120,0.25000 ===
 57.55800|I|libbeamng.print:18052| === LSTM_TRACE t=400 v=7.25 ws=0.00,0.00,0.00,0.01 cmd=0.995,0.992,0.857,0.865 cap=3085,3076,1666,1681 des=3085,3076,1458,1471 app=3010,3017,1443,1441 abs=nil,nil,nil,nil ebrake=1.00 ibrake=1.00 hasABS=0 sy=10.26 split=1.000,0.875 ===
 57.55810|I|libbeamng.print:18052| === LSTM_OBS t=400 0.00200,0.00240,0.00431,0.00847,-0.30020,10.25849,-9.69442,-0.01527,0.00000,0.00000,0.00104,1.00000,0.00000,0.00227,-0.00972,726.59199,0.25000 ===
 57.60883|I|libbeamng.print:18052| === LSTM_TRACE t=410 v=6.72 ws=0.00,0.00,0.00,0.00 cmd=0.996,0.993,0.859,0.865 cap=3086,3077,1669,1680 des=3086,3077,1461,1470 app=3010,3017,1445,1439 abs=nil,nil,nil,nil ebrake=1.00 ibrake=1.00 hasABS=0 sy=10.37 split=1.000,0.875 ===
 57.60888|I|libbeamng.print:18052| === LSTM_OBS t=410 0.00405,0.00017,0.00185,0.00452,-0.30089,10.37123,-9.68901,-0.01661,0.00000,0.00000,0.00115,1.00000,0.00000,0.00227,-0.00994,729.20197,0.25000 ===
 57.65461|I|libbeamng.print:18052| === LSTM_TRACE t=420 v=6.17 ws=0.00,0.00,0.01,0.00 cmd=0.996,0.993,0.861,0.864 cap=3087,3078,1672,1678 des=3087,3078,1463,1468 app=3009,3017,1447,1437 abs=nil,nil,nil,nil ebrake=1.00 ibrake=1.00 hasABS=0 sy=10.49 split=1.000,0.875 ===
 57.65470|I|libbeamng.print:18052| === LSTM_OBS t=420 0.00168,0.00297,0.00663,0.00277,-0.30104,10.48550,-9.69113,-0.02014,0.00000,0.00000,0.00124,1.00000,0.00000,0.00229,-0.01016,728.30554,0.25000 ===
 57.70478|I|libbeamng.print:18052| === LSTM_TRACE t=430 v=5.63 ws=0.00,0.00,0.00,0.00 cmd=0.996,0.993,0.863,0.862 cap=3088,3080,1677,1676 des=3088,3080,1467,1467 app=3010,3017,1450,1435 abs=nil,nil,nil,nil ebrake=1.00 ibrake=1.00 hasABS=0 sy=10.61 split=1.000,0.875 ===
 57.70483|I|libbeamng.print:18052| === LSTM_OBS t=430 0.00323,0.00080,0.00348,0.00155,-0.30103,10.60748,-9.69223,-0.02213,0.00000,0.00000,0.00115,1.00000,0.00000,0.00228,-0.01041,727.24878,0.25000 ===
 57.75869|I|libbeamng.print:18052| === LSTM_TRACE t=440 v=5.07 ws=0.00,0.00,0.03,0.04 cmd=0.996,0.994,0.865,0.862 cap=3088,3080,1680,1674 des=3088,3080,1470,1465 app=3009,3017,1452,1433 abs=nil,nil,nil,nil ebrake=1.00 ibrake=1.00 hasABS=0 sy=10.72 split=1.000,0.875 ===
 57.75873|I|libbeamng.print:18052| === LSTM_OBS t=440 0.00097,0.00274,0.02852,0.03780,-0.29916,10.72175,-9.69527,-0.02375,0.00000,0.00000,0.00134,1.00000,0.00000,0.00226,-0.01062,727.62856,0.25000 ===
 57.81139|I|libbeamng.print:18052| === LSTM_TRACE t=450 v=4.51 ws=0.00,0.00,0.01,0.01 cmd=0.996,0.994,0.867,0.862 cap=3088,3081,1684,1674 des=3088,3081,1473,1465 app=3009,3017,1454,1432 abs=nil,nil,nil,nil ebrake=1.00 ibrake=1.00 hasABS=0 sy=10.84 split=1.000,0.875 ===
 57.81144|I|libbeamng.print:18052| === LSTM_OBS t=450 0.00393,0.00073,0.00618,0.00734,-0.29666,10.83996,-9.69704,-0.02457,0.00000,0.00000,0.00124,1.00000,0.00000,0.00225,-0.01085,727.56378,0.25000 ===
 57.86151|I|libbeamng.print:18052| === LSTM_TRACE t=460 v=3.94 ws=0.00,0.00,0.00,0.00 cmd=0.996,0.994,0.869,0.862 cap=3088,3081,1688,1674 des=3088,3081,1477,1465 app=3008,3016,1457,1432 abs=nil,nil,nil,nil ebrake=1.00 ibrake=1.00 hasABS=0 sy=10.98 split=1.000,0.875 ===
 57.86158|I|libbeamng.print:18052| === LSTM_OBS t=460 0.00043,0.00309,0.00036,0.00172,-0.29330,10.98432,-9.69940,-0.02545,0.00000,0.00000,0.00134,1.00000,0.00000,0.00223,-0.01118,728.25475,0.25000 ===
 57.91029|I|libbeamng.print:18052| === LSTM_TRACE t=470 v=3.37 ws=0.00,0.00,0.00,0.00 cmd=0.996,0.993,0.871,0.864 cap=3086,3079,1691,1677 des=3086,3079,1479,1467 app=3006,3013,1459,1434 abs=nil,nil,nil,nil ebrake=1.00 ibrake=1.00 hasABS=0 sy=11.10 split=1.000,0.875 ===
 57.91035|I|libbeamng.print:18052| === LSTM_OBS t=470 0.00311,0.00136,0.00344,0.00494,-0.28944,11.10485,-9.69608,-0.02539,0.00000,0.00000,0.00134,1.00000,0.00000,0.00219,-0.01151,727.40127,0.25000 ===
 57.96181|I|libbeamng.print:18052| === LSTM_TRACE t=480 v=2.79 ws=0.00,0.00,0.00,0.00 cmd=0.994,0.992,0.872,0.868 cap=3083,3074,1693,1684 des=3083,3074,1481,1474 app=3002,3008,1460,1440 abs=nil,nil,nil,nil ebrake=1.00 ibrake=1.00 hasABS=0 sy=11.23 split=1.000,0.875 ===
 57.96190|I|libbeamng.print:18052| === LSTM_OBS t=480 0.00134,0.00241,0.00353,0.00235,-0.28216,11.22886,-9.68521,-0.02489,0.00000,0.00000,0.00142,1.00000,0.00000,0.00216,-0.01174,728.66650,0.25000 ===
 58.01114|I|libbeamng.print:18052| === LSTM_TRACE t=490 v=2.21 ws=0.00,0.00,0.01,0.01 cmd=0.992,0.989,0.872,0.872 cap=3077,3067,1696,1695 des=3077,3067,1484,1483 app=2996,3000,1463,1449 abs=nil,nil,nil,nil ebrake=1.00 ibrake=1.00 hasABS=0 sy=11.34 split=1.000,0.875 ===
 58.01119|I|libbeamng.print:18052| === LSTM_OBS t=490 0.00409,0.00041,0.01141,0.01035,-0.27610,11.34286,-9.67612,-0.02373,0.00000,0.00000,0.00142,1.00000,0.00000,0.00211,-0.01191,725.89067,0.25000 ===
 58.06202|I|libbeamng.print:18052| === LSTM_TRACE t=500 v=1.62 ws=0.00,0.00,0.04,0.24 cmd=0.990,0.986,0.874,0.875 cap=3070,3058,1697,1699 des=3070,3058,1485,1487 app=2988,2991,1463,1453 abs=nil,nil,nil,nil ebrake=1.00 ibrake=1.00 hasABS=0 sy=11.47 split=1.000,0.875 ===
 58.06214|I|libbeamng.print:18052| === LSTM_OBS t=500 0.00137,0.00291,0.04347,0.23770,-0.26955,11.46507,-9.67187,-0.02112,0.00000,0.00000,0.00134,1.00000,0.00000,0.00208,-0.01204,725.27319,0.25000 ===
 58.10629|I|libbeamng.print:18052| === LSTM_TRACE t=510 v=1.03 ws=0.00,0.00,0.02,0.41 cmd=0.988,0.984,0.874,0.878 cap=3063,3051,1697,1700 des=3063,3051,1485,1488 app=2982,2984,1463,1454 abs=nil,nil,nil,nil ebrake=1.00 ibrake=1.00 hasABS=0 sy=11.56 split=1.000,0.875 ===
 58.10637|I|libbeamng.print:18052| === LSTM_OBS t=510 0.00342,0.00239,0.02168,0.41020,-0.25821,11.55685,-9.66073,-0.01360,0.00000,0.00000,0.00142,1.00000,0.00000,0.00200,-0.01205,727.15786,0.25000 ===
 87.83987|I|libbeamng.print:18052| === LSTM_TRACE t=0 v=27.70 ws=27.80,27.87,27.43,27.37 cmd=0.939,0.915,0.575,0.647 cap=155,155,97,97 des=155,155,85,85 app=75,75,42,41 abs=nil,nil,nil,nil ebrake=1.00 ibrake=1.00 hasABS=0 sy=1.56 split=1.000,0.875 ===
 87.83991|I|libbeamng.print:18052| === LSTM_OBS t=0 27.79734,27.87092,27.43397,27.36691,-0.00358,1.56012,-9.77744,0.00416,0.00000,0.00000,0.00000,1.00000,0.00000,0.00086,-0.00902,7856.75880,0.25000 ===
 87.89010|I|libbeamng.print:18052| === LSTM_TRACE t=10 v=27.41 ws=26.28,26.59,26.66,26.96 cmd=0.546,0.509,0.578,0.525 cap=1653,1530,1069,969 des=1653,1530,936,848 app=1606,1492,918,826 abs=nil,nil,nil,nil ebrake=1.00 ibrake=1.00 hasABS=0 sy=2.29 split=1.000,0.875 ===
 87.89014|I|libbeamng.print:18052| === LSTM_OBS t=10 26.28305,26.58550,26.66260,26.96403,-0.03345,2.28817,-9.73812,-0.00112,0.00000,0.00000,0.00091,1.00000,0.00000,0.00082,-0.01005,7767.88281,0.25000 ===
 87.90991|I|libbeamng.print:18052| === LSTM_ABS DBG raw=25.9455,26.1123,26.3068,26.5798,-0.0112,2.8811,-9.6904,-0.0028,0.0000,0.0000,0.0026,1.0000,0.0000,0.0008,-0.0111,7687.3372,0.2500 ===
 87.90994|I|libbeamng.print:18052| === LSTM_ABS DBG norm=0.53,0.48,0.51,0.50,-0.16,-2.02,0.00,0.00,0.06,-0.06,0.01,0.59,-0.02,0.00,0.00,3.81,0.00 ===
 87.90995|I|libbeamng.print:18052| === LSTM_ABS DBG cmd=0.5950,0.5757,0.6544,0.6088 ===
 87.94043|I|libbeamng.print:18052| === LSTM_TRACE t=20 v=26.98 ws=25.03,25.27,25.75,25.97 cmd=0.728,0.720,0.714,0.686 cap=2187,2158,1372,1308 des=2187,2158,1200,1145 app=2138,2115,1183,1121 abs=nil,nil,nil,nil ebrake=1.00 ibrake=1.00 hasABS=0 sy=3.81 split=1.000,0.875 ===
 87.94047|I|libbeamng.print:18052| === LSTM_OBS t=20 25.02956,25.27477,25.74920,25.97332,-0.00140,3.80594,-9.56641,0.00087,0.00000,0.00000,0.00142,1.00000,0.00000,0.00097,-0.01275,7541.53626,0.25000 ===
 87.98795|I|libbeamng.print:18052| === LSTM_TRACE t=30 v=26.43 ws=23.29,23.56,24.77,25.17 cmd=0.819,0.826,0.750,0.749 cap=2514,2534,1457,1450 des=2514,2534,1275,1269 app=2470,2495,1260,1248 abs=nil,nil,nil,nil ebrake=1.00 ibrake=1.00 hasABS=0 sy=5.48 split=1.000,0.875 ===
 87.98803|I|libbeamng.print:18052| === LSTM_OBS t=30 23.29305,23.56203,24.76518,25.17011,0.05709,5.48385,-9.36866,-0.00048,0.00000,0.00000,0.00229,1.00000,0.00000,0.00137,-0.01539,7305.40026,0.25000 ===
 88.03830|I|libbeamng.print:18052| === LSTM_TRACE t=40 v=25.86 ws=21.44,22.23,23.88,24.43 cmd=0.768,0.794,0.748,0.755 cap=2421,2494,1442,1456 des=2421,2494,1262,1274 app=2388,2465,1251,1258 abs=nil,nil,nil,nil ebrake=1.00 ibrake=1.00 hasABS=0 sy=7.12 split=1.000,0.875 ===
 88.03835|I|libbeamng.print:18052| === LSTM_OBS t=40 21.43694,22.23209,23.87629,24.43368,-0.00055,7.12109,-9.33928,-0.01358,0.00000,0.00000,0.00239,1.00000,0.00000,0.00173,-0.01752,7044.27781,0.25000 ===
 88.08774|I|libbeamng.print:18052| === LSTM_TRACE t=50 v=25.27 ws=19.78,20.91,22.97,23.77 cmd=0.779,0.807,0.771,0.776 cap=2446,2528,1495,1506 des=2446,2528,1308,1318 app=2420,2506,1300,1305 abs=nil,nil,nil,nil ebrake=1.00 ibrake=1.00 hasABS=0 sy=8.44 split=1.000,0.875 ===
 88.08784|I|libbeamng.print:18052| === LSTM_OBS t=50 19.77635,20.91212,22.96586,23.76647,-0.01602,8.43710,-9.44546,-0.00995,0.00000,0.00000,0.00244,1.00000,0.00000,0.00194,-0.01883,6799.62447,0.25000 ===
 88.13908|I|libbeamng.print:18052| === LSTM_TRACE t=60 v=24.69 ws=17.96,19.83,21.90,23.08 cmd=0.745,0.772,0.781,0.784 cap=2410,2475,1537,1548 des=2410,2475,1345,1355 app=2389,2459,1338,1345 abs=nil,nil,nil,nil ebrake=1.00 ibrake=1.00 hasABS=0 sy=9.39 split=1.000,0.875 ===
 88.13913|I|libbeamng.print:18052| === LSTM_OBS t=60 17.95510,19.82557,21.89703,23.08448,-0.01341,9.38616,-9.57291,-0.02360,0.00000,0.00000,0.00354,1.00000,0.00000,0.00173,-0.01933,6561.72297,0.25000 ===
 88.18858|I|libbeamng.print:18052| === LSTM_TRACE t=70 v=24.13 ws=16.26,18.96,20.94,22.22 cmd=0.695,0.730,0.778,0.780 cap=2400,2436,1561,1584 des=2400,2436,1366,1386 app=2383,2424,1361,1379 abs=nil,nil,nil,nil ebrake=1.00 ibrake=1.00 hasABS=0 sy=10.02 split=1.000,0.875 ===
 88.18868|I|libbeamng.print:18052| === LSTM_OBS t=70 16.26013,18.96398,20.94133,22.21539,0.00612,10.01754,-9.67712,-0.05085,0.00000,0.00000,0.00256,1.00000,0.00000,0.00142,-0.01894,6322.83106,0.25000 ===
 88.23952|I|libbeamng.print:18052| === LSTM_TRACE t=80 v=23.55 ws=13.75,18.08,20.17,21.45 cmd=0.719,0.734,0.850,0.852 cap=2242,2292,1614,1613 des=2242,2292,1412,1412 app=2228,2283,1409,1406 abs=nil,nil,nil,nil ebrake=1.00 ibrake=1.00 hasABS=0 sy=10.42 split=1.000,0.875 ===
 88.23957|I|libbeamng.print:18052| === LSTM_OBS t=80 13.74661,18.07791,20.17079,21.44504,0.05517,10.42060,-9.67555,-0.04649,0.00000,0.00000,0.00154,1.00000,0.00000,0.00084,-0.01812,6085.82226,0.25000 ===
 88.29412|I|libbeamng.print:18052| === LSTM_TRACE t=90 v=23.01 ws=9.85,15.75,19.14,20.46 cmd=0.745,0.793,0.879,0.871 cap=2396,2503,1700,1700 des=2396,2503,1488,1488 app=2383,2496,1485,1483 abs=nil,nil,nil,nil ebrake=1.00 ibrake=1.00 hasABS=0 sy=10.63 split=1.000,0.875 ===
 88.29416|I|libbeamng.print:18052| === LSTM_OBS t=90 9.85442,15.75477,19.14490,20.46214,0.10592,10.62727,-9.66666,-0.05032,0.00000,0.00000,0.00224,1.00000,0.00000,0.00024,-0.01692,5825.38647,0.25000 ===
 88.34363|I|libbeamng.print:18052| === LSTM_TRACE t=100 v=22.48 ws=3.48,9.29,18.30,19.67 cmd=0.835,0.876,0.902,0.905 cap=2550,2689,1700,1700 des=2550,2689,1488,1488 app=2536,2683,1486,1484 abs=nil,nil,nil,nil ebrake=1.00 ibrake=1.00 hasABS=0 sy=10.65 split=1.000,0.875 ===
 88.34368|I|libbeamng.print:18052| === LSTM_OBS t=100 3.47699,9.29027,18.30165,19.67083,0.13617,10.64542,-9.64248,-0.03949,0.00000,0.00000,0.00244,1.00000,0.00000,-0.00002,-0.01572,5549.43854,0.25000 ===
 88.39338|I|libbeamng.print:18052| === LSTM_TRACE t=110 v=21.96 ws=0.19,0.59,17.05,18.65 cmd=0.964,0.969,0.914,0.923 cap=2906,2942,1700,1700 des=2906,2942,1488,1488 app=2888,2933,1487,1485 abs=nil,nil,nil,nil ebrake=1.00 ibrake=1.00 hasABS=0 sy=10.56 split=1.000,0.875 ===
 88.39343|I|libbeamng.print:18052| === LSTM_OBS t=110 0.19306,0.59099,17.05189,18.65303,0.14759,10.56496,-9.69733,-0.03146,0.00000,0.00000,0.00069,1.00000,0.00000,0.00050,-0.01452,5274.19686,0.25000 ===
 88.44024|I|libbeamng.print:18052| === LSTM_TRACE t=120 v=21.49 ws=0.05,0.08,15.87,18.10 cmd=0.959,0.969,0.901,0.896 cap=2984,3011,1700,1700 des=2984,3011,1488,1488 app=2963,3001,1487,1486 abs=nil,nil,nil,nil ebrake=1.00 ibrake=1.00 hasABS=0 sy=10.35 split=1.000,0.875 ===
 88.44030|I|libbeamng.print:18052| === LSTM_OBS t=120 0.05062,0.08022,15.86583,18.09990,0.19784,10.35153,-9.66138,-0.03249,0.00000,0.00000,0.00091,1.00000,0.00000,0.00013,-0.01236,5031.03273,0.25000 ===
 88.49050|I|libbeamng.print:18052| === LSTM_TRACE t=130 v=20.99 ws=0.01,0.00,14.93,17.32 cmd=0.956,0.966,0.896,0.894 cap=2968,2998,1700,1700 des=2968,2998,1488,1488 app=2945,2985,1488,1487 abs=nil,nil,nil,nil ebrake=1.00 ibrake=1.00 hasABS=0 sy=10.20 split=1.000,0.875 ===
 88.49056|I|libbeamng.print:18052| === LSTM_OBS t=130 0.01108,0.00073,14.93008,17.32140,0.20286,10.19526,-9.59983,-0.02425,0.00000,0.00000,0.00189,1.00000,0.00000,0.00014,-0.01009,4783.48398,0.25000 ===
 88.53991|I|libbeamng.print:18052| === LSTM_TRACE t=140 v=20.48 ws=0.02,0.01,14.04,16.89 cmd=0.959,0.967,0.892,0.891 cap=2973,2998,1700,1700 des=2973,2998,1488,1488 app=2948,2983,1488,1487 abs=nil,nil,nil,nil ebrake=1.00 ibrake=1.00 hasABS=0 sy=10.15 split=1.000,0.875 ===
 88.53995|I|libbeamng.print:18052| === LSTM_OBS t=140 0.01615,0.00862,14.04369,16.88628,0.21327,10.15426,-9.57595,-0.02544,0.00000,0.00000,0.00169,1.00000,0.00000,0.00035,-0.00846,4552.00635,0.25000 ===
 88.59064|I|libbeamng.print:18052| === LSTM_TRACE t=150 v=19.96 ws=0.01,0.01,12.79,16.33 cmd=0.962,0.968,0.886,0.888 cap=2985,3003,1700,1700 des=2985,3003,1488,1488 app=2957,2986,1488,1487 abs=nil,nil,nil,nil ebrake=1.00 ibrake=1.00 hasABS=0 sy=10.18 split=1.000,0.875 ===
 88.59069|I|libbeamng.print:18052| === LSTM_OBS t=150 0.01330,0.00675,12.79105,16.32879,0.22586,10.18314,-9.63965,-0.02497,0.00000,0.00000,0.00142,1.00000,0.00000,0.00051,-0.00724,4328.60106,0.25000 ===
 88.63990|I|libbeamng.print:18052| === LSTM_TRACE t=160 v=19.45 ws=0.01,0.00,11.46,16.31 cmd=0.967,0.971,0.879,0.885 cap=3003,3014,1700,1700 des=3003,3014,1488,1488 app=2972,2995,1488,1488 abs=nil,nil,nil,nil ebrake=1.00 ibrake=1.00 hasABS=0 sy=10.21 split=1.000,0.875 ===
 88.63993|I|libbeamng.print:18052| === LSTM_OBS t=160 0.01349,0.00163,11.46246,16.31091,0.23539,10.20861,-9.70957,-0.02102,0.00000,0.00000,0.00162,1.00000,0.00000,0.00056,-0.00640,4104.61661,0.25000 ===
 88.69240|I|libbeamng.print:18052| === LSTM_TRACE t=170 v=18.94 ws=0.01,0.00,10.03,16.08 cmd=0.972,0.974,0.874,0.885 cap=3005,3014,1695,1700 des=3005,3014,1483,1488 app=2973,2993,1483,1488 abs=nil,nil,nil,nil ebrake=1.00 ibrake=1.00 hasABS=0 sy=10.24 split=1.000,0.875 ===
 88.69245|I|libbeamng.print:18052| === LSTM_OBS t=170 0.00657,0.00351,10.02624,16.07868,0.24959,10.23943,-9.77777,-0.02200,0.00000,0.00000,0.00146,1.00000,0.00000,0.00044,-0.00582,3879.06628,0.25000 ===
 88.74155|I|libbeamng.print:18052| === LSTM_TRACE t=180 v=18.42 ws=0.01,0.00,8.61,16.40 cmd=0.977,0.978,0.863,0.882 cap=3027,3029,1682,1700 des=3027,3029,1471,1488 app=2991,3006,1471,1488 abs=nil,nil,nil,nil ebrake=1.00 ibrake=1.00 hasABS=0 sy=10.24 split=1.000,0.875 ===
 88.74159|I|libbeamng.print:18052| === LSTM_OBS t=180 0.00740,0.00043,8.61392,16.40226,0.26004,10.24151,-9.82533,-0.02063,0.00000,0.00000,0.00162,1.00000,0.00000,0.00036,-0.00548,3647.35541,0.25000 ===
 88.79364|I|libbeamng.print:18052| === LSTM_TRACE t=190 v=17.92 ws=0.00,0.00,7.03,16.01 cmd=0.977,0.977,0.853,0.881 cap=3029,3028,1656,1700 des=3029,3028,1449,1488 app=2992,3003,1449,1488 abs=nil,nil,nil,nil ebrake=1.00 ibrake=1.00 hasABS=0 sy=10.23 split=1.000,0.875 ===
 88.79368|I|libbeamng.print:18052| === LSTM_OBS t=190 0.00203,0.00313,7.03402,16.00780,0.27542,10.22772,-9.84085,-0.02400,0.00000,0.00000,0.00162,1.00000,0.00000,0.00030,-0.00533,3435.09789,0.25000 ===
 88.84171|I|libbeamng.print:18052| === LSTM_TRACE t=200 v=17.41 ws=0.00,0.00,5.15,16.10 cmd=0.981,0.979,0.846,0.886 cap=3038,3032,1646,1700 des=3038,3032,1440,1488 app=2998,3005,1440,1488 abs=nil,nil,nil,nil ebrake=1.00 ibrake=1.00 hasABS=0 sy=10.19 split=1.000,0.875 ===
 88.84175|I|libbeamng.print:18052| === LSTM_OBS t=200 0.00259,0.00106,5.15014,16.09761,0.28056,10.18786,-9.82831,-0.02084,0.00000,0.00000,0.00154,1.00000,0.00000,0.00023,-0.00523,3187.39258,0.25000 ===
 88.88776|I|libbeamng.print:18052| === LSTM_TRACE t=210 v=16.89 ws=0.02,0.02,3.99,15.51 cmd=0.982,0.979,0.839,0.887 cap=3044,3035,1633,1700 des=3044,3035,1429,1488 app=3003,3006,1428,1488 abs=nil,nil,nil,nil ebrake=1.00 ibrake=1.00 hasABS=0 sy=10.19 split=1.000,0.875 ===
 88.88782|I|libbeamng.print:18052| === LSTM_OBS t=210 0.01607,0.01708,3.98582,15.51349,0.28700,10.19114,-9.85742,-0.02050,0.00000,0.00000,0.00169,1.00000,0.00000,0.00056,-0.00545,2971.50976,0.25000 ===
 88.93745|I|libbeamng.print:18052| === LSTM_TRACE t=220 v=16.41 ws=0.01,0.01,2.99,15.35 cmd=0.985,0.981,0.833,0.888 cap=3057,3044,1623,1700 des=3057,3044,1420,1488 app=3013,3013,1419,1488 abs=nil,nil,nil,nil ebrake=1.00 ibrake=1.00 hasABS=0 sy=10.16 split=1.000,0.875 ===
 88.93750|I|libbeamng.print:18052| === LSTM_OBS t=220 0.00890,0.01419,2.98962,15.35094,0.33575,10.15899,-9.85015,-0.02489,0.00000,0.00000,0.00176,1.00000,0.00000,0.00086,-0.00600,2728.24443,0.25000 ===
 88.98336|I|libbeamng.print:18052| === LSTM_TRACE t=230 v=15.92 ws=0.01,0.01,1.49,15.13 cmd=0.987,0.982,0.830,0.889 cap=3060,3044,1612,1700 des=3060,3044,1410,1488 app=3015,3012,1408,1488 abs=nil,nil,nil,nil ebrake=1.00 ibrake=1.00 hasABS=0 sy=10.08 split=1.000,0.875 ===
 88.98343|I|libbeamng.print:18052| === LSTM_OBS t=230 0.00583,0.00910,1.49158,15.12553,0.35106,10.07957,-9.86586,-0.03176,0.00000,0.00000,0.00183,1.00000,0.00000,0.00124,-0.00635,2497.75632,0.25000 ===
 89.03268|I|libbeamng.print:18052| === LSTM_TRACE t=240 v=15.42 ws=0.00,0.01,0.93,13.70 cmd=0.988,0.983,0.829,0.889 cap=3065,3048,1612,1700 des=3065,3048,1410,1488 app=3018,3014,1407,1488 abs=nil,nil,nil,nil ebrake=1.00 ibrake=1.00 hasABS=0 sy=10.01 split=1.000,0.875 ===
 89.03277|I|libbeamng.print:18052| === LSTM_OBS t=240 0.00403,0.01298,0.92706,13.69785,0.34250,10.00831,-9.84108,-0.02459,0.00000,0.00000,0.00221,1.00000,0.00000,0.00107,-0.00652,2243.35332,0.25000 ===
 89.08410|I|libbeamng.print:18052| === LSTM_TRACE t=250 v=14.92 ws=0.00,0.00,0.15,13.40 cmd=0.991,0.985,0.829,0.891 cap=3070,3054,1609,1700 des=3070,3054,1408,1488 app=3021,3018,1404,1488 abs=nil,nil,nil,nil ebrake=1.00 ibrake=1.00 hasABS=0 sy=9.99 split=1.000,0.875 ===
 89.08415|I|libbeamng.print:18052| === LSTM_OBS t=250 0.00289,0.00349,0.14865,13.40068,0.33688,9.98798,-9.79689,-0.01817,0.00000,0.00000,0.00115,1.00000,0.00000,0.00154,-0.00663,1992.40357,0.25000 ===
 89.13360|I|libbeamng.print:18052| === LSTM_TRACE t=260 v=14.41 ws=0.00,0.00,0.02,11.29 cmd=0.992,0.987,0.831,0.889 cap=3074,3058,1614,1700 des=3074,3058,1413,1488 app=3023,3021,1408,1488 abs=nil,nil,nil,nil ebrake=1.00 ibrake=1.00 hasABS=0 sy=10.01 split=1.000,0.875 ===
 89.13364|I|libbeamng.print:18052| === LSTM_OBS t=260 0.00149,0.00174,0.01737,11.28805,0.34678,10.00886,-9.76743,-0.01395,0.00000,0.00000,0.00115,1.00000,0.00000,0.00193,-0.00679,1780.45277,0.25000 ===
 89.18402|I|libbeamng.print:18052| === LSTM_TRACE t=270 v=13.91 ws=0.00,0.00,0.00,9.84 cmd=0.993,0.988,0.833,0.886 cap=3078,3063,1618,1700 des=3078,3063,1416,1488 app=3026,3024,1410,1488 abs=nil,nil,nil,nil ebrake=1.00 ibrake=1.00 hasABS=0 sy=10.02 split=1.000,0.875 ===
 89.18406|I|libbeamng.print:18052| === LSTM_OBS t=270 0.00006,0.00295,0.00044,9.84229,0.34406,10.02048,-9.74366,-0.01828,0.00000,0.00000,0.00154,1.00000,0.00000,0.00240,-0.00711,1565.33937,0.25000 ===
 89.23356|I|libbeamng.print:18052| === LSTM_TRACE t=280 v=13.41 ws=0.00,0.00,0.01,8.02 cmd=0.994,0.989,0.833,0.882 cap=3081,3067,1620,1700 des=3081,3067,1417,1488 app=3027,3027,1410,1488 abs=nil,nil,nil,nil ebrake=1.00 ibrake=1.00 hasABS=0 sy=10.02 split=1.000,0.875 ===
 89.23363|I|libbeamng.print:18052| === LSTM_OBS t=280 0.00434,0.00369,0.00837,8.02384,0.33453,10.01674,-9.73366,-0.02580,0.00000,0.00000,0.00162,1.00000,0.00000,0.00261,-0.00733,1350.95636,0.25000 ===
 89.28109|I|libbeamng.print:18052| === LSTM_TRACE t=290 v=12.92 ws=0.01,0.00,0.02,5.79 cmd=0.994,0.990,0.826,0.872 cap=3082,3069,1605,1695 des=3082,3069,1404,1483 app=3027,3027,1397,1483 abs=nil,nil,nil,nil ebrake=1.00 ibrake=1.00 hasABS=0 sy=10.01 split=1.000,0.875 ===
 89.28113|I|libbeamng.print:18052| === LSTM_OBS t=290 0.01018,0.00063,0.01812,5.78717,0.32032,10.00649,-9.72885,-0.02548,0.00000,0.00000,0.00169,1.00000,0.00000,0.00271,-0.00746,1153.71081,0.25000 ===
 89.33124|I|libbeamng.print:18052| === LSTM_TRACE t=300 v=12.41 ws=0.03,0.01,0.05,4.30 cmd=0.995,0.991,0.809,0.857 cap=3084,3071,1574,1666 des=3084,3071,1377,1458 app=3027,3028,1369,1458 abs=nil,nil,nil,nil ebrake=1.00 ibrake=1.00 hasABS=0 sy=10.02 split=1.000,0.875 ===
 89.33129|I|libbeamng.print:18052| === LSTM_OBS t=300 0.02800,0.01000,0.04911,4.29872,0.30295,10.02112,-9.71722,-0.02873,0.00000,0.00000,0.00142,1.00000,0.00000,0.00252,-0.00758,941.13321,0.25000 ===
 89.38110|I|libbeamng.print:18052| === LSTM_TRACE t=310 v=11.88 ws=0.01,0.01,0.01,2.14 cmd=0.995,0.991,0.800,0.845 cap=3085,3072,1557,1646 des=3085,3072,1362,1440 app=3027,3028,1353,1440 abs=nil,nil,nil,nil ebrake=1.00 ibrake=1.00 hasABS=0 sy=10.08 split=1.000,0.875 ===
 89.38115|I|libbeamng.print:18052| === LSTM_OBS t=310 0.00564,0.01352,0.01321,2.13886,0.32757,10.08001,-9.72563,-0.03267,0.00000,0.00000,0.00115,1.00000,0.00000,0.00170,-0.00815,768.25001,0.25000 ===
 89.43116|I|libbeamng.print:18052| === LSTM_TRACE t=320 v=11.41 ws=0.01,0.01,0.08,0.11 cmd=0.995,0.991,0.816,0.848 cap=3086,3074,1576,1643 des=3086,3074,1379,1438 app=3027,3029,1370,1437 abs=nil,nil,nil,nil ebrake=1.00 ibrake=1.00 hasABS=0 sy=10.03 split=1.000,0.875 ===
 89.43120|I|libbeamng.print:18052| === LSTM_OBS t=320 0.01070,0.00506,0.08494,0.10775,0.26906,10.03415,-9.75860,-0.03226,0.00000,0.00000,0.00278,1.00000,0.00000,0.00108,-0.00876,731.89950,0.25000 ===
 89.48106|I|libbeamng.print:18052| === LSTM_TRACE t=330 v=10.91 ws=0.00,0.01,0.03,0.06 cmd=0.994,0.990,0.859,0.867 cap=3081,3068,1669,1684 des=3081,3068,1460,1473 app=3021,3021,1450,1471 abs=nil,nil,nil,nil ebrake=1.00 ibrake=1.00 hasABS=0 sy=9.98 split=1.000,0.875 ===
 89.48113|I|libbeamng.print:18052| === LSTM_OBS t=330 0.00154,0.00580,0.03241,0.05640,0.24135,9.97993,-9.76197,-0.02067,0.00000,0.00000,0.00154,1.00000,0.00000,0.00112,-0.00877,730.35474,0.25000 ===
 89.53210|I|libbeamng.print:18052| === LSTM_TRACE t=340 v=10.41 ws=0.00,0.00,0.00,0.00 cmd=0.994,0.989,0.858,0.869 cap=3081,3067,1667,1688 des=3081,3067,1459,1477 app=3020,3019,1448,1474 abs=nil,nil,nil,nil ebrake=1.00 ibrake=1.00 hasABS=0 sy=9.97 split=1.000,0.875 ===
 89.53215|I|libbeamng.print:18052| === LSTM_OBS t=340 0.00029,0.00103,0.00007,0.00305,0.24912,9.97134,-9.74161,-0.01764,0.00000,0.00000,0.00183,1.00000,0.00000,0.00088,-0.00887,726.58744,0.25000 ===
 89.58109|I|libbeamng.print:18052| === LSTM_TRACE t=350 v=9.91 ws=0.00,0.00,0.03,0.02 cmd=0.994,0.989,0.857,0.870 cap=3081,3067,1666,1690 des=3081,3067,1458,1478 app=3019,3018,1446,1474 abs=nil,nil,nil,nil ebrake=1.00 ibrake=1.00 hasABS=0 sy=10.00 split=1.000,0.875 ===
 89.58116|I|libbeamng.print:18052| === LSTM_OBS t=350 0.00268,0.00030,0.02985,0.01649,0.25820,9.99560,-9.72016,-0.01417,0.00000,0.00000,0.00169,1.00000,0.00000,0.00053,-0.00900,730.45624,0.25000 ===
 89.63382|I|libbeamng.print:18052| === LSTM_TRACE t=360 v=9.40 ws=0.00,0.00,0.01,0.00 cmd=0.994,0.990,0.857,0.870 cap=3081,3068,1665,1690 des=3081,3068,1457,1479 app=3018,3018,1445,1474 abs=nil,nil,nil,nil ebrake=1.00 ibrake=1.00 hasABS=0 sy=10.03 split=1.000,0.875 ===
 89.63387|I|libbeamng.print:18052| === LSTM_OBS t=360 0.00394,0.00010,0.01049,0.00112,0.25777,10.02867,-9.71235,-0.01015,0.00000,0.00000,0.00183,1.00000,0.00000,0.00037,-0.00916,725.96708,0.25000 ===
 89.68430|I|libbeamng.print:18052| === LSTM_TRACE t=370 v=8.89 ws=0.00,0.00,0.01,0.01 cmd=0.994,0.990,0.857,0.870 cap=3082,3068,1664,1691 des=3082,3068,1456,1479 app=3018,3018,1444,1473 abs=nil,nil,nil,nil ebrake=1.00 ibrake=1.00 hasABS=0 sy=10.07 split=1.000,0.875 ===
 89.68438|I|libbeamng.print:18052| === LSTM_OBS t=370 0.00224,0.00136,0.00513,0.00915,0.26312,10.07283,-9.71106,-0.00776,0.00000,0.00000,0.00183,1.00000,0.00000,0.00034,-0.00935,728.56455,0.25000 ===
 89.73393|I|libbeamng.print:18052| === LSTM_TRACE t=380 v=8.37 ws=0.00,0.00,0.00,0.00 cmd=0.994,0.990,0.857,0.870 cap=3082,3069,1664,1691 des=3082,3069,1456,1480 app=3018,3018,1444,1473 abs=nil,nil,nil,nil ebrake=1.00 ibrake=1.00 hasABS=0 sy=10.13 split=1.000,0.875 ===
 89.73400|I|libbeamng.print:18052| === LSTM_OBS t=380 0.00460,0.00158,0.00216,0.00402,0.26916,10.12721,-9.70657,-0.00437,0.00000,0.00000,0.00183,1.00000,0.00000,0.00031,-0.00955,726.05714,0.25000 ===
 89.78590|I|libbeamng.print:18052| === LSTM_TRACE t=390 v=7.85 ws=0.00,0.00,0.00,0.00 cmd=0.994,0.990,0.857,0.870 cap=3083,3070,1664,1691 des=3083,3070,1456,1480 app=3018,3018,1443,1472 abs=nil,nil,nil,nil ebrake=1.00 ibrake=1.00 hasABS=0 sy=10.19 split=1.000,0.875 ===
 89.78595|I|libbeamng.print:18052| === LSTM_OBS t=390 0.00296,0.00207,0.00349,0.00161,0.27878,10.18591,-9.70537,-0.00195,0.00000,0.00000,0.00183,1.00000,0.00000,0.00027,-0.00973,727.22017,0.25000 ===
 89.83778|I|libbeamng.print:18052| === LSTM_TRACE t=400 v=7.33 ws=0.00,0.00,0.01,0.00 cmd=0.995,0.991,0.857,0.870 cap=3084,3071,1665,1691 des=3084,3071,1457,1480 app=3018,3018,1443,1472 abs=nil,nil,nil,nil ebrake=1.00 ibrake=1.00 hasABS=0 sy=10.27 split=1.000,0.875 ===
 89.83784|I|libbeamng.print:18052| === LSTM_OBS t=400 0.00425,0.00038,0.00537,0.00081,0.28920,10.26733,-9.70319,0.00041,0.00000,0.00000,0.00189,1.00000,0.00000,0.00021,-0.00994,725.75178,0.25000 ===
 89.88407|I|libbeamng.print:18052| === LSTM_TRACE t=410 v=6.79 ws=0.00,0.00,0.00,0.00 cmd=0.995,0.991,0.857,0.870 cap=3084,3072,1665,1691 des=3084,3072,1457,1479 app=3018,3019,1444,1470 abs=nil,nil,nil,nil ebrake=1.00 ibrake=1.00 hasABS=0 sy=10.36 split=1.000,0.875 ===
 89.88412|I|libbeamng.print:18052| === LSTM_OBS t=410 0.00148,0.00177,0.00272,0.00084,0.29813,10.35540,-9.69905,0.00337,0.00000,0.00000,0.00192,1.00000,0.00000,0.00016,-0.01016,730.56185,0.25000 ===
 89.93322|I|libbeamng.print:18052| === LSTM_TRACE t=420 v=6.25 ws=0.00,0.00,0.00,0.00 cmd=0.995,0.992,0.858,0.870 cap=3085,3074,1667,1690 des=3085,3074,1458,1479 app=3018,3020,1444,1470 abs=nil,nil,nil,nil ebrake=1.00 ibrake=1.00 hasABS=0 sy=10.47 split=1.000,0.875 ===
 89.93328|I|libbeamng.print:18052| === LSTM_OBS t=420 0.00290,0.00003,0.00223,0.00317,0.30388,10.46880,-9.69814,0.00419,0.00000,0.00000,0.00198,1.00000,0.00000,0.00014,-0.01040,728.64497,0.25000 ===
 89.98396|I|libbeamng.print:18052| === LSTM_TRACE t=430 v=5.71 ws=0.00,0.00,0.00,0.01 cmd=0.996,0.992,0.859,0.870 cap=3086,3075,1669,1690 des=3086,3075,1460,1478 app=3018,3020,1446,1468 abs=nil,nil,nil,nil ebrake=1.00 ibrake=1.00 hasABS=0 sy=10.58 split=1.000,0.875 ===
 89.98401|I|libbeamng.print:18052| === LSTM_OBS t=430 0.00119,0.00078,0.00025,0.00520,0.30951,10.58273,-9.69973,0.00717,0.00000,0.00000,0.00198,1.00000,0.00000,0.00014,-0.01067,729.68827,0.25000 ===
 90.03352|I|libbeamng.print:18052| === LSTM_TRACE t=440 v=5.16 ws=0.00,0.00,0.03,0.02 cmd=0.996,0.992,0.860,0.869 cap=3087,3076,1671,1689 des=3087,3076,1462,1478 app=3018,3021,1447,1468 abs=nil,nil,nil,nil ebrake=1.00 ibrake=1.00 hasABS=0 sy=10.69 split=1.000,0.875 ===
 90.03357|I|libbeamng.print:18052| === LSTM_OBS t=440 0.00362,0.00166,0.02553,0.02458,0.31538,10.68534,-9.69656,0.00865,0.00000,0.00000,0.00204,1.00000,0.00000,0.00014,-0.01090,727.99438,0.25000 ===
 90.08319|I|libbeamng.print:18052| === LSTM_TRACE t=450 v=4.60 ws=0.00,0.00,0.01,0.01 cmd=0.996,0.993,0.861,0.869 cap=3087,3077,1672,1689 des=3087,3077,1463,1478 app=3018,3021,1448,1467 abs=nil,nil,nil,nil ebrake=1.00 ibrake=1.00 hasABS=0 sy=10.79 split=1.000,0.875 ===
 90.08329|I|libbeamng.print:18052| === LSTM_OBS t=450 0.00136,0.00180,0.00610,0.00664,0.31985,10.78885,-9.69546,0.01051,0.00000,0.00000,0.00210,1.00000,0.00000,0.00014,-0.01116,730.24421,0.25000 ===
 90.13239|I|libbeamng.print:18052| === LSTM_TRACE t=460 v=4.04 ws=0.00,0.00,0.00,0.00 cmd=0.996,0.993,0.862,0.869 cap=3088,3078,1675,1688 des=3088,3078,1466,1477 app=3018,3021,1451,1466 abs=nil,nil,nil,nil ebrake=1.00 ibrake=1.00 hasABS=0 sy=10.92 split=1.000,0.875 ===
 90.13246|I|libbeamng.print:18052| === LSTM_OBS t=460 0.00450,0.00089,0.00227,0.00009,0.32492,10.91629,-9.69572,0.01069,0.00000,0.00000,0.00210,1.00000,0.00000,0.00010,-0.01151,725.53899,0.25000 ===
 90.18223|I|libbeamng.print:18052| === LSTM_TRACE t=470 v=3.47 ws=0.00,0.00,0.00,0.00 cmd=0.996,0.993,0.864,0.869 cap=3088,3078,1678,1688 des=3088,3078,1468,1477 app=3018,3021,1453,1465 abs=nil,nil,nil,nil ebrake=1.00 ibrake=1.00 hasABS=0 sy=11.04 split=1.000,0.875 ===
 90.18228|I|libbeamng.print:18052| === LSTM_OBS t=470 0.00129,0.00244,0.00163,0.00050,0.32750,11.03878,-9.69418,0.01188,0.00000,0.00000,0.00221,1.00000,0.00000,0.00009,-0.01186,727.64921,0.25000 ===
 90.23387|I|libbeamng.print:18052| === LSTM_TRACE t=480 v=2.90 ws=0.00,0.00,0.00,0.00 cmd=0.996,0.993,0.865,0.869 cap=3088,3078,1681,1689 des=3088,3078,1470,1478 app=3017,3021,1455,1465 abs=nil,nil,nil,nil ebrake=1.00 ibrake=1.00 hasABS=0 sy=11.15 split=1.000,0.875 ===
 90.23392|I|libbeamng.print:18052| === LSTM_OBS t=480 0.00207,0.00024,0.00165,0.00262,0.32913,11.15243,-9.68682,0.01264,0.00000,0.00000,0.00221,1.00000,0.00000,0.00008,-0.01213,724.08957,0.25000 ===
 90.28371|I|libbeamng.print:18052| === LSTM_TRACE t=490 v=2.32 ws=0.00,0.00,0.01,0.00 cmd=0.995,0.992,0.867,0.871 cap=3086,3076,1683,1691 des=3086,3076,1473,1480 app=3016,3018,1457,1467 abs=nil,nil,nil,nil ebrake=1.00 ibrake=1.00 hasABS=0 sy=11.25 split=1.000,0.875 ===
 90.28376|I|libbeamng.print:18052| === LSTM_OBS t=490 0.00044,0.00216,0.00751,0.00471,0.32973,11.24597,-9.67863,0.01239,0.00000,0.00000,0.00224,1.00000,0.00000,0.00011,-0.01233,727.25834,0.25000 ===
 90.33345|I|libbeamng.print:18052| === LSTM_TRACE t=500 v=1.74 ws=0.00,0.00,0.10,0.04 cmd=0.995,0.991,0.869,0.873 cap=3084,3072,1688,1696 des=3084,3072,1477,1484 app=3013,3015,1461,1471 abs=nil,nil,nil,nil ebrake=1.00 ibrake=1.00 hasABS=0 sy=11.36 split=1.000,0.875 ===
 90.33355|I|libbeamng.print:18052| === LSTM_OBS t=500 0.00325,0.00035,0.09794,0.04433,0.32973,11.35536,-9.67112,0.01244,0.00000,0.00000,0.00224,1.00000,0.00000,0.00012,-0.01248,723.74412,0.25000 ===
 90.38586|I|libbeamng.print:18052| === LSTM_TRACE t=510 v=1.15 ws=0.00,0.00,0.39,0.01 cmd=0.993,0.989,0.873,0.874 cap=3079,3067,1695,1697 des=3079,3067,1483,1485 app=3008,3009,1468,1471 abs=nil,nil,nil,nil ebrake=1.00 ibrake=1.00 hasABS=0 sy=11.46 split=1.000,0.875 ===
 90.38592|I|libbeamng.print:18052| === LSTM_OBS t=510 0.00058,0.00296,0.38560,0.00784,0.32631,11.45754,-9.66285,0.01085,0.00000,0.00000,0.00234,1.00000,0.00000,0.00021,-0.01257,725.43394,0.25000 ===
 90.43066|I|libbeamng.print:18052| === LSTM_TRACE t=520 v=0.56 ws=0.00,0.00,0.25,0.00 cmd=0.992,0.987,0.877,0.875 cap=3074,3060,1700,1698 des=3074,3060,1488,1486 app=3003,3002,1472,1472 abs=nil,nil,nil,nil ebrake=1.00 ibrake=1.00 hasABS=0 sy=11.53 split=1.000,0.875 ===
 90.43070|I|libbeamng.print:18052| === LSTM_OBS t=520 0.00353,0.00174,0.24684,0.00387,0.32871,11.52828,-9.65050,0.00314,0.00000,0.00000,0.00234,1.00000,0.00000,0.00017,-0.01256,722.90155,0.25000 ===
 94.59010|I|libbeamng.print:18052| === LSTM_ABS: lens 'band_g_mix_lock_sy' loaded (1 member, 17 in, 64 hidden, 2 layers) ===
 94.59162|I|libbeamng.print:18052| === LSTM_ABS SELFTEST lens=band_g_mix_lock_sy cmd=0.956085,0.957974,0.339686,0.366768 ===
