 31.45677|I|libbeamng.print:18052| === LSTM_ABS: lens 'band_g_mix' loaded (1 member, 17 in, 64 hidden, 2 layers) ===
 31.45858|I|libbeamng.print:18052| === LSTM_ABS SELFTEST lens=band_g_mix cmd=0.997670,0.995595,0.857687,0.856659 ===
 44.90926|I|libbeamng.print:18052| === LSTM_ABS: lens 'band_g_mix' loaded (1 member, 17 in, 64 hidden, 2 layers) ===
 44.91100|I|libbeamng.print:18052| === LSTM_ABS SELFTEST lens=band_g_mix cmd=0.997670,0.995595,0.857687,0.856659 ===
 54.60391|I|libbeamng.print:18052| === LSTM_TRACE t=0 v=27.71 ws=27.66,27.81,27.30,27.42 cmd=0.916,0.885,0.486,0.473 cap=155,155,97,97 des=155,155,85,85 app=142,142,78,78 abs=nil,nil,nil,nil ebrake=1.00 ibrake=1.00 hasABS=0 sy=1.56 split=1.000,0.875 ===
 54.60396|I|libbeamng.print:18052| === LSTM_OBS t=0 27.66374,27.81039,27.29962,27.42359,-0.02785,1.56416,-9.76114,0.00107,0.00000,0.00000,0.00000,1.00000,0.00000,0.00088,-0.00907,7857.17292,0.25000 ===
 54.65446|I|libbeamng.print:18052| === LSTM_TRACE t=10 v=27.48 ws=27.36,27.36,26.93,27.04 cmd=0.235,0.274,0.409,0.395 cap=678,805,778,741 des=678,805,681,648 app=623,741,628,597 abs=nil,nil,nil,nil ebrake=1.00 ibrake=1.00 hasABS=0 sy=2.01 split=1.000,0.875 ===
 54.65451|I|libbeamng.print:18052| === LSTM_OBS t=10 27.35985,27.35650,26.92906,27.03528,-0.06115,2.00524,-9.77235,0.01017,0.00000,0.00000,0.00297,1.00000,0.00000,0.00084,-0.00984,7784.16370,0.25000 ===
 54.67414|I|libbeamng.print:18052| === LSTM_ABS DBG raw=26.9020,26.9189,26.6404,26.8511,-0.0485,2.3016,-9.7768,-0.0020,0.0000,0.0000,0.0013,1.0000,0.0000,0.0010,-0.0103,7727.8835,0.2500 ===
 54.67418|I|libbeamng.print:18052| === LSTM_ABS DBG norm=0.59,0.53,0.53,0.52,-0.20,-2.19,0.00,0.01,0.06,-0.06,-0.07,0.59,-0.02,0.00,0.00,3.83,0.00 ===
 54.67419|I|libbeamng.print:18052| === LSTM_ABS DBG cmd=0.3262,0.3548,0.4491,0.4498 ===
 54.70545|I|libbeamng.print:18052| === LSTM_TRACE t=20 v=27.20 ws=26.30,26.40,26.34,26.43 cmd=0.514,0.518,0.535,0.541 cap=1453,1484,1006,1018 des=1453,1484,880,890 app=1347,1377,820,829 abs=nil,nil,nil,nil ebrake=1.00 ibrake=1.00 hasABS=0 sy=2.82 split=1.000,0.875 ===
 54.70552|I|libbeamng.print:18052| === LSTM_OBS t=20 26.30205,26.39655,26.33922,26.43416,-0.03257,2.82436,-9.67996,0.00013,0.00000,0.00000,0.00124,1.00000,0.00000,0.00095,-0.01099,7637.12070,0.25000 ===
 54.75470|I|libbeamng.print:18052| === LSTM_TRACE t=30 v=26.73 ws=24.93,25.25,25.64,25.77 cmd=0.753,0.726,0.738,0.736 cap=2279,2200,1403,1400 des=2279,2200,1228,1225 app=2140,2067,1157,1154 abs=nil,nil,nil,nil ebrake=1.00 ibrake=1.00 hasABS=0 sy=4.24 split=1.000,0.875 ===
 54.75474|I|libbeamng.print:18052| === LSTM_OBS t=30 24.92559,25.24532,25.63900,25.76783,-0.03176,4.23632,-9.62651,0.00358,0.00000,0.00000,0.00229,1.00000,0.00000,0.00107,-0.01277,7465.20365,0.25000 ===
 54.80368|I|libbeamng.print:18052| === LSTM_TRACE t=40 v=26.17 ws=23.57,24.21,24.69,24.97 cmd=0.822,0.798,0.795,0.786 cap=2587,2508,1545,1529 des=2587,2508,1352,1338 app=2459,2385,1288,1275 abs=nil,nil,nil,nil ebrake=1.00 ibrake=1.00 hasABS=0 sy=5.97 split=1.000,0.875 ===
 54.80374|I|libbeamng.print:18052| === LSTM_OBS t=40 23.57473,24.21083,24.68743,24.96924,-0.09176,5.96548,-9.65918,-0.01187,0.00000,0.00000,0.00261,1.00000,0.00000,0.00113,-0.01531,7234.58062,0.25000 ===
 54.85386|I|libbeamng.print:18052| === LSTM_TRACE t=50 v=25.60 ws=22.33,23.64,23.62,24.21 cmd=0.829,0.808,0.772,0.765 cap=2543,2482,1509,1493 des=2543,2482,1320,1306 app=2442,2384,1269,1256 abs=nil,nil,nil,nil ebrake=1.00 ibrake=1.00 hasABS=0 sy=7.50 split=1.000,0.875 ===
 54.85391|I|libbeamng.print:18052| === LSTM_OBS t=50 22.33442,23.63682,23.61775,24.21230,-0.05671,7.50170,-9.62758,-0.00739,0.00000,0.00000,0.00354,1.00000,0.00000,0.00148,-0.01731,6978.80431,0.25000 ===
 54.90412|I|libbeamng.print:18052| === LSTM_TRACE t=60 v=25.00 ws=20.92,23.26,22.69,23.64 cmd=0.808,0.791,0.740,0.737 cap=2492,2436,1446,1438 des=2492,2436,1265,1258 app=2411,2358,1224,1217 abs=nil,nil,nil,nil ebrake=1.00 ibrake=1.00 hasABS=0 sy=8.71 split=1.000,0.875 ===
 54.90417|I|libbeamng.print:18052| === LSTM_OBS t=60 20.91573,23.25941,22.68654,23.64320,-0.05207,8.70878,-9.69082,-0.00882,0.00000,0.00000,0.00285,1.00000,0.00000,0.00168,-0.01843,6744.59715,0.25000 ===
 54.95456|I|libbeamng.print:18052| === LSTM_TRACE t=70 v=24.41 ws=19.05,22.94,22.01,22.98 cmd=0.783,0.768,0.726,0.735 cap=2435,2392,1412,1424 des=2435,2392,1235,1246 app=2367,2329,1200,1211 abs=nil,nil,nil,nil ebrake=1.00 ibrake=1.00 hasABS=0 sy=9.62 split=1.000,0.875 ===
 54.95462|I|libbeamng.print:18052| === LSTM_OBS t=70 19.04645,22.93825,22.01028,22.98225,-0.04426,9.62110,-9.73753,-0.01425,0.00000,0.00000,0.00256,1.00000,0.00000,0.00155,-0.01895,6539.36995,0.25000 ===
 55.00479|I|libbeamng.print:18052| === LSTM_TRACE t=80 v=23.82 ws=17.65,22.46,21.48,22.17 cmd=0.700,0.707,0.731,0.745 cap=2127,2131,1420,1456 des=2127,2131,1243,1274 app=2075,2084,1211,1243 abs=nil,nil,nil,nil ebrake=1.00 ibrake=1.00 hasABS=0 sy=10.24 split=1.000,0.875 ===
 55.00485|I|libbeamng.print:18052| === LSTM_OBS t=80 17.64651,22.46183,21.47750,22.16916,-0.00265,10.24240,-9.77352,-0.01657,0.00000,0.00000,0.00244,1.00000,0.00000,0.00102,-0.01882,6347.26929,0.25000 ===
 55.05430|I|libbeamng.print:18052| === LSTM_TRACE t=90 v=23.26 ws=16.92,21.98,21.19,21.17 cmd=0.818,0.802,0.716,0.737 cap=2299,2297,1412,1441 des=2299,2297,1235,1261 app=2249,2254,1207,1233 abs=nil,nil,nil,nil ebrake=1.00 ibrake=1.00 hasABS=0 sy=10.64 split=1.000,0.875 ===
 55.05434|I|libbeamng.print:18052| === LSTM_OBS t=90 16.91736,21.98087,21.18726,21.16634,0.06340,10.64381,-9.75825,-0.02739,0.00000,0.00000,0.00364,1.00000,0.00000,0.00024,-0.01830,6159.37969,0.25000 ===
 55.10367|I|libbeamng.print:18052| === LSTM_TRACE t=100 v=22.67 ws=15.28,21.49,21.18,20.01 cmd=0.721,0.724,0.712,0.732 cap=1814,1885,1411,1458 des=1814,1885,1234,1276 app=1796,1855,1209,1251 abs=nil,nil,nil,nil ebrake=1.00 ibrake=1.00 hasABS=0 sy=10.87 split=1.000,0.875 ===
 55.10372|I|libbeamng.print:18052| === LSTM_OBS t=100 15.28323,21.48816,21.17933,20.00546,0.14345,10.86523,-9.75233,-0.01705,0.00000,0.00000,0.00326,1.00000,0.00000,-0.00061,-0.01761,5977.89591,0.25000 ===
 55.15364|I|libbeamng.print:18052| === LSTM_TRACE t=110 v=22.11 ws=14.50,20.81,21.14,18.88 cmd=0.646,0.653,0.724,0.747 cap=2219,2203,1402,1445 des=2219,2203,1227,1264 app=2178,2172,1204,1241 abs=nil,nil,nil,nil ebrake=1.00 ibrake=1.00 hasABS=0 sy=11.02 split=1.000,0.875 ===
 55.15368|I|libbeamng.print:18052| === LSTM_OBS t=110 14.49925,20.81344,21.13550,18.88409,0.23229,11.02087,-9.69123,0.00207,0.00000,0.00000,0.00311,1.00000,0.00000,-0.00122,-0.01712,5799.19894,0.25000 ===
 55.20470|I|libbeamng.print:18052| === LSTM_TRACE t=120 v=21.54 ws=13.68,20.40,20.68,17.95 cmd=0.658,0.656,0.699,0.725 cap=2249,2241,1405,1434 des=2249,2241,1230,1255 app=2210,2214,1209,1234 abs=nil,nil,nil,nil ebrake=1.00 ibrake=1.00 hasABS=0 sy=11.09 split=1.000,0.875 ===
 55.20474|I|libbeamng.print:18052| === LSTM_OBS t=120 13.68364,20.40193,20.68258,17.94875,0.33311,11.08580,-9.66913,0.02609,0.00000,0.00000,0.00261,1.00000,0.00000,-0.00153,-0.01668,5608.94982,0.25000 ===
 55.25441|I|libbeamng.print:18052| === LSTM_TRACE t=130 v=21.00 ws=12.95,20.07,20.22,16.93 cmd=0.716,0.711,0.703,0.719 cap=1998,2005,1381,1416 des=1998,2005,1208,1239 app=1965,1983,1189,1219 abs=nil,nil,nil,nil ebrake=1.00 ibrake=1.00 hasABS=0 sy=11.10 split=1.000,0.875 ===
 55.25445|I|libbeamng.print:18052| === LSTM_OBS t=130 12.94949,20.06520,20.22429,16.92734,0.37893,11.09894,-9.66137,0.02432,0.00000,0.00000,0.00301,1.00000,0.00000,-0.00142,-0.01621,5416.72048,0.25000 ===
 55.30382|I|libbeamng.print:18052| === LSTM_TRACE t=140 v=20.46 ws=12.39,19.58,19.56,16.29 cmd=0.684,0.682,0.680,0.695 cap=2097,2102,1328,1357 des=2097,2102,1162,1188 app=2064,2081,1145,1169 abs=nil,nil,nil,nil ebrake=1.00 ibrake=1.00 hasABS=0 sy=11.08 split=1.000,0.875 ===
 55.30388|I|libbeamng.print:18052| === LSTM_OBS t=140 12.39140,19.58253,19.56320,16.29064,0.36711,11.07976,-9.66249,0.03590,0.00000,0.00000,0.00265,1.00000,0.00000,-0.00070,-0.01571,5233.93837,0.25000 ===
 55.35409|I|libbeamng.print:18052| === LSTM_TRACE t=150 v=19.90 ws=11.82,19.19,19.10,16.15 cmd=0.717,0.723,0.652,0.658 cap=1746,1821,1274,1299 des=1746,1821,1114,1137 app=1719,1805,1099,1119 abs=nil,nil,nil,nil ebrake=1.00 ibrake=1.00 hasABS=0 sy=11.05 split=1.000,0.875 ===
 55.35417|I|libbeamng.print:18052| === LSTM_OBS t=150 11.82191,19.19016,19.10103,16.14909,0.31367,11.04688,-9.64098,0.03781,0.00000,0.00000,0.00210,1.00000,0.00000,0.00027,-0.01538,5074.19942,0.25000 ===
 55.40420|I|libbeamng.print:18052| === LSTM_TRACE t=160 v=19.34 ws=11.39,18.49,18.38,15.99 cmd=0.584,0.614,0.603,0.614 cap=2042,2096,1178,1193 des=2042,2096,1031,1043 app=2010,2079,1017,1028 abs=nil,nil,nil,nil ebrake=1.00 ibrake=1.00 hasABS=0 sy=11.04 split=1.000,0.875 ===
 55.40425|I|libbeamng.print:18052| === LSTM_OBS t=160 11.38782,18.49058,18.38215,15.98636,0.20972,11.04046,-9.64661,0.04962,0.00000,0.00000,0.00297,1.00000,0.00000,0.00111,-0.01520,4945.71975,0.25000 ===
 55.45388|I|libbeamng.print:18052| === LSTM_TRACE t=170 v=18.80 ws=11.34,17.99,17.74,15.90 cmd=0.639,0.666,0.560,0.567 cap=2064,2126,1090,1102 des=2064,2126,953,964 app=2033,2110,941,950 abs=nil,nil,nil,nil ebrake=1.00 ibrake=1.00 hasABS=0 sy=11.04 split=1.000,0.875 ===
 55.45397|I|libbeamng.print:18052| === LSTM_OBS t=170 11.33723,17.98574,17.74082,15.89821,0.08438,11.04380,-9.66014,0.03341,0.00000,0.00000,0.00280,1.00000,0.00000,0.00182,-0.01540,4851.70016,0.25000 ===
 55.50449|I|libbeamng.print:18052| === LSTM_TRACE t=180 v=18.23 ws=11.63,17.32,17.11,16.36 cmd=0.595,0.642,0.529,0.533 cap=1583,1736,1006,1034 des=1583,1736,881,904 app=1779,1842,869,891 abs=nil,nil,nil,nil ebrake=1.00 ibrake=1.00 hasABS=0 sy=11.06 split=1.000,0.875 ===
 55.50454|I|libbeamng.print:18052| === LSTM_OBS t=180 11.63482,17.32067,17.11017,16.36154,-0.05935,11.06121,-9.67854,0.02272,0.00000,0.00000,0.00210,1.00000,0.00000,0.00255,-0.01586,4786.54529,0.25000 ===
 55.55401|I|libbeamng.print:18052| === LSTM_TRACE t=190 v=17.67 ws=12.12,17.06,16.11,16.68 cmd=0.801,0.807,0.519,0.525 cap=1723,1898,1032,1045 des=1723,1898,903,914 app=1697,1886,891,900 abs=nil,nil,nil,nil ebrake=1.00 ibrake=1.00 hasABS=0 sy=11.10 split=1.000,0.875 ===
 55.55409|I|libbeamng.print:18052| === LSTM_OBS t=190 12.11873,17.05988,16.11467,16.68137,-0.22575,11.10394,-9.71412,0.01858,0.00000,0.00000,0.00256,1.00000,0.00000,0.00331,-0.01665,4735.83294,0.25000 ===
 55.60463|I|libbeamng.print:18052| === LSTM_TRACE t=200 v=17.13 ws=12.51,15.86,15.85,16.34 cmd=0.543,0.624,0.552,0.552 cap=1436,1657,1133,1154 des=1436,1657,992,1010 app=1939,2115,977,994 abs=nil,nil,nil,nil ebrake=1.00 ibrake=1.00 hasABS=0 sy=11.05 split=1.000,0.875 ===
 55.60467|I|libbeamng.print:18052| === LSTM_OBS t=200 12.50738,15.86223,15.85237,16.33995,-0.42540,11.04555,-9.70849,-0.01134,0.00000,0.00000,0.00249,1.00000,0.00000,0.00413,-0.01745,4663.31361,0.25000 ===
 55.65746|I|libbeamng.print:18052| === LSTM_TRACE t=210 v=16.58 ws=13.01,15.88,15.52,16.08 cmd=0.843,0.847,0.597,0.599 cap=2169,2299,1090,1087 des=2169,2299,954,951 app=2042,2187,940,937 abs=nil,nil,nil,nil ebrake=1.00 ibrake=1.00 hasABS=0 sy=11.00 split=1.000,0.875 ===
 55.65752|I|libbeamng.print:18052| === LSTM_OBS t=210 13.01010,15.87947,15.52476,16.08274,-0.50061,10.99753,-9.66889,-0.01856,0.00000,0.00000,0.00375,1.00000,0.00000,0.00432,-0.01812,4543.66514,0.25000 ===
 55.70757|I|libbeamng.print:18052| === LSTM_TRACE t=220 v=16.02 ws=13.04,14.65,13.75,14.48 cmd=0.733,0.767,0.576,0.579 cap=1929,2090,1162,1174 des=1929,2090,1017,1028 app=1915,2079,1002,1012 abs=nil,nil,nil,nil ebrake=1.00 ibrake=1.00 hasABS=0 sy=11.03 split=1.000,0.875 ===
 55.70762|I|libbeamng.print:18052| === LSTM_OBS t=220 13.03836,14.64755,13.74929,14.48391,-0.47575,11.02643,-9.60154,-0.02062,0.00000,0.00000,0.00326,1.00000,0.00000,0.00339,-0.01835,4465.77313,0.25000 ===
 55.75727|I|libbeamng.print:18052| === LSTM_TRACE t=230 v=15.45 ws=12.85,14.00,12.67,13.42 cmd=0.724,0.743,0.554,0.560 cap=2353,2373,1056,1075 des=2353,2373,924,940 app=2323,2361,911,926 abs=nil,nil,nil,nil ebrake=1.00 ibrake=1.00 hasABS=0 sy=11.18 split=1.000,0.875 ===
 55.75736|I|libbeamng.print:18052| === LSTM_OBS t=230 12.84998,14.00277,12.67365,13.41735,-0.40429,11.18422,-9.53915,-0.02102,0.00000,0.00000,0.00331,1.00000,0.00000,0.00216,-0.01878,4404.35887,0.25000 ===
 55.80759|I|libbeamng.print:18052| === LSTM_TRACE t=240 v=14.84 ws=12.32,13.44,12.22,12.34 cmd=0.760,0.758,0.500,0.517 cap=2342,2340,968,1001 des=2342,2340,847,876 app=2314,2329,834,862 abs=nil,nil,nil,nil ebrake=1.00 ibrake=1.00 hasABS=0 sy=11.37 split=1.000,0.875 ===
 55.80764|I|libbeamng.print:18052| === LSTM_OBS t=240 12.31534,13.44434,12.22315,12.33812,-0.33021,11.36849,-9.56208,-0.01884,0.00000,0.00000,0.00322,1.00000,0.00000,0.00121,-0.01918,4359.56232,0.25000 ===
 55.85739|I|libbeamng.print:18052| === LSTM_TRACE t=250 v=14.25 ws=11.55,12.91,11.55,10.79 cmd=0.771,0.754,0.480,0.510 cap=2491,2450,949,996 des=2491,2450,831,872 app=2463,2439,817,857 abs=nil,nil,nil,nil ebrake=1.00 ibrake=1.00 hasABS=0 sy=11.53 split=1.000,0.875 ===
 55.85745|I|libbeamng.print:18052| === LSTM_OBS t=250 11.54746,12.91157,11.55020,10.78926,-0.23743,11.52734,-9.59078,-0.01388,0.00000,0.00000,0.00305,1.00000,0.00000,0.00075,-0.01973,4324.18634,0.25000 ===
 55.90428|I|libbeamng.print:18052| === LSTM_TRACE t=260 v=13.66 ws=10.75,12.44,11.52,9.41 cmd=0.676,0.669,0.514,0.549 cap=2457,2383,972,1040 des=2457,2383,851,910 app=2430,2373,837,895 abs=nil,nil,nil,nil ebrake=1.00 ibrake=1.00 hasABS=0 sy=11.63 split=1.000,0.875 ===
 55.90432|I|libbeamng.print:18052| === LSTM_OBS t=260 10.74979,12.44099,11.52316,9.41300,-0.15997,11.63003,-9.60317,-0.00473,0.00000,0.00000,0.00335,1.00000,0.00000,0.00052,-0.02034,4283.56088,0.25000 ===
 55.95394|I|libbeamng.print:18052| === LSTM_TRACE t=270 v=13.08 ws=10.34,12.12,11.44,7.90 cmd=0.860,0.830,0.560,0.588 cap=2423,2370,1021,1066 des=2423,2370,893,933 app=2353,2359,878,916 abs=nil,nil,nil,nil ebrake=1.00 ibrake=1.00 hasABS=0 sy=11.66 split=1.000,0.875 ===
 55.95399|I|libbeamng.print:18052| === LSTM_OBS t=270 10.34337,12.11552,11.43782,7.90259,-0.07927,11.66330,-9.60906,-0.00741,0.00000,0.00000,0.00438,1.00000,0.00000,0.00033,-0.02076,4214.91832,0.25000 ===
 56.00429|I|libbeamng.print:18052| === LSTM_TRACE t=280 v=12.50 ws=9.57,11.32,12.15,6.90 cmd=0.583,0.602,0.573,0.592 cap=1878,1895,1134,1188 des=1878,1895,992,1039 app=2199,2126,975,1020 abs=nil,nil,nil,nil ebrake=1.00 ibrake=1.00 hasABS=0 sy=11.62 split=1.000,0.875 ===
 56.00435|I|libbeamng.print:18052| === LSTM_OBS t=280 9.57436,11.31569,12.14794,6.90336,-0.00877,11.62000,-9.59075,-0.00595,0.00000,0.00000,0.00293,1.00000,0.00000,0.00019,-0.02076,4106.28079,0.25000 ===
 56.05377|I|libbeamng.print:18052| === LSTM_TRACE t=290 v=11.94 ws=9.58,11.18,11.46,6.65 cmd=0.862,0.827,0.601,0.628 cap=2660,2570,1145,1183 des=2660,2570,1002,1035 app=2267,2284,985,1015 abs=nil,nil,nil,nil ebrake=1.00 ibrake=1.00 hasABS=0 sy=11.54 split=1.000,0.875 ===
 56.05382|I|libbeamng.print:18052| === LSTM_OBS t=290 9.58467,11.18276,11.45897,6.64794,0.06756,11.54016,-9.56845,0.02042,0.00000,0.00000,0.00285,1.00000,0.00000,0.00020,-0.02050,3964.01871,0.25000 ===
 56.10366|I|libbeamng.print:18052| === LSTM_TRACE t=300 v=11.38 ws=8.51,10.58,11.07,6.42 cmd=0.783,0.754,0.596,0.621 cap=2288,2227,1172,1212 des=2288,2227,1025,1061 app=2264,2216,1007,1039 abs=nil,nil,nil,nil ebrake=1.00 ibrake=1.00 hasABS=0 sy=11.41 split=1.000,0.875 ===
 56.10372|I|libbeamng.print:18052| === LSTM_OBS t=300 8.50585,10.58134,11.06824,6.42002,0.13068,11.41161,-9.55225,0.01280,0.00000,0.00000,0.00350,1.00000,0.00000,0.00036,-0.01994,3809.96878,0.25000 ===
 56.15382|I|libbeamng.print:18052| === LSTM_TRACE t=310 v=10.85 ws=7.56,10.08,10.43,6.43 cmd=0.655,0.639,0.628,0.657 cap=2533,2425,1213,1266 des=2533,2425,1061,1108 app=2506,2413,1043,1084 abs=nil,nil,nil,nil ebrake=1.00 ibrake=1.00 hasABS=0 sy=11.31 split=1.000,0.875 ===
 56.15387|I|libbeamng.print:18052| === LSTM_OBS t=310 7.55531,10.07655,10.43105,6.43244,0.14485,11.30954,-9.53019,0.01731,0.00000,0.00000,0.00360,1.00000,0.00000,0.00080,-0.01938,3659.92103,0.25000 ===
 56.20365|I|libbeamng.print:18052| === LSTM_TRACE t=320 v=10.27 ws=7.10,9.78,9.87,6.24 cmd=0.824,0.790,0.644,0.670 cap=1868,1863,1237,1296 des=1868,1863,1082,1134 app=1848,1854,1063,1110 abs=nil,nil,nil,nil ebrake=1.00 ibrake=1.00 hasABS=0 sy=11.24 split=1.000,0.875 ===
 56.20370|I|libbeamng.print:18052| === LSTM_OBS t=320 7.10071,9.77644,9.86608,6.24103,0.09949,11.23997,-9.54696,0.01975,0.00000,0.00000,0.00244,1.00000,0.00000,0.00144,-0.01878,3512.03348,0.25000 ===
 56.25365|I|libbeamng.print:18052| === LSTM_TRACE t=330 v=9.73 ws=6.36,9.29,9.19,6.06 cmd=0.638,0.626,0.665,0.706 cap=2558,2448,1277,1349 des=2558,2448,1118,1180 app=2530,2436,1098,1154 abs=nil,nil,nil,nil ebrake=1.00 ibrake=1.00 hasABS=0 sy=11.22 split=1.000,0.875 ===
 56.25371|I|libbeamng.print:18052| === LSTM_OBS t=330 6.35780,9.29150,9.19279,6.05924,0.02650,11.21666,-9.51868,0.01547,0.00000,0.00000,0.00221,1.00000,0.00000,0.00191,-0.01815,3362.09628,0.25000 ===
 56.30378|I|libbeamng.print:18052| === LSTM_TRACE t=340 v=9.16 ws=6.08,8.74,8.79,6.03 cmd=0.766,0.744,0.646,0.691 cap=1408,1506,1277,1369 des=1408,1506,1118,1198 app=1763,1664,1098,1171 abs=nil,nil,nil,nil ebrake=1.00 ibrake=1.00 hasABS=0 sy=11.16 split=1.000,0.875 ===
 56.30382|I|libbeamng.print:18052| === LSTM_OBS t=340 6.07942,8.73585,8.78853,6.02850,-0.03376,11.16193,-9.53869,0.02141,0.00000,0.00000,0.00289,1.00000,0.00000,0.00235,-0.01761,3213.66704,0.25000 ===
 56.35379|I|libbeamng.print:18052| === LSTM_TRACE t=350 v=8.60 ws=6.03,8.09,8.12,5.73 cmd=0.658,0.627,0.665,0.730 cap=2819,2707,1321,1427 des=2819,2707,1156,1249 app=2528,2434,1135,1220 abs=nil,nil,nil,nil ebrake=1.00 ibrake=1.00 hasABS=0 sy=11.15 split=1.000,0.875 ===
 56.35384|I|libbeamng.print:18052| === LSTM_OBS t=350 6.03056,8.09098,8.12156,5.72750,-0.09488,11.14777,-9.54482,0.02144,0.00000,0.00000,0.00261,1.00000,0.00000,0.00262,-0.01696,3066.14671,0.25000 ===
 56.40439|I|libbeamng.print:18052| === LSTM_TRACE t=360 v=8.03 ws=5.75,7.42,7.61,5.63 cmd=0.755,0.725,0.676,0.721 cap=1278,1342,1303,1410 des=1278,1342,1140,1234 app=1855,1747,1119,1205 abs=nil,nil,nil,nil ebrake=1.00 ibrake=1.00 hasABS=0 sy=11.17 split=1.000,0.875 ===
 56.40447|I|libbeamng.print:18052| === LSTM_OBS t=360 5.75337,7.41773,7.61267,5.62564,-0.11869,11.16651,-9.57880,0.01690,0.00000,0.00000,0.00134,1.00000,0.00000,0.00272,-0.01651,2919.14195,0.25000 ===
 56.45377|I|libbeamng.print:18052| === LSTM_TRACE t=370 v=7.48 ws=5.66,7.04,7.18,5.54 cmd=0.635,0.607,0.690,0.755 cap=2733,2602,1355,1468 des=2733,2602,1186,1284 app=2534,2502,1163,1254 abs=nil,nil,nil,nil ebrake=1.00 ibrake=1.00 hasABS=0 sy=11.23 split=1.000,0.875 ===
 56.45382|I|libbeamng.print:18052| === LSTM_OBS t=370 5.65705,7.04140,7.17788,5.54289,-0.18208,11.22751,-9.60095,0.01977,0.00000,0.00000,0.00420,1.00000,0.00000,0.00304,-0.01614,2769.34164,0.25000 ===
 56.50395|I|libbeamng.print:18052| === LSTM_TRACE t=380 v=6.89 ws=5.59,6.36,6.36,5.53 cmd=0.778,0.737,0.694,0.751 cap=1713,1673,1361,1475 des=1713,1673,1191,1290 app=1861,1812,1168,1260 abs=nil,nil,nil,nil ebrake=1.00 ibrake=1.00 hasABS=0 sy=11.27 split=1.000,0.875 ===
 56.50399|I|libbeamng.print:18052| === LSTM_OBS t=380 5.58860,6.35758,6.36061,5.52880,-0.19535,11.27073,-9.63802,0.01509,0.00000,0.00000,0.00293,1.00000,0.00000,0.00306,-0.01587,2619.21323,0.25000 ===
 56.55454|I|libbeamng.print:18052| === LSTM_TRACE t=390 v=6.32 ws=5.19,5.80,6.11,5.35 cmd=0.685,0.634,0.733,0.793 cap=2634,2472,1427,1542 des=2634,2472,1249,1349 app=2599,2455,1224,1317 abs=nil,nil,nil,nil ebrake=1.00 ibrake=1.00 hasABS=0 sy=11.38 split=1.000,0.875 ===
 56.55458|I|libbeamng.print:18052| === LSTM_OBS t=390 5.18630,5.80158,6.11035,5.35395,-0.19937,11.37600,-9.62925,0.01003,0.00000,0.00000,0.00328,1.00000,0.00000,0.00290,-0.01571,2463.78555,0.25000 ===
 56.60415|I|libbeamng.print:18052| === LSTM_TRACE t=400 v=5.73 ws=4.98,5.51,5.49,4.99 cmd=0.816,0.764,0.754,0.809 cap=2272,2139,1459,1569 des=2272,2139,1276,1373 app=2240,2123,1251,1340 abs=nil,nil,nil,nil ebrake=1.00 ibrake=1.00 hasABS=0 sy=11.45 split=1.000,0.875 ===
 56.60420|I|libbeamng.print:18052| === LSTM_OBS t=400 4.98079,5.50883,5.49136,4.98528,-0.23222,11.45438,-9.68095,0.01432,0.00000,0.00000,0.00239,1.00000,0.00000,0.00283,-0.01548,2297.91954,0.25000 ===
 56.65406|I|libbeamng.print:18052| === LSTM_TRACE t=410 v=5.16 ws=4.27,4.79,4.89,4.59 cmd=0.618,0.578,0.768,0.827 cap=2436,2266,1498,1617 des=2436,2266,1310,1415 app=2401,2248,1284,1380 abs=nil,nil,nil,nil ebrake=1.00 ibrake=1.00 hasABS=0 sy=11.48 split=1.000,0.875 ===
 56.65410|I|libbeamng.print:18052| === LSTM_OBS t=410 4.26730,4.78700,4.89363,4.59231,-0.23652,11.47566,-9.72600,0.01131,0.00000,0.00000,0.00442,1.00000,0.00000,0.00291,-0.01502,2125.43434,0.25000 ===
 56.70444|I|libbeamng.print:18052| === LSTM_TRACE t=420 v=4.61 ws=4.18,4.27,4.40,4.08 cmd=0.711,0.667,0.782,0.836 cap=2246,2117,1492,1598 des=2246,2117,1306,1398 app=2212,2099,1279,1364 abs=nil,nil,nil,nil ebrake=1.00 ibrake=1.00 hasABS=0 sy=11.42 split=1.000,0.875 ===
 56.70449|I|libbeamng.print:18052| === LSTM_OBS t=420 4.17957,4.27467,4.40037,4.08121,-0.21633,11.42497,-9.73071,-0.00576,0.00000,0.00000,0.00442,1.00000,0.00000,0.00272,-0.01439,1943.74813,0.25000 ===
 56.75454|I|libbeamng.print:18052| === LSTM_TRACE t=430 v=4.05 ws=3.49,3.84,3.44,3.85 cmd=0.765,0.737,0.768,0.806 cap=1658,1652,1486,1565 des=1658,1652,1300,1369 app=1676,1637,1273,1336 abs=nil,nil,nil,nil ebrake=1.00 ibrake=1.00 hasABS=0 sy=11.27 split=1.000,0.875 ===
 56.75460|I|libbeamng.print:18052| === LSTM_OBS t=430 3.48692,3.83743,3.43778,3.84721,-0.23402,11.26713,-9.72546,0.00445,0.00000,0.00000,0.00198,1.00000,0.00000,0.00267,-0.01357,1753.53381,0.25000 ===
 56.80406|I|libbeamng.print:18052| === LSTM_TRACE t=440 v=3.55 ws=3.20,3.07,3.62,3.09 cmd=0.582,0.552,0.706,0.761 cap=2535,2382,1377,1482 des=2535,2382,1205,1297 app=2495,2359,1179,1264 abs=nil,nil,nil,nil ebrake=1.00 ibrake=1.00 hasABS=0 sy=11.10 split=1.000,0.875 ===
 56.80411|I|libbeamng.print:18052| === LSTM_OBS t=440 3.19694,3.07411,3.62040,3.09356,-0.15309,11.10225,-9.66552,-0.01349,0.00000,0.00000,0.00530,1.00000,0.00000,0.00192,-0.01297,1554.09884,0.25000 ===
 56.85447|I|libbeamng.print:18052| === LSTM_TRACE t=450 v=3.02 ws=2.40,2.74,
