 30.16553|I|libbeamng.print:18052| === LSTM_ABS: lens 'band_g_mix_b1o1_s1' loaded (1 member, 17 in, 64 hidden, 2 layers) ===
 30.16745|I|libbeamng.print:18052| === LSTM_ABS SELFTEST lens=band_g_mix_b1o1_s1 cmd=0.914154,0.894180,0.816587,0.905729 ===
 43.60275|I|libbeamng.print:18052| === LSTM_ABS: lens 'band_g_mix_b1o1_s1' loaded (1 member, 17 in, 64 hidden, 2 layers) ===
 43.60447|I|libbeamng.print:18052| === LSTM_ABS SELFTEST lens=band_g_mix_b1o1_s1 cmd=0.914154,0.894180,0.816587,0.905729 ===
 49.18131|I|libbeamng.print:18052| === LSTM_ABS: lens 'band_g_mix_b1o1_s3' loaded (1 member, 17 in, 64 hidden, 2 layers) ===
 49.18292|I|libbeamng.print:18052| === LSTM_ABS SELFTEST lens=band_g_mix_b1o1_s3 cmd=0.995849,0.997056,0.897185,0.867153 ===
 53.31193|I|libbeamng.print:18052| === LSTM_TRACE t=0 v=27.71 ws=27.66,27.81,27.38,27.44 cmd=0.802,0.810,0.484,0.437 cap=155,155,97,97 des=155,155,85,85 app=142,142,78,78 abs=nil,nil,nil,nil ebrake=1.00 ibrake=1.00 hasABS=0 sy=1.56 split=1.000,0.875 ===
 53.31198|I|libbeamng.print:18052| === LSTM_OBS t=0 27.65754,27.81476,27.37969,27.44108,0.04158,1.55785,-9.77737,-0.00313,0.00000,0.00000,0.00000,1.00000,0.00000,0.00066,-0.00904,7857.18554,0.25000 ===
 53.38905|I|libbeamng.print:18052| === LSTM_TRACE t=10 v=27.37 ws=24.44,23.77,26.61,26.83 cmd=0.885,0.926,0.767,0.754 cap=2754,2880,1466,1438 des=2754,2880,1283,1258 app=2552,2671,1189,1165 abs=nil,nil,nil,nil ebrake=1.00 ibrake=1.00 hasABS=0 sy=2.29 split=1.000,0.875 ===
 53.38910|I|libbeamng.print:18052| === LSTM_OBS t=10 24.43766,23.77379,26.60543,26.83163,0.01267,2.28849,-9.80145,0.01034,0.00000,0.00000,0.00000,1.00000,0.00000,0.00082,-0.01010,7762.55039,0.25000 ===
 53.40526|I|libbeamng.print:18052| === LSTM_ABS DBG raw=22.6597,21.2880,26.2452,26.4272,0.0417,2.8899,-9.7144,0.0131,0.0000,0.0000,0.0027,1.0000,0.0000,0.0007,-0.0116,7685.0039,0.2500 ===
 53.40530|I|libbeamng.print:18052| === LSTM_ABS DBG norm=0.32,0.18,0.51,0.49,-0.12,-2.01,0.00,0.12,0.06,-0.06,0.02,0.59,-0.02,0.00,0.00,3.81,0.00 ===
 53.40531|I|libbeamng.print:18052| === LSTM_ABS DBG cmd=0.7963,0.8638,0.7821,0.7833 ===
 53.43866|I|libbeamng.print:18052| === LSTM_TRACE t=20 v=26.87 ws=21.89,18.85,25.63,25.61 cmd=0.744,0.828,0.795,0.821 cap=2334,2585,1545,1585 des=2334,2585,1352,1387 app=2194,2433,1273,1306 abs=nil,nil,nil,nil ebrake=1.00 ibrake=1.00 hasABS=0 sy=4.27 split=1.000,0.875 ===
 53.43871|I|libbeamng.print:18052| === LSTM_OBS t=20 21.88930,18.85464,25.63310,25.61151,0.05626,4.27213,-9.52169,-0.00410,0.00000,0.00000,0.00329,1.00000,0.00000,0.00087,-0.01392,7490.87835,0.25000 ===
 53.48565|I|libbeamng.print:18052| === LSTM_TRACE t=30 v=26.36 ws=22.45,14.73,24.60,24.53 cmd=0.710,0.781,0.778,0.832 cap=2214,2440,1518,1620 des=2214,2440,1328,1417 app=2104,2315,1266,1351 abs=nil,nil,nil,nil ebrake=1.00 ibrake=1.00 hasABS=0 sy=5.89 split=1.000,0.875 ===
 53.48571|I|libbeamng.print:18052| === LSTM_OBS t=30 22.45356,14.73037,24.60404,24.53201,0.01427,5.89286,-9.39179,0.01198,0.00000,0.00000,0.00354,1.00000,0.00000,0.00142,-0.01661,7183.40214,0.25000 ===
 53.53106|I|libbeamng.print:18052| === LSTM_TRACE t=40 v=25.80 ws=24.09,11.14,24.00,23.64 cmd=0.703,0.738,0.726,0.789 cap=2181,2310,1417,1533 des=2181,2310,1240,1342 app=2090,2202,1191,1289 abs=nil,nil,nil,nil ebrake=1.00 ibrake=1.00 hasABS=0 sy=7.35 split=1.000,0.875 ===
 53.53111|I|libbeamng.print:18052| === LSTM_OBS t=40 24.08718,11.13613,24.00303,23.64076,-0.02030,7.34961,-9.38109,0.02702,0.00000,0.00000,0.00370,1.00000,0.00000,0.00213,-0.01762,6926.51077,0.25000 ===
 53.57815|I|libbeamng.print:18052| === LSTM_TRACE t=50 v=25.26 ws=24.07,8.29,23.59,22.89 cmd=0.694,0.723,0.719,0.768 cap=2102,2178,1387,1497 des=2102,2178,1213,1310 app=2029,2081,1172,1267 abs=nil,nil,nil,nil ebrake=1.00 ibrake=1.00 hasABS=0 sy=8.44 split=1.000,0.875 ===
 53.57820|I|libbeamng.print:18052| === LSTM_OBS t=50 24.07243,8.28773,23.59271,22.89411,-0.02212,8.44046,-9.50302,0.02096,0.00000,0.00000,0.00189,1.00000,0.00000,0.00305,-0.01796,6731.52940,0.25000 ===
 53.62790|I|libbeamng.print:18052| === LSTM_TRACE t=60 v=24.71 ws=23.26,4.65,22.75,22.40 cmd=0.721,0.762,0.777,0.804 cap=2168,2300,1494,1548 des=2168,2300,1307,1354 app=2105,2201,1269,1316 abs=nil,nil,nil,nil ebrake=1.00 ibrake=1.00 hasABS=0 sy=9.17 split=1.000,0.875 ===
 53.62799|I|libbeamng.print:18052| === LSTM_OBS t=60 23.26316,4.64517,22.75004,22.40280,-0.10153,9.17188,-9.67662,0.04048,0.00000,0.00000,0.00293,1.00000,0.00000,0.00365,-0.01775,6542.41828,0.25000 ===
 53.67520|I|libbeamng.print:18052| === LSTM_TRACE t=70 v=24.15 ws=21.34,0.01,21.51,22.09 cmd=0.923,0.946,0.857,0.855 cap=2783,2872,1654,1653 des=2783,2872,1448,1447 app=2715,2745,1411,1412 abs=nil,nil,nil,nil ebrake=1.00 ibrake=1.00 hasABS=0 sy=9.71 split=1.000,0.875 ===
 53.67525|I|libbeamng.print:18052| === LSTM_OBS t=70 21.34430,0.00908,21.50868,22.08920,-0.12356,9.71286,-9.77917,0.03030,0.00000,0.00000,0.00162,1.00000,0.00000,0.00324,-0.01726,6354.11496,0.25000 ===
 53.72321|I|libbeamng.print:18052| === LSTM_TRACE t=80 v=23.62 ws=12.78,0.02,20.44,21.25 cmd=0.987,0.992,0.885,0.872 cap=3056,3074,1700,1693 des=3056,3074,1488,1481 app=2994,2933,1455,1451 abs=nil,nil,nil,nil ebrake=1.00 ibrake=1.00 hasABS=0 sy=10.05 split=1.000,0.875 ===
 53.72325|I|libbeamng.print:18052| === LSTM_OBS t=80 12.78390,0.01719,20.43993,21.24850,-0.19293,10.05055,-9.78091,0.04627,0.00000,0.00000,0.00000,1.00000,0.00000,0.00189,-0.01615,6101.53396,0.25000 ===
 53.77510|I|libbeamng.print:18052| === LSTM_TRACE t=90 v=23.12 ws=0.32,0.03,19.24,20.66 cmd=0.984,0.991,0.894,0.879 cap=3052,3073,1700,1700 des=3052,3073,1488,1488 app=2991,2926,1460,1461 abs=nil,nil,nil,nil ebrake=1.00 ibrake=1.00 hasABS=0 sy=10.07 split=1.000,0.875 ===
 53.77515|I|libbeamng.print:18052| === LSTM_OBS t=90 0.32346,0.03091,19.23854,20.65729,-0.27796,10.06869,-9.72160,0.02603,0.00000,0.00000,0.00285,1.00000,0.00000,0.00183,-0.01489,5831.00780,0.25000 ===
 53.82218|I|libbeamng.print:18052| === LSTM_TRACE t=100 v=22.64 ws=0.13,0.05,17.54,20.48 cmd=0.987,0.993,0.897,0.880 cap=3059,3078,1700,1700 des=3059,3078,1488,1488 app=2992,2927,1462,1464 abs=nil,nil,nil,nil ebrake=1.00 ibrake=1.00 hasABS=0 sy=9.98 split=1.000,0.875 ===
 53.82225|I|libbeamng.print:18052| === LSTM_OBS t=100 0.13099,0.04612,17.53510,20.47516,-0.32277,9.97825,-9.72834,0.00908,0.00000,0.00000,0.00154,1.00000,0.00000,0.00259,-0.01314,5590.45952,0.25000 ===
 53.87224|I|libbeamng.print:18052| === LSTM_TRACE t=110 v=22.16 ws=0.08,0.04,15.89,20.49 cmd=0.987,0.993,0.896,0.879 cap=3058,3078,1700,1700 des=3058,3078,1488,1488 app=2985,2922,1464,1467 abs=nil,nil,nil,nil ebrake=1.00 ibrake=1.00 hasABS=0 sy=9.89 split=1.000,0.875 ===
 53.87228|I|libbeamng.print:18052| === LSTM_OBS t=110 0.07585,0.03981,15.88624,20.48931,-0.27320,9.89410,-9.59613,-0.02064,0.00000,0.00000,0.00091,1.00000,0.00000,0.00215,-0.01105,5342.19371,0.25000 ===
 53.92245|I|libbeamng.print:18052| === LSTM_TRACE t=120 v=21.66 ws=0.04,0.02,14.47,20.36 cmd=0.987,0.993,0.895,0.878 cap=3058,3078,1700,1700 des=3058,3078,1488,1488 app=2979,2917,1466,1470 abs=nil,nil,nil,nil ebrake=1.00 ibrake=1.00 hasABS=0 sy=9.88 split=1.000,0.875 ===
 53.92251|I|libbeamng.print:18052| === LSTM_OBS t=120 0.03744,0.02008,14.47257,20.36081,-0.32809,9.88478,-9.57434,-0.04687,0.00000,0.00000,0.00000,1.00000,0.00000,0.00172,-0.00945,5108.87429,0.25000 ===
 53.97507|I|libbeamng.print:18052| === LSTM_TRACE t=130 v=21.16 ws=0.02,0.01,13.33,20.15 cmd=0.987,0.993,0.894,0.877 cap=3059,3079,1700,1700 des=3059,3079,1488,1488 app=2974,2914,1466,1472 abs=nil,nil,nil,nil ebrake=1.00 ibrake=1.00 hasABS=0 sy=9.91 split=1.000,0.875 ===
 53.97511|I|libbeamng.print:18052| === LSTM_OBS t=130 0.01774,0.01092,13.33369,20.14593,-0.35224,9.91364,-9.64479,-0.05923,0.00000,0.00000,0.00049,1.00000,0.00000,0.00170,-0.00826,4878.03489,0.25000 ===
 54.02219|I|libbeamng.print:18052| === LSTM_TRACE t=140 v=20.66 ws=0.01,0.00,11.98,19.70 cmd=0.987,0.994,0.893,0.876 cap=3061,3080,1700,1700 des=3061,3080,1488,1488 app=2971,2911,1467,1473 abs=nil,nil,nil,nil ebrake=1.00 ibrake=1.00 hasABS=0 sy=9.92 split=1.000,0.875 ===
 54.02233|I|libbeamng.print:18052| === LSTM_OBS t=140 0.00658,0.00111,11.98460,19.70318,-0.33312,9.91794,-9.69307,-0.07641,0.00000,0.00000,0.00049,1.00000,0.00000,0.00146,-0.00732,4661.28036,0.25000 ===
 54.07256|I|libbeamng.print:18052| === LSTM_TRACE t=150 v=20.17 ws=0.00,0.00,10.54,19.33 cmd=0.988,0.994,0.893,0.874 cap=3064,3081,1700,1699 des=3064,3081,1488,1487 app=2967,2909,1466,1474 abs=nil,nil,nil,nil ebrake=1.00 ibrake=1.00 hasABS=0 sy=9.91 split=1.000,0.875 ===
 54.07261|I|libbeamng.print:18052| === LSTM_OBS t=150 0.00224,0.00094,10.53544,19.32763,-0.25483,9.91240,-9.73010,-0.08746,0.00000,0.00000,0.00049,1.00000,0.00000,0.00077,-0.00648,4411.60076,0.25000 ===
 54.12217|I|libbeamng.print:18052| === LSTM_TRACE t=160 v=19.67 ws=0.00,0.00,9.51,18.71 cmd=0.989,0.995,0.893,0.874 cap=3067,3083,1700,1697 des=3067,3083,1488,1485 app=2965,2906,1466,1474 abs=nil,nil,nil,nil ebrake=1.00 ibrake=1.00 hasABS=0 sy=9.92 split=1.000,0.875 ===
 54.12221|I|libbeamng.print:18052| === LSTM_OBS t=160 0.00013,0.00294,9.50946,18.70989,-0.14909,9.92356,-9.75585,-0.08260,0.00000,0.00000,0.00069,1.00000,0.00000,-0.00021,-0.00583,4162.73669,0.25000 ===
 54.17013|I|libbeamng.print:18052| === LSTM_TRACE t=170 v=19.17 ws=0.00,0.00,8.38,18.14 cmd=0.991,0.995,0.892,0.873 cap=3070,3085,1700,1696 des=3070,3085,1488,1484 app=2963,2905,1465,1474 abs=nil,nil,nil,nil ebrake=1.00 ibrake=1.00 hasABS=0 sy=9.95 split=1.000,0.875 ===
 54.17021|I|libbeamng.print:18052| === LSTM_OBS t=170 0.00097,0.00090,8.38347,18.14184,-0.04424,9.94685,-9.77525,-0.07529,0.00000,0.00000,0.00085,1.00000,0.00000,-0.00098,-0.00538,3942.37439,0.25000 ===
 54.22152|I|libbeamng.print:18052| === LSTM_TRACE t=180 v=18.66 ws=0.00,0.00,7.28,17.58 cmd=0.992,0.996,0.892,0.872 cap=3074,3087,1700,1695 des=3074,3087,1488,1483 app=2961,2903,1464,1473 abs=nil,nil,nil,nil ebrake=1.00 ibrake=1.00 hasABS=0 sy=9.98 split=1.000,0.875 ===
 54.22158|I|libbeamng.print:18052| === LSTM_OBS t=180 0.00026,0.00303,7.27771,17.58457,0.06587,9.97981,-9.79805,-0.05976,0.00000,0.00000,0.00085,1.00000,0.00000,-0.00155,-0.00517,3697.22231,0.25000 ===
 54.26968|I|libbeamng.print:18052| === LSTM_TRACE t=190 v=18.16 ws=0.00,0.00,6.10,17.00 cmd=0.993,0.996,0.892,0.872 cap=3077,3088,1700,1695 des=3077,3088,1488,1483 app=2960,2901,1463,1474 abs=nil,nil,nil,nil ebrake=1.00 ibrake=1.00 hasABS=0 sy=9.99 split=1.000,0.875 ===
 54.26973|I|libbeamng.print:18052| === LSTM_OBS t=190 0.00383,0.00333,6.10131,17.00266,0.16914,9.99296,-9.81675,-0.05422,0.00000,0.00000,0.00091,1.00000,0.00000,-0.00185,-0.00504,3448.74360,0.25000 ===
 54.32034|I|libbeamng.print:18052| === LSTM_TRACE t=200 v=17.66 ws=0.01,0.01,4.91,16.24 cmd=0.994,0.997,0.893,0.874 cap=3081,3090,1700,1698 des=3081,3090,1488,1486 app=2959,2900,1462,1477 abs=nil,nil,nil,nil ebrake=1.00 ibrake=1.00 hasABS=0 sy=10.02 split=1.000,0.875 ===
 54.32039|I|libbeamng.print:18052| === LSTM_OBS t=200 0.00941,0.00567,4.91002,16.23836,0.25298,10.02059,-9.83587,-0.03738,0.00000,0.00000,0.00091,1.00000,0.00000,-0.00194,-0.00492,3205.28011,0.25000 ===
 54.36972|I|libbeamng.print:18052| === LSTM_TRACE t=210 v=17.14 ws=0.02,0.02,4.01,15.70 cmd=0.995,0.997,0.896,0.879 cap=3085,3091,1700,1700 des=3085,3091,1488,1488 app=2957,2898,1460,1479 abs=nil,nil,nil,nil ebrake=1.00 ibrake=1.00 hasABS=0 sy=10.06 split=1.000,0.875 ===
 54.36977|I|libbeamng.print:18052| === LSTM_OBS t=210 0.02162,0.02015,4.00691,15.69699,0.31875,10.06199,-9.86938,-0.02637,0.00000,0.00000,0.00091,1.00000,0.00000,-0.00152,-0.00520,2967.12725,0.25000 ===
 54.42024|I|libbeamng.print:18052| === LSTM_TRACE t=220 v=16.66 ws=0.00,0.01,2.83,15.18 cmd=0.996,0.998,0.897,0.885 cap=3089,3092,1700,1700 des=3089,3092,1488,1488 app=2957,2897,1458,1479 abs=nil,nil,nil,nil ebrake=1.00 ibrake=1.00 hasABS=0 sy=10.06 split=1.000,0.875 ===
 54.42035|I|libbeamng.print:18052| === LSTM_OBS t=220 0.00460,0.01030,2.82556,15.17654,0.40903,10.06341,-9.85121,-0.02351,0.00000,0.00000,0.00085,1.00000,0.00000,-0.00124,-0.00574,2725.68019,0.25000 ===
 54.46979|I|libbeamng.print:18052| === LSTM_TRACE t=230 v=16.17 ws=0.00,0.00,1.32,15.29 cmd=0.997,0.998,0.898,0.893 cap=3091,3093,1700,1700 des=3091,3093,1488,1488 app=2955,2895,1455,1479 abs=nil,nil,nil,nil ebrake=1.00 ibrake=1.00 hasABS=0 sy=9.99 split=1.000,0.875 ===
 54.46988|I|libbeamng.print:18052| === LSTM_OBS t=230 0.00400,0.00486,1.31913,15.29118,0.41974,9.99495,-9.88198,-0.02580,0.00000,0.00000,0.00115,1.00000,0.00000,-0.00084,-0.00602,2467.91262,0.25000 ===
 54.52018|I|libbeamng.print:18052| === LSTM_TRACE t=240 v=15.67 ws=0.00,0.01,0.87,13.76 cmd=0.998,0.998,0.900,0.899 cap=3093,3094,1700,1700 des=3093,3094,1488,1488 app=2952,2893,1452,1479 abs=nil,nil,nil,nil ebrake=1.00 ibrake=1.00 hasABS=0 sy=9.95 split=1.000,0.875 ===
 54.52025|I|libbeamng.print:18052| === LSTM_OBS t=240 0.00071,0.01297,0.86863,13.75839,0.42977,9.95151,-9.85824,-0.01724,0.00000,0.00000,0.00176,1.00000,0.00000,-0.00098,-0.00611,2211.81835,0.25000 ===
 54.56697|I|libbeamng.print:18052| === LSTM_TRACE t=250 v=15.16 ws=0.00,0.01,0.16,12.88 cmd=0.998,0.998,0.903,0.903 cap=3094,3094,1700,1700 des=3094,3094,1488,1488 app=2950,2892,1449,1479 abs=nil,nil,nil,nil ebrake=1.00 ibrake=1.00 hasABS=0 sy=9.96 split=1.000,0.875 ===
 54.56701|I|libbeamng.print:18052| === LSTM_OBS t=250 0.00115,0.00503,0.15679,12.87719,0.40394,9.96049,-9.84141,-0.01094,0.00000,0.00000,0.00049,1.00000,0.00000,-0.00013,-0.00628,1993.67885,0.25000 ===
 54.61754|I|libbeamng.print:18052| === LSTM_TRACE t=260 v=14.65 ws=0.00,0.00,0.00,11.09 cmd=0.998,0.998,0.903,0.902 cap=3095,3095,1700,1700 des=3095,3095,1488,1488 app=2947,2890,1446,1479 abs=nil,nil,nil,nil ebrake=1.00 ibrake=1.00 hasABS=0 sy=9.98 split=1.000,0.875 ===
 54.61760|I|libbeamng.print:18052| === LSTM_OBS t=260 0.00079,0.00221,0.00388,11.09265,0.41457,9.98294,-9.77816,-0.00717,0.00000,0.00000,0.00000,1.00000,0.00000,0.00029,-0.00645,1770.19433,0.25000 ===
 54.66757|I|libbeamng.print:18052| === LSTM_TRACE t=270 v=14.15 ws=0.00,0.01,0.03,9.66 cmd=0.998,0.998,0.900,0.898 cap=3095,3095,1700,1700 des=3095,3095,1488,1488 app=2944,2889,1443,1479 abs=nil,nil,nil,nil ebrake=1.00 ibrake=1.00 hasABS=0 sy=10.02 split=1.000,0.875 ===
 54.66762|I|libbeamng.print:18052| === LSTM_OBS t=270 0.00104,0.00518,0.03262,9.66468,0.40461,10.01846,-9.78263,-0.01217,0.00000,0.00000,0.00000,1.00000,0.00000,0.00081,-0.00675,1557.68603,0.25000 ===
 54.71705|I|libbeamng.print:18052| === LSTM_TRACE t=280 v=13.65 ws=0.00,0.00,0.03,7.55 cmd=0.998,0.998,0.891,0.885 cap=3095,3095,1700,1700 des=3095,3095,1488,1488 app=2940,2886,1441,1478 abs=nil,nil,nil,nil ebrake=1.00 ibrake=1.00 hasABS=0 sy=10.02 split=1.000,0.875 ===
 54.71710|I|libbeamng.print:18052| === LSTM_OBS t=280 0.00349,0.00154,0.02772,7.54919,0.39695,10.01806,-9.75678,-0.01400,0.00000,0.00000,0.00091,1.00000,0.00000,0.00094,-0.00702,1339.11689,0.25000 ===
 54.77216|I|libbeamng.print:18052| === LSTM_TRACE t=290 v=13.16 ws=0.01,0.00,0.04,5.61 cmd=0.998,0.998,0.883,0.869 cap=3093,3093,1700,1690 des=3093,3093,1488,1479 app=2936,2883,1438,1468 abs=nil,nil,nil,nil ebrake=1.00 ibrake=1.00 hasABS=0 sy=10.00 split=1.000,0.875 ===
 54.77221|I|libbeamng.print:18052| === LSTM_OBS t=290 0.00760,0.00057,0.04180,5.61193,0.36265,10.00226,-9.74231,-0.01643,0.00000,0.00000,0.00085,1.00000,0.00000,0.00103,-0.00707,1118.46549,0.25000 ===
 54.82142|I|libbeamng.print:18052| === LSTM_TRACE t=300 v=12.65 ws=0.01,0.00,0.01,4.04 cmd=0.997,0.997,0.880,0.863 cap=3092,3091,1700,1677 des=3092,3091,1488,1468 app=2931,2879,1436,1455 abs=nil,nil,nil,nil ebrake=1.00 ibrake=1.00 hasABS=0 sy=10.03 split=1.000,0.875 ===
 54.82154|I|libbeamng.print:18052| === LSTM_OBS t=300 0.00732,0.00092,0.01066,4.03603,0.34909,10.02986,-9.74214,-0.02108,0.00000,0.00000,0.00091,1.00000,0.00000,0.00078,-0.00728,907.41861,0.25000 ===
 54.87072|I|libbeamng.print:18052| === LSTM_TRACE t=310 v=12.13 ws=0.00,0.01,0.02,1.14 cmd=0.997,0.997,0.881,0.862 cap=3092,3090,1700,1675 des=3092,3090,1488,1466 app=2928,2877,1433,1452 abs=nil,nil,nil,nil ebrake=1.00 ibrake=1.00 hasABS=0 sy=10.10 split=1.000,0.875 ===
 54.87082|I|libbeamng.print:18052| === LSTM_OBS t=310 0.00073,0.01189,0.02416,1.13797,0.36080,10.10414,-9.74138,-0.02198,0.00000,0.00000,0.00049,1.00000,0.00000,-0.00019,-0.00793,755.52348,0.25000 ===
 54.92590|I|libbeamng.print:18052| === LSTM_TRACE t=320 v=11.65 ws=0.00,0.00,0.01,0.07 cmd=0.997,0.996,0.879,0.862 cap=3090,3089,1700,1674 des=3090,3089,1488,1465 app=2924,2875,1431,1448 abs=nil,nil,nil,nil ebrake=1.00 ibrake=1.00 hasABS=0 sy=10.03 split=1.000,0.875 ===
 54.92596|I|libbeamng.print:18052| === LSTM_OBS t=320 0.00353,0.00315,0.01096,0.06920,0.26852,10.03025,-9.77963,-0.01158,0.00000,0.00000,0.00176,1.00000,0.00000,-0.00062,-0.00846,732.50029,0.25000 ===
 54.97756|I|libbeamng.print:18052| === LSTM_TRACE t=330 v=11.15 ws=0.00,0.00,0.00,0.09 cmd=0.997,0.997,0.878,0.862 cap=3091,3089,1700,1674 des=3091,3089,1488,1465 app=2922,2874,1429,1446 abs=nil,nil,nil,nil ebrake=1.00 ibrake=1.00 hasABS=0 sy=10.01 split=1.000,0.875 ===
 54.97761|I|libbeamng.print:18052| === LSTM_OBS t=330 0.00270,0.00093,0.00232,0.09004,0.26026,10.01128,-9.76865,-0.00593,0.00000,0.00000,0.00000,1.00000,0.00000,-0.00079,-0.00859,730.08503,0.25000 ===
 55.02419|I|libbeamng.print:18052| === LSTM_TRACE t=340 v=10.64 ws=0.00,0.00,0.04,0.03 cmd=0.997,0.997,0.878,0.861 cap=3091,3089,1700,1674 des=3091,3089,1488,1464 app=2920,2873,1428,1443 abs=nil,nil,nil,nil ebrake=1.00 ibrake=1.00 hasABS=0 sy=10.02 split=1.000,0.875 ===
 55.02426|I|libbeamng.print:18052| === LSTM_OBS t=340 0.00070,0.00015,0.04229,0.02965,0.26152,10.01532,-9.74756,-0.00514,0.00000,0.00000,0.00091,1.00000,0.00000,-0.00113,-0.00864,730.36807,0.25000 ===
 55.07841|I|libbeamng.print:18052| === LSTM_TRACE t=350 v=10.13 ws=0.00,0.00,0.00,0.01 cmd=0.997,0.997,0.878,0.862 cap=3091,3090,1700,1674 des=3091,3090,1488,1465 app=2918,2872,1426,1441 abs=nil,nil,nil,nil ebrake=1.00 ibrake=1.00 hasABS=0 sy=10.05 split=1.000,0.875 ===
 55.07847|I|libbeamng.print:18052| === LSTM_OBS t=350 0.00276,0.00128,0.00464,0.01080,0.26825,10.04776,-9.71540,-0.00092,0.00000,0.00000,0.00085,1.00000,0.00000,-0.00139,-0.00878,728.65424,0.25000 ===
 55.12915|I|libbeamng.print:18052| === LSTM_TRACE t=360 v=9.62 ws=0.00,0.00,0.01,0.00 cmd=0.997,0.997,0.878,0.862 cap=3092,3090,1700,1674 des=3092,3090,1488,1465 app=2916,2871,1425,1438 abs=nil,nil,nil,nil ebrake=1.00 ibrake=1.00 hasABS=0 sy=10.09 split=1.000,0.875 ===
 55.12920|I|libbeamng.print:18052| === LSTM_OBS t=360 0.00354,0.00173,0.01312,0.00310,0.26477,10.09342,-9.70691,0.00181,0.00000,0.00000,0.00104,1.00000,0.00000,-0.00144,-0.00892,728.42435,0.25000 ===
 55.17657|I|libbeamng.print:18052| === LSTM_TRACE t=370 v=9.11 ws=0.00,0.00,0.01,0.01 cmd=0.997,0.997,0.878,0.862 cap=3092,3091,1700,1674 des=3092,3091,1488,1465 app=2915,2871,1424,1437 abs=nil,nil,nil,nil ebrake=1.00 ibrake=1.00 hasABS=0 sy=10.14 split=1.000,0.875 ===
 55.17661|I|libbeamng.print:18052| === LSTM_OBS t=370 0.00195,0.00110,0.00786,0.00725,0.26477,10.14021,-9.70457,0.00436,0.00000,0.00000,0.00085,1.00000,0.00000,-0.00145,-0.00908,725.85937,0.25000 ===
 55.22624|I|libbeamng.print:18052| === LSTM_TRACE t=380 v=8.59 ws=0.00,0.00,0.00,0.00 cmd=0.998,0.997,0.879,0.862 cap=3092,3091,1700,1675 des=3092,3091,1488,1465 app=2913,2870,1422,1435 abs=nil,nil,nil,nil ebrake=1.00 ibrake=1.00 hasABS=0 sy=10.20 split=1.000,0.875 ===
 55.22629|I|libbeamng.print:18052| === LSTM_OBS t=380 0.00153,0.00096,0.00497,0.00408,0.26598,10.20166,-9.70589,0.00641,0.00000,0.00000,0.00104,1.00000,0.00000,-0.00150,-0.00922,728.50113,0.25000 ===
 55.27886|I|libbeamng.print:18052| === LSTM_TRACE t=390 v=8.06 ws=0.00,0.00,0.00,0.00 cmd=0.998,0.997,0.879,0.862 cap=3093,3092,1700,1675 des=3093,3092,1488,1465 app=2912,2870,1421,1433 abs=nil,nil,nil,nil ebrake=1.00 ibrake=1.00 hasABS=0 sy=10.27 split=1.000,0.875 ===
 55.27894|I|libbeamng.print:18052| === LSTM_OBS t=390 0.00226,0.00073,0.00430,0.00053,0.27100,10.26991,-9.70423,0.00859,0.00000,0.00000,0.00091,1.00000,0.00000,-0.00157,-0.00937,727.35648,0.25000 ===
 55.33033|I|libbeamng.print:18052| === LSTM_TRACE t=400 v=7.53 ws=0.00,0.00,0.00,0.00 cmd=0.998,0.998,0.879,0.862 cap=3093,3092,1700,1675 des=3093,3092,1488,1466 app=2910,2869,1420,1431 abs=nil,nil,nil,nil ebrake=1.00 ibrake=1.00 hasABS=0 sy=10.34 split=1.000,0.875 ===
 55.33039|I|libbeamng.print:18052| === LSTM_OBS t=400 0.00001,0.00056,0.00031,0.00263,0.27422,10.34483,-9.70276,0.01016,0.00000,0.00000,0.00091,1.00000,0.00000,-0.00158,-0.00952,729.49018,0.25000 ===
 55.37830|I|libbeamng.print:18052| === LSTM_TRACE t=410 v=7.00 ws=0.00,0.00,0.00,0.00 cmd=0.998,0.998,0.880,0.862 cap=3093,3093,1700,1676 des=3093,3093,1488,1466 app=2909,2869,1419,1430 abs=nil,nil,nil,nil ebrake=1.00 ibrake=1.00 hasABS=0 sy=10.43 split=1.000,0.875 ===
 55.37835|I|libbeamng.print:18052| === LSTM_OBS t=410 0.00385,0.00103,0.00022,0.00246,0.27484,10.43084,-9.69959,0.01224,0.00000,0.00000,0.00091,1.00000,0.00000,-0.00159,-0.00970,727.19389,0.25000 ===
 55.43638|I|libbeamng.print:18052| === LSTM_TRACE t=420 v=6.45 ws=0.00,0.00,0.00,0.00 cmd=0.998,0.998,0.880,0.863 cap=3094,3093,1700,1676 des=3094,3093,1488,1467 app=2908,2869,1419,1429 abs=nil,nil,nil,nil ebrake=1.00 ibrake=1.00 hasABS=0 sy=10.55 split=1.000,0.875 ===
 55.43645|I|libbeamng.print:18052| === LSTM_OBS t=420 0.00042,0.00185,0.00069,0.00295,0.27519,10.54986,-9.69605,0.01360,0.00000,0.00000,0.00091,1.00000,0.00000,-0.00158,-0.00992,729.73011,0.25000 ===
 55.48268|I|libbeamng.print:18052| === LSTM_TRACE t=430 v=5.90 ws=0.00,0.00,0.00,0.00 cmd=0.998,0.998,0.881,0.863 cap=3094,3093,1700,1676 des=3094,3093,1488,1467 app=2907,2868,1418,1428 abs=nil,nil,nil,nil ebrake=1.00 ibrake=1.00 hasABS=0 sy=10.66 split=1.000,0.875 ===
 55.48273|I|libbeamng.print:18052| === LSTM_OBS t=430 0.00181,0.00024,0.00387,0.00049,0.27571,10.66384,-9.69672,0.01554,0.00000,0.00000,0.00091,1.00000,0.00000,-0.00158,-0.01016,726.65506,0.25000 ===
 55.53355|I|libbeamng.print:18052| === LSTM_TRACE t=440 v=5.35 ws=0.00,0.00,0.00,0.00 cmd=0.998,0.998,0.881,0.863 cap=3094,3094,1700,1677 des=3094,3094,1488,1467 app=2906,2868,1417,1427 abs=nil,nil,nil,nil ebrake=1.00 ibrake=1.00 hasABS=0 sy=10.77 split=1.000,0.875 ===
 55.53361|I|libbeamng.print:18052| === LSTM_OBS t=440 0.00084,0.00162,0.00315,0.00022,0.27656,10.76836,-9.70002,0.01620,0.00000,0.00000,0.00115,1.00000,0.00000,-0.00157,-0.01040,728.76891,0.25000 ===
 55.58311|I|libbeamng.print:18052| === LSTM_TRACE t=450 v=4.79 ws=0.00,0.00,0.00,0.00 cmd=0.998,0.998,0.882,0.863 cap=3095,3094,1700,1677 des=3095,3094,1488,1467 app=2905,2868,1417,1426 abs=nil,nil,nil,nil ebrake=1.00 ibrake=1.00 hasABS=0 sy=10.87 split=1.000,0.875 ===
 55.58316|I|libbeamng.print:18052| === LSTM_OBS t=450 0.00442,0.00056,0.00399,0.00016,0.27353,10.87108,-9.70209,0.01627,0.00000,0.00000,0.00115,1.00000,0.00000,-0.00157,-0.01060,725.08627,0.25000 ===
 55.62862|I|libbeamng.print:18052| === LSTM_TRACE t=460 v=4.22 ws=0.00,0.00,0.00,0.01 cmd=0.998,0.998,0.883,0.864 cap=3095,3094,1700,1678 des=3095,3094,1488,1468 app=2904,2867,1416,1425 abs=nil,nil,nil,nil ebrake=1.00 ibrake=1.00 hasABS=0 sy=11.00 split=1.000,0.875 ===
 55.62869|I|libbeamng.print:18052| === LSTM_OBS t=460 0.00098,0.00208,0.00294,0.00657,0.27424,10.99907,-9.70831,0.01685,0.00000,0.00000,0.00124,1.00000,0.00000,-0.00155,-0.01088,726.71585,0.25000 ===
 55.67712|I|libbeamng.print:18052| === LSTM_TRACE t=470 v=3.65 ws=0.00,0.00,0.01,0.00 cmd=0.998,0.998,0.883,0.864 cap=3095,3095,1700,1678 des=3095,3095,1488,1468 app=2903,2867,1416,1424 abs=nil,nil,nil,nil ebrake=1.00 ibrake=1.00 hasABS=0 sy=11.12 split=1.000,0.875 ===
 55.67717|I|libbeamng.print:18052| === LSTM_OBS t=470 0.00291,0.00092,0.00660,0.00377,0.27199,11.12316,-9.70477,0.01726,0.00000,0.00000,0.00115,1.00000,0.00000,-0.00158,-0.01121,725.75922,0.25000 ===
 55.72248|I|libbeamng.print:18052| === LSTM_TRACE t=480 v=3.07 ws=0.00,0.00,0.00,0.00 cmd=0.999,0.998,0.884,0.864 cap=3095,3095,1700,1678 des=3095,3095,1488,1468 app=2902,2867,1415,1424 abs=nil,nil,nil,nil ebrake=1.00 ibrake=1.00 hasABS=0 sy=11.24 split=1.000,0.875 ===
 55.72252|I|libbeamng.print:18052| === LSTM_OBS t=480 0.00122,0.00158,0.00030,0.00247,0.26800,11.23780,-9.69699,0.01688,0.00000,0.00000,0.00115,1.00000,0.00000,-0.00157,-0.01150,728.41655,0.25000 ===
 55.76805|I|libbeamng.print:18052| === LSTM_TRACE t=490 v=2.49 ws=0.00,0.00,0.01,0.00 cmd=0.999,0.999,0.885,0.864 cap=3096,3095,1700,1678 des=3096,3095,1488,1468 app=2902,2867,1415,1423 abs=nil,nil,nil,nil ebrake=1.00 ibrake=1.00 hasABS=0 sy=11.34 split=1.000,0.875 ===
 55.76810|I|libbeamng.print:18052| === LSTM_OBS t=490 0.00417,0.00096,0.00847,0.00188,0.26345,11.33723,-9.69039,0.01600,0.00000,0.00000,0.00115,1.00000,0.00000,-0.00153,-0.01171,726.45611,0.25000 ===
 55.81842|I|libbeamng.print:18052| === LSTM_TRACE t=500 v=1.90 ws=0.00,0.00,0.04,0.00 cmd=0.999,0.999,0.885,0.864 cap=3096,3096,1700,1679 des=3096,3096,1488,1469 app=2901,2867,1415,1423 abs=nil,nil,nil,nil ebrake=1.00 ibrake=1.00 hasABS=0 sy=11.44 split=1.000,0.875 ===
 55.81850|I|libbeamng.print:18052| === LSTM_OBS t=500 0.00100,0.00166,0.03618,0.00338,0.25865,11.44457,-9.67941,0.01436,0.00000,0.00000,0.00124,1.00000,0.00000,-0.00147,-0.01185,729.80437,0.25000 ===
 55.86419|I|libbeamng.print:18052| === LSTM_TRACE t=510 v=1.31 ws=0.00,0.00,0.78,0.15 cmd=0.999,0.999,0.887,0.862 cap=3096,3096,1700,1676 des=3096,3096,1488,1466 app=2900,2866,1415,1420 abs=nil,nil,nil,nil ebrake=1.00 ibrake=1.00 hasABS=0 sy=11.54 split=1.000,0.875 ===
 55.86425|I|libbeamng.print:18052| === LSTM_OBS t=510 0.00121,0.00106,0.77699,0.15206,0.25101,11.54283,-9.67363,0.01233,0.00000,0.00000,0.00115,1.00000,0.00000,-0.00137,-0.01194,726.96192,0.25000 ===
 55.91394|I|libbeamng.print:18052| === LSTM_TRACE t=520 v=0.73 ws=0.00,0.00,0.50,0.04 cmd=0.999,0.999,0.887,0.863 cap=3096,3096,1700,1675 des=3096,3096,1488,1466 app=2900,2866,1415,1419 abs=nil,nil,nil,nil ebrake=1.00 ibrake=1.00 hasABS=0 sy=11.61 split=1.000,0.875 ===
 55.91399|I|libbeamng.print:18052| === LSTM_OBS t=520 0.00045,0.00251,0.50193,0.03623,0.23059,11.60755,-9.68010,-0.00362,0.00000,0.00000,0.00115,1.00000,0.00000,-0.00110,-0.01201,730.77689,0.25000 ===
 63.87983|I|libbeamng.print:18052| === LSTM_TRACE t=0 v=27.71 ws=27.79,27.91,27.38,27.55 cmd=0.807,0.814,0.484,0.437 cap=155,155,97,97 des=155,155,85,85 app=72,72,40,41 abs=nil,nil,nil,nil ebrake=1.00 ibrake=1.00 hasABS=0 sy=1.56 split=1.000,0.875 ===
 63.87992|I|libbeamng.print:18052| === LSTM_OBS t=0 27.78921,27.90985,27.37661,27.55485,0.02306,1.56202,-9.76666,-0.00786,0.00000,0.00000,0.00000,1.00000,0.00000,0.00072,-0.00901,7857.76046,0.25000 ===
 63.93791|I|libbeamng.print:18052| === LSTM_TRACE t=10 v=27.38 ws=24.39,23.64,26.75,26.78 cmd=0.882,0.926,0.763,0.750 cap=2746,2881,1461,1430 des=2746,2881,1278,1251 app=2585,2692,1220,1210 abs=nil,nil,nil,nil ebrake=1.00 ibrake=1.00 hasABS=0 sy=2.19 split=1.000,0.875 ===
 63.93799|I|libbeamng.print:18052| === LSTM_OBS t=10 24.38810,23.64129,26.75316,26.78461,0.02539,2.19375,-9.80895,-0.00797,0.00000,0.00000,0.00000,1.00000,0.00000,0.00079,-0.01006,7768.67511,0.25000 ===
 63.96342|I|libbeamng.print:18052| === LSTM_ABS DBG raw=22.3922,21.1432,26.2343,26.2937,0.0306,3.1092,-9.6738,0.0113,0.0000,0.0000,0.0030,1.0000,0.0000,0.0007,-0.0115,7661.5040,0.2500 ===
 63.96347|I|libbeamng.print:18052| === LSTM_ABS DBG norm=0.31,0.17,0.51,0.49,-0.13,-1.95,0.00,0.10,0.06,-0.06,0.04,0.59,-0.02,0.00,0.00,3.79,0.00 ===
 63.96348|I|libbeamng.print:18052| === LSTM_ABS DBG cmd=0.7929,0.8658,0.7805,0.7856 ===
 63.99832|I|libbeamng.print:18052| === LSTM_TRACE t=20 v=26.89 ws=21.43,18.46,25.53,25.53 cmd=0.753,0.838,0.802,0.828 cap=2357,2615,1558,1599 des=2357,2615,1363,1399 app=2247,2478,1316,1365 abs=nil,nil,nil,nil ebrake=1.00 ibrake=1.00 hasABS=0 sy=4.26 split=1.000,0.875 ===
 63.99838|I|libbeamng.print:18052| === LSTM_OBS t=20 21.42589,18.46111,25.53345,25.53015,0.03345,4.25890,-9.56720,0.00283,0.00000,0.00000,0.00305,1.00000,0.00000,0.00096,-0.01387,7490.16571,0.25000 ===
 64.05136|I|libbeamng.print:18052| === LSTM_TRACE t=30 v=26.38 ws=21.61,14.12,24.66,24.38 cmd=0.735,0.810,0.789,0.843 cap=2314,2547,1538,1641 des=2314,2547,1346,1436 app=2224,2431,1309,1410 abs=nil,nil,nil,nil ebrake=1.00 ibrake=1.00 hasABS=0 sy=5.87 split=1.000,0.875 ===
 64.05148|I|libbeamng.print:18052| === LSTM_OBS t=30 21.61018,14.12217,24.66285,24.37990,0.01057,5.86626,-9.43492,0.00715,0.00000,0.00000,0.00305,1.00000,0.00000,0.00161,-0.01653,7176.72921,0.25000 ===
 64.09852|I|libbeamng.print:18052| === LSTM_TRACE t=40 v=25.82 ws=23.33,9.90,23.95,23.27 cmd=0.715,0.769,0.772,0.834 cap=2243,2418,1504,1623 des=2243,2418,1316,1420 app=2168,2316,1287,1400 abs=nil,nil,nil,nil ebrake=1.00 ibrake=1.00 hasABS=0 sy=7.15 split=1.000,0.875 ===
 64.09857|I|libbeamng.print:18052| === LSTM_OBS t=40 23.32600,9.89855,23.94926,23.27425,-0.01083,7.14780,-9.40690,0.02884,0.00000,0.00000,0.00391,1.00000,0.00000,0.00224,-0.01737,6925.48431,0.25000 ===
 64.14930|I|libbeamng.print:18052| === LSTM_TRACE t=50 v=25.26 ws=24.09,5.75,23.31,22.41 cmd=0.698,0.751,0.773,0.829 cap=2033,2220,1497,1603 des=2033,2220,1310,1402 app=1978,2131,1286,1386 abs=nil,nil,nil,nil ebrake=1.00 ibrake=1.00 hasABS=0 sy=8.36 split=1.000,0.875 ===
 64.14936|I|libbeamng.print:18052| === LSTM_OBS t=50 24.09226,5.75414,23.30813,22.41116,-0.04938,8.36270,-9.55539,0.04350,0.00000,0.00000,0.00315,1.00000,0.00000,0.00300,-0.01756,6680.23703,0.25000 ===
 64.19633|I|libbeamng.print:18052| === LSTM_TRACE t=60 v=24.71 ws=22.97,0.74,22.62,21.58 cmd=0.786,0.841,0.817,0.843 cap=2333,2514,1578,1636 des=2333,2514,1380,1431 app=2281,2413,1360,1418 abs=nil,nil,nil,nil ebrake=1.00 ibrake=1.00 hasABS=0 sy=9.18 split=1.000,0.875 ===
 64.19641|I|libbeamng.print:18052| === LSTM_OBS t=60 22.97472,0.74198,22.62335,21.58090,-0.06210,9.18047,-9.72152,0.03005,0.00000,0.00000,0.00244,1.00000,0.00000,0.00323,-0.01700,6451.90428,0.25000 ===
 64.24228|I|libbeamng.print:18052| === LSTM_TRACE t=70 v=24.16 ws=18.44,0.09,21.84,20.64 cmd=0.950,0.967,0.870,0.866 cap=2925,2982,1685,1678 des=2925,2982,1475,1468 app=2872,2857,1456,1457 abs=nil,nil,nil,nil ebrake=1.00 ibrake=1.00 hasABS=0 sy=9.69 split=1.000,0.875 ===
 64.24236|I|libbeamng.print:18052| === LSTM_OBS t=70 18.44417,0.08825,21.84146,20.64118,-0.09455,9.69462,-9.82109,0.05778,0.00000,0.00000,0.00069,1.00000,0.00000,0.00201,-0.01589,6245.93714,0.25000 ===
 64.31570|I|libbeamng.print:18052| === LSTM_TRACE t=80 v=23.64 ws=7.74,0.02,20.99,19.74 cmd=0.986,0.992,0.888,0.873 cap=3057,3075,1700,1695 des=3057,3075,1488,1483 app=3009,2942,1472,1474 abs=nil,nil,nil,nil ebrake=1.00 ibrake=1.00 hasABS=0 sy=9.99 split=1.000,0.875 ===
 64.31582|I|libbeamng.print:18052| === LSTM_OBS t=80 7.73599,0.02215,20.99202,19.74241,-0.21080,9.98633,-9.81502,0.05857,0.00000,0.00000,0.00000,1.00000,0.00000,0.00170,-0.01474,5990.84414,0.25000 ===
 64.36240|I|libbeamng.print:18052| === LSTM_TRACE t=90 v=23.16 ws=0.04,0.03,19.78,19.11 cmd=0.986,0.992,0.896,0.880 cap=3055,3075,1700,1700 des=3055,3075,1488,1488 app=3004,2937,1475,1480 abs=nil,nil,nil,nil ebrake=1.00 ibrake=1.00 hasABS=0 sy=9.97 split=1.000,0.875 ===
 64.36249|I|libbeamng.print:18052| === LSTM_OBS t=90 0.04447,0.02523,19.77789,19.11350,-0.32570,9.97333,-9.76026,0.04083,0.00000,0.00000,0.00453,1.00000,0.00000,0.00220,-0.01348,5720.93569,0.25000 ===
 64.40606|I|libbeamng.print:18052| === LSTM_TRACE t=100 v=22.67 ws=0.04,0.01,18.58,18.67 cmd=0.987,0.993,0.897,0.880 cap=3060,3078,1700,1700 des=3060,3078,1488,1488 app=3004,2936,1477,1482 abs=nil,nil,nil,nil ebrake=1.00 ibrake=1.00 hasABS=0 sy=9.88 split=1.000,0.875 ===
 64.40612|I|libbeamng.print:18052| === LSTM_OBS t=100 0.04056,0.01013,18.57647,18.66904,-0.24583,9.87941,-9.66189,0.02424,0.00000,0.00000,0.00000,1.00000,0.00000,0.00191,-0.01163,5482.98310,0.25000 ===
 64.45380|I|libbeamng.print:18052| === LSTM_TRACE t=110 v=22.18 ws=0.03,0.03,17.74,17.96 cmd=0.987,0.993,0.897,0.880 cap=3059,3078,1700,1700 des=3059,3078,1488,1488 app=2998,2932,1478,1483 abs=nil,nil,nil,nil ebrake=1.00 ibrake=1.00 hasABS=0 sy=9.84 split=1.000,0.875 ===
 64.45387|I|libbeamng.print:18052| === LSTM_OBS t=110 0.03030,0.02877,17.73674,17.95641,-0.24613,9.84205,-9.59929,0.00977,0.00000,0.00000,0.00216,1.00000,0.00000,0.00105,-0.00977,5231.35903,0.25000 ===
 64.50366|I|libbeamng.print:18052| === LSTM_TRACE t=120 v=21.68 ws=0.02,0.02,16.80,17.08 cmd=0.987,0.993,0.897,0.880 cap=3060,3079,1700,1700 des=3060,3079,1488,1488 app=2994,2928,1479,1483 abs=nil,nil,nil,nil ebrake=1.00 ibrake=1.00 hasABS=0 sy=9.89 split=1.000,0.875 ===
 64.50373|I|libbeamng.print:18052| === LSTM_OBS t=120 0.01642,0.01981,16.79614,17.07792,-0.28459,9.89085,-9.65034,-0.00237,0.00000,0.00000,0.00176,1.00000,0.00000,0.00105,-0.00838,4996.80489,0.25000 ===
 64.55393|I|libbeamng.print:18052| === LSTM_TRACE t=130 v=21.17 ws=0.02,0.02,15.88,16.41 cmd=0.988,0.994,0.897,0.880 cap=3061,3080,1700,1700 des=3061,3080,1488,1488 app=2991,2926,1480,1484 abs=nil,nil,nil,nil ebrake=1.00 ibrake=1.00 hasABS=0 sy=9.94 split=1.000,0.875 ===
 64.55401|I|libbeamng.print:18052| === LSTM_OBS t=130 0.01828,0.01509,15.87977,16.40847,-0.28331,9.94438,-9.70795,-0.01434,0.00000,0.00000,0.00210,1.00000,0.00000,0.00104,-0.00729,4795.07725,0.25000 ===
 64.60275|I|libbeamng.print:18052| === LSTM_TRACE t=140 v=20.67 ws=0.01,0.01,14.92,16.21 cmd=0.988,0.994,0.897,0.880 cap=3064,3081,1700,1700 des=3064,3081,1488,1488 app=2989,2924,1480,1485 abs=nil,nil,nil,nil ebrake=1.00 ibrake=1.00 hasABS=0 sy=10.00 split=1.000,0.875 ===
 64.60282|I|libbeamng.print:18052| === LSTM_OBS t=140 0.00570,0.00737,14.91537,16.20940,-0.27485,9.99586,-9.74454,-0.02178,0.00000,0.00000,0.00216,1.00000,0.00000,0.00097,-0.00659,4563.85105,0.25000 ===
 64.64702|I|libbeamng.print:18052| === LSTM_TRACE t=150 v=20.16 ws=0.00,0.00,13.62,15.41 cmd=0.989,0.995,0.896,0.879 cap=3067,3083,1700,1700 des=3067,3083,1488,1488 app=2987,2922,1481,1485 abs=nil,nil,nil,nil ebrake=1.00 ibrake=1.00 hasABS=0 sy=10.04 split=1.000,0.875 ===
 64.64715|I|libbeamng.print:18052| === LSTM_OBS t=150 0.00299,0.00388,13.62054,15.40591,-0.25573,10.03555,-9.78607,-0.03546,0.00000,0.00000,0.00224,1.00000,0.00000,0.00079,-0.00616,4359.05886,0.25000 ===
 64.70548|I|libbeamng.print:18052| === LSTM_TRACE t=160 v=19.65 ws=0.00,0.00,12.55,15.06 cmd=0.990,0.995,0.896,0.879 cap=3070,3084,1700,1700 des=3070,3084,1488,1488 app=2986,2920,1481,1485 abs=nil,nil,nil,nil ebrake=1.00 ibrake=1.00 hasABS=0 sy=10.06 split=1.000,0.875 ===
 64.70565|I|libbeamng.print:18052| === LSTM_OBS t=160 0.00297,0.00227,12.55121,15.05633,-0.24903,10.06293,-9.81365,-0.03727,0.00000,0.00000,0.00234,1.00000,0.00000,0.00065,-0.00595,4122.53788,0.25000 ===
 64.74458|I|libbeamng.print:18052| === LSTM_TRACE t=170 v=19.15 ws=0.00,0.00,11.36,14.70 cmd=0.991,0.995,0.896,0.878 cap=3072,3086,1700,1700 des=3072,3086,1488,1488 app=2984,2919,1481,1486 abs=nil,nil,nil,nil ebrake=1.00 ibrake=1.00 hasABS=0 sy=10.06 split=1.000,0.875 ===
 64.74466|I|libbeamng.print:18052| === LSTM_OBS t=170 0.00002,0.00227,11.35580,14.70157,-0.21054,10.05513,-9.82025,-0.04255,0.00000,0.00000,0.00229,1.00000,0.00000,0.00054,-0.00587,3903.41843,0.25000 ===
 64.78343|I|libbeamng.print:18052| === LSTM_TRACE t=180 v=18.65 ws=0.00,0.00,9.99,14.61 cmd=0.992,0.996,0.896,0.876 cap=3075,3087,1700,1700 des=3075,3087,1488,1488 app=2982,2917,1480,1486 abs=nil,nil,nil,nil ebrake=1.00 ibrake=1.00 hasABS=0 sy=10.03 split=1.000,0.875 ===
 64.78348|I|libbeamng.print:18052| === LSTM_OBS t=180 0.00313,0.00073,9.98858,14.60526,-0.17102,10.02951,-9.81974,-0.05270,0.00000,0.00000,0.00239,1.00000,0.00000,0.00040,-0.00576,3650.02243,0.25000 ===
 64.82383|I|libbeamng.print:18052| === LSTM_TRACE t=190 v=18.16 ws=0.00,0.00,8.70,14.17 cmd=0.993,0.996,0.895,0.874 cap=3077,3088,1700,1698 des=3077,3088,1488,1486 app=2980,2916,1480,1484 abs=nil,nil,nil,nil ebrake=1.00 ibrake=1.00 hasABS=0 sy=10.00 split=1.000,0.875 ===
 64.82389|I|libbeamng.print:18052| === LSTM_OBS t=190 0.00054,0.00175,8.70276,14.16610,-0.12324,10.00123,-9.80434,-0.05807,0.00000,0.00000,0.00244,1.00000,0.00000,0.00023,-0.00570,3403.01239,0.25000 ===
 64.86501|I|libbeamng.print:18052| === LSTM_TRACE t=200 v=17.67 ws=0.00,0.00,7.13,14.21 cmd=0.994,0.997,0.894,0.871 cap=3080,3089,1700,1692 des=3080,3089,1488,1481 app=2979,2914,1479,1480 abs=nil,nil,nil,nil ebrake=1.00 ibrake=1.00 hasABS=0 sy=9.97 split=1.000,0.875 ===
 64.86508|I|libbeamng.print:18052| === LSTM_OBS t=200 0.00329,0.00285,7.12924,14.20784,-0.07990,9.97438,-9.78305,-0.06161,0.00000,0.00000,0.00249,1.00000,0.00000,0.00010,-0.00560,3165.23678,0.25000 ===
 64.91208|I|libbeamng.print:18052| === LSTM_TRACE t=210 v=17.17 ws=0.00,0.00,5.14,13.98 cmd=0.995,0.997,0.895,0.874 cap=3083,3090,1700,1697 des=3083,3090,1488,1485 app=2979,2913,1478,1484 abs=nil,nil,nil,nil ebrake=1.00 ibrake=1.00 hasABS=0 sy=9.95 split=1.000,0.875 ===
 64.91216|I|libbeamng.print:18052| === LSTM_OBS t=210 0.00249,0.00020,5.14069,13.97546,-0.04930,9.95483,-9.76248,-0.06261,0.00000,0.00000,0.00254,1.00000,0.00000,-0.00011,-0.00546,2916.65873,0.25000 ===
 64.95743|I|libbeamng.print:18052| === LSTM_TRACE t=220 v=16.65 ws=0.01,0.02,3.73,13.55 cmd=0.996,0.997,0.895,0.882 cap=3087,3091,1700,1700 des=3087,3091,1488,1488 app=2979,2911,1477,1486 abs=nil,nil,nil,nil ebrake=1.00 ibrake=1.00 hasABS=0 sy=10.00 split=1.000,0.875 ===
 64.95748|I|libbeamng.print:18052| === LSTM_OBS t=220 0.00776,0.01755,3.73156,13.54919,-0.01628,9.99538,-9.80312,-0.06805,0.00000,0.00000,0.00256,1.00000,0.00000,0.00011,-0.00565,2690.08073,0.25000 ===
 65.01149|I|libbeamng.print:18052| === LSTM_TRACE t=230 v=16.17 ws=0.01,0.01,2.21,13.50 cmd=0.997,0.998,0.894,0.894 cap=3091,3092,1700,1700 des=3091,3092,1488,1488 app=2980,2911,1476,1487 abs=nil,nil,nil,nil ebrake=1.00 ibrake=1.00 hasABS=0 sy=10.01 split=1.000,0.875 ===
 65.01157|I|libbeamng.print:18052| === LSTM_OBS t=230 0.00890,0.01036,2.20883,13.50276,0.07709,10.01129,-9.81621,-0.07553,0.00000,0.00000,0.00265,1.00000,0.00000,0.00022,-0.00618,2445.40755,0.25000 ===
 65.06076|I|libbeamng.print:18052| === LSTM_TRACE t=240 v=15.68 ws=0.00,0.01,0.76,13.15 cmd=0.998,0.998,0.897,0.903 cap=3093,3093,1700,1700 des=3093,3093,1488,1488 app=2979,2909,1474,1487 abs=nil,nil,nil,nil ebrake=1.00 ibrake=1.00 hasABS=0 sy=9.95 split=1.000,0.875 ===
 65.06081|I|libbeamng.print:18052| === LSTM_OBS t=240 0.00096,0.00510,0.75957,13.15048,0.11881,9.95315,-9.84356,-0.07579,0.00000,0.00000,0.00265,1.00000,0.00000,0.00036,-0.00654,2189.97421,0.25000 ===
 65.11131|I|libbeamng.print:18052| === LSTM_TRACE t=250 v=15.19 ws=0.00,0.01,0.12,12.67 cmd=0.998,0.998,0.901,0.909 cap=3094,3093,1700,1700 des=3094,3093,1488,1488 app=2977,2908,1472,1487 abs=nil,nil,nil,nil ebrake=1.00 ibrake=1.00 hasABS=0 sy=9.84 split=1.000,0.875 ===
 65.11141|I|libbeamng.print:18052| === LSTM_OBS t=250 0.00002,0.00849,0.12302,12.66733,0.18028,9.83521,-9.75433,-0.07321,0.00000,0.00000,0.00311,1.00000,0.00000,-0.00026,-0.00639,1909.07955,0.25000 ===
 65.16073|I|libbeamng.print:18052| === LSTM_TRACE t=260 v=14.70 ws=0.01,0.00,0.03,10.57 cmd=0.998,0.998,0.904,0.911 cap=3095,3094,1700,1700 des=3095,3094,1488,1488 app=2975,2907,1470,1487 abs=nil,nil,nil,nil ebrake=1.00 ibrake=1.00 hasABS=0 sy=9.84 split=1.000,0.875 ===
 65.16078|I|libbeamng.print:18052| === LSTM_OBS t=260 0.00763,0.00310,0.03194,10.57352,0.19893,9.83547,-9.78640,-0.07209,0.00000,0.00000,0.00210,1.00000,0.00000,-0.00034,-0.00634,1693.78211,0.25000 ===
 65.21425|I|libbeamng.print:18052| === LSTM_TRACE t=270 v=14.21 ws=0.01,0.00,0.00,9.13 cmd=0.999,0.998,0.904,0.911 cap=3095,3095,1700,1700 des=3095,3095,1488,1488 app=2972,2905,1468,1486 abs=nil,nil,nil,nil ebrake=1.00 ibrake=1.00 hasABS=0 sy=9.83 split=1.000,0.875 ===
 65.21431|I|libbeamng.print:18052| === LSTM_OBS t=270 0.01448,0.00132,0.00331,9.12990,0.23336,9.83273,-9.78079,-0.07320,0.00000,0.00000,0.00204,1.00000,0.00000,0.00017,-0.00668,1471.89243,0.25000 ===
 65.26671|I|libbeamng.print:18052| === LSTM_TRACE t=280 v=13.72 ws=0.00,0.01,0.01,6.86 cmd=0.999,0.998,0.902,0.909 cap=3096,3094,1700,1700 des=3096,3094,1488,1488 app=2970,2904,1466,1486 abs=nil,nil,nil,nil ebrake=1.00 ibrake=1.00 hasABS=0 sy=9.81 split=1.000,0.875 ===
 65.26676|I|libbeamng.print:18052| === LSTM_OBS t=280 0.00450,0.00563,0.01132,6.85961,0.27747,9.81417,-9.77054,-0.07601,0.00000,0.00000,0.00249,1.00000,0.00000,0.00031,-0.00695,1253.57855,0.25000 ===
 65.31709|I|libbeamng.print:18052| === LSTM_TRACE t=290 v=13.23 ws=0.01,0.00,0.00,4.66 cmd=0.998,0.998,0.897,0.900 cap=3095,3093,1700,1700 des=3095,3093,1488,1488 app=2967,2901,1464,1485 abs=nil,nil,nil,nil ebrake=1.00 ibrake=1.00 hasABS=0 sy=9.79 split=1.000,0.875 ===
 65.31714|I|libbeamng.print:18052| === LSTM_OBS t=290 0.00825,0.00218,0.00050,4.65738,0.32187,9.79142,-9.75283,-0.08036,0.00000,0.00000,0.00270,1.00000,0.00000,0.00020,-0.00712,1033.08416,0.25000 ===
 65.36818|I|libbeamng.print:18052| === LSTM_TRACE t=300 v=12.74 ws=0.02,0.01,0.03,2.84 cmd=0.997,0.996,0.889,0.884 cap=3091,3089,1700,1700 des=3091,3089,1488,1488 app=2961,2896,1463,1485 abs=nil,nil,nil,nil ebrake=1.00 ibrake=1.00 hasABS=0 sy=9.81 split=1.000,0.875 ===
 65.36823|I|libbeamng.print:18052| === LSTM_OBS t=300 0.02077,0.00916,0.02546,2.84051,0.34316,9.81104,-9.77194,-0.07900,0.00000,0.00000,0.00297,1.00000,0.00000,-0.00047,-0.00756,829.50766,0.25000 ===
 65.41847|I|libbeamng.print:18052| === LSTM_TRACE t=310 v=12.25 ws=0.00,0.01,0.02,0.32 cmd=0.995,0.994,0.882,0.871 cap=3085,3081,1700,1694 des=3085,3081,1488,1483 app=2952,2887,1461,1479 abs=nil,nil,nil,nil ebrake=1.00 ibrake=1.00 hasABS=0 sy=9.81 split=1.000,0.875 ===
 65.41853|I|libbeamng.print:18052| === LSTM_OBS t=310 0.00216,0.00529,0.01822,0.31825,0.36349,9.81018,-9.77559,-0.07687,0.00000,0.00000,0.00234,1.00000,0.00000,-0.00129,-0.00848,738.11671,0.25000 ===
 65.47049|I|libbeamng.print:18052| === LSTM_TRACE t=320 v=11.77 ws=0.01,0.00,0.06,0.04 cmd=0.993,0.991,0.879,0.866 cap=3078,3073,1700,1683 des=3078,3073,1488,1472 app=2944,2879,1460,1467 abs=nil,nil,nil,nil ebrake=1.00 ibrake=1.00 hasABS=0 sy=9.74 split=1.000,0.875 ===
 65.47058|I|libbeamng.print:18052| === LSTM_OBS t=320 0.01102,0.00179,0.05572,0.04327,0.34294,9.73574,-9.75745,-0.07729,0.00000,0.00000,0.00378,1.00000,0.00000,-0.00152,-0.00862,728.90496,0.25000 ===
 65.52483|I|libbeamng.print:18052| === LSTM_TRACE t=330 v=11.29 ws=0.01,0.01,0.04,0.02 cmd=0.993,0.991,0.878,0.865 cap=3077,3072,1700,1680 des=3077,3072,1488,1470 app=2941,2877,1458,1463 abs=nil,nil,nil,nil ebrake=1.00 ibrake=1.00 hasABS=0 sy=9.73 split=1.000,0.875 ===
 65.52488|I|libbeamng.print:18052| === LSTM_OBS t=330 0.00533,0.00648,0.03917,0.02035,0.36459,9.72854,-9.74280,-0.07078,0.00000,0.00000,0.00301,1.00000,0.00000,-0.00194,-0.00888,727.81942,0.25000 ===
 65.57341|I|libbeamng.print:18052| === LSTM_TRACE t=340 v=10.80 ws=0.01,0.00,0.01,0.01 cmd=0.993,0.992,0.878,0.863 cap=3079,3075,1700,1678 des=3079,3075,1488,1468 app=2941,2878,1457,1460 abs=nil,nil,nil,nil ebrake=1.00 ibrake=1.00 hasABS=0 sy=9.74 split=1.000,0.875 ===
 65.57349|I|libbeamng.print:18052| === LSTM_OBS t=340 0.00645,0.00067,0.01088,0.00719,0.37435,9.74062,-9.72873,-0.06784,0.00000,0.00000,0.00289,1.00000,0.00000,-0.00223,-0.00906,727.34822,0.25000 ===
 65.62213|I|libbeamng.print:18052| === LSTM_TRACE t=350 v=10.30 ws=0.00,0.00,0.00,0.01 cmd=0.994,0.993,0.879,0.863 cap=3081,3077,1700,1676 des=3081,3077,1488,1467 app=2942,2880,1456,1458 abs=nil,nil,nil,nil ebrake=1.00 ibrake=1.00 hasABS=0 sy=9.77 split=1.000,0.875 ===
 65.62218|I|libbeamng.print:18052| === LSTM_OBS t=350 0.00068,0.00214,0.00218,0.01349,0.40315,9.77392,-9.71243,-0.06233,0.00000,0.00000,0.00274,1.00000,0.00000,-0.00246,-0.00928,729.21607,0.25000 ===
 65.67154|I|libbeamng.print:18052| === LSTM_TRACE t=360 v=9.80 ws=0.00,0.00,0.00,0.00 cmd=0.995,0.993,0.879,0.863 cap=3083,3080,1700,1676 des=3083,3080,1488,1467 app=2942,2881,1455,1457 abs=nil,nil,nil,nil ebrake=1.00 ibrake=1.00 hasABS=0 sy=9.82 split=1.000,0.875 ===
 65.67159|I|libbeamng.print:18052| === LSTM_OBS t=360 0.00285,0.00103,0.00418,0.00033,0.43895,9.82332,-9.70742,-0.05850,0.00000,0.00000,0.00307,1.00000,0.00000,-0.00267,-0.00947,727.69421,0.25000 ===
 65.72132|I|libbeamng.print:18052| === LSTM_TRACE t=370 v=9.30 ws=0.00,0.00,0.01,0.01 cmd=0.995,0.994,0.880,0.863 cap=3085,3082,1700,1676 des=3085,3082,1488,1467 app=2942,2882,1454,1456 abs=nil,nil,nil,nil ebrake=1.00 ibrake=1.00 hasABS=0 sy=9.88 split=1.000,0.875 ===
 65.72138|I|libbeamng.print:18052| === LSTM_OBS t=370 0.00251,0.00224,0.00788,0.01222,0.47252,9.87856,-9.69865,-0.05504,0.00000,0.00000,0.00315,1.00000,0.00000,-0.00282,-0.00969,727.57472,0.25000 ===
 65.77414|I|libbeamng.print:18052| === LSTM_TRACE t=380 v=8.79 ws=0.00,0.00,0.00,0.00 cmd=0.996,0.995,0.880,0.863 cap=3087,3084,1700,1677 des=3087,3084,1488,1467 app=2943,2884,1453,1455 abs=nil,nil,nil,nil ebrake=1.00 ibrake=1.00 hasABS=0 sy=9.95 split=1.000,0.875 ===
 65.77420|I|libbeamng.print:18052| === LSTM_OBS t=380 0.00381,0.00071,0.00293,0.00050,0.50516,9.94510,-9.69746,-0.05057,0.00000,0.00000,0.00311,1.00000,0.00000,-0.00297,-0.00989,728.62489,0.25000 ===
 65.82092|I|libbeamng.print:18052| === LSTM_TRACE t=390 v=8.28 ws=0.00,0.00,0.00,0.01 cmd=0.996,0.996,0.881,0.863 cap=3089,3086,1700,1677 des=3089,3086,1488,1468 app=2943,2885,1453,1455 abs=nil,nil,nil,nil ebrake=1.00 ibrake=1.00 hasABS=0 sy=10.01 split=1.000,0.875 ===
 65.82098|I|libbeamng.print:18052| === LSTM_OBS t=390 0.00144,0.00232,0.00431,0.01200,0.53548,10.00643,-9.69671,-0.04658,0.00000,0.00000,0.00318,1.00000,0.00000,-0.00311,-0.01009,728.54643,0.25000 ===
 65.87201|I|libbeamng.print:18052| === LSTM_TRACE t=400 v=7.76 ws=0.00,0.00,0.00,0.01 cmd=0.997,0.996,0.882,0.864 cap=3090,3088,1700,1678 des=3090,3088,1488,1468 app=2943,2886,1452,1455 abs=nil,nil,nil,nil ebrake=1.00 ibrake=1.00 hasABS=0 sy=10.08 split=1.000,0.875 ===
 65.87207|I|libbeamng.print:18052| === LSTM_OBS t=400 0.00488,0.00024,0.00498,0.00630,0.56820,10.08241,-9.69875,-0.04263,0.00000,0.00000,0.00326,1.00000,0.00000,-0.00326,-0.01029,726.04701,0.25000 ===
 65.92182|I|libbeamng.print:18052| === LSTM_TRACE t=410 v=7.24 ws=0.00,0.00,0.01,0.01 cmd=0.997,0.997,0.882,0.865 cap=3092,3089,1700,1680 des=3092,3089,1488,1470 app=2943,2886,1451,1455 abs=nil,nil,nil,nil ebrake=1.00 ibrake=1.00 hasABS=0 sy=10.17 split=1.000,0.875 ===
 65.92186|I|libbeamng.print:18052| === LSTM_OBS t=410 0.00128,0.00231,0.00792,0.00979,0.60389,10.17350,-9.69605,-0.03845,0.00000,0.00000,0.00335,1.00000,0.00000,-0.00341,-0.01049,729.94436,0.25000 ===
 65.97643|I|libbeamng.print:18052| === LSTM_TRACE t=420 v=6.70 ws=0.00,0.00,0.00,0.00 cmd=0.998,0.997,0.883,0.866 cap=3093,3091,1700,1682 des=3093,3091,1488,1471 app=2943,2887,1451,1456 abs=nil,nil,nil,nil ebrake=1.00 ibrake=1.00 hasABS=0 sy=10.28 split=1.000,0.875 ===
 65.97651|I|libbeamng.print:18052| === LSTM_OBS t=420 0.00368,0.00046,0.00437,0.00104,0.63741,10.28172,-9.69376,-0.03422,0.00000,0.00000,0.00338,1.00000,0.00000,-0.00355,-0.01070,727.63596,0.25000 ===
 66.02714|I|libbeamng.print:18052| === LSTM_TRACE t=430 v=6.17 ws=0.00,0.00,0.00,0.01 cmd=0.998,0.997,0.884,0.867 cap=3094,3092,1700,1684 des=3094,3092,1488,1473 app=2943,2887,1450,1457 abs=nil,nil,nil,nil ebrake=1.00 ibrake=1.00 hasABS=0 sy=10.40 split=1.000,0.875 ===
 66.02720|I|libbeamng.print:18052| === LSTM_OBS t=430 0.00083,0.00118,0.00421,0.01037,0.67027,10.40354,-9.69410,-0.02957,0.00000,0.00000,0.00342,1.00000,0.00000,-0.00369,-0.01094,728.93160,0.25000 ===
 66.07879|I|libbeamng.print:18052| === LSTM_TRACE t=440 v=5.62 ws=0.00,0.00,0.00,0.00 cmd=0.998,0.998,0.885,0.868 cap=3094,3093,1700,1686 des=3094,3093,1488,1475 app=2942,2888,1450,1458 abs=nil,nil,nil,nil ebrake=1.00 ibrake=1.00 hasABS=0 sy=10.52 split=1.000,0.875 ===
 66.07893|I|libbeamng.print:18052| === LSTM_OBS t=440 0.00301,0.00036,0.00265,0.00341,0.70197,10.52338,-9.69488,-0.02533,0.00000,0.00000,0.00349,1.00000,0.00000,-0.00381,-0.01118,727.29574,0.25000 ===
 66.13193|I|libbeamng.print:18052| === LSTM_TRACE t=450 v=5.07 ws=0.00,0.00,0.02,0.03 cmd=0.998,0.998,0.885,0.869 cap=3095,3093,1700,1688 des=3095,3093,1488,1477 app=2942,2888,1449,1460 abs=nil,nil,nil,nil ebrake=1.00 ibrake=1.00 hasABS=0 sy=10.63 split=1.000,0.875 ===
 66.13199|I|libbeamng.print:18052| === LSTM_OBS t=450 0.00033,0.00315,0.01946,0.03089,0.73073,10.63088,-9.69071,-0.02133,0.00000,0.00000,0.00360,1.00000,0.00000,-0.00391,-0.01140,728.72583,0.25000 ===
 66.18387|I|libbeamng.print:18052| === LSTM_TRACE t=460 v=4.52 ws=0.01,0.00,0.00,0.00 cmd=0.998,0.998,0.886,0.870 cap=3095,3094,1700,1690 des=3095,3094,1488,1479 app=2941,2888,1449,1461 abs=nil,nil,nil,nil ebrake=1.00 ibrake=1.00 hasABS=0 sy=10.74 split=1.000,0.875 ===
 66.18392|I|libbeamng.print:18052| === LSTM_OBS t=460 0.00512,0.00011,0.00270,0.00322,0.75707,10.74281,-9.69000,-0.01649,0.00000,0.00000,0.00364,1.00000,0.00000,-0.00401,-0.01166,728.23945,0.25000 ===
 66.23531|I|libbeamng.print:18052| === LSTM_TRACE t=470 v=3.95 ws=0.00,0.00,0.00,0.00 cmd=0.999,0.998,0.886,0.871 cap=3095,3094,1700,1692 des=3095,3094,1488,1480 app=2941,2888,1449,1462 abs=nil,nil,nil,nil ebrake=1.00 ibrake=1.00 hasABS=0 sy=10.88 split=1.000,0.875 ===
 66.23536|I|libbeamng.print:18052| === LSTM_OBS t=470 0.00090,0.00243,0.00191,0.00484,0.78995,10.88067,-9.68997,-0.01183,0.00000,0.00000,0.00367,1.00000,0.00000,-0.00413,-0.01199,729.03662,0.25000 ===
 66.28297|I|libbeamng.print:18052| === LSTM_TRACE t=480 v=3.38 ws=0.00,0.00,0.01,0.01 cmd=0.999,0.998,0.886,0.872 cap=3096,3095,1700,1693 des=3096,3095,1488,1482 app=2940,2888,1448,1463 abs=nil,nil,nil,nil ebrake=1.00 ibrake=1.00 hasABS=0 sy=11.00 split=1.000,0.875 ===
 66.28302|I|libbeamng.print:18052| === LSTM_OBS t=480 0.00281,0.00141,0.00600,0.00663,0.81655,10.99894,-9.68433,-0.00871,0.00000,0.00000,0.00375,1.00000,0.00000,-0.00425,-0.01230,728.15475,0.25000 ===
 66.33210|I|libbeamng.print:18052| === LSTM_TRACE t=490 v=2.81 ws=0.00,0.00,0.00,0.00 cmd=0.999,0.998,0.886,0.872 cap=3096,3095,1700,1695 des=3096,3095,1488,1483 app=2940,2888,1448,1464 abs=nil,nil,nil,nil ebrake=1.00 ibrake=1.00 hasABS=0 sy=11.11 split=1.000,0.875 ===
 66.33216|I|libbeamng.print:18052| === LSTM_OBS t=490 0.00095,0.00264,0.00073,0.00398,0.83994,11.10803,-9.67647,-0.00444,0.00000,0.00000,0.00388,1.00000,0.00000,-0.00434,-0.01254,728.19490,0.25000 ===
 66.39840|I|libbeamng.print:18052| === LSTM_TRACE t=500 v=2.23 ws=0.00,0.00,0.05,0.00 cmd=0.999,0.998,0.886,0.873 cap=3096,3095,1700,1696 des=3096,3095,1488,1484 app=2939,2887,1448,1464 abs=nil,nil,nil,nil ebrake=1.00 ibrake=1.00 hasABS=0 sy=11.22 split=1.000,0.875 ===
 66.39845|I|libbeamng.print:18052| === LSTM_OBS t=500 0.00433,0.00014,0.05299,0.00467,0.86571,11.21909,-9.66722,-0.00137,0.00000,0.00000,0.00392,1.00000,0.00000,-0.00444,-0.01271,728.48251,0.25000 ===
 66.44638|I|libbeamng.print:18052| === LSTM_TRACE t=510 v=1.65 ws=0.00,0.00,0.35,0.02 cmd=0.999,0.998,0.887,0.873 cap=3096,3095,1700,1695 des=3096,3095,1488,1484 app=2938,2887,1448,1464 abs=nil,nil,nil,nil ebrake=1.00 ibrake=1.00 hasABS=0 sy=11.32 split=1.000,0.875 ===
 66.44646|I|libbeamng.print:18052| === LSTM_OBS t=510 0.00041,0.00157,0.35086,0.02308,0.89327,11.31987,-9.65430,0.00144,0.00000,0.00000,0.00398,1.00000,0.00000,-0.00457,-0.01281,729.36549,0.25000 ===
 66.49231|I|libbeamng.print:18052| === LSTM_TRACE t=520 v=1.06 ws=0.00,0.00,1.25,0.00 cmd=0.999,0.998,0.888,0.871 cap=3096,3095,1700,1692 des=3096,3095,1488,1481 app=2938,2887,1448,1461 abs=nil,nil,nil,nil ebrake=1.00 ibrake=1.00 hasABS=0 sy=11.39 split=1.000,0.875 ===
 66.49235|I|libbeamng.print:18052| === LSTM_OBS t=520 0.00379,0.00479,1.25493,0.00171,0.91488,11.39169,-9.62959,0.01039,0.00000,0.00000,0.00404,1.00000,0.00000,-0.00495,-0.01273,729.29685,0.25000 ===
 85.35445|I|libbeamng.print:18052| === LSTM_ABS: lens 'band_g_mix_b1o1_s3' loaded (1 member, 17 in, 64 hidden, 2 layers) ===
 85.35635|I|libbeamng.print:18052| === LSTM_ABS SELFTEST lens=band_g_mix_b1o1_s3 cmd=0.995849,0.997056,0.897185,0.867153 ===
 91.86807|I|libbeamng.print:18052| === LSTM_TRACE t=0 v=27.71 ws=27.68,27.81,27.33,27.40 cmd=0.803,0.810,0.484,0.437 cap=155,155,97,97 des=155,155,85,85 app=142,142,78,78 abs=nil,nil,nil,nil ebrake=1.00 ibrake=1.00 hasABS=0 sy=1.56 split=1.000,0.875 ===
 91.86812|I|libbeamng.print:18052| === LSTM_OBS t=0 27.67609,27.81456,27.32880,27.39882,0.02946,1.55806,-9.74365,-0.00059,0.00000,0.00000,0.00000,1.00000,0.00000,0.00075,-0.00909,7858.13765,0.25000 ===
 91.91778|I|libbeamng.print:18052| === LSTM_TRACE t=10 v=27.37 ws=24.41,23.82,26.79,26.86 cmd=0.881,0.924,0.765,0.751 cap=2739,2873,1462,1432 des=2739,2873,1280,1253 app=2533,2660,1184,1158 abs=nil,nil,nil,nil ebrake=1.00 ibrake=1.00 hasABS=0 sy=2.16 split=1.000,0.875 ===
 91.91787|I|libbeamng.print:18052| === LSTM_OBS t=10 24.40750,23.82053,26.79343,26.86202,-0.00063,2.15893,-9.83045,0.00140,0.00000,0.00000,0.00049,1.00000,0.00000,0.00081,-0.01014,7771.49457,0.25000 ===
 91.93889|I|libbeamng.print:18052| === LSTM_ABS DBG raw=22.7023,21.5080,26.3073,26.4340,0.0306,2.9132,-9.6732,-0.0128,0.0000,0.0000,0.0033,1.0000,0.0000,0.0007,-0.0116,7679.8015,0.2500 ===
 91.93895|I|libbeamng.print:18052| === LSTM_ABS DBG norm=0.33,0.19,0.51,0.49,-0.13,-2.01,0.00,-0.07,0.06,-0.06,0.06,0.59,-0.02,0.00,0.00,3.80,0.00 ===
 91.93896|I|libbeamng.print:18052| === LSTM_ABS DBG cmd=0.7998,0.8703,0.7774,0.7785 ===
 91.96817|I|libbeamng.print:18052| === LSTM_TRACE t=20 v=26.89 ws=21.98,18.81,25.56,25.67 cmd=0.747,0.832,0.797,0.823 cap=2331,2594,1545,1585 des=2331,2594,1352,1387 app=2189,2438,1271,1304 abs=nil,nil,nil,nil ebrake=1.00 ibrake=1.00 hasABS=0 sy=4.12 split=1.000,0.875 ===
 91.96822|I|libbeamng.print:18052| === LSTM_OBS t=20 21.97799,18.80633,25.56063,25.67266,0.02987,4.12112,-9.46904,0.00954,0.00000,0.00000,0.00278,1.00000,0.00000,0.00098,-0.01393,7505.12988,0.25000 ===
 92.01775|I|libbeamng.print:18052| === LSTM_TRACE t=30 v=26.37 ws=22.46,14.89,24.57,24.56 cmd=0.741,0.811,0.784,0.838 cap=2280,2508,1529,1633 des=2280,2508,1338,1429 app=2165,2379,1274,1360 abs=nil,nil,nil,nil ebrake=1.00 ibrake=1.00 hasABS=0 sy=5.78 split=1.000,0.875 ===
 92.01782|I|libbeamng.print:18052| === LSTM_OBS t=30 22.45666,14.88500,24.56680,24.56342,-0.02634,5.78476,-9.33695,0.00583,0.00000,0.00000,0.00364,1.00000,0.00000,0.00164,-0.01666,7193.32362,0.25000 ===
 92.06752|I|libbeamng.print:18052| === LSTM_TRACE t=40 v=25.82 ws=24.00,10.89,24.04,23.68 cmd=0.709,0.750,0.740,0.804 cap=2271,2397,1452,1576 des=2271,2397,1270,1379 app=2176,2284,1220,1325 abs=nil,nil,nil,nil ebrake=1.00 ibrake=1.00 hasABS=0 sy=7.22 split=1.000,0.875 ===
 92.06758|I|libbeamng.print:18052| === LSTM_OBS t=40 23.99863,10.89326,24.03920,23.68492,-0.04096,7.22116,-9.37189,0.01646,0.00000,0.00000,0.00372,1.00000,0.00000,0.00225,-0.01763,6924.71539,0.25000 ===
 92.11816|I|libbeamng.print:18052| === LSTM_TRACE t=50 v=25.26 ws=24.08,8.04,23.42,22.90 cmd=0.678,0.707,0.741,0.798 cap=2018,2118,1425,1541 des=2018,2118,1246,1349 app=1947,2023,1204,1304 abs=nil,nil,nil,nil ebrake=1.00 ibrake=1.00 hasABS=0 sy=8.32 split=1.000,0.875 ===
 92.11820|I|libbeamng.print:18052| === LSTM_OBS t=50 24.07819,8.04065,23.42360,22.89702,-0.06193,8.31833,-9.51687,0.04175,0.00000,0.00000,0.00254,1.00000,0.00000,0.00302,-0.01787,6714.76860,0.25000 ===
 92.16809|I|libbeamng.print:18052| === LSTM_TRACE t=60 v=24.72 ws=23.36,4.43,22.74,22.24 cmd=0.703,0.758,0.787,0.816 cap=2138,2291,1518,1582 des=2138,2291,1328,1384 app=2075,2191,1289,1345 abs=nil,nil,nil,nil ebrake=1.00 ibrake=1.00 hasABS=0 sy=9.08 split=1.000,0.875 ===
 92.16814|I|libbeamng.print:18052| === LSTM_OBS t=60 23.35898,4.42823,22.74347,22.24204,-0.07115,9.07832,-9.66043,0.01634,0.00000,0.00000,0.00265,1.00000,0.00000,0.00346,-0.01751,6528.20970,0.25000 ===
 92.21790|I|libbeamng.print:18052| === LSTM_TRACE t=70 v=24.17 ws=21.67,0.30,21.65,21.81 cmd=0.916,0.941,0.853,0.855 cap=2785,2874,1642,1651 des=2785,2874,1437,1445 app=2716,2746,1401,1410 abs=nil,nil,nil,nil ebrake=1.00 ibrake=1.00 hasABS=0 sy=9.63 split=1.000,0.875 ===
 92.21795|I|libbeamng.print:18052| === LSTM_OBS t=70 21.67044,0.30368,21.64781,21.80506,-0.07397,9.63262,-9.73802,0.04008,0.00000,0.00000,0.00342,1.00000,0.00000,0.00306,-0.01681,6326.96219,0.25000 ===
 92.26777|I|libbeamng.print:18052| === LSTM_TRACE t=80 v=23.63 ws=13.77,0.07,20.30,21.32 cmd=0.984,0.990,0.883,0.872 cap=3044,3066,1700,1691 des=3044,3066,1488,1479 app=2981,2924,1455,1449 abs=nil,nil,nil,nil ebrake=1.00 ibrake=1.00 hasABS=0 sy=9.98 split=1.000,0.875 ===
 92.26782|I|libbeamng.print:18052| === LSTM_OBS t=80 13.77397,0.06950,20.29692,21.31948,-0.19521,9.98292,-9.77527,0.05561,0.00000,0.00000,0.00069,1.00000,0.00000,0.00333,-0.01577,6092.12861,0.25000 ===
 92.31788|I|libbeamng.print:18052| === LSTM_TRACE t=90 v=23.15 ws=0.92,0.01,18.45,21.39 cmd=0.984,0.991,0.893,0.877 cap=3055,3074,1700,1700 des=3055,3074,1488,1488 app=2994,2927,1459,1461 abs=nil,nil,nil,nil ebrake=1.00 ibrake=1.00 hasABS=0 sy=10.06 split=1.000,0.875 ===
 92.31793|I|libbeamng.print:18052| === LSTM_OBS t=90 0.92104,0.01025,18.45354,21.39186,-0.26003,10.05720,-9.73834,0.02177,0.00000,0.00000,0.00134,1.00000,0.00000,0.00406,-0.01479,5835.47244,0.25000 ===
 92.36802|I|libbeamng.print:18052| === LSTM_TRACE t=100 v=22.67 ws=0.25,0.05,16.57,21.50 cmd=0.988,0.993,0.897,0.879 cap=3061,3079,1700,1700 des=3061,3079,1488,1488 app=2995,2926,1462,1465 abs=nil,nil,nil,nil ebrake=1.00 ibrake=1.00 hasABS=0 sy=9.90 split=1.000,0.875 ===
 92.36807|I|libbeamng.print:18052| === LSTM_OBS t=100 0.25405,0.05084,16.56526,21.49667,-0.31151,9.89546,-9.69789,-0.00136,0.00000,0.00000,0.00502,1.00000,0.00000,0.00464,-0.01336,5576.25216,0.25000 ===
 92.41763|I|libbeamng.print:18052| === LSTM_TRACE t=110 v=22.22 ws=0.09,0.04,15.24,21.36 cmd=0.987,0.993,0.896,0.878 cap=3061,3079,1700,1700 des=3061,3079,1488,1488 app=2988,2922,1464,1468 abs=nil,nil,nil,nil ebrake=1.00 ibrake=1.00 hasABS=0 sy=9.71 split=1.000,0.875 ===
 92.41768|I|libbeamng.print:18052| === LSTM_OBS t=110 0.09316,0.03674,15.24182,21.36076,-0.35867,9.71237,-9.62275,-0.03787,0.00000,0.00000,0.00254,1.00000,0.00000,0.00435,-0.01154,5318.66527,0.25000 ===
 92.46775|I|libbeamng.print:18052| === LSTM_TRACE t=120 v=21.75 ws=0.04,0.01,13.72,20.89 cmd=0.987,0.993,0.894,0.877 cap=3059,3079,1700,1700 des=3059,3079,1488,1488 app=2981,2917,1465,1470 abs=nil,nil,nil,nil ebrake=1.00 ibrake=1.00 hasABS=0 sy=9.60 split=1.000,0.875 ===
 92.46780|I|libbeamng.print:18052| === LSTM_OBS t=120 0.03516,0.01446,13.71954,20.89170,-0.42261,9.59980,-9.60022,-0.06967,0.00000,0.00000,0.00142,1.00000,0.00000,0.00400,-0.00988,5066.31894,0.25000 ===
 92.51806|I|libbeamng.print:18052| === LSTM_TRACE t=130 v=21.27 ws=0.02,0.01,12.35,20.47 cmd=0.987,0.993,0.892,0.876 cap=3059,3079,1700,1700 des=3059,3079,1488,1488 app=2975,2913,1465,1472 abs=nil,nil,nil,nil ebrake=1.00 ibrake=1.00 hasABS=0 sy=9.57 split=1.000,0.875 ===
 92.51811|I|libbeamng.print:18052| === LSTM_OBS t=130 0.02058,0.00697,12.35270,20.46547,-0.40701,9.57021,-9.62984,-0.08607,0.00000,0.00000,0.00189,1.00000,0.00000,0.00343,-0.00850,4819.42009,0.25000 ===
 92.56772|I|libbeamng.print:18052| === LSTM_TRACE t=140 v=20.79 ws=0.00,0.01,11.27,19.93 cmd=0.988,0.994,0.892,0.876 cap=3062,3080,1700,1700 des=3062,3080,1488,1488 app=2972,2910,1465,1474 abs=nil,nil,nil,nil ebrake=1.00 ibrake=1.00 hasABS=0 sy=9.59 split=1.000,0.875 ===
 92.56778|I|libbeamng.print:18052| === LSTM_OBS t=140 0.00411,0.00668,11.26588,19.92831,-0.31734,9.58927,-9.66395,-0.08132,0.00000,0.00000,0.00244,1.00000,0.00000,0.00243,-0.00737,4575.24305,0.25000 ===
 92.61765|I|libbeamng.print:18052| === LSTM_TRACE t=150 v=20.29 ws=0.00,0.00,9.99,19.35 cmd=0.989,0.994,0.892,0.876 cap=3066,3082,1700,1700 des=3066,3082,1488,1488 app=2970,2908,1465,1475 abs=nil,nil,nil,nil ebrake=1.00 ibrake=1.00 hasABS=0 sy=9.62 split=1.000,0.875 ===
 92.61773|I|libbeamng.print:18052| === LSTM_OBS t=150 0.00186,0.00028,9.98631,19.35324,-0.20450,9.62471,-9.70645,-0.07103,0.00000,0.00000,0.00244,1.00000,0.00000,0.00132,-0.00656,4332.34096,0.25000 ===
 92.66771|I|libbeamng.print:18052| === LSTM_TRACE t=160 v=19.80 ws=0.00,0.00,8.70,18.98 cmd=0.990,0.995,0.893,0.877 cap=3069,3084,1700,1700 des=3069,3084,1488,1488 app=2968,2906,1464,1477 abs=nil,nil,nil,nil ebrake=1.00 ibrake=1.00 hasABS=0 sy=9.69 split=1.000,0.875 ===
 92.66775|I|libbeamng.print:18052| === LSTM_OBS t=160 0.00008,0.00151,8.69932,18.97934,-0.09205,9.68770,-9.76936,-0.06478,0.00000,0.00000,0.00249,1.00000,0.00000,0.00059,-0.00597,4092.59913,0.25000 ===
 92.71805|I|libbeamng.print:18052| === LSTM_TRACE t=170 v=19.31 ws=0.00,0.00,7.43,18.51 cmd=0.991,0.996,0.893,0.877 cap=3073,3086,1700,1700 des=3073,3086,1488,1488 app=2966,2905,1464,1477 abs=nil,nil,nil,nil ebrake=1.00 ibrake=1.00 hasABS=0 sy=9.73 split=1.000,0.875 ===
 92.71809|I|libbeamng.print:18052| === LSTM_OBS t=170 0.00320,0.00273,7.43096,18.51420,0.01578,9.73217,-9.82410,-0.05287,0.00000,0.00000,0.00270,1.00000,0.00000,0.00024,-0.00563,3851.86814,0.25000 ===
 92.76770|I|libbeamng.print:18052| === LSTM_TRACE t=180 v=18.82 ws=0.00,0.01,6.04,18.03 cmd=0.993,0.996,0.894,0.879 cap=3077,3088,1700,1700 des=3077,3088,1488,1488 app=2965,2903,1462,1478 abs=nil,nil,nil,nil ebrake=1.00 ibrake=1.00 hasABS=0 sy=9.75 split=1.000,0.875 ===
 92.76776|I|libbeamng.print:18052| === LSTM_OBS t=180 0.00094,0.00804,6.03930,18.03229,0.11935,9.75308,-9.84617,-0.03782,0.00000,0.00000,0.00274,1.00000,0.00000,0.00005,-0.00544,3605.18597,0.25000 ===
 92.81791|I|libbeamng.print:18052| === LSTM_TRACE t=190 v=18.33 ws=0.00,0.02,5.04,17.39 cmd=0.994,0.997,0.895,0.880 cap=3081,3089,1700,1700 des=3081,3089,1488,1488 app=2964,2902,1461,1479 abs=nil,nil,nil,nil ebrake=1.00 ibrake=1.00 hasABS=0 sy=9.76 split=1.000,0.875 ===
 92.81795|I|libbeamng.print:18052| === LSTM_OBS t=190 0.00083,0.01700,5.04163,17.39403,0.19676,9.76187,-9.85497,-0.02273,0.00000,0.00000,0.00278,1.00000,0.00000,0.00007,-0.00531,3358.00783,0.25000 ===
 92.86861|I|libbeamng.print:18052| === LSTM_TRACE t=200 v=17.83 ws=0.00,0.00,3.52,16.68 cmd=0.995,0.997,0.897,0.883 cap=3084,3091,1700,1700 des=3084,3091,1488,1488 app=2962,2900,1459,1479 abs=nil,nil,nil,nil ebrake=1.00 ibrake=1.00 hasABS=0 sy=9.80 split=1.000,0.875 ===
 92.86866|I|libbeamng.print:18052| === LSTM_OBS t=200 0.00008,0.00470,3.52447,16.67534,0.23968,9.79740,-9.89022,-0.00938,0.00000,0.00000,0.00261,1.00000,0.00000,0.00057,-0.00559,3117.50222,0.25000 ===
 92.91778|I|libbeamng.print:18052| === LSTM_TRACE t=210 v=17.36 ws=0.01,0.00,2.72,16.57 cmd=0.996,0.998,0.900,0.888 cap=3088,3093,1700,1700 des=3088,3093,1488,1488 app=2962,2899,1457,1480 abs=nil,nil,nil,nil ebrake=1.00 ibrake=1.00 hasABS=0 sy=9.78 split=1.000,0.875 ===
 92.91782|I|libbeamng.print:18052| === LSTM_OBS t=210 0.00862,0.00356,2.72495,16.57422,0.33729,9.78267,-9.87348,-0.01805,0.00000,0.00000,0.00301,1.00000,0.00000,0.00076,-0.00613,2871.27951,0.25000 ===
 92.96798|I|libbeamng.print:18052| === LSTM_TRACE t=220 v=16.88 ws=0.00,0.01,0.74,16.43 cmd=0.997,0.998,0.903,0.895 cap=3091,3094,1700,1700 des=3091,3094,1488,1488 app=2960,2897,1454,1480 abs=nil,nil,nil,nil ebrake=1.00 ibrake=1.00 hasABS=0 sy=9.73 split=1.000,0.875 ===
 92.96802|I|libbeamng.print:18052| === LSTM_OBS t=220 0.00342,0.01366,0.74060,16.43002,0.33489,9.72518,-9.90312,-0.00397,0.00000,0.00000,0.00311,1.00000,0.00000,0.00125,-0.00651,2611.60327,0.25000 ===
 93.01764|I|libbeamng.print:18052| === LSTM_TRACE t=230 v=16.42 ws=0.01,0.01,0.12,15.74 cmd=0.998,0.998,0.906,0.902 cap=3093,3094,1700,1700 des=3093,3094,1488,1488 app=2957,2895,1451,1480 abs=nil,nil,nil,nil ebrake=1.00 ibrake=1.00 hasABS=0 sy=9.58 split=1.000,0.875 ===
 93.01768|I|libbeamng.print:18052| === LSTM_OBS t=230 0.00701,0.00702,0.11964,15.73709,0.37183,9.57502,-9.77272,0.00070,0.00000,0.00000,0.00328,1.00000,0.00000,0.00054,-0.00634,2327.59173,0.25000 ===
 93.06864|I|libbeamng.print:18052| === LSTM_TRACE t=240 v=15.93 ws=0.01,0.02,0.00,13.79 cmd=0.998,0.998,0.907,0.903 cap=3093,3094,1700,1700 des=3093,3094,1488,1488 app=2954,2893,1447,1480 abs=nil,nil,nil,nil ebrake=1.00 ibrake=1.00 hasABS=0 sy=9.58 split=1.000,0.875 ===
 93.06873|I|libbeamng.print:18052| === LSTM_OBS t=240 0.01262,0.01560,0.00267,13.79465,0.33181,9.58423,-9.80764,0.00127,0.00000,0.00000,0.00189,1.00000,0.00000,0.00084,-0.00632,2114.30946,0.25000 ===
 93.11844|I|libbeamng.print:18052| === LSTM_TRACE t=250 v=15.44 ws=0.00,0.00,0.01,12.46 cmd=0.998,0.998,0.907,0.903 cap=3094,3095,1700,1700 des=3094,3095,1488,1488 app=2950,2892,1444,1480 abs=nil,nil,nil,nil ebrake=1.00 ibrake=1.00 hasABS=0 sy=9.63 split=1.000,0.875 ===
 93.11848|I|libbeamng.print:18052| === LSTM_OBS t=250 0.00102,0.00058,0.01173,12.46272,0.33307,9.63247,-9.81220,0.00055,0.00000,0.00000,0.00224,1.00000,0.00000,0.00158,-0.00679,1917.92034,0.25000 ===
 93.16863|I|libbeamng.print:18052| === LSTM_TRACE t=260 v=14.96 ws=0.00,0.00,0.05,10.85 cmd=0.998,0.998,0.905,0.901 cap=3095,3095,1700,1700 des=3095,3095,1488,1488 app=2947,2890,1441,1480 abs=nil,nil,nil,nil ebrake=1.00 ibrake=1.00 hasABS=0 sy=9.64 split=1.000,0.875 ===
 93.16868|I|libbeamng.print:18052| === LSTM_OBS t=260 0.00467,0.00070,0.04570,10.84851,0.33423,9.64061,-9.79446,-0.00706,0.00000,0.00000,0.00311,1.00000,0.00000,0.00200,-0.00729,1720.91790,0.25000 ===
 93.21868|I|libbeamng.print:18052| === LSTM_TRACE t=270 v=14.49 ws=0.00,0.00,0.01,9.27 cmd=0.998,0.998,0.897,0.891 cap=3095,3095,1700,1700 des=3095,3095,1488,1488 app=2944,2887,1438,1479 abs=nil,nil,nil,nil ebrake=1.00 ibrake=1.00 hasABS=0 sy=9.61 split=1.000,0.875 ===
 93.21873|I|libbeamng.print:18052| === LSTM_OBS t=270 0.00280,0.00043,0.01078,9.27193,0.32425,9.60912,-9.77107,-0.01817,0.00000,0.00000,0.00297,1.00000,0.00000,0.00213,-0.00761,1508.63276,0.25000 ===
 93.26821|I|libbeamng.print:18052| === LSTM_TRACE t=280 v=14.02 ws=0.00,0.00,0.01,7.28 cmd=0.998,0.998,0.886,0.873 cap=3094,3093,1700,1700 des=3094,3093,1488,1488 app=2939,2884,1436,1478 abs=nil,nil,nil,nil ebrake=1.00 ibrake=1.00 hasABS=0 sy=9.57 split=1.000,0.875 ===
 93.26825|I|libbeamng.print:18052| === LSTM_OBS t=280 0.00216,0.00027,0.00939,7.28443,0.29937,9.56640,-9.74081,-0.01933,0.00000,0.00000,0.00261,1.00000,0.00000,0.00218,-0.00774,1290.66736,0.25000 ===
 93.31845|I|libbeamng.print:18052| === LSTM_TRACE t=290 v=13.54 ws=0.01,0.00,0.01,5.17 cmd=0.997,0.997,0.882,0.865 cap=3092,3091,1700,1682 des=3092,3091,1488,1471 app=2935,2881,1433,1461 abs=nil,nil,nil,nil ebrake=1.00 ibrake=1.00 hasABS=0 sy=9.54 split=1.000,0.875 ===
 93.31850|I|libbeamng.print:18052| === LSTM_OBS t=290 0.01168,0.00128,0.00879,5.16861,0.27950,9.53559,-9.71338,-0.02393,0.00000,0.00000,0.00254,1.00000,0.00000,0.00222,-0.00770,1073.92797,0.25000 ===
 93.36855|I|libbeamng.print:18052| === LSTM_TRACE t=300 v=13.05 ws=0.02,0.01,0.02,3.38 cmd=0.997,0.997,0.883,0.864 cap=3092,3091,1700,1679 des=3092,3091,1488,1469 app=2931,2879,1431,1457 abs=nil,nil,nil,nil ebrake=1.00 ibrake=1.00 hasABS=0 sy=9.57 split=1.000,0.875 ===
 93.36862|I|libbeamng.print:18052| === LSTM_OBS t=300 0.01882,0.00858,0.02344,3.37687,0.28591,9.57176,-9.71016,-0.02778,0.00000,0.00000,0.00278,1.00000,0.00000,0.00182,-0.00785,871.17275,0.25000 ===
 93.41778|I|libbeamng.print:18052| === LSTM_TRACE t=310 v=12.58 ws=0.00,0.01,0.01,0.72 cmd=0.997,0.997,0.883,0.864 cap=3091,3090,1700,1679 des=3091,3090,1488,1469 app=2928,2877,1429,1455 abs=nil,nil,nil,nil ebrake=1.00 ibrake=1.00 hasABS=0 sy=9.59 split=1.000,0.875 ===
 93.41783|I|libbeamng.print:18052| === LSTM_OBS t=310 0.00217,0.01363,0.00721,0.72320,0.24853,9.59328,-9.75824,-0.01904,0.00000,0.00000,0.00378,1.00000,0.00000,0.00123,-0.00848,745.87860,0.25000 ===
 93.46830|I|libbeamng.print:18052| === LSTM_TRACE t=320 v=12.11 ws=0.01,0.00,0.06,0.03 cmd=0.997,0.997,0.882,0.863 cap=3091,3090,1700,1678 des=3091,3090,1488,1468 app=2925,2875,1427,1452 abs=nil,nil,nil,nil ebrake=1.00 ibrake=1.00 hasABS=0 sy=9.56 split=1.000,0.875 ===
 93.46834|I|libbeamng.print:18052| === LSTM_OBS t=320 0.01286,0.00157,0.05531,0.02537,0.24735,9.56421,-9.77351,-0.01859,0.00000,0.00000,0.00249,1.00000,0.00000,0.00092,-0.00901,730.11875,0.25000 ===
 93.51852|I|libbeamng.print:18052| === LSTM_TRACE t=330 v=11.63 ws=0.01,0.00,0.03,0.02 cmd=0.997,0.997,0.881,0.863 cap=3091,3090,1700,1676 des=3091,3090,1488,1467 app=2923,2873,1426,1448 abs=nil,nil,nil,nil ebrake=1.00 ibrake=1.00 hasABS=0 sy=9.52 split=1.000,0.875 ===
 93.51856|I|libbeamng.print:18052| === LSTM_OBS t=330 0.00530,0.00229,0.02527,0.02481,0.24146,9.52027,-9.73551,-0.02134,0.00000,0.00000,0.00427,1.00000,0.00000,0.00073,-0.00911,729.94194,0.25000 ===
 93.56926|I|libbeamng.print:18052| === LSTM_TRACE t=340 v=11.16 ws=0.01,0.01,0.00,0.01 cmd=0.997,0.997,0.881,0.863 cap=3091,3089,1700,1677 des=3091,3089,1488,1468 app=2920,2872,1424,1446 abs=nil,nil,nil,nil ebrake=1.00 ibrake=1.00 hasABS=0 sy=9.52 split=1.000,0.875 ===
 93.56931|I|libbeamng.print:18052| === LSTM_OBS t=340 0.00783,0.00699,0.00422,0.01308,0.23746,9.51631,-9.71506,-0.01653,0.00000,0.00000,0.00438,1.00000,0.00000,0.00057,-0.00915,729.11863,0.25000 ===
 93.61868|I|libbeamng.print:18052| === LSTM_TRACE t=350 v=10.67 ws=0.00,0.00,0.01,0.02 cmd=0.997,0.997,0.882,0.863 cap=3091,3090,1700,1678 des=3091,3090,1488,1468 app=2918,2871,1423,1444 abs=nil,nil,nil,nil ebrake=1.00 ibrake=1.00 hasABS=0 sy=9.54 split=1.000,0.875 ===
 93.61875|I|libbeamng.print:18052| === LSTM_OBS t=350 0.00034,0.00343,0.01102,0.01591,0.22326,9.53943,-9.70564,-0.01603,0.00000,0.00000,0.00395,1.00000,0.00000,0.00058,-0.00921,731.56588,0.25000 ===
 93.66824|I|libbeamng.print:18052| === LSTM_TRACE t=360 v=10.19 ws=0.00,0.01,0.00,0.01 cmd=0.997,0.997,0.882,0.863 cap=3092,3090,1700,1678 des=3092,3090,1488,1468 app=2917,2871,1421,1442 abs=nil,nil,nil,nil ebrake=1.00 ibrake=1.00 hasABS=0 sy=9.58 split=1.000,0.875 ===
 93.66828|I|libbeamng.print:18052| === LSTM_OBS t=360 0.00350,0.00520,0.00101,0.01005,0.22262,9.58176,-9.70150,-0.01100,0.00000,0.00000,0.00350,1.00000,0.00000,0.00052,-0.00930,727.53444,0.25000 ===
 93.71819|I|libbeamng.print:18052| === LSTM_TRACE t=370 v=9.70 ws=0.00,0.00,0.00,0.00 cmd=0.997,0.997,0.882,0.864 cap=3092,3091,1700,1678 des=3092,3091,1488,1469 app=2915,2870,1420,1440 abs=nil,nil,nil,nil ebrake=1.00 ibrake=1.00 hasABS=0 sy=9.63 split=1.000,0.875 ===
 93.71824|I|libbeamng.print:18052| === LSTM_OBS t=370 0.00105,0.00072,0.00153,0.00349,0.23054,9.63480,-9.70781,-0.00781,0.00000,0.00000,0.00384,1.00000,0.00000,0.00047,-0.00939,729.73001,0.25000 ===
 93.76870|I|libbeamng.print:18052| === LSTM_TRACE t=380 v=9.20 ws=0.00,0.00,0.01,0.00 cmd=0.998,0.997,0.882,0.865 cap=3093,3091,1700,1679 des=3093,3091,1488,1469 app=2913,2870,1419,1439 abs=nil,nil,nil,nil ebrake=1.00 ibrake=1.00 hasABS=0 sy=9.69 split=1.000,0.875 ===
 93.76874|I|libbeamng.print:18052| === LSTM_OBS t=380 0.00160,0.00068,0.00838,0.00310,0.24273,9.69229,-9.70802,-0.00528,0.00000,0.00000,0.00420,1.00000,0.00000,0.00044,-0.00949,726.93840,0.25000 ===
 93.81836|I|libbeamng.print:18052| === LSTM_TRACE t=390 v=8.71 ws=0.00,0.00,0.00,0.00 cmd=0.998,0.997,0.883,0.865 cap=3093,3092,1700,1681 des=3093,3092,1488,1471 app=2912,2869,1418,1438 abs=nil,nil,nil,nil ebrake=1.00 ibrake=1.00 hasABS=0 sy=9.75 split=1.000,0.875 ===
 93.81840|I|libbeamng.print:18052| === LSTM_OBS t=390 0.00292,0.00179,0.00140,0.00142,0.25011,9.75326,-9.70476,-0.00300,0.00000,0.00000,0.00423,1.00000,0.00000,0.00044,-0.00960,729.14827,0.25000 ===
 93.86845|I|libbeamng.print:18052| === LSTM_TRACE t=400 v=8.21 ws=0.00,0.00,0.00,0.00 cmd=0.998,0.997,0.883,0.865 cap=3093,3092,1700,1681 des=3093,3092,1488,1471 app=2910,2869,1417,1437 abs=nil,nil,nil,nil ebrake=1.00 ibrake=1.00 hasABS=0 sy=9.82 split=1.000,0.875 ===
 93.86849|I|libbeamng.print:18052| === LSTM_OBS t=400 0.00209,0.00016,0.00286,0.00379,0.25561,9.81620,-9.70499,-0.00077,0.00000,0.00000,0.00423,1.00000,0.00000,0.00043,-0.00972,728.13459,0.25000 ===
 93.91966|I|libbeamng.print:18052| === LSTM_TRACE t=410 v=7.70 ws=0.00,0.00,0.01,0.00 cmd=0.998,0.998,0.883,0.866 cap=3093,3092,1700,1682 des=3093,3092,1488,1472 app=2909,2868,1416,1436 abs=nil,nil,nil,nil ebrake=1.00 ibrake=1.00 hasABS=0 sy=9.89 split=1.000,0.875 ===
 93.91976|I|libbeamng.print:18052| === LSTM_OBS t=410 0.00028,0.00157,0.00700,0.00362,0.26020,9.88749,-9.70426,0.00169,0.00000,0.00000,0.00430,1.00000,0.00000,0.00044,-0.00986,730.19757,0.25000 ===
 93.96851|I|libbeamng.print:18052| === LSTM_TRACE t=420 v=7.19 ws=0.00,0.00,0.01,0.00 cmd=0.998,0.998,0.883,0.866 cap=3093,3092,1700,1683 des=3093,3092,1488,1473 app=2908,2868,1416,1436 abs=nil,nil,nil,nil ebrake=1.00 ibrake=1.00 hasABS=0 sy=9.98 split=1.000,0.875 ===
 93.96856|I|libbeamng.print:18052| === LSTM_OBS t=420 0.00402,0.00116,0.00579,0.00191,0.26647,9.97743,-9.70433,0.00364,0.00000,0.00000,0.00457,1.00000,0.00000,0.00041,-0.00999,727.25306,0.25000 ===
 94.01821|I|libbeamng.print:18052| === LSTM_TRACE t=430 v=6.66 ws=0.00,0.00,0.00,0.00 cmd=0.998,0.998,0.883,0.867 cap=3094,3093,1700,1684 des=3094,3093,1488,1474 app=2907,2867,1415,1435 abs=nil,nil,nil,nil ebrake=1.00 ibrake=1.00 hasABS=0 sy=10.08 split=1.000,0.875 ===
 94.01825|I|libbeamng.print:18052| === LSTM_OBS t=430 0.00104,0.00305,0.00026,0.00084,0.27295,10.08251,-9.70474,0.00661,0.00000,0.00000,0.00476,1.00000,0.00000,0.00039,-0.01017,730.78484,0.25000 ===
 94.06837|I|libbeamng.print:18052| === LSTM_TRACE t=440 v=6.14 ws=0.00,0.00,0.01,0.00 cmd=0.998,0.998,0.884,0.868 cap=3094,3093,1700,1686 des=3094,3093,1488,1475 app=2905,2867,1414,1435 abs=nil,nil,nil,nil ebrake=1.00 ibrake=1.00 hasABS=0 sy=10.19 split=1.000,0.875 ===
 94.06843|I|libbeamng.print:18052| === LSTM_OBS t=440 0.00295,0.00043,0.00560,0.00487,0.27796,10.19430,-9.70734,0.00832,0.00000,0.00000,0.00486,1.00000,0.00000,0.00036,-0.01034,727.09109,0.25000 ===
 94.11810|I|libbeamng.print:18052| === LSTM_TRACE t=450 v=5.61 ws=0.00,0.00,0.00,0.00 cmd=0.998,0.998,0.884,0.868 cap=3094,3093,1700,1687 des=3094,3093,1488,1476 app=2904,2866,1414,1435 abs=nil,nil,nil,nil ebrake=1.00 ibrake=1.00 hasABS=0 sy=10.31 split=1.000,0.875 ===
 94.11815|I|libbeamng.print:18052| === LSTM_OBS t=450 0.00229,0.00158,0.00180,0.00301,0.28190,10.30553,-9.70630,0.01017,0.00000,0.00000,0.00490,1.00000,0.00000,0.00037,-0.01052,728.27757,0.25000 ===
 94.16855|I|libbeamng.print:18052| === LSTM_TRACE t=460 v=5.07 ws=0.00,0.00,0.00,0.02 cmd=0.998,0.998,0.884,0.869 cap=3094,3093,1700,1688 des=3094,3093,1488,1477 app=2903,2866,1413,1435 abs=nil,nil,nil,nil ebrake=1.00 ibrake=1.00 hasABS=0 sy=10.41 split=1.000,0.875 ===
 94.16860|I|libbeamng.print:18052| === LSTM_OBS t=460 0.00289,0.00069,0.00312,0.02293,0.28300,10.40873,-9.71270,0.01233,0.00000,0.00000,0.00499,1.00000,0.00000,0.00038,-0.01070,724.34804,0.25000 ===
 94.21837|I|libbeamng.print:18052| === LSTM_TRACE t=470 v=4.53 ws=0.00,0.00,0.00,0.01 cmd=0.998,0.998,0.884,0.870 cap=3094,3094,1700,1689 des=3094,3094,1488,1478 app=2903,2866,1413,1435 abs=nil,nil,nil,nil ebrake=1.00 ibrake=1.00 hasABS=0 sy=10.53 split=1.000,0.875 ===
 94.21842|I|libbeamng.print:18052| === LSTM_OBS t=470 0.00025,0.00198,0.00334,0.00687,0.28816,10.53069,-9.71510,0.01304,0.00000,0.00000,0.00520,1.00000,0.00000,0.00039,-0.01098,727.79935,0.25000 ===
 94.26866|I|libbeamng.print:18052| === LSTM_TRACE t=480 v=3.98 ws=0.00,0.00,0.00,0.01 cmd=0.998,0.998,0.884,0.870 cap=3094,3094,1700,1691 des=3094,3094,1488,1479 app=2902,2865,1413,1435 abs=nil,nil,nil,nil ebrake=1.00 ibrake=1.00 hasABS=0 sy=10.65 split=1.000,0.875 ===
 94.26871|I|libbeamng.print:18052| === LSTM_OBS t=480 0.00406,0.00092,0.00042,0.00595,0.28916,10.64764,-9.70950,0.01362,0.00000,0.00000,0.00537,1.00000,0.00000,0.00036,-0.01126,724.68928,0.25000 ===
 94.31820|I|libbeamng.print:18052| === LSTM_TRACE t=490 v=3.42 ws=0.00,0.00,0.00,0.00 cmd=0.998,0.998,0.884,0.871 cap=3094,3094,1700,1692 des=3094,3094,1488,1481 app=2901,2865,1412,1435 abs=nil,nil,nil,nil ebrake=1.00 ibrake=1.00 hasABS=0 sy=10.77 split=1.000,0.875 ===
 94.31826|I|libbeamng.print:18052| === LSTM_OBS t=490 0.00237,0.00202,0.00459,0.00121,0.29028,10.76563,-9.69828,0.01426,0.00000,0.00000,0.00543,1.00000,0.00000,0.00033,-0.01152,727.84406,0.25000 ===
 94.36858|I|libbeamng.print:18052| === LSTM_TRACE t=500 v=2.86 ws=0.00,0.00,0.00,0.01 cmd=0.998,0.998,0.885,0.872 cap=3095,3094,1700,1693 des=3095,3094,1488,1482 app=2900,2865,1412,1436 abs=nil,nil,nil,nil ebrake=1.00 ibrake=1.00 hasABS=0 sy=10.87 split=1.000,0.875 ===
 94.36866|I|libbeamng.print:18052| === LSTM_OBS t=500 0.00337,0.00034,0.00233,0.00720,0.28941,10.87379,-9.69181,0.01413,0.00000,0.00000,0.00555,1.00000,0.00000,0.00030,-0.01170,726.77584,0.25000 ===
 94.41781|I|libbeamng.print:18052| === LSTM_TRACE t=510 v=2.30 ws=0.00,0.00,0.01,0.21 cmd=0.998,0.998,0.885,0.873 cap=3095,3094,1700,1695 des=3095,3094,1488,1483 app=2899,2865,1412,1436 abs=nil,nil,nil,nil ebrake=1.00 ibrake=1.00 hasABS=0 sy=10.98 split=1.000,0.875 ===
 94.41792|I|libbeamng.print:18052| === LSTM_OBS t=510 0.00151,0.00162,0.00689,0.20512,0.28901,10.97675,-9.68218,0.01410,0.00000,0.00000,0.00565,1.00000,0.00000,0.00029,-0.01182,729.78137,0.25000 ===
 94.46856|I|libbeamng.print:18052| === LSTM_TRACE t=520 v=1.73 ws=0.01,0.00,0.04,1.03 cmd=0.998,0.998,0.884,0.874 cap=3095,3095,1700,1699 des=3095,3095,1488,1486 app=2899,2864,1412,1439 abs=nil,nil,nil,nil ebrake=1.00 ibrake=1.00 hasABS=0 sy=11.10 split=1.000,0.875 ===
 94.46861|I|libbeamng.print:18052| === LSTM_OBS t=520 0.00652,0.00042,0.03628,1.03453,0.29130,11.09617,-9.66553,0.00658,0.00000,0.00000,0.00580,1.00000,0.00000,0.00007,-0.01190,726.54297,0.25000 ===
 94.51853|I|libbeamng.print:18052| === LSTM_TRACE t=530 v=1.15 ws=0.00,0.00,0.12,0.55 cmd=0.998,0.998,0.885,0.875 cap=3095,3095,1700,1700 des=3095,3095,1488,1488 app=2898,2864,1411,1441 abs=nil,nil,nil,nil ebrake=1.00 ibrake=1.00 hasABS=0 sy=11.20 split=1.000,0.875 ===
 94.51859|I|libbeamng.print:18052| === LSTM_OBS t=530 0.00033,0.00041,0.12442,0.54553,0.27454,11.20345,-9.65456,0.01328,0.00000,0.00000,0.00580,1.00000,0.00000,-0.00025,-0.01190,729.58069,0.25000 ===
 94.57220|I|libbeamng.print:18052| === LSTM_TRACE t=540 v=0.58 ws=0.01,0.00,0.65,0.15 cmd=0.998,0.998,0.886,0.873 cap=3095,3095,1700,1697 des=3095,3095,1488,1485 app=2897,2864,1411,1438 abs=nil,nil,nil,nil ebrake=1.00 ibrake=1.00 hasABS=0 sy=11.27 split=1.000,0.875 ===
 94.57230|I|libbeamng.print:18052| === LSTM_OBS t=540 0.00955,0.00481,0.65080,0.15268,0.27298,11.26809,-9.66053,0.01587,0.00000,0.00000,0.00554,1.00000,0.00000,-0.00014,-0.01178,727.28049,0.25000 ===
 98.82961|I|libbeamng.print:18052| === LSTM_ABS: lens 'band_g_mix_s2' loaded (1 member, 17 in, 64 hidden, 2 layers) ===
 98.83122|I|libbeamng.print:18052| === LSTM_ABS SELFTEST lens=band_g_mix_s2 cmd=0.983200,0.954371,0.453671,0.568007 ===
103.85271|I|libbeamng.print:18052| === LSTM_ABS: lens 'band_g_mix_b1o1_s3' loaded (1 member, 17 in, 64 hidden, 2 layers) ===
103.85437|I|libbeamng.print:18052| === LSTM_ABS SELFTEST lens=band_g_mix_b1o1_s3 cmd=0.995849,0.997056,0.897185,0.867153 ===
106.37718|I|libbeamng.print:18052| === LSTM_ABS: lens 'band_g_mix_s2' loaded (1 member, 17 in, 64 hidden, 2 layers) ===
106.37882|I|libbeamng.print:18052| === LSTM_ABS SELFTEST lens=band_g_mix_s2 cmd=0.983200,0.954371,0.453671,0.568007 ===
108.91761|I|libbeamng.print:18052| === LSTM_ABS: lens 'band_g_mix_s3' loaded (1 member, 17 in, 64 hidden, 2 layers) ===
108.91928|I|libbeamng.print:18052| === LSTM_ABS SELFTEST lens=band_g_mix_s3 cmd=0.982291,0.959624,0.460258,0.561774 ===
