 32.00102|I|libbeamng.print:18052| === LSTM_ABS: lens 'baseline_all_epg3_s0' loaded (1 member, 17 in, 64 hidden, 2 layers) ===
 32.00344|I|libbeamng.print:18052| === LSTM_ABS SELFTEST lens=baseline_all_epg3_s0 cmd=0.954252,0.930088,0.617299,0.618828 ===
 45.25123|I|libbeamng.print:18052| === LSTM_ABS: lens 'baseline_all_epg3_s0' loaded (1 member, 17 in, 64 hidden, 2 layers) ===
 45.25331|I|libbeamng.print:18052| === LSTM_ABS SELFTEST lens=baseline_all_epg3_s0 cmd=0.954252,0.930088,0.617299,0.618828 ===
 54.90853|I|libbeamng.print:18052| === LSTM_TRACE t=0 v=27.70 ws=27.67,27.79,27.41,27.48 cmd=0.906,0.919,0.405,0.423 cap=155,155,97,97 des=155,155,85,85 app=142,142,78,78 abs=nil,nil,nil,nil ebrake=1.00 ibrake=1.00 hasABS=0 sy=1.58 split=1.000,0.875 ===
 54.90858|I|libbeamng.print:18052| === LSTM_OBS t=0 27.66941,27.79230,27.40953,27.47533,0.01992,1.58310,-9.79169,-0.00428,0.00000,0.00000,0.00049,1.00000,0.00000,0.00068,-0.00904,7856.60176,0.25000 ===
 54.97416|I|libbeamng.print:18052| === LSTM_TRACE t=10 v=27.41 ws=25.82,25.74,26.72,26.80 cmd=0.640,0.688,0.626,0.605 cap=1938,2092,1156,1114 des=1938,2092,1012,975 app=1792,1935,936,901 abs=nil,nil,nil,nil ebrake=1.00 ibrake=1.00 hasABS=0 sy=2.23 split=1.000,0.875 ===
 54.97421|I|libbeamng.print:18052| === LSTM_OBS t=10 25.82218,25.74088,26.71677,26.79826,0.02675,2.22838,-9.78617,-0.00409,0.00000,0.00000,0.00142,1.00000,0.00000,0.00071,-0.01002,7770.82824,0.25000 ===
 54.99154|I|libbeamng.print:18052| === LSTM_ABS DBG raw=25.5366,25.4519,26.3446,26.4773,0.0345,2.8169,-9.7337,0.0019,0.0000,0.0000,0.0023,1.0000,0.0000,0.0007,-0.0111,7706.4398,0.2500 ===
 54.99160|I|libbeamng.print:18052| === LSTM_ABS DBG norm=0.57,0.50,0.56,0.56,-0.13,-1.85,0.00,0.02,0.05,-0.05,0.02,0.50,-0.02,0.00,0.00,3.75,0.00 ===
 54.99161|I|libbeamng.print:18052| === LSTM_ABS DBG cmd=0.6938,0.7196,0.6900,0.6834 ===
 55.02049|I|libbeamng.print:18052| === LSTM_TRACE t=20 v=26.92 ws=25.21,25.45,25.81,26.05 cmd=0.734,0.732,0.687,0.690 cap=2237,2225,1351,1353 des=2237,2225,1182,1184 app=2100,2090,1109,1111 abs=nil,nil,nil,nil ebrake=1.00 ibrake=1.00 hasABS=0 sy=4.02 split=1.000,0.875 ===
 55.02063|I|libbeamng.print:18052| === LSTM_OBS t=20 25.20555,25.45172,25.80812,26.04915,0.03193,4.01765,-9.60662,0.01410,0.00000,0.00000,0.00254,1.00000,0.00000,0.00084,-0.01308,7543.34554,0.25000 ===
 55.06708|I|libbeamng.print:18052| === LSTM_TRACE t=30 v=26.41 ws=24.57,24.76,25.03,25.20 cmd=0.770,0.778,0.672,0.673 cap=2302,2328,1308,1307 des=2302,2328,1145,1143 app=2187,2212,1086,1084 abs=nil,nil,nil,nil ebrake=1.00 ibrake=1.00 hasABS=0 sy=5.75 split=1.000,0.875 ===
 55.06713|I|libbeamng.print:18052| === LSTM_OBS t=30 24.57333,24.76090,25.03445,25.19606,0.06232,5.74506,-9.42795,0.00082,0.00000,0.00000,0.00221,1.00000,0.00000,0.00113,-0.01567,7298.00545,0.25000 ===
 55.11350|I|libbeamng.print:18052| === LSTM_TRACE t=40 v=25.82 ws=23.67,23.83,24.50,24.49 cmd=0.802,0.807,0.698,0.708 cap=2516,2526,1375,1393 des=2516,2526,1204,1219 app=2413,2424,1151,1166 abs=nil,nil,nil,nil ebrake=1.00 ibrake=1.00 hasABS=0 sy=7.18 split=1.000,0.875 ===
 55.11355|I|libbeamng.print:18052| === LSTM_OBS t=40 23.67293,23.83017,24.49754,24.49133,0.04072,7.17860,-9.51380,0.00733,0.00000,0.00000,0.00315,1.00000,0.00000,0.00121,-0.01738,7096.48349,0.25000 ===
 55.16002|I|libbeamng.print:18052| === LSTM_TRACE t=50 v=25.22 ws=22.71,22.74,23.74,23.76 cmd=0.818,0.827,0.731,0.746 cap=2588,2619,1438,1466 des=2588,2619,1258,1283 app=2502,2533,1211,1235 abs=nil,nil,nil,nil ebrake=1.00 ibrake=1.00 hasABS=0 sy=8.46 split=1.000,0.875 ===
 55.16007|I|libbeamng.print:18052| === LSTM_OBS t=50 22.70599,22.74368,23.73645,23.75745,0.07231,8.45652,-9.67407,-0.00375,0.00000,0.00000,0.00326,1.00000,0.00000,0.00107,-0.01899,6910.77971,0.25000 ===
 55.20955|I|libbeamng.print:18052| === LSTM_TRACE t=60 v=24.62 ws=21.31,21.44,23.06,22.94 cmd=0.811,0.817,0.769,0.786 cap=2625,2671,1441,1481 des=2625,2671,1261,1296 app=2554,2601,1221,1255 abs=nil,nil,nil,nil ebrake=1.00 ibrake=1.00 hasABS=0 sy=9.56 split=1.000,0.875 ===
 55.20960|I|libbeamng.print:18052| === LSTM_OBS t=60 21.31385,21.43892,23.05604,22.93853,0.08159,9.55751,-9.74272,0.00525,0.00000,0.00000,0.00305,1.00000,0.00000,0.00093,-0.02009,6693.41709,0.25000 ===
 55.25918|I|libbeamng.print:18052| === LSTM_TRACE t=70 v=24.03 ws=19.88,19.89,22.46,22.04 cmd=0.783,0.797,0.752,0.775 cap=2508,2539,1469,1515 des=2508,2539,1286,1326 app=2452,2483,1250,1290 abs=nil,nil,nil,nil ebrake=1.00 ibrake=1.00 hasABS=0 sy=10.27 split=1.000,0.875 ===
 55.25924|I|libbeamng.print:18052| === LSTM_OBS t=70 19.87826,19.89170,22.46359,22.03746,0.08962,10.26645,-9.78666,-0.00269,0.00000,0.00000,0.00297,1.00000,0.00000,0.00098,-0.02037,6466.45282,0.25000 ===
 55.30960|I|libbeamng.print:18052| === LSTM_TRACE t=80 v=23.45 ws=18.50,18.30,21.64,21.24 cmd=0.690,0.708,0.780,0.802 cap=2432,2490,1470,1521 des=2432,2490,1286,1331 app=2385,2442,1255,1300 abs=nil,nil,nil,nil ebrake=1.00 ibrake=1.00 hasABS=0 sy=10.71 split=1.000,0.875 ===
 55.30966|I|libbeamng.print:18052| === LSTM_OBS t=80 18.50218,18.29880,21.63802,21.23864,0.09365,10.71437,-9.75315,-0.00198,0.00000,0.00000,0.00326,1.00000,0.00000,0.00109,-0.01991,6237.57808,0.25000 ===
 55.35931|I|libbeamng.print:18052| === LSTM_TRACE t=90 v=22.87 ws=17.40,17.17,20.93,20.35 cmd=0.662,0.685,0.774,0.796 cap=2321,2365,1527,1569 des=2321,2365,1336,1373 app=2280,2325,1308,1344 abs=nil,nil,nil,nil ebrake=1.00 ibrake=1.00 hasABS=0 sy=10.94 split=1.000,0.875 ===
 55.35937|I|libbeamng.print:18052| === LSTM_OBS t=90 17.40481,17.16576,20.92767,20.34534,0.09033,10.94419,-9.68436,-0.00416,0.00000,0.00000,0.00305,1.00000,0.00000,0.00123,-0.01901,6010.49683,0.25000 ===
 55.41071|I|libbeamng.print:18052| === LSTM_TRACE t=100 v=22.30 ws=16.64,16.27,20.29,19.41 cmd=0.702,0.725,0.773,0.796 cap=1753,1795,1557,1588 des=1753,1795,1362,1390 app=1927,1981,1336,1364 abs=nil,nil,nil,nil ebrake=1.00 ibrake=1.00 hasABS=0 sy=11.07 split=1.000,0.875 ===
 55.41077|I|libbeamng.print:18052| === LSTM_OBS t=100 16.63933,16.26986,20.28919,19.40542,0.05336,11.06900,-9.64824,0.01087,0.00000,0.00000,0.00224,1.00000,0.00000,0.00139,-0.01784,5809.81418,0.25000 ===
 55.46193|I|libbeamng.print:18052| === LSTM_TRACE t=110 v=21.74 ws=16.25,15.25,19.65,18.61 cmd=0.710,0.709,0.825,0.839 cap=2562,2619,1549,1585 des=2562,2619,1355,1387 app=2505,2570,1332,1363 abs=nil,nil,nil,nil ebrake=1.00 ibrake=1.00 hasABS=0 sy=11.17 split=1.000,0.875 ===
 55.46198|I|libbeamng.print:18052| === LSTM_OBS t=110 16.24842,15.25071,19.65160,18.61475,0.04340,11.16743,-9.58050,0.01843,0.00000,0.00000,0.00409,1.00000,0.00000,0.00144,-0.01696,5587.56341,0.25000 ===
 55.51168|I|libbeamng.print:18052| === LSTM_TRACE t=120 v=21.16 ws=16.16,14.12,19.08,17.81 cmd=0.756,0.778,0.786,0.806 cap=1583,1633,1519,1552 des=1583,1633,1329,1358 app=1751,1793,1309,1337 abs=nil,nil,nil,nil ebrake=1.00 ibrake=1.00 hasABS=0 sy=11.26 split=1.000,0.875 ===
 55.51174|I|libbeamng.print:18052| === LSTM_OBS t=120 16.16245,14.12218,19.08066,17.81214,0.03874,11.26164,-9.59198,0.01448,0.00000,0.00000,0.00278,1.00000,0.00000,0.00158,-0.01607,5369.93682,0.25000 ===
 55.56331|I|libbeamng.print:18052| === LSTM_TRACE t=130 v=20.59 ws=16.46,13.70,18.57,17.00 cmd=0.699,0.700,0.820,0.838 cap=2663,2718,1559,1597 des=2663,2718,1365,1397 app=2499,2479,1345,1377 abs=nil,nil,nil,nil ebrake=1.00 ibrake=1.00 hasABS=0 sy=11.34 split=1.000,0.875 ===
 55.56337|I|libbeamng.print:18052| === LSTM_OBS t=130 16.45966,13.69647,18.56720,17.00102,-0.00373,11.33997,-9.62310,0.02749,0.00000,0.00000,0.00342,1.00000,0.00000,0.00172,-0.01530,5155.21554,0.25000 ===
 55.61402|I|libbeamng.print:18052| === LSTM_TRACE t=140 v=19.99 ws=16.69,12.58,18.09,16.25 cmd=0.716,0.730,0.781,0.807 cap=2353,2399,1433,1494 des=2353,2399,1254,1307 app=2326,2370,1237,1289 abs=nil,nil,nil,nil ebrake=1.00 ibrake=1.00 hasABS=0 sy=11.44 split=1.000,0.875 ===
 55.61407|I|libbeamng.print:18052| === LSTM_OBS t=140 16.68618,12.58095,18.08885,16.25062,-0.02936,11.43771,-9.61167,0.01839,0.00000,0.00000,0.00239,1.00000,0.00000,0.00195,-0.01482,4946.10567,0.25000 ===
 55.66418|I|libbeamng.print:18052| === LSTM_TRACE t=150 v=19.42 ws=17.32,10.91,17.47,15.34 cmd=0.804,0.812,0.689,0.735 cap=1908,1891,1388,1466 des=1908,1891,1215,1283 app=1888,1868,1199,1266 abs=nil,nil,nil,nil ebrake=1.00 ibrake=1.00 hasABS=0 sy=11.50 split=1.000,0.875 ===
 55.66424|I|libbeamng.print:18052| === LSTM_OBS t=150 17.32144,10.91366,17.46954,15.34121,-0.06731,11.50173,-9.68083,0.03171,0.00000,0.00000,0.00370,1.00000,0.00000,0.00225,-0.01431,4752.21213,0.25000 ===
 55.71392|I|libbeamng.print:18052| === LSTM_TRACE t=160 v=18.85 ws=17.41,9.68,17.36,14.35 cmd=0.556,0.542,0.613,0.672 cap=2191,2182,1180,1300 des=2191,2182,1032,1137 app=2170,2155,1019,1122 abs=nil,nil,nil,nil ebrake=1.00 ibrake=1.00 hasABS=0 sy=11.52 split=1.000,0.875 ===
 55.71397|I|libbeamng.print:18052| === LSTM_OBS t=160 17.41352,9.67752,17.36363,14.35161,-0.11812,11.51881,-9.66650,0.03690,0.00000,0.00000,0.00249,1.00000,0.00000,0.00260,-0.01415,4584.21823,0.25000 ===
 55.76069|I|libbeamng.print:18052| === LSTM_TRACE t=170 v=18.28 ws=17.35,10.45,16.94,12.94 cmd=0.743,0.706,0.401,0.471 cap=1953,1785,863,999 des=1953,1785,755,874 app=1936,1763,745,862 abs=nil,nil,nil,nil ebrake=1.00 ibrake=1.00 hasABS=0 sy=11.46 split=1.000,0.875 ===
 55.76075|I|libbeamng.print:18052| === LSTM_OBS t=170 17.35133,10.45027,16.94276,12.94095,-0.15106,11.46476,-9.72417,0.04173,0.00000,0.00000,0.00189,1.00000,0.00000,0.00313,-0.01400,4515.06229,0.25000 ===
 55.81102|I|libbeamng.print:18052| === LSTM_TRACE t=180 v=17.71 ws=16.50,11.74,16.52,11.64 cmd=0.741,0.683,0.356,0.416 cap=2491,2357,686,800 des=2491,2357,601,700 app=2409,2229,592,689 abs=nil,nil,nil,nil ebrake=1.00 ibrake=1.00 hasABS=0 sy=11.46 split=1.000,0.875 ===
 55.81107|I|libbeamng.print:18052| === LSTM_OBS t=180 16.49761,11.73536,16.52468,11.63624,-0.17291,11.46160,-9.75918,0.04784,0.00000,0.00000,0.00261,1.00000,0.00000,0.00326,-0.01459,4555.46835,0.25000 ===
 55.86059|I|libbeamng.print:18052| === LSTM_TRACE t=190 v=17.10 ws=14.92,12.78,16.12,10.46 cmd=0.553,0.482,0.288,0.332 cap=1860,1581,652,771 des=1860,1581,570,675 app=2222,2101,562,664 abs=nil,nil,nil,nil ebrake=1.00 ibrake=1.00 hasABS=0 sy=11.55 split=1.000,0.875 ===
 55.86069|I|libbeamng.print:18052| === LSTM_OBS t=190 14.91542,12.78496,16.11943,10.46170,-0.27625,11.54511,-9.81919,0.04392,0.00000,0.00000,0.00142,1.00000,0.00000,0.00349,-0.01587,4640.30237,0.25000 ===
 55.91353|I|libbeamng.print:18052| === LSTM_TRACE t=200 v=16.51 ws=13.62,14.50,15.97,9.55 cmd=0.827,0.796,0.284,0.348 cap=2571,2465,524,642 des=2571,2465,459,562 app=2552,2386,452,552 abs=nil,nil,nil,nil ebrake=1.00 ibrake=1.00 hasABS=0 sy=11.62 split=1.000,0.875 ===
 55.91358|I|libbeamng.print:18052| === LSTM_OBS t=200 13.61977,14.50426,15.97056,9.55345,-0.36671,11.61587,-9.83366,0.03999,0.00000,0.00000,0.00216,1.00000,0.00000,0.00381,-0.01772,4716.42260,0.25000 ===
 55.96141|I|libbeamng.print:18052| === LSTM_TRACE t=210 v=15.95 ws=11.32,14.97,15.47,8.58 cmd=0.706,0.659,0.311,0.367 cap=2326,2197,602,715 des=2326,2197,527,626 app=2310,2174,518,614 abs=nil,nil,nil,nil ebrake=1.00 ibrake=1.00 hasABS=0 sy=11.61 split=1.000,0.875 ===
 55.96147|I|libbeamng.print:18052| === LSTM_OBS t=210 11.32459,14.96963,15.47190,8.57736,-0.43892,11.61094,-9.79124,0.03929,0.00000,0.00000,0.00239,1.00000,0.00000,0.00402,-0.01930,4752.94932,0.25000 ===
 56.01701|I|libbeamng.print:18052| === LSTM_TRACE t=220 v=15.42 ws=9.81,14.90,14.70,7.83 cmd=0.692,0.662,0.321,0.365 cap=2176,2097,581,664 des=2176,2097,508,581 app=2161,2076,499,569 abs=nil,nil,nil,nil ebrake=1.00 ibrake=1.00 hasABS=0 sy=11.39 split=1.000,0.875 ===
 56.01706|I|libbeamng.print:18052| === LSTM_OBS t=220 9.80764,14.89905,14.69860,7.83491,-0.50841,11.39156,-9.68806,0.03340,0.00000,0.00000,0.00244,1.00000,0.00000,0.00401,-0.02019,4757.29103,0.25000 ===
 56.06446|I|libbeamng.print:18052| === LSTM_TRACE t=230 v=14.90 ws=8.51,14.19,14.41,7.75 cmd=0.535,0.524,0.441,0.474 cap=2229,2273,674,749 des=2229,2273,589,655 app=2212,2252,578,641 abs=nil,nil,nil,nil ebrake=1.00 ibrake=1.00 hasABS=0 sy=11.09 split=1.000,0.875 ===
 56.06451|I|libbeamng.print:18052| === LSTM_OBS t=230 8.50938,14.18943,14.41145,7.74833,-0.58867,11.09155,-9.61502,0.03545,0.00000,0.00000,0.00204,1.00000,0.00000,0.00413,-0.02037,4734.12130,0.25000 ===
 56.11563|I|libbeamng.print:18052| === LSTM_TRACE t=240 v=14.37 ws=7.54,13.47,13.64,7.88 cmd=0.566,0.614,0.564,0.584 cap=1568,1700,1144,1186 des=1568,1700,1001,1038 app=1806,1939,982,1014 abs=nil,nil,nil,nil ebrake=1.00 ibrake=1.00 hasABS=0 sy=10.92 split=1.000,0.875 ===
 56.11568|I|libbeamng.print:18052| === LSTM_OBS t=240 7.54401,13.46790,13.64249,7.88368,-0.63222,10.91690,-9.53440,0.02310,0.00000,0.00000,0.00115,1.00000,0.00000,0.00437,-0.02056,4669.83549,0.25000 ===
 56.16554|I|libbeamng.print:18052| === LSTM_TRACE t=250 v=13.84 ws=6.85,13.51,13.39,7.99 cmd=0.771,0.845,0.630,0.654 cap=1947,2256,1104,1162 des=1947,2256,966,1017 app=1931,2125,947,993 abs=nil,nil,nil,nil ebrake=1.00 ibrake=1.00 hasABS=0 sy=10.81 split=1.000,0.875 ===
 56.16559|I|libbeamng.print:18052| === LSTM_OBS t=250 6.85270,13.51380,13.38754,7.98576,-0.61604,10.81079,-9.43226,0.02128,0.00000,0.00000,0.00224,1.00000,0.00000,0.00389,-0.02072,4550.01843,0.25000 ===
 56.21787|I|libbeamng.print:18052| === LSTM_TRACE t=260 v=13.33 ws=6.31,12.46,12.77,7.50 cmd=0.373,0.418,0.667,0.687 cap=2213,2389,1314,1353 des=2213,2389,1150,1184 app=2193,2368,1128,1156 abs=nil,nil,nil,nil ebrake=1.00 ibrake=1.00 hasABS=0 sy=10.71 split=1.000,0.875 ===
 56.21798|I|libbeamng.print:18052| === LSTM_OBS t=260 6.30942,12.45939,12.77272,7.50225,-0.60721,10.70703,-9.40282,0.01422,0.00000,0.00000,0.00265,1.00000,0.00000,0.00341,-0.02016,4400.59695,0.25000 ===
 56.26738|I|libbeamng.print:18052| === LSTM_TRACE t=270 v=12.77 ws=6.28,11.69,12.10,7.31 cmd=0.408,0.454,0.655,0.675 cap=1857,1978,1297,1338 des=1857,1978,1135,1171 app=1964,2216,1114,1143 abs=nil,nil,nil,nil ebrake=1.00 ibrake=1.00 hasABS=0 sy=10.69 split=1.000,0.875 ===
 56.26742|I|libbeamng.print:18052| === LSTM_OBS t=270 6.28135,11.69199,12.09911,7.31232,-0.58969,10.69158,-9.41493,0.01673,0.00000,0.00000,0.00069,1.00000,0.00000,0.00305,-0.01936,4245.54238,0.25000 ===
 56.31740|I|libbeamng.print:18052| === LSTM_TRACE t=280 v=12.23 ws=6.79,11.63,11.65,7.18 cmd=0.858,0.898,0.673,0.693 cap=2290,2475,1187,1233 des=2290,2475,1039,1079 app=2000,2217,1020,1053 abs=nil,nil,nil,nil ebrake=1.00 ibrake=1.00 hasABS=0 sy=10.79 split=1.000,0.875 ===
 56.31745|I|libbeamng.print:18052| === LSTM_OBS t=280 6.79206,11.63110,11.64851,7.18400,-0.52897,10.78627,-9.44722,0.00697,0.00000,0.00000,0.00401,1.00000,0.00000,0.00268,-0.01855,4095.51601,0.25000 ===
 56.37645|I|libbeamng.print:18052| === LSTM_TRACE t=290 v=11.68 ws=7.02,11.01,10.94,6.97 cmd=0.683,0.707,0.728,0.747 cap=2825,2905,1378,1426 des=2825,2905,1206,1248 app=2419,2565,1184,1217 abs=nil,nil,nil,nil ebrake=1.00 ibrake=1.00 hasABS=0 sy=10.89 split=1.000,0.875 ===
 56.37651|I|libbeamng.print:18052| === LSTM_OBS t=290 7.02418,11.01034,10.93602,6.96699,-0.49034,10.89141,-9.50657,0.02142,0.00000,0.00000,0.00318,1.00000,0.00000,0.00241,-0.01782,3959.48316,0.25000 ===
 56.42885|I|libbeamng.print:18052| === LSTM_TRACE t=300 v=11.09 ws=6.64,10.30,10.65,6.80 cmd=0.688,0.743,0.653,0.676 cap=1666,1798,1362,1402 des=1666,1798,1192,1226 app=1877,2037,1171,1196 abs=nil,nil,nil,nil ebrake=1.00 ibrake=1.00 hasABS=0 sy=10.99 split=1.000,0.875 ===
 56.42890|I|libbeamng.print:18052| === LSTM_OBS t=300 6.63833,10.30179,10.65153,6.80125,-0.44398,10.99111,-9.59924,0.00104,0.00000,0.00000,0.00256,1.00000,0.00000,0.00221,-0.01739,3804.58697,0.25000 ===
 56.47961|I|libbeamng.print:18052| === LSTM_TRACE t=310 v=10.54 ws=6.82,9.81,9.86,6.49 cmd=0.665,0.704,0.710,0.734 cap=2577,2691,1398,1448 des=2577,2691,1223,1267 app=2479,2626,1201,1236 abs=nil,nil,nil,nil ebrake=1.00 ibrake=1.00 hasABS=0 sy=11.11 split=1.000,0.875 ===
 56.47966|I|libbeamng.print:18052| === LSTM_OBS t=310 6.81890,9.80860,9.85541,6.48605,-0.38518,11.11143,-9.63328,0.00598,0.00000,0.00000,0.00289,1.00000,0.00000,0.00211,-0.01690,3646.89612,0.25000 ===
 56.52988|I|libbeamng.print:18052| === LSTM_TRACE t=320 v=9.94 ws=6.63,9.19,9.51,6.49 cmd=0.683,0.750,0.669,0.694 cap=1400,1516,1351,1395 des=1400,1516,1182,1220 app=1801,1911,1161,1190 abs=nil,nil,nil,nil ebrake=1.00 ibrake=1.00 hasABS=0 sy=11.21 split=1.000,0.875 ===
 56.52993|I|libbeamng.print:18052| === LSTM_OBS t=320 6.63250,9.18782,9.50502,6.49178,-0.34449,11.21265,-9.66250,0.01495,0.00000,0.00000,0.00162,1.00000,0.00000,0.00219,-0.01665,3482.39475,0.25000 ===
 56.57934|I|libbeamng.print:18052| === LSTM_TRACE t=330 v=9.39 ws=7.53,9.09,8.91,6.14 cmd=0.937,0.955,0.740,0.769 cap=2741,2849,1325,1375 des=2741,2849,1159,1203 app=2021,2145,1138,1173 abs=nil,nil,nil,nil ebrake=1.00 ibrake=1.00 hasABS=0 sy=11.29 split=1.000,0.875 ===
 56.57941|I|libbeamng.print:18052| === LSTM_OBS t=330 7.53029,9.09496,8.91480,6.13506,-0.30138,11.28515,-9.66659,0.00777,0.00000,0.00000,0.00514,1.00000,0.00000,0.00232,-0.01623,3313.90765,0.25000 ===
 56.62998|I|libbeamng.print:18052| === LSTM_TRACE t=340 v=8.81 ws=7.26,7.94,8.31,5.99 cmd=0.689,0.734,0.751,0.768 cap=2601,2741,1391,1429 des=2601,2741,1217,1250 app=2570,2715,1196,1219 abs=nil,nil,nil,nil ebrake=1.00 ibrake=1.00 hasABS=0 sy=11.36 split=1.000,0.875 ===
 56.63003|I|libbeamng.print:18052| === LSTM_OBS t=340 7.26387,7.93627,8.31102,5.98702,-0.27474,11.35966,-9.66554,0.01900,0.00000,0.00000,0.00448,1.00000,0.00000,0.00245,-0.01592,3145.49136,0.25000 ===
 56.68000|I|libbeamng.print:18052| === LSTM_TRACE t=350 v=8.20 ws=7.27,7.20,7.67,6.17 cmd=0.758,0.819,0.674,0.678 cap=1692,1896,1344,1352 des=1692,1896,1176,1183 app=1903,2064,1155,1153 abs=nil,nil,nil,nil ebrake=1.00 ibrake=1.00 hasABS=0 sy=11.50 split=1.000,0.875 ===
 56.68005|I|libbeamng.print:18052| === LSTM_OBS t=350 7.27377,7.19830,7.67237,6.16535,-0.27223,11.49818,-9.65836,0.01809,0.00000,0.00000,0.00162,1.00000,0.00000,0.00265,-0.01565,2984.73373,0.25000 ===
 56.72986|I|libbeamng.print:18052| === LSTM_TRACE t=360 v=7.62 ws=6.98,6.47,6.86,5.91 cmd=0.687,0.756,0.668,0.661 cap=2511,2668,1323,1318 des=2511,2668,1158,1154 app=2481,2645,1137,1124 abs=nil,nil,nil,nil ebrake=1.00 ibrake=1.00 hasABS=0 sy=11.61 split=1.000,0.875 ===
 56.72999|I|libbeamng.print:18052| === LSTM_OBS t=360 6.98167,6.46778,6.85814,5.91497,-0.24377,11.60859,-9.68646,0.01155,0.00000,0.00000,0.00270,1.00000,0.00000,0.00258,-0.01569,2838.24596,0.25000 ===
 56.77753|I|libbeamng.print:18052| === LSTM_TRACE t=370 v=7.00 ws=6.43,5.88,6.14,6.41 cmd=0.746,0.813,0.649,0.622 cap=2041,2314,1208,1157 des=2041,2314,1057,1012 app=2023,2294,1037,986 abs=nil,nil,nil,nil ebrake=1.00 ibrake=1.00 hasABS=0 sy=11.67 split=1.000,0.875 ===
 56.77762|I|libbeamng.print:18052| === LSTM_OBS t=370 6.42762,5.87694,6.13932,6.40500,-0.24225,11.67297,-9.69522,0.01054,0.00000,0.00000,0.00176,1.00000,0.00000,0.00239,-0.01592,2722.34310,0.25000 ===
 56.82730|I|libbeamng.print:18052| === LSTM_TRACE t=380 v=6.43 ws=6.23,5.88,5.78,6.22 cmd=0.613,0.677,0.643,0.624 cap=1795,1989,1314,1284 des=1795,1989,1150,1124 app=1873,2083,1128,1095 abs=nil,nil,nil,nil ebrake=1.00 ibrake=1.00 hasABS=0 sy=11.75 split=1.000,0.875 ===
 56.82737|I|libbeamng.print:18052| === LSTM_OBS t=380 6.22772,5.88437,5.77512,6.21790,-0.27936,11.75031,-9.72598,-0.00663,0.00000,0.00000,0.00198,1.00000,0.00000,0.00215,-0.01604,2603.85162,0.25000 ===
 56.87744|I|libbeamng.print:18052| === LSTM_TRACE t=390 v=5.91 ws=5.33,5.33,5.60,5.50 cmd=0.321,0.355,0.668,0.642 cap=2263,2372,1279,1253 des=2263,2372,1119,1096 app=2234,2349,1097,1068 abs=nil,nil,nil,nil ebrake=1.00 ibrake=1.00 hasABS=0 sy=11.54 split=1.000,0.875 ===
 56.87750|I|libbeamng.print:18052| === LSTM_OBS t=390 5.32646,5.33291,5.59909,5.49522,-0.30297,11.53551,-9.76646,-0.01426,0.00000,0.00000,0.00364,1.00000,0.00000,0.00222,-0.01606,2473.87781,0.25000 ===
 56.92908|I|libbeamng.print:18052| === LSTM_TRACE t=400 v=5.39 ws=4.77,4.97,5.22,5.08 cmd=0.536,0.605,0.628,0.596 cap=789,841,1280,1222 des=789,841,1120,1069 app=1468,1581,1097,1041 abs=nil,nil,nil,nil ebrake=1.00 ibrake=1.00 hasABS=0 sy=11.16 split=1.000,0.875 ===
 56.92914|I|libbeamng.print:18052| === LSTM_OBS t=400 4.77097,4.97482,5.22494,5.07779,-0.17693,11.15925,-9.70328,-0.00356,0.00000,0.00000,0.00342,1.00000,0.00000,0.00147,-0.01551,2332.16954,0.25000 ===
 56.97882|I|libbeamng.print:18052| === LSTM_TRACE t=410 v=4.91 ws=4.75,4.70,4.81,4.60 cmd=0.708,0.752,0.676,0.659 cap=1739,1939,1250,1201 des=1739,1939,1093,1051 app=1715,1883,1070,1023 abs=nil,nil,nil,nil ebrake=1.00 ibrake=1.00 hasABS=0 sy=10.79 split=1.000,0.875 ===
 56.97888|I|libbeamng.print:18052| === LSTM_OBS t=410 4.75440,4.69550,4.80916,4.59662,-0.13562,10.78710,-9.70693,0.00898,0.00000,0.00000,0.00497,1.00000,0.00000,0.00065,-0.01489,2165.89755,0.25000 ===
 57.02929|I|libbeamng.print:18052| === LSTM_TRACE t=420 v=4.48 ws=4.04,4.01,4.22,3.97 cmd=0.342,0.357,0.647,0.620 cap=1788,1863,1283,1257 des=1788,1863,1123,1100 app=1762,1882,1099,1070 abs=nil,nil,nil,nil ebrake=1.00 ibrake=1.00 hasABS=0 sy=10.32 split=1.000,0.875 ===
 57.02935|I|libbeamng.print:18052| === LSTM_OBS t=420 4.04066,4.00919,4.21996,3.97121,-0.12635,10.32401,-9.73186,-0.00084,0.00000,0.00000,0.00516,1.00000,0.00000,0.00074,-0.01387,1979.17635,0.25000 ===
 57.07888|I|libbeamng.print:18052| === LSTM_TRACE t=430 v=4.01 ws=3.87,4.05,4.01,4.18 cmd=0.682,0.711,0.600,0.571 cap=1997,2060,1202,1141 des=1997,2060,1052,999 app=1967,2035,1028,971 abs=nil,nil,nil,nil ebrake=1.00 ibrake=1.00 hasABS=0 sy=9.98 split=1.000,0.875 ===
 57.07894|I|libbeamng.print:18052| === LSTM_OBS t=430 3.87389,4.04511,4.01264,4.17833,-0.06168,9.97707,-9.72791,-0.00473,0.00000,0.00000,0.00049,1.00000,0.00000,0.00089,-0.01313,1791.10556,0.25000 ===
 57.13036|I|libbeamng.print:18052| === LSTM_TRACE t=440 v=3.56 ws=2.97,2.94,3.27,3.23 cmd=0.394,0.377,0.670,0.632 cap=1601,1571,1288,1231 des=1601,1571,1127,1077 app=1805,1839,1101,1047 abs=nil,nil,nil,nil ebrake=1.00 ibrake=1.00 hasABS=0 sy=9.72 split=1.000,0.875 ===
 57.13041|I|libbeamng.print:18052| === LSTM_OBS t=440 2.96550,2.94079,3.26790,3.22758,-0.05907,9.71641,-9.70490,0.00174,0.00000,0.00000,0.00433,1.00000,0.00000,0.00084,-0.01278,1608.53326,0.25000 ===
 57.17959|I|libbeamng.print:18052| === LSTM_TRACE t=450 v=3.09 ws=2.90,3.24,3.00,3.13 cmd=0.786,0.796,0.600,0.560 cap=2044,2045,1198,1111 des=2044,2045,1048,972 app=1803,1837,1023,944 abs=nil,nil,nil,nil ebrake=1.00 ibrake=1.00 hasABS=0 sy=9.55 split=1.000,0.875 ===
 57.17970|I|libbeamng.print:18052| === LSTM_OBS t=450 2.89529,3.23715,3.00495,3.12976,-0.03849,9.54636,-9.66839,-0.00174,0.00000,0.00000,0.00142,1.00000,0.00000,0.00078,-0.01291,1421.83293,0.25000 ===
 57.23229|I|libbeamng.print:18052| === LSTM_TRACE t=460 v=2.65 ws=2.03,2.25,2.41,2.72 cmd=0.547,0.519,0.684,0.645 cap=1891,1827,1301,1228 des=1891,1827,1139,1075 app=1865,1836,1111,1043 abs=nil,nil,nil,nil ebrake=1.00 ibrake=1.00 hasABS=0 sy=9.39 split=1.000,0.875 ===
 57.23234|I|libbeamng.print:18052| === LSTM_OBS t=460 2.03475,2.25119,2.40991,2.71760,-0.05349,9.38914,-9.68823,0.00263,0.00000,0.00000,0.00169,1.00000,0.00000,0.00092,-0.01309,1235.59145,0.25000 ===
 57.28340|I|libbeamng.print:18052| === LSTM_TRACE t=470 v=2.15 ws=1.85,1.58,1.97,1.94 cmd=0.774,0.764,0.725,0.704 cap=2226,2143,1431,1388 des=2226,2143,1252,1215 app=2186,2110,1220,1178 abs=nil,nil,nil,nil ebrake=1.00 ibrake=1.00 hasABS=0 sy=9.45 split=1.000,0.875 ===
 57.28344|I|libbeamng.print:18052| === LSTM_OBS t=470 1.85496,1.58343,1.96676,1.94245,-0.05185,9.44791,-9.67886,-0.00222,0.00000,0.00000,0.00307,1.00000,0.00000,0.00072,-0.01338,1049.51792,0.25000 ===
 57.33011|I|libbeamng.print:18052| === LSTM_TRACE t=480 v=1.60 ws=0.15,0.51,1.57,0.33 cmd=0.838,0.850,0.831,0.829 cap=2485,2515,1593,1589 des=2485,2515,1394,1391 app=2438,2475,1357,1348 abs=nil,nil,nil,nil ebrake=1.00 ibrake=1.00 hasABS=0 sy=9.69 split=1.000,0.875 ===
 57.33016|I|libbeamng.print:18052| === LSTM_OBS t=480 0.14957,0.50862,1.56757,0.32806,-0.07834,9.69274,-9.61157,-0.00223,0.00000,0.00000,0.00204,1.00000,0.00000,0.00114,-0.01405,880.35674,0.25000 ===
 57.37989|I|libbeamng.print:18052| === LSTM_TRACE t=490 v=1.03 ws=0.03,0.02,0.40,0.29 cmd=0.924,0.943,0.843,0.834 cap=2855,2909,1645,1626 des=2855,2909,1439,1423 app=2798,2860,1400,1378 abs=nil,nil,nil,nil ebrake=1.00 ibrake=1.00 hasABS=0 sy=10.15 split=1.000,0.875 ===
 57.37994|I|libbeamng.print:18052| === LSTM_OBS t=490 0.02524,0.02177,0.39708,0.28824,0.03495,10.15493,-9.55984,0.01333,0.00000,0.00000,0.00423,1.00000,0.00000,0.00050,-0.01438,746.47017,0.25000 ===
 87.93028|I|libbeamng.print:18052| === LSTM_TRACE t=0 v=27.71 ws=27.79,27.89,27.45,27.48 cmd=0.907,0.919,0.408,0.426 cap=155,155,97,97 des=155,155,85,85 app=74,74,41,40 abs=nil,nil,nil,nil ebrake=1.00 ibrake=1.00 hasABS=0 sy=1.57 split=1.000,0.875 ===
 87.93033|I|libbeamng.print:18052| === LSTM_OBS t=0 27.78740,27.88789,27.44560,27.48079,-0.03257,1.57003,-9.79219,0.00470,0.00000,0.00000,0.00069,1.00000,0.00000,0.00090,-0.00898,7858.01765,0.25000 ===
 87.98357|I|libbeamng.print:18052| === LSTM_TRACE t=10 v=27.42 ws=25.60,25.45,26.74,26.82 cmd=0.669,0.724,0.633,0.609 cap=1990,2150,1178,1132 des=1990,2150,1031,991 app=1914,2071,991,950 abs=nil,nil,nil,nil ebrake=1.00 ibrake=1.00 hasABS=0 sy=2.21 split=1.000,0.875 ===
 87.98362|I|libbeamng.print:18052| === LSTM_OBS t=10 25.59611,25.44566,26.74416,26.82419,-0.03256,2.21131,-9.74352,-0.02261,0.00000,0.00000,0.00104,1.00000,0.00000,0.00100,-0.00999,7764.63529,0.25000 ===
 88.00369|I|libbeamng.print:18052| === LSTM_ABS DBG raw=25.1460,24.7431,26.4084,26.4253,-0.0237,2.8717,-9.6687,-0.0174,0.0000,0.0000,0.0020,1.0000,0.0000,0.0010,-0.0112,7678.7453,0.2500 ===
 88.00373|I|libbeamng.print:18052| === LSTM_ABS DBG norm=0.54,0.45,0.56,0.56,-0.17,-1.84,0.00,-0.08,0.05,-0.05,0.02,0.50,-0.02,0.00,0.00,3.74,0.00 ===
 88.00374|I|libbeamng.print:18052| === LSTM_ABS DBG cmd=0.7045,0.7305,0.7168,0.7074 ===
 88.03047|I|libbeamng.print:18052| === LSTM_TRACE t=20 v=26.90 ws=24.75,24.76,25.79,25.86 cmd=0.748,0.745,0.719,0.719 cap=2261,2258,1410,1408 des=2261,2258,1233,1232 app=2191,2191,1195,1190 abs=nil,nil,nil,nil ebrake=1.00 ibrake=1.00 hasABS=0 sy=3.79 split=1.000,0.875 ===
 88.03053|I|libbeamng.print:18052| === LSTM_OBS t=20 24.75348,24.75810,25.79392,25.86281,-0.04340,3.78838,-9.61219,0.00764,0.00000,0.00000,0.00169,1.00000,0.00000,0.00114,-0.01330,7545.72493,0.25000 ===
 88.08144|I|libbeamng.print:18052| === LSTM_TRACE t=30 v=26.36 ws=24.04,24.15,24.80,25.05 cmd=0.781,0.792,0.692,0.696 cap=2438,2456,1354,1362 des=2438,2456,1184,1192 app=2379,2399,1155,1159 abs=nil,nil,nil,nil ebrake=1.00 ibrake=1.00 hasABS=0 sy=5.71 split=1.000,0.875 ===
 88.08150|I|libbeamng.print:18052| === LSTM_OBS t=30 24.03703,24.15366,24.80148,25.05381,0.00487,5.70854,-9.50242,-0.00319,0.00000,0.00000,0.00305,1.00000,0.00000,0.00145,-0.01612,7272.02156,0.25000 ===
 88.13243|I|libbeamng.print:18052| === LSTM_TRACE t=40 v=25.77 ws=22.96,23.24,24.11,24.27 cmd=0.830,0.835,0.731,0.742 cap=2505,2528,1445,1461 des=2505,2528,1264,1279 app=2458,2483,1239,1251 abs=nil,nil,nil,nil ebrake=1.00 ibrake=1.00 hasABS=0 sy=7.36 split=1.000,0.875 ===
 88.13258|I|libbeamng.print:18052| === LSTM_OBS t=40 22.96357,23.23864,24.10528,24.26987,-0.00180,7.36241,-9.45412,0.00368,0.00000,0.00000,0.00307,1.00000,0.00000,0.00142,-0.01788,7036.76565,0.25000 ===
 88.18361|I|libbeamng.print:18052| === LSTM_TRACE t=50 v=25.16 ws=21.37,22.00,23.30,23.68 cmd=0.829,0.838,0.753,0.769 cap=2478,2510,1447,1474 des=2478,2510,1266,1290 app=2442,2476,1245,1267 abs=nil,nil,nil,nil ebrake=1.00 ibrake=1.00 hasABS=0 sy=8.72 split=1.000,0.875 ===
 88.18367|I|libbeamng.print:18052| === LSTM_OBS t=50 21.37466,22.00310,23.29830,23.68056,0.00453,8.72342,-9.56918,0.00363,0.00000,0.00000,0.00301,1.00000,0.00000,0.00139,-0.01932,6821.56804,0.25000 ===
 88.23583|I|libbeamng.print:18052| === LSTM_TRACE t=60 v=24.57 ws=19.62,20.71,22.57,22.76 cmd=0.795,0.806,0.776,0.794 cap=2429,2481,1503,1536 des=2429,2481,1316,1344 app=2400,2454,1298,1325 abs=nil,nil,nil,nil ebrake=1.00 ibrake=1.00 hasABS=0 sy=9.70 split=1.000,0.875 ===
 88.23592|I|libbeamng.print:18052| === LSTM_OBS t=60 19.61775,20.71417,22.56754,22.76055,0.01928,9.70091,-9.68950,-0.00535,0.00000,0.00000,0.00285,1.00000,0.00000,0.00126,-0.02000,6595.54749,0.25000 ===
 88.28481|I|libbeamng.print:18052| === LSTM_TRACE t=70 v=23.98 ws=17.76,19.47,21.78,21.77 cmd=0.710,0.732,0.793,0.810 cap=2434,2507,1487,1525 des=2434,2507,1301,1335 app=2410,2486,1286,1319 abs=nil,nil,nil,nil ebrake=1.00 ibrake=1.00 hasABS=0 sy=10.31 split=1.000,0.875 ===
 88.28488|I|libbeamng.print:18052| === LSTM_OBS t=70 17.76365,19.47274,21.78476,21.77027,0.04307,10.31378,-9.72911,-0.01047,0.00000,0.00000,0.00285,1.00000,0.00000,0.00112,-0.01982,6358.64472,0.25000 ===
 88.33721|I|libbeamng.print:18052| === LSTM_TRACE t=80 v=23.43 ws=16.17,18.46,21.20,20.83 cmd=0.634,0.643,0.822,0.835 cap=2399,2477,1558,1585 des=2399,2477,1363,1387 app=2379,2460,1351,1373 abs=nil,nil,nil,nil ebrake=1.00 ibrake=1.00 hasABS=0 sy=10.69 split=1.000,0.875 ===
 88.33727|I|libbeamng.print:18052| === LSTM_OBS t=80 16.17476,18.45858,21.19688,20.83371,0.07617,10.68808,-9.72137,-0.00610,0.00000,0.00000,0.00265,1.00000,0.00000,0.00095,-0.01895,6119.69479,0.25000 ===
 88.38632|I|libbeamng.print:18052| === LSTM_TRACE t=90 v=22.86 ws=14.60,17.90,20.56,19.90 cmd=0.768,0.796,0.804,0.818 cap=2104,2190,1555,1582 des=2104,2190,1360,1384 app=2088,2177,1350,1372 abs=nil,nil,nil,nil ebrake=1.00 ibrake=1.00 hasABS=0 sy=10.89 split=1.000,0.875 ===
 88.38637|I|libbeamng.print:18052| === LSTM_OBS t=90 14.59537,17.90209,20.55729,19.89546,0.11485,10.88911,-9.63106,-0.02053,0.00000,0.00000,0.00297,1.00000,0.00000,0.00060,-0.01783,5883.66885,0.25000 ===
 88.43662|I|libbeamng.print:18052| === LSTM_TRACE t=100 v=22.29 ws=12.82,17.31,20.03,18.78 cmd=0.665,0.685,0.816,0.827 cap=2201,2271,1563,1589 des=2201,2271,1368,1390 app=2186,2259,1359,1380 abs=nil,nil,nil,nil ebrake=1.00 ibrake=1.00 hasABS=0 sy=11.00 split=1.000,0.875 ===
 88.43667|I|libbeamng.print:18052| === LSTM_OBS t=100 12.81704,17.30901,20.02814,18.77904,0.14166,10.99841,-9.59544,-0.00911,0.00000,0.00000,0.00239,1.00000,0.00000,0.00044,-0.01655,5650.51425,0.25000 ===
 88.48607|I|libbeamng.print:18052| === LSTM_TRACE t=110 v=21.72 ws=11.09,17.13,19.58,17.71 cmd=0.654,0.681,0.826,0.836 cap=2167,2268,1558,1583 des=2167,2268,1364,1385 app=2153,2258,1356,1376 abs=nil,nil,nil,nil ebrake=1.00 ibrake=1.00 hasABS=0 sy=11.08 split=1.000,0.875 ===
 88.48612|I|libbeamng.print:18052| === LSTM_OBS t=110 11.08645,17.13107,19.58253,17.71028,0.17775,11.08003,-9.59677,-0.01153,0.00000,0.00000,0.00210,1.00000,0.00000,0.00031,-0.01548,5420.91843,0.25000 ===
 88.54054|I|libbeamng.print:18052| === LSTM_TRACE t=120 v=21.16 ws=9.07,17.56,19.30,16.37 cmd=0.736,0.772,0.798,0.814 cap=1817,1892,1608,1630 des=1817,1892,1407,1427 app=1805,1885,1401,1418 abs=nil,nil,nil,nil ebrake=1.00 ibrake=1.00 hasABS=0 sy=11.11 split=1.000,0.875 ===
 88.54059|I|libbeamng.print:18052| === LSTM_OBS t=120 9.07473,17.56474,19.29738,16.37079,0.21931,11.11132,-9.59363,-0.01385,0.00000,0.00000,0.00134,1.00000,0.00000,0.00009,-0.01456,5216.03238,0.25000 ===
 88.58724|I|libbeamng.print:18052| === LSTM_TRACE t=130 v=20.60 ws=6.69,18.33,19.18,14.91 cmd=0.768,0.803,0.826,0.836 cap=2393,2525,1541,1574 des=2393,2525,1348,1377 app=2115,2223,1343,1370 abs=nil,nil,nil,nil ebrake=1.00 ibrake=1.00 hasABS=0 sy=11.16 split=1.000,0.875 ===
 88.58729|I|libbeamng.print:18052| === LSTM_OBS t=130 6.68935,18.32723,19.17577,14.91287,0.25273,11.15975,-9.59941,-0.00962,0.00000,0.00000,0.00198,1.00000,0.00000,-0.00034,-0.01390,4986.49007,0.25000 ===
 88.63750|I|libbeamng.print:18052| === LSTM_TRACE t=140 v=20.05 ws=4.37,18.47,19.14,13.29 cmd=0.581,0.635,0.828,0.840 cap=1818,1983,1613,1630 des=1818,1983,1411,1426 app=1875,2028,1407,1418 abs=nil,nil,nil,nil ebrake=1.00 ibrake=1.00 hasABS=0 sy=11.16 split=1.000,0.875 ===
 88.63755|I|libbeamng.print:18052| === LSTM_OBS t=140 4.37042,18.47039,19.13866,13.29034,0.34119,11.16224,-9.65478,-0.00195,0.00000,0.00000,0.00049,1.00000,0.00000,-0.00111,-0.01332,4751.27686,0.25000 ===
 88.68701|I|libbeamng.print:18052| === LSTM_TRACE t=150 v=19.50 ws=1.65,17.65,18.46,11.30 cmd=0.680,0.724,0.819,0.837 cap=2333,2467,1580,1619 des=2333,2467,1383,1417 app=2315,2463,1379,1409 abs=nil,nil,nil,nil ebrake=1.00 ibrake=1.00 hasABS=0 sy=11.12 split=1.000,0.875 ===
 88.68709|I|libbeamng.print:18052| === LSTM_OBS t=150 1.65008,17.65407,18.46486,11.30055,0.38357,11.11706,-9.77495,0.01594,0.00000,0.00000,0.00535,1.00000,0.00000,-0.00062,-0.01250,4505.34236,0.25000 ===
 88.74059|I|libbeamng.print:18052| === LSTM_TRACE t=160 v=18.96 ws=0.12,15.35,17.48,8.70 cmd=0.759,0.819,0.802,0.832 cap=2131,2340,1559,1613 des=2131,2340,1364,1412 app=2113,2337,1361,1404 abs=nil,nil,nil,nil ebrake=1.00 ibrake=1.00 hasABS=0 sy=11.03 split=1.000,0.875 ===
 88.74064|I|libbeamng.print:18052| === LSTM_OBS t=160 0.11908,15.35149,17.48028,8.70054,0.36991,11.02923,-9.84270,0.02031,0.00000,0.00000,0.00192,1.00000,0.00000,0.00083,-0.01159,4281.63440,0.25000 ===
 88.78678|I|libbeamng.print:18052| === LSTM_TRACE t=170 v=18.45 ws=0.08,11.36,16.57,6.30 cmd=0.730,0.788,0.814,0.843 cap=2254,2451,1568,1624 des=2254,2451,1372,1421 app=2232,2448,1369,1413 abs=nil,nil,nil,nil ebrake=1.00 ibrake=1.00 hasABS=0 sy=10.87 split=1.000,0.875 ===
 88.78684|I|libbeamng.print:18052| === LSTM_OBS t=170 0.07753,11.35798,16.56692,6.29602,0.37675,10.87200,-9.74244,0.01725,0.00000,0.00000,0.00192,1.00000,0.00000,0.00236,-0.01070,4079.43932,0.25000 ===
 88.83947|I|libbeamng.print:18052| === LSTM_TRACE t=180 v=17.94 ws=0.04,6.44,15.87,4.16 cmd=0.728,0.788,0.789,0.832 cap=2122,2308,1558,1632 des=2122,2308,1364,1428 app=2100,2305,1361,1418 abs=nil,nil,nil,nil ebrake=1.00 ibrake=1.00 hasABS=0 sy=10.67 split=1.000,0.875 ===
 88.83951|I|libbeamng.print:18052| === LSTM_OBS t=180 0.03947,6.44081,15.87069,4.15909,0.35616,10.67041,-9.60895,0.01416,0.00000,0.00000,0.00124,1.00000,0.00000,0.00277,-0.01003,3851.61248,0.25000 ===
 88.88970|I|libbeamng.print:18052| === LSTM_TRACE t=190 v=17.43 ws=0.07,0.66,15.47,2.59 cmd=0.759,0.798,0.780,0.826 cap=2281,2415,1519,1611 des=2281,2415,1329,1409 app=2255,2410,1327,1399 abs=nil,nil,nil,nil ebrake=1.00 ibrake=1.00 hasABS=0 sy=10.53 split=1.000,0.875 ===
 88.88976|I|libbeamng.print:18052| === LSTM_OBS t=190 0.06775,0.66180,15.46979,2.58801,0.28751,10.53161,-9.62353,0.01430,0.00000,0.00000,0.00091,1.00000,0.00000,0.00238,-0.00977,3636.38057,0.25000 ===
 88.93973|I|libbeamng.print:18052| === LSTM_TRACE t=200 v=16.95 ws=0.00,0.11,16.40,0.26 cmd=0.855,0.865,0.805,0.813 cap=2667,2704,1556,1581 des=2667,2704,1361,1383 app=2634,2697,1359,1371 abs=nil,nil,nil,nil ebrake=1.00 ibrake=1.00 hasABS=0 sy=10.35 split=1.000,0.875 ===
 88.93978|I|libbeamng.print:18052| === LSTM_OBS t=200 0.00141,0.10655,16.39525,0.25648,0.23760,10.35293,-9.67618,0.03063,0.00000,0.00000,0.00000,1.00000,0.00000,0.00082,-0.00942,3415.13652,0.25000 ===
 88.98621|I|libbeamng.print:18052| === LSTM_TRACE t=210 v=16.47 ws=0.01,0.03,14.34,0.34 cmd=0.904,0.908,0.835,0.837 cap=2808,2822,1613,1615 des=2808,2822,1412,1413 app=2771,2812,1409,1398 abs=nil,nil,nil,nil ebrake=1.00 ibrake=1.00 hasABS=0 sy=10.15 split=1.000,0.875 ===
 88.98626|I|libbeamng.print:18052| === LSTM_OBS t=210 0.00884,0.02614,14.33911,0.33567,0.11933,10.14595,-9.69822,0.03754,0.00000,0.00000,0.00183,1.00000,0.00000,0.00132,-0.00837,3241.73915,0.25000 ===
 89.04007|I|libbeamng.print:18052| === LSTM_TRACE t=220 v=15.98 ws=0.00,0.00,13.76,0.12 cmd=0.893,0.898,0.841,0.844 cap=2777,2792,1635,1639 des=2777,2792,1430,1434 app=2738,2780,1428,1417 abs=nil,nil,nil,nil ebrake=1.00 ibrake=1.00 hasABS=0 sy=10.05 split=1.000,0.875 ===
 89.04013|I|libbeamng.print:18052| === LSTM_OBS t=220 0.00120,0.00336,13.76366,0.11736,0.04538,10.04567,-9.67638,0.04503,0.00000,0.00000,0.00085,1.00000,0.00000,0.00162,-0.00801,3051.93497,0.25000 ===
 89.09377|I|libbeamng.print:18052| === LSTM_TRACE t=230 v=15.49 ws=0.00,0.00,12.67,0.05 cmd=0.860,0.871,0.842,0.846 cap=2675,2705,1640,1647 des=2675,2705,1435,1441 app=2635,2692,1433,1422 abs=nil,nil,nil,nil ebrake=1.00 ibrake=1.00 hasABS=0 sy=9.95 split=1.000,0.875 ===
 89.09383|I|libbeamng.print:18052| === LSTM_OBS t=230 0.00255,0.00290,12.67328,0.04835,-0.02602,9.95187,-9.67843,0.04343,0.00000,0.00000,0.00069,1.00000,0.00000,0.00190,-0.00762,2856.92860,0.25000 ===
 89.14383|I|libbeamng.print:18052| === LSTM_TRACE t=240 v=15.00 ws=0.01,0.00,11.99,0.03 cmd=0.810,0.826,0.848,0.852 cap=2542,2590,1644,1653 des=2542,2590,1439,1446 app=2501,2575,1437,1425 abs=nil,nil,nil,nil ebrake=1.00 ibrake=1.00 hasABS=0 sy=9.91 split=1.000,0.875 ===
 89.14389|I|libbeamng.print:18052| === LSTM_OBS t=240 0.00658,0.00161,11.98710,0.03298,-0.07889,9.90555,-9.69803,0.04708,0.00000,0.00000,0.00069,1.00000,0.00000,0.00204,-0.00727,2655.19917,0.25000 ===
 89.19646|I|libbeamng.print:18052| === LSTM_TRACE t=250 v=14.51 ws=0.01,0.00,10.85,0.04 cmd=0.781,0.799,0.855,0.857 cap=2411,2467,1660,1665 des=2411,2467,1452,1457 app=2370,2450,1450,1434 abs=nil,nil,nil,nil ebrake=1.00 ibrake=1.00 hasABS=0 sy=9.88 split=1.000,0.875 ===
 89.19651|I|libbeamng.print:18052| === LSTM_OBS t=250 0.00627,0.00004,10.85141,0.04313,-0.12163,9.87758,-9.71205,0.05051,0.00000,0.00000,0.00091,1.00000,0.00000,0.00214,-0.00694,2453.87709,0.25000 ===
 89.24561|I|libbeamng.print:18052| === LSTM_TRACE t=260 v=14.02 ws=0.00,0.00,9.78,0.05 cmd=0.787,0.806,0.862,0.861 cap=2416,2472,1679,1678 des=2416,2472,1469,1468 app=2374,2453,1466,1444 abs=nil,nil,nil,nil ebrake=1.00 ibrake=1.00 hasABS=0 sy=9.86 split=1.000,0.875 ===
 89.24567|I|libbeamng.print:18052| === LSTM_OBS t=260 0.00044,0.00405,9.78102,0.05115,-0.15264,9.85594,-9.71437,0.04517,0.00000,0.00000,0.00069,1.00000,0.00000,0.00223,-0.00662,2265.97155,0.25000 ===
 89.29368|I|libbeamng.print:18052| === LSTM_TRACE t=270 v=13.53 ws=0.01,0.00,9.00,0.00 cmd=0.799,0.818,0.876,0.872 cap=2499,2555,1699,1691 des=2499,2555,1487,1480 app=2454,2534,1484,1454 abs=nil,nil,nil,nil ebrake=1.00 ibrake=1.00 hasABS=0 sy=9.84 split=1.000,0.875 ===
 89.29374|I|libbeamng.print:18052| === LSTM_OBS t=270 0.00606,0.00289,8.99990,0.00358,-0.18731,9.84321,-9.72878,0.04702,0.00000,0.00000,0.00049,1.00000,0.00000,0.00238,-0.00637,2052.76307,0.25000 ===
 89.34440|I|libbeamng.print:18052| === LSTM_TRACE t=280 v=13.04 ws=0.00,0.00,7.84,0.00 cmd=0.834,0.850,0.888,0.881 cap=2574,2622,1700,1700 des=2574,2622,1488,1488 app=2525,2598,1484,1460 abs=nil,nil,nil,nil ebrake=1.00 ibrake=1.00 hasABS=0 sy=9.84 split=1.000,0.875 ===
 89.34446|I|libbeamng.print:18052| === LSTM_OBS t=280 0.00312,0.00180,7.84414,0.00142,-0.21104,9.83775,-9.73040,0.04704,0.00000,0.00000,0.00069,1.00000,0.00000,0.00249,-0.00611,1834.32188,0.25000 ===
 89.39497|I|libbeamng.print:18052| === LSTM_TRACE t=290 v=12.55 ws=0.00,0.00,6.82,0.03 cmd=0.875,0.887,0.896,0.890 cap=2737,2774,1700,1700 des=2737,2774,1488,1488 app=2683,2746,1484,1458 abs=nil,nil,nil,nil ebrake=1.00 ibrake=1.00 hasABS=0 sy=9.84 split=1.000,0.875 ===
 89.39502|I|libbeamng.print:18052| === LSTM_OBS t=290 0.00167,0.00324,6.81734,0.03270,-0.22514,9.83768,-9.73333,0.04831,0.00000,0.00000,0.00069,1.00000,0.00000,0.00256,-0.00580,1612.45619,0.25000 ===
 89.44474|I|libbeamng.print:18052| === LSTM_TRACE t=300 v=12.05 ws=0.01,0.00,5.60,0.01 cmd=0.933,0.938,0.899,0.896 cap=2861,2880,1700,1700 des=2861,2880,1488,1488 app=2803,2849,1483,1457 abs=nil,nil,nil,nil ebrake=1.00 ibrake=1.00 hasABS=0 sy=9.85 split=1.000,0.875 ===
 89.44480|I|libbeamng.print:18052| === LSTM_OBS t=300 0.00779,0.00271,5.59637,0.01017,-0.24983,9.84642,-9.73228,0.04766,0.00000,0.00000,0.00069,1.00000,0.00000,0.00261,-0.00550,1389.44583,0.25000 ===
 89.49169|I|libbeamng.print:18052| === LSTM_TRACE t=310 v=11.54 ws=0.01,0.01,4.38,0.00 cmd=0.963,0.965,0.896,0.898 cap=2972,2979,1700,1700 des=2972,2979,1488,1488 app=2910,2946,1482,1456 abs=nil,nil,nil,nil ebrake=1.00 ibrake=1.00 hasABS=0 sy=9.91 split=1.000,0.875 ===
 89.49173|I|libbeamng.print:18052| === LSTM_OBS t=310 0.01055,0.01251,4.38399,0.00118,-0.28367,9.90713,-9.77673,0.05184,0.00000,0.00000,0.00049,1.00000,0.00000,0.00295,-0.00542,1197.82247,0.25000 ===
 89.54234|I|libbeamng.print:18052| === LSTM_TRACE t=320 v=11.03 ws=0.00,0.01,3.29,0.04 cmd=0.982,0.982,0.893,0.900 cap=3035,3036,1700,1700 des=3035,3036,1488,1488 app=2970,3000,1481,1455 abs=nil,nil,nil,nil ebrake=1.00 ibrake=1.00 hasABS=0 sy=9.97 split=1.000,0.875 ===
 89.54245|I|libbeamng.print:18052| === LSTM_OBS t=320 0.00043,0.00899,3.29453,0.03508,-0.28982,9.97322,-9.83017,0.04379,0.00000,0.00000,0.00085,1.00000,0.00000,0.00339,-0.00590,997.29669,0.25000 ===
 89.59238|I|libbeamng.print:18052| === LSTM_TRACE t=330 v=10.53 ws=0.00,0.00,1.22,0.01 cmd=0.992,0.992,0.873,0.889 cap=3073,3073,1700,1700 des=3073,3073,1488,1488 app=3005,3033,1480,1454 abs=nil,nil,nil,nil ebrake=1.00 ibrake=1.00 hasABS=0 sy=10.01 split=1.000,0.875 ===
 89.59243|I|libbeamng.print:18052| === LSTM_OBS t=330 0.00363,0.00062,1.21928,0.00745,-0.32289,10.00570,-9.83328,0.05038,0.00000,0.00000,0.00069,1.00000,0.00000,0.00384,-0.00664,804.45197,0.25000 ===
 89.64286|I|libbeamng.print:18052| === LSTM_TRACE t=340 v=10.05 ws=0.01,0.00,0.02,0.08 cmd=0.989,0.990,0.873,0.883 cap=3059,3062,1688,1700 des=3059,3062,1477,1488 app=2989,3020,1469,1453 abs=nil,nil,nil,nil ebrake=1.00 ibrake=1.00 hasABS=0 sy=9.96 split=1.000,0.875 ===
 89.64292|I|libbeamng.print:18052| === LSTM_OBS t=340 0.00526,0.00446,0.01794,0.08268,-0.26644,9.95677,-9.77946,0.03998,0.00000,0.00000,0.00000,1.00000,0.00000,0.00345,-0.00713,736.78883,0.25000 ===
 89.69308|I|libbeamng.print:18052| === LSTM_TRACE t=350 v=9.55 ws=0.00,0.00,0.06,0.02 cmd=0.996,0.996,0.871,0.881 cap=3086,3086,1693,1700 des=3086,3086,1482,1488 app=3015,3043,1472,1452 abs=nil,nil,nil,nil ebrake=1.00 ibrake=1.00 hasABS=0 sy=9.92 split=1.000,0.875 ===
 89.69315|I|libbeamng.print:18052| === LSTM_OBS t=350 0.00273,0.00490,0.06084,0.01946,-0.31642,9.92460,-9.75852,0.04386,0.00000,0.00000,0.00049,1.00000,0.00000,0.00352,-0.00710,730.51418,0.25000 ===
 89.74336|I|libbeamng.print:18052| === LSTM_TRACE t=360 v=9.05 ws=0.00,0.00,0.02,0.07 cmd=0.998,0.997,0.863,0.872 cap=3093,3092,1679,1697 des=3093,3092,1469,1485 app=3019,3046,1458,1449 abs=nil,nil,nil,nil ebrake=1.00 ibrake=1.00 hasABS=0 sy=9.92 split=1.000,0.875 ===
 89.74343|I|libbeamng.print:18052| === LSTM_OBS t=360 0.00376,0.00400,0.02320,0.06913,-0.34420,9.92145,-9.74713,0.04330,0.00000,0.00000,0.00069,1.00000,0.00000,0.00396,-0.00693,728.10935,0.25000 ===
 89.79277|I|libbeamng.print:18052| === LSTM_TRACE t=370 v=8.55 ws=0.00,0.00,0.00,0.31 cmd=0.998,0.998,0.860,0.869 cap=3094,3093,1670,1688 des=3094,3093,1462,1477 app=3019,3045,1449,1441 abs=nil,nil,nil,nil ebrake=1.00 ibrake=1.00 hasABS=0 sy=9.96 split=1.000,0.875 ===
 89.79284|I|libbeamng.print:18052| === LSTM_OBS t=370 0.00164,0.00227,0.00263,0.31406,-0.36446,9.95935,-9.72588,0.04037,0.00000,0.00000,0.00049,1.00000,0.00000,0.00436,-0.00686,728.33955,0.25000 ===
 89.84383|I|libbeamng.print:18052| === LSTM_TRACE t=380 v=8.02 ws=0.01,0.00,0.03,1.63 cmd=0.998,0.998,0.860,0.870 cap=3094,3093,1671,1690 des=3094,3093,1462,1479 app=3018,3044,1448,1442 abs=nil,nil,nil,nil ebrake=1.00 ibrake=1.00 hasABS=0 sy=10.08 split=1.000,0.875 ===
 89.84388|I|libbeamng.print:18052| === LSTM_OBS t=380 0.00807,0.00208,0.03196,1.63250,-0.36078,10.08128,-9.71369,0.03213,0.00000,0.00000,0.00049,1.00000,0.00000,0.00410,-0.00701,728.36477,0.25000 ===
 89.89324|I|libbeamng.print:18052| === LSTM_TRACE t=390 v=7.50 ws=0.00,0.00,0.02,0.73 cmd=0.998,0.998,0.859,0.870 cap=3094,3093,1669,1691 des=3094,3093,1460,1479 app=3017,3042,1446,1443 abs=nil,nil,nil,nil ebrake=1.00 ibrake=1.00 hasABS=0 sy=10.19 split=1.000,0.875 ===
 89.89330|I|libbeamng.print:18052| === LSTM_OBS t=390 0.00437,0.00386,0.01976,0.72669,-0.40154,10.19176,-9.72033,0.03190,0.00000,0.00000,0.00049,1.00000,0.00000,0.00350,-0.00752,728.26523,0.25000 ===
 89.94442|I|libbeamng.print:18052| === LSTM_TRACE t=400 v=6.98 ws=0.00,0.00,0.00,0.26 cmd=0.998,0.998,0.860,0.871 cap=3094,3092,1670,1691 des=3094,3092,1461,1480 app=3015,3040,1446,1443 abs=nil,nil,nil,nil ebrake=1.00 ibrake=1.00 hasABS=0 sy=10.23 split=1.000,0.875 ===
 89.94447|I|libbeamng.print:18052| === LSTM_OBS t=400 0.00375,0.00019,0.00124,0.25798,-0.47894,10.22813,-9.75143,0.03669,0.00000,0.00000,0.00049,1.00000,0.00000,0.00454,-0.00772,731.14409,0.25000 ===
 89.99400|I|libbeamng.print:18052| === LSTM_TRACE t=410 v=6.44 ws=0.00,0.00,0.04,1.87 cmd=0.998,0.998,0.861,0.873 cap=3094,3093,1674,1696 des=3094,3093,1465,1484 app=3014,3039,1448,1447 abs=nil,nil,nil,nil ebrake=1.00 ibrake=1.00 hasABS=0 sy=10.37 split=1.000,0.875 ===
 89.99410|I|libbeamng.print:18052| === LSTM_OBS t=410 0.00260,0.00239,0.04158,1.86993,-0.44866,10.36618,-9.72100,0.02246,0.00000,0.00000,0.00049,1.00000,0.00000,0.00495,-0.00785,730.05263,0.25000 ===
 90.04546|I|libbeamng.print:18052| === LSTM_TRACE t=420 v=5.90 ws=0.00,0.00,0.04,0.76 cmd=0.998,0.998,0.861,0.873 cap=3094,3093,1671,1695 des=3094,3093,1462,1483 app=3013,3038,1445,1446 abs=nil,nil,nil,nil ebrake=1.00 ibrake=1.00 hasABS=0 sy=10.50 split=1.000,0.875 ===
 90.04550|I|libbeamng.print:18052| === LSTM_OBS t=420 0.00383,0.00022,0.03926,0.76039,-0.47665,10.49903,-9.72175,0.02389,0.00000,0.00000,0.00069,1.00000,0.00000,0.00441,-0.00830,730.17048,0.25000 ===
 90.09538|I|libbeamng.print:18052| === LSTM_TRACE t=430 v=5.35 ws=0.00,0.00,0.03,1.70 cmd=0.998,0.998,0.862,0.874 cap=3094,3093,1675,1697 des=3094,3093,1465,1485 app=3012,3036,1447,1448 abs=nil,nil,nil,nil ebrake=1.00 ibrake=1.00 hasABS=0 sy=10.62 split=1.000,0.875 ===
 90.09543|I|libbeamng.print:18052| === LSTM_OBS t=430 0.00020,0.00226,0.03166,1.70202,-0.52865,10.62392,-9.73723,0.01487,0.00000,0.00000,0.00000,1.00000,0.00000,0.00493,-0.00854,727.90230,0.25000 ===
 90.14527|I|libbeamng.print:18052| === LSTM_TRACE t=440 v=4.80 ws=0.00,0.00,0.01,0.80 cmd=0.998,0.998,0.862,0.874 cap=3094,3093,1675,1698 des=3094,3093,1465,1486 app=3011,3035,1446,1449 abs=nil,nil,nil,nil ebrake=1.00 ibrake=1.00 hasABS=0 sy=10.72 split=1.000,0.875 ===
 90.14532|I|libbeamng.print:18052| === LSTM_OBS t=440 0.00242,0.00309,0.01384,0.79819,-0.54373,10.71931,-9.72923,0.01818,0.00000,0.00000,0.00049,1.00000,0.00000,0.00491,-0.00890,729.34743,0.25000 ===
 90.19538|I|libbeamng.print:18052| === LSTM_TRACE t=450 v=4.23 ws=0.00,0.00,0.01,1.58 cmd=0.998,0.998,0.863,0.875 cap=3094,3093,1676,1699 des=3094,3093,1467,1487 app=3010,3033,1447,1450 abs=nil,nil,nil,nil ebrake=1.00 ibrake=1.00 hasABS=0 sy=10.85 split=1.000,0.875 ===
 90.19543|I|libbeamng.print:18052| === LSTM_OBS t=450 0.00202,0.00385,0.00835,1.58061,-0.56695,10.85352,-9.71761,0.00789,0.00000,0.00000,0.00000,1.00000,0.00000,0.00527,-0.00910,726.49788,0.25000 ===
 90.24222|I|libbeamng.print:18052| === LSTM_TRACE t=460 v=3.67 ws=0.01,0.00,0.04,1.47 cmd=0.998,0.997,0.864,0.875 cap=3093,3092,1678,1700 des=3093,3092,1469,1488 app=3009,3032,1448,1451 abs=nil,nil,nil,nil ebrake=1.00 ibrake=1.00 hasABS=0 sy=10.95 split=1.000,0.875 ===
 90.24228|I|libbeamng.print:18052| === LSTM_OBS t=460 0.00879,0.00089,0.04096,1.46915,-0.58161,10.95173,-9.71048,0.00741,0.00000,0.00000,0.00000,1.00000,0.00000,0.00530,-0.00946,728.31419,0.25000 ===
 90.29219|I|libbeamng.print:18052| === LSTM_TRACE t=470 v=3.09 ws=0.00,0.00,0.00,1.68 cmd=0.998,0.997,0.863,0.874 cap=3093,3092,1680,1700 des=3093,3092,1470,1488 app=3008,3030,1449,1451 abs=nil,nil,nil,nil ebrake=1.00 ibrake=1.00 hasABS=0 sy=11.10 split=1.000,0.875 ===
 90.29225|I|libbeamng.print:18052| === LSTM_OBS t=470 0.00415,0.00112,0.00437,1.67895,-0.58359,11.10160,-9.69312,-0.00619,0.00000,0.00000,0.00000,1.00000,0.00000,0.00528,-0.00976,731.36177,0.25000 ===
 90.34256|I|libbeamng.print:18052| === LSTM_TRACE t=480 v=2.50 ws=0.00,0.00,0.02,2.22 cmd=0.998,0.997,0.862,0.873 cap=3092,3091,1675,1696 des=3092,3091,1466,1484 app=3006,3029,1444,1448 abs=nil,nil,nil,nil ebrake=1.00 ibrake=1.00 hasABS=0 sy=11.22 split=1.000,0.875 ===
 90.34261|I|libbeamng.print:18052| === LSTM_OBS t=480 0.00025,0.00446,0.01971,2.21698,-0.60429,11.22260,-9.67941,-0.02485,0.00000,0.00000,0.00104,1.00000,0.00000,0.00559,-0.00999,728.87363,0.25000 ===
 90.39461|I|libbeamng.print:18052| === LSTM_TRACE t=490 v=1.94 ws=0.01,0.01,0.03,1.09 cmd=0.998,0.998,0.865,0.875 cap=3093,3092,1679,1700 des=3093,3092,1469,1487 app=3007,3029,1447,1452 abs=nil,nil,nil,nil ebrake=1.00 ibrake=1.00 hasABS=0 sy=11.32 split=1.000,0.875 ===
 90.39465|I|libbeamng.print:18052| === LSTM_OBS t=490 0.00903,0.01174,0.02516,1.09466,-0.69544,11.32024,-9.70827,-0.02561,0.00000,0.00000,0.00091,1.00000,0.00000,0.00586,-0.01030,729.06790,0.25000 ===
 90.44404|I|libbeamng.print:18052| === LSTM_TRACE t=500 v=1.35 ws=0.01,0.00,0.02,1.07 cmd=0.998,0.997,0.865,0.875 cap=3093,3092,1679,1699 des=3093,3092,1469,1486 app=3006,3028,1447,1451 abs=nil,nil,nil,nil ebrake=1.00 ibrake=1.00 hasABS=0 sy=11.41 split=1.000,0.875 ===
 90.44409|I|libbeamng.print:18052| === LSTM_OBS t=500 0.00674,0.00252,0.01982,1.07102,-0.75425,11.40785,-9.73569,-0.03357,0.00000,0.00000,0.00000,1.00000,0.00000,0.00612,-0.01067,726.67422,0.25000 ===
 90.49658|I|libbeamng.print:18052| === LSTM_TRACE t=510 v=0.76 ws=0.00,0.00,0.00,0.35 cmd=0.997,0.997,0.863,0.872 cap=3092,3091,1677,1696 des=3092,3091,1468,1484 app=3004,3026,1445,1449 abs=nil,nil,nil,nil ebrake=1.00 ibrake=1.00 hasABS=0 sy=11.47 split=1.000,0.875 ===
 90.49663|I|libbeamng.print:18052| === LSTM_OBS t=510 0.00313,0.00098,0.00032,0.34784,-0.72357,11.46543,-9.69205,-0.03303,0.00000,0.00000,0.00000,1.00000,0.00000,0.00572,-0.01105,727.80951,0.25000 ===
 94.75911|I|libbeamng.print:18052| === LSTM_ABS: lens 'baseline_all_epg3_s1' loaded (1 member, 17 in, 64 hidden, 2 layers) ===
 94.76128|I|libbeamng.print:18052| === LSTM_ABS SELFTEST lens=baseline_all_epg3_s1 cmd=0.953561,0.963576,0.478153,0.603724 ===
125.30982|I|libbeamng.print:18052| === LSTM_TRACE t=0 v=27.71 ws=27.68,27.78,27.30,27.39 cmd=0.966,0.952,0.410,0.443 cap=155,155,97,97 des=155,155,85,85 app=149,150,83,82 abs=nil,nil,nil,nil ebrake=1.00 ibrake=1.00 hasABS=0 sy=1.56 split=1.000,0.875 ===
125.30988|I|libbeamng.print:18052| === LSTM_OBS t=0 27.68360,27.77566,27.30358,27.38770,-0.02227,1.56106,-9.76664,-0.00690,0.00000,0.00000,0.00049,1.00000,0.00000,0.00096,-0.00903,7856.77960,0.25000 ===
125.36046|I|libbeamng.print:18052| === LSTM_TRACE t=10 v=27.45 ws=27.03,26.61,26.98,26.92 cmd=0.322,0.504,0.441,0.497 cap=1012,1553,825,922 des=1012,1553,722,807 app=979,1512,706,783 abs=nil,nil,nil,nil ebrake=1.00 ibrake=1.00 hasABS=0 sy=2.04 split=1.000,0.875 ===
125.36052|I|libbeamng.print:18052| === LSTM_OBS t=10 27.03396,26.61450,26.98116,26.91939,0.00429,2.04013,-9.82148,-0.00586,0.00000,0.00000,0.00115,1.00000,0.00000,0.00097,-0.00984,7780.83471,0.25000 ===
125.38048|I|libbeamng.print:18052| === LSTM_ABS DBG raw=26.5993,26.1505,26.6709,26.6476,0.0101,2.4870,-9.7739,-0.0009,0.0000,0.0000,0.0000,1.0000,0.0000,0.0010,-0.0106,7716.2907,0.2500 ===
125.38052|I|libbeamng.print:18052| === LSTM_ABS DBG norm=0.63,0.54,0.58,0.57,-0.14,-1.94,0.00,0.01,0.05,-0.05,-0.03,0.50,-0.02,0.00,0.00,3.76,0.00 ===
125.38054|I|libbeamng.print:18052| === LSTM_ABS DBG cmd=0.3617,0.5672,0.4649,0.5328 ===
125.41051|I|libbeamng.print:18052| === LSTM_TRACE t=20 v=27.09 ws=26.19,25.51,26.25,26.18 cmd=0.473,0.667,0.501,0.568 cap=1431,2044,961,1094 des=1431,2044,841,957 app=1390,2000,826,933 abs=nil,nil,nil,nil ebrake=1.00 ibrake=1.00 hasABS=0 sy=3.19 split=1.000,0.875 ===
125.41057|I|libbeamng.print:18052| === LSTM_OBS t=20 26.18606,25.50662,26.25193,26.17575,0.02508,3.19386,-9.64354,-0.01287,0.00000,0.00000,0.00085,1.00000,0.00000,0.00093,-0.01175,7605.45350,0.25000 ===
125.46019|I|libbeamng.print:18052| === LSTM_TRACE t=30 v=26.61 ws=25.32,24.54,25.61,25.47 cmd=0.635,0.755,0.615,0.655 cap=1907,2307,1169,1253 des=1907,2307,1023,1096 app=1862,2269,1008,1074 abs=nil,nil,nil,nil ebrake=1.00 ibrake=1.00 hasABS=0 sy=4.66 split=1.000,0.875 ===
125.46032|I|libbeamng.print:18052| === LSTM_OBS t=30 25.31947,24.53929,25.60830,25.47218,0.10039,4.66171,-9.64100,-0.03224,0.00000,0.00000,0.00154,1.00000,0.00000,0.00073,-0.01393,7419.21631,0.25000 ===
125.51089|I|libbeamng.print:18052| === LSTM_TRACE t=40 v=26.07 ws=24.33,23.39,24.82,24.72 cmd=0.757,0.806,0.726,0.742 cap=2240,2424,1408,1440 des=2240,2424,1232,1260 app=2199,2394,1218,1240 abs=nil,nil,nil,nil ebrake=1.00 ibrake=1.00 hasABS=0 sy=6.21 split=1.000,0.875 ===
125.51094|I|libbeamng.print:18052| === LSTM_OBS t=40 24.32841,23.38654,24.82010,24.72155,0.18688,6.21393,-9.60491,-0.02711,0.00000,0.00000,0.00331,1.00000,0.00000,0.00040,-0.01616,7214.36014,0.25000 ===
125.56129|I|libbeamng.print:18052| === LSTM_TRACE t=50 v=25.50 ws=23.50,21.94,23.97,23.88 cmd=0.810,0.825,0.777,0.784 cap=2515,2572,1490,1507 des=2515,2572,1304,1318 app=2479,2549,1292,1302 abs=nil,nil,nil,nil ebrake=1.00 ibrake=1.00 hasABS=0 sy=7.74 split=1.000,0.875 ===
125.56139|I|libbeamng.print:18052| === LSTM_OBS t=50 23.50385,21.94341,23.97028,23.87819,0.27191,7.73859,-9.58567,-0.01529,0.00000,0.00000,0.00301,1.00000,0.00000,0.00002,-0.01808,6977.54759,0.25000 ===
125.61289|I|libbeamng.print:18052| === LSTM_TRACE t=60 v=24.90 ws=22.54,19.76,23.13,22.98 cmd=0.794,0.807,0.780,0.786 cap=2427,2479,1542,1555 des=2427,2479,1349,1360 app=2401,2462,1340,1347 abs=nil,nil,nil,nil ebrake=1.00 ibrake=1.00 hasABS=0 sy=8.91 split=1.000,0.875 ===
125.61294|I|libbeamng.print:18052| === LSTM_OBS t=60 22.53824,19.76273,23.12833,22.97900,0.29918,8.90595,-9.66163,-0.01362,0.00000,0.00000,0.00349,1.00000,0.00000,-0.00023,-0.01915,6724.37543,0.25000 ===
125.66411|I|libbeamng.print:18052| === LSTM_TRACE t=70 v=24.30 ws=22.32,16.67,22.39,21.90 cmd=0.789,0.805,0.779,0.785 cap=2411,2461,1507,1518 des=2411,2461,1319,1328 app=2391,2448,1313,1318 abs=nil,nil,nil,nil ebrake=1.00 ibrake=1.00 hasABS=0 sy=9.78 split=1.000,0.875 ===
125.66416|I|libbeamng.print:18052| === LSTM_OBS t=70 22.31945,16.66836,22.39347,21.90108,0.27136,9.78108,-9.70077,0.01102,0.00000,0.00000,0.00426,1.00000,0.00000,-0.00003,-0.01941,6472.36039,0.25000 ===
125.71295|I|libbeamng.print:18052| === LSTM_TRACE t=80 v=23.73 ws=22.30,13.22,21.57,21.22 cmd=0.678,0.707,0.749,0.753 cap=1973,2091,1525,1534 des=1973,2091,1334,1343 app=1968,2082,1330,1334 abs=nil,nil,nil,nil ebrake=1.00 ibrake=1.00 hasABS=0 sy=10.32 split=1.000,0.875 ===
125.71300|I|libbeamng.print:18052| === LSTM_OBS t=80 22.29767,13.22437,21.56704,21.21647,0.23254,10.32389,-9.75745,0.01806,0.00000,0.00000,0.00311,1.00000,0.00000,0.00060,-0.01880,6237.84110,0.25000 ===
125.76454|I|libbeamng.print:18052| === LSTM_TRACE t=90 v=23.17 ws=21.92,10.51,20.66,20.81 cmd=0.687,0.704,0.774,0.779 cap=2097,2158,1498,1508 des=2097,2158,1311,1320 app=2087,2149,1307,1313 abs=nil,nil,nil,nil ebrake=1.00 ibrake=1.00 hasABS=0 sy=10.60 split=1.000,0.875 ===
125.76463|I|libbeamng.print:18052| === LSTM_OBS t=90 21.91985,10.51285,20.65597,20.80955,0.19692,10.59572,-9.75848,0.02213,0.00000,0.00000,0.00293,1.00000,0.00000,0.00146,-0.01773,6022.08484,0.25000 ===
125.81373|I|libbeamng.print:18052| === LSTM_TRACE t=100 v=22.62 ws=21.08,6.11,19.42,20.53 cmd=0.741,0.754,0.806,0.802 cap=2230,2278,1566,1561 des=2230,2278,1370,1366 app=2222,2269,1368,1360 abs=nil,nil,nil,nil ebrake=1.00 ibrake=1.00 hasABS=0 sy=10.71 split=1.000,0.875 ===
125.81380|I|libbeamng.print:18052| === LSTM_OBS t=100 21.07795,6.10588,19.41873,20.53443,0.14554,10.70959,-9.70702,0.02160,0.00000,0.00000,0.00338,1.00000,0.00000,0.00211,-0.01660,5813.58618,0.25000 ===
125.86438|I|libbeamng.print:18052| === LSTM_TRACE t=110 v=22.07 ws=19.52,0.26,18.03,20.45 cmd=0.795,0.818,0.823,0.819 cap=2368,2450,1602,1591 des=2368,2450,1401,1392 app=2362,2439,1400,1388 abs=nil,nil,nil,nil ebrake=1.00 ibrake=1.00 hasABS=0 sy=10.82 split=1.000,0.875 ===
125.86444|I|libbeamng.print:18052| === LSTM_OBS t=110 19.52149,0.26394,18.02628,20.45284,0.06879,10.82456,-9.62802,0.02194,0.00000,0.00000,0.00210,1.00000,0.00000,0.00226,-0.01583,5591.84594,0.25000 ===
125.91656|I|libbeamng.print:18052| === LSTM_TRACE t=120 v=21.53 ws=16.15,0.00,16.56,20.08 cmd=0.775,0.818,0.836,0.839 cap=2464,2576,1620,1625 des=2464,2576,1417,1422 app=2460,2562,1416,1419 abs=nil,nil,nil,nil ebrake=1.00 ibrake=1.00 hasABS=0 sy=10.85 split=1.000,0.875 ===
125.91662|I|libbeamng.print:18052| === LSTM_OBS t=120 16.14936,0.00220,16.56095,20.08150,-0.04828,10.84923,-9.65544,0.03404,0.00000,0.00000,0.00124,1.00000,0.00000,0.00153,-0.01483,5354.20954,0.25000 ===
125.96909|I|libbeamng.print:18052| === LSTM_TRACE t=130 v=21.01 ws=11.96,0.03,14.90,19.67 cmd=0.763,0.824,0.841,0.850 cap=2347,2538,1633,1651 des=2347,2538,1429,1444 app=2344,2522,1428,1442 abs=nil,nil,nil,nil ebrake=1.00 ibrake=1.00 hasABS=0 sy=10.75 split=1.000,0.875 ===
125.97069|I|libbeamng.print:18052| === LSTM_OBS t=130 11.96038,0.03315,14.89731,19.67362,-0.19754,10.75330,-9.64992,0.01928,0.00000,0.00000,0.00183,1.00000,0.00000,0.00186,-0.01371,5108.73244,0.25000 ===
126.01909|I|libbeamng.print:18052| === LSTM_TRACE t=140 v=20.52 ws=6.35,0.01,13.46,19.57 cmd=0.756,0.835,0.859,0.878 cap=2343,2582,1666,1700 des=2343,2582,1458,1488 app=2340,2564,1457,1486 abs=nil,nil,nil,nil ebrake=1.00 ibrake=1.00 hasABS=0 sy=10.56 split=1.000,0.875 ===
126.01919|I|libbeamng.print:18052| === LSTM_OBS t=140 6.34654,0.01034,13.46128,19.56835,-0.27827,10.56147,-9.62741,-0.00918,0.00000,0.00000,0.00000,1.00000,0.00000,0.00262,-0.01265,4859.54344,0.25000 ===
126.06544|I|libbeamng.print:18052| === LSTM_TRACE t=150 v=20.03 ws=0.47,0.01,12.03,19.15 cmd=0.815,0.888,0.864,0.884 cap=2413,2686,1687,1700 des=2413,2686,1476,1488 app=2409,2666,1475,1486 abs=nil,nil,nil,nil ebrake=1.00 ibrake=1.00 hasABS=0 sy=10.38 split=1.000,0.875 ===
126.06549|I|libbeamng.print:18052| === LSTM_OBS t=150 0.46881,0.01113,12.03191,19.15116,-0.32915,10.37842,-9.66682,-0.03207,0.00000,0.00000,0.00000,1.00000,0.00000,0.00315,-0.01155,4621.05409,0.25000 ===
126.11786|I|libbeamng.print:18052| === LSTM_TRACE t=160 v=19.57 ws=0.14,0.03,10.46,18.84 cmd=0.767,0.855,0.855,0.873 cap=2441,2693,1664,1699 des=2441,2693,1456,1487 app=2435,2671,1455,1486 abs=nil,nil,nil,nil ebrake=1.00 ibrake=1.00 hasABS=0 sy=10.11 split=1.000,0.875 ===
126.11792|I|libbeamng.print:18052| === LSTM_OBS t=160 0.14187,0.03437,10.45960,18.84290,-0.32064,10.10755,-9.66600,-0.05781,0.00000,0.00000,0.00183,1.00000,0.00000,0.00341,-0.01010,4348.67372,0.25000 ===
126.17157|I|libbeamng.print:18052| === LSTM_TRACE t=170 v=19.09 ws=0.57,0.00,9.45,18.20 cmd=0.392,0.524,0.771,0.794 cap=1205,1634,1517,1562 des=1205,1634,1328,1367 app=1201,1619,1327,1367 abs=nil,nil,nil,nil ebrake=1.00 ibrake=1.00 hasABS=0 sy=9.90 split=1.000,0.875 ===
126.17163|I|libbeamng.print:18052| === LSTM_OBS t=170 0.56921,0.00449,9.45373,18.19961,-0.24226,9.89732,-9.58406,-0.07418,0.00000,0.00000,0.00404,1.00000,0.00000,0.00213,-0.00836,4085.50851,0.25000 ===
126.22017|I|libbeamng.print:18052| === LSTM_TRACE t=180 v=18.59 ws=3.71,0.00,8.89,17.62 cmd=0.459,0.564,0.744,0.770 cap=1465,1785,1442,1494 des=1465,1785,1262,1307 app=1459,1768,1261,1307 abs=nil,nil,nil,nil ebrake=1.00 ibrake=1.00 hasABS=0 sy=9.87 split=1.000,0.875 ===
126.22022|I|libbeamng.print:18052| === LSTM_OBS t=180 3.71275,0.00216,8.89002,17.61708,-0.18274,9.87355,-9.64295,-0.07370,0.00000,0.00000,0.00254,1.00000,0.00000,0.00082,-0.00692,3875.81665,0.25000 ===
126.26991|I|libbeamng.print:18052| === LSTM_TRACE t=190 v=18.07 ws=5.26,0.03,8.32,17.03 cmd=0.528,0.620,0.750,0.771 cap=1552,1853,1463,1504 des=1552,1853,1280,1316 app=1545,1835,1279,1316 abs=nil,nil,nil,nil ebrake=1.00 ibrake=1.00 hasABS=0 sy=9.95 split=1.000,0.875 ===
126.26996|I|libbeamng.print:18052| === LSTM_OBS t=190 5.26364,0.02722,8.32312,17.02884,-0.10369,9.95353,-9.73330,-0.05891,0.00000,0.00000,0.00069,1.00000,0.00000,0.00034,-0.00616,3721.08075,0.25000 ===
126.32364|I|libbeamng.print:18052| === LSTM_TRACE t=200 v=17.55 ws=5.28,0.01,7.55,16.35 cmd=0.635,0.711,0.766,0.784 cap=1863,2122,1491,1526 des=1863,2122,1304,1335 app=1854,2099,1303,1335 abs=nil,nil,nil,nil ebrake=1.00 ibrake=1.00 hasABS=0 sy=10.05 split=1.000,0.875 ===
126.32368|I|libbeamng.print:18052| === LSTM_OBS t=200 5.27633,0.01219,7.55393,16.35083,0.05627,10.04756,-9.69128,-0.04917,0.00000,0.00000,0.00085,1.00000,0.00000,-0.00117,-0.00645,3541.82994,0.25000 ===
126.37326|I|libbeamng.print:18052| === LSTM_TRACE t=210 v=17.03 ws=3.88,0.01,7.11,16.06 cmd=0.667,0.748,0.790,0.807 cap=2079,2321,1531,1563 des=2079,2321,1340,1368 app=2068,2294,1338,1368 abs=nil,nil,nil,nil ebrake=1.00 ibrake=1.00 hasABS=0 sy=10.17 split=1.000,0.875 ===
126.37331|I|libbeamng.print:18052| === LSTM_OBS t=210 3.87770,0.00807,7.10811,16.05776,0.12069,10.17236,-9.80743,-0.02947,0.00000,0.00000,0.00176,1.00000,0.00000,-0.00178,-0.00706,3349.33860,0.25000 ===
126.41961|I|libbeamng.print:18052| === LSTM_TRACE t=220 v=16.52 ws=0.39,0.00,5.55,15.78 cmd=0.776,0.839,0.815,0.829 cap=2441,2623,1565,1596 des=2441,2623,1369,1396 app=2427,2591,1367,1396 abs=nil,nil,nil,nil ebrake=1.00 ibrake=1.00 hasABS=0 sy=10.21 split=1.000,0.875 ===
126.41967|I|libbeamng.print:18052| === LSTM_OBS t=220 0.39011,0.00134,5.55421,15.78123,0.14857,10.21066,-9.94152,-0.02662,0.00000,0.00000,0.00162,1.00000,0.00000,-0.00066,-0.00726,3158.54092,0.25000 ===
126.46957|I|libbeamng.print:18052| === LSTM_TRACE t=230 v=16.01 ws=0.09,0.00,3.97,15.43 cmd=0.936,0.952,0.852,0.856 cap=2891,2944,1655,1660 des=2891,2944,1448,1452 app=2872,2907,1445,1452 abs=nil,nil,nil,nil ebrake=1.00 ibrake=1.00 hasABS=0 sy=10.21 split=1.000,0.875 ===
126.46964|I|libbeamng.print:18052| === LSTM_OBS t=230 0.08884,0.00040,3.97363,15.43162,0.22538,10.20804,-10.01020,-0.00954,0.00000,0.00000,0.00265,1.00000,0.00000,0.00140,-0.00685,2932.53222,0.25000 ===
126.51999|I|libbeamng.print:18052| === LSTM_TRACE t=240 v=15.53 ws=0.03,0.01,3.38,14.75 cmd=0.933,0.943,0.844,0.853 cap=2893,2924,1640,1658 des=2893,2924,1435,1450 app=2872,2886,1432,1450 abs=nil,nil,nil,nil ebrake=1.00 ibrake=1.00 hasABS=0 sy=10.09 split=1.000,0.875 ===
126.52009|I|libbeamng.print:18052| === LSTM_OBS t=240 0.02990,0.01467,3.37972,14.74560,0.38157,10.09012,-9.86613,-0.01766,0.00000,0.00000,0.00134,1.00000,0.00000,0.00192,-0.00648,2681.94631,0.25000 ===
126.56990|I|libbeamng.print:18052| === LSTM_TRACE t=250 v=15.05 ws=0.01,0.01,1.97,14.29 cmd=0.931,0.938,0.842,0.854 cap=2888,2907,1638,1660 des=2888,2907,1433,1452 app=2865,2868,1429,1452 abs=nil,nil,nil,nil ebrake=1.00 ibrake=1.00 hasABS=0 sy=9.96 split=1.000,0.875 ===
126.56996|I|libbeamng.print:18052| === LSTM_OBS t=250 0.01418,0.01122,1.96680,14.29009,0.38655,9.95766,-9.72000,-0.00065,0.00000,0.00000,0.00049,1.00000,0.00000,0.00190,-0.00622,2419.09671,0.25000 ===
126.61699|I|libbeamng.print:18052| === LSTM_TRACE t=260 v=14.55 ws=0.00,0.01,0.28,13.77 cmd=0.940,0.942,0.844,0.856 cap=2911,2919,1642,1664 des=2911,2919,1437,1456 app=2886,2878,1432,1456 abs=nil,nil,nil,nil ebrake=1.00 ibrake=1.00 hasABS=0 sy=9.94 split=1.000,0.875 ===
126.61705|I|libbeamng.print:18052| === LSTM_OBS t=260 0.00113,0.00509,0.28190,13.77045,0.38228,9.93801,-9.72922,0.00102,0.00000,0.00000,0.00000,1.00000,0.00000,0.00184,-0.00609,2197.74209,0.25000 ===
126.66872|I|libbeamng.print:18052| === LSTM_TRACE t=270 v=14.05 ws=0.00,0.01,0.00,13.04 cmd=0.947,0.947,0.851,0.861 cap=2932,2931,1651,1670 des=2932,2931,1445,1461 app=2904,2888,1439,1461 abs=nil,nil,nil,nil ebrake=1.00 ibrake=1.00 hasABS=0 sy=9.93 split=1.000,0.875 ===
126.66877|I|libbeamng.print:18052| === LSTM_OBS t=270 0.00044,0.01241,0.00056,13.04123,0.41068,9.93339,-9.71941,0.00333,0.00000,0.00000,0.00049,1.00000,0.00000,0.00200,-0.00586,1952.95720,0.25000 ===
126.72104|I|libbeamng.print:18052| === LSTM_TRACE t=280 v=13.54 ws=0.00,0.01,0.04,11.39 cmd=0.961,0.959,0.861,0.868 cap=2968,2962,1672,1685 des=2968,2962,1463,1474 app=2938,2918,1456,1474 abs=nil,nil,nil,nil ebrake=1.00 ibrake=1.00 hasABS=0 sy=10.00 split=1.000,0.875 ===
126.72110|I|libbeamng.print:18052| === LSTM_OBS t=280 0.00245,0.00633,0.04093,11.39320,0.39192,10.00312,-9.75763,0.00300,0.00000,0.00000,0.00049,1.00000,0.00000,0.00278,-0.00598,1762.19788,0.25000 ===
126.77136|I|libbeamng.print:18052| === LSTM_TRACE t=290 v=13.03 ws=0.01,0.00,0.03,9.90 cmd=0.975,0.972,0.872,0.876 cap=3020,3012,1691,1700 des=3020,3012,1480,1487 app=2988,2966,1472,1487 abs=nil,nil,nil,nil ebrake=1.00 ibrake=1.00 hasABS=0 sy=10.05 split=1.000,0.875 ===
126.77141|I|libbeamng.print:18052| === LSTM_OBS t=290 0.00527,0.00480,0.02877,9.89654,0.37092,10.05007,-9.76255,-0.00482,0.00000,0.00000,0.00069,1.00000,0.00000,0.00349,-0.00640,1564.86603,0.25000 ===
126.82256|I|libbeamng.print:18052| === LSTM_TRACE t=300 v=12.53 ws=0.00,0.01,0.01,8.25 cmd=0.985,0.983,0.881,0.883 cap=3052,3045,1700,1700 des=3052,3045,1488,1488 app=3017,2997,1478,1488 abs=nil,nil,nil,nil ebrake=1.00 ibrake=1.00 hasABS=0 sy=10.06 split=1.000,0.875 ===
126.82264|I|libbeamng.print:18052| === LSTM_OBS t=300 0.00335,0.00608,0.00736,8.25146,0.34570,10.05812,-9.75255,-0.01283,0.00000,0.00000,0.00085,1.00000,0.00000,0.00385,-0.00673,1359.61927,0.25000 ===
126.86806|I|libbeamng.print:18052| === LSTM_TRACE t=310 v=12.04 ws=0.01,0.00,0.01,6.15 cmd=0.993,0.991,0.888,0.889 cap=3076,3072,1700,1700 des=3076,3072,1488,1488 app=3040,3022,1477,1488 abs=nil,nil,nil,nil ebrake=1.00 ibrake=1.00 hasABS=0 sy=10.05 split=1.000,0.875 ===
126.86821|I|libbeamng.print:18052| === LSTM_OBS t=310 0.00666,0.00188,0.01240,6.15165,0.31878,10.04538,-9.73745,-0.01876,0.00000,0.00000,0.00069,1.00000,0.00000,0.00396,-0.00693,1167.74969,0.25000 ===
126.91786|I|libbeamng.print:18052| === LSTM_TRACE t=320 v=11.53 ws=0.02,0.00,0.04,4.57 cmd=0.997,0.996,0.891,0.892 cap=3090,3087,1700,1700 des=3090,3087,1488,1488 app=3051,3036,1477,1487 abs=nil,nil,nil,nil ebrake=1.00 ibrake=1.00 hasABS=0 sy=10.05 split=1.000,0.875 ===
126.91791|I|libbeamng.print:18052| === LSTM_OBS t=320 0.02470,0.00471,0.04284,4.57037,0.28956,10.04889,-9.71020,-0.02330,0.00000,0.00000,0.00069,1.00000,0.00000,0.00388,-0.00701,956.95252,0.25000 ===
126.96979|I|libbeamng.print:18052| === LSTM_TRACE t=330 v=11.01 ws=0.01,0.00,0.02,1.88 cmd=0.999,0.998,0.892,0.894 cap=3096,3094,1700,1700 des=3096,3094,1488,1488 app=3055,3042,1476,1487 abs=nil,nil,nil,nil ebrake=1.00 ibrake=1.00 hasABS=0 sy=10.12 split=1.000,0.875 ===
126.96984|I|libbeamng.print:18052| === LSTM_OBS t=330 0.01023,0.00264,0.01547,1.87656,0.29567,10.12191,-9.71637,-0.03011,0.00000,0.00000,0.00049,1.00000,0.00000,0.00309,-0.00747,774.84431,0.25000 ===
127.02033|I|libbeamng.print:18052| === LSTM_TRACE t=340 v=10.52 ws=0.01,0.00,0.08,0.10 cmd=0.999,0.999,0.893,0.897 cap=3097,3097,1700,1700 des=3097,3097,1488,1488 app=3055,3043,1475,1485 abs=nil,nil,nil,nil ebrake=1.00 ibrake=1.00 hasABS=0 sy=10.10 split=1.000,0.875 ===
127.02039|I|libbeamng.print:18052| === LSTM_OBS t=340 0.00524,0.00095,0.08291,0.09620,0.21537,10.10382,-9.77269,-0.02718,0.00000,0.00000,0.00162,1.00000,0.00000,0.00255,-0.00808,731.65638,0.25000 ===
127.06649|I|libbeamng.print:18052| === LSTM_TRACE t=350 v=10.01 ws=0.00,0.01,0.07,0.05 cmd=0.999,0.999,0.893,0.896 cap=3097,3097,1700,1700 des=3097,3097,1488,1488 app=3054,3043,1475,1484 abs=nil,nil,nil,nil ebrake=1.00 ibrake=1.00 hasABS=0 sy=10.07 split=1.000,0.875 ===
127.06654|I|libbeamng.print:18052| === LSTM_OBS t=350 0.00025,0.00563,0.06548,0.05029,0.20403,10.06843,-9.74935,-0.02007,0.00000,0.00000,0.00000,1.00000,0.00000,0.00209,-0.00845,725.71044,0.25000 ===
127.11660|I|libbeamng.print:18052| === LSTM_TRACE t=360 v=9.50 ws=0.01,0.00,0.01,0.01 cmd=0.999,0.999,0.892,0.896 cap=3098,3097,1700,1700 des=3098,3097,1488,1488 app=3052,3042,1474,1483 abs=nil,nil,nil,nil ebrake=1.00 ibrake=1.00 hasABS=0 sy=10.07 split=1.000,0.875 ===
127.11665|I|libbeamng.print:18052| === LSTM_OBS t=360 0.00639,0.00308,0.00807,0.01491,0.21281,10.07286,-9.71902,-0.02535,0.00000,0.00000,0.00091,1.00000,0.00000,0.00166,-0.00849,725.60153,0.25000 ===
127.16629|I|libbeamng.print:18052| === LSTM_TRACE t=370 v=8.99 ws=0.00,0.00,0.01,0.01 cmd=0.999,0.999,0.892,0.896 cap=3098,3097,1700,1700 des=3098,3097,1488,1488 app=3051,3041,1474,1482 abs=nil,nil,nil,nil ebrake=1.00 ibrake=1.00 hasABS=0 sy=10.11 split=1.000,0.875 ===
127.16635|I|libbeamng.print:18052| === LSTM_OBS t=370 0.00169,0.00396,0.01483,0.00974,0.22028,10.11373,-9.69601,-0.02558,0.00000,0.00000,0.00085,1.00000,0.00000,0.00141,-0.00848,725.15777,0.25000 ===
127.21570|I|libbeamng.print:18052| === LSTM_TRACE t=380 v=8.47 ws=0.00,0.00,0.02,0.01 cmd=0.999,0.999,0.891,0.894 cap=3098,3097,1700,1700 des=3098,3097,1488,1488 app=3049,3040,1473,1481 abs=nil,nil,nil,nil ebrake=1.00 ibrake=1.00 hasABS=0 sy=10.17 split=1.000,0.875 ===
127.21575|I|libbeamng.print:18052| === LSTM_OBS t=380 0.00350,0.00210,0.01572,0.00976,0.21823,10.17136,-9.70027,-0.02485,0.00000,0.00000,0.00115,1.00000,0.00000,0.00141,-0.00854,725.94214,0.25000 ===
127.26618|I|libbeamng.print:18052| === LSTM_TRACE t=390 v=7.95 ws=0.00,0.00,0.00,0.01 cmd=0.999,0.999,0.887,0.889 cap=3097,3097,1700,1700 des=3097,3097,1488,1488 app=3047,3039,1473,1480 abs=nil,nil,nil,nil ebrake=1.00 ibrake=1.00 hasABS=0 sy=10.24 split=1.000,0.875 ===
127.26624|I|libbeamng.print:18052| === LSTM_OBS t=390 0.00314,0.00032,0.00023,0.00578,0.22501,10.24248,-9.70128,-0.02555,0.00000,0.00000,0.00085,1.00000,0.00000,0.00134,-0.00861,723.90764,0.25000 ===
127.31249|I|libbeamng.print:18052| === LSTM_TRACE t=400 v=7.42 ws=0.00,0.00,0.00,0.00 cmd=0.999,0.998,0.881,0.880 cap=3096,3095,1700,1700 des=3096,3095,1488,1488 app=3045,3037,1472,1480 abs=nil,nil,nil,nil ebrake=1.00 ibrake=1.00 hasABS=0 sy=10.32 split=1.000,0.875 ===
127.31254|I|libbeamng.print:18052| === LSTM_OBS t=400 0.00274,0.00335,0.00198,0.00314,0.23631,10.32062,-9.70998,-0.02530,0.00000,0.00000,0.00085,1.00000,0.00000,0.00124,-0.00871,724.87308,0.25000 ===
127.36676|I|libbeamng.print:18052| === LSTM_TRACE t=410 v=6.88 ws=0.00,0.00,0.00,0.00 cmd=0.998,0.998,0.876,0.874 cap=3094,3093,1700,1698 des=3094,3093,1488,1486 app=3042,3034,1472,1477 abs=nil,nil,nil,nil ebrake=1.00 ibrake=1.00 hasABS=0 sy=10.42 split=1.000,0.875 ===
127.36681|I|libbeamng.print:18052| === LSTM_OBS t=410 0.00246,0.00017,0.00443,0.00213,0.25483,10.42076,-9.71122,-0.02459,0.00000,0.00000,0.00091,1.00000,0.00000,0.00110,-0.00886,721.42827,0.25000 ===
127.41475|I|libbeamng.print:18052| === LSTM_TRACE t=420 v=6.34 ws=0.00,0.00,0.00,0.00 cmd=0.998,0.997,0.876,0.872 cap=3093,3092,1700,1695 des=3093,3092,1488,1483 app=3040,3033,1472,1474 abs=nil,nil,nil,nil ebrake=1.00 ibrake=1.00 hasABS=0 sy=10.54 split=1.000,0.875 ===
127.41480|I|libbeamng.print:18052| === LSTM_OBS t=420 0.00054,0.00219,0.00166,0.00148,0.26952,10.53657,-9.71384,-0.02505,0.00000,0.00000,0.00115,1.00000,0.00000,0.00102,-0.00905,722.15033,0.25000 ===
127.46655|I|libbeamng.print:18052| === LSTM_TRACE t=430 v=5.79 ws=0.00,0.00,0.00,0.01 cmd=0.998,0.997,0.876,0.873 cap=3093,3092,1700,1695 des=3093,3092,1488,1483 app=3038,3032,1471,1473 abs=nil,nil,nil,nil ebrake=1.00 ibrake=1.00 hasABS=0 sy=10.65 split=1.000,0.875 ===
127.46660|I|libbeamng.print:18052| === LSTM_OBS t=430 0.00116,0.00022,0.00062,0.00914,0.28358,10.65253,-9.71311,-0.02479,0.00000,0.00000,0.00115,1.00000,0.00000,0.00093,-0.00927,720.15959,0.25000 ===
127.51609|I|libbeamng.print:18052| === LSTM_TRACE t=440 v=5.24 ws=0.00,0.00,0.01,0.00 cmd=0.998,0.997,0.876,0.873 cap=3093,3092,1700,1696 des=3093,3092,1488,1484 app=3037,3031,1471,1473 abs=nil,nil,nil,nil ebrake=1.00 ibrake=1.00 hasABS=0 sy=10.76 split=1.000,0.875 ===
127.51615|I|libbeamng.print:18052| === LSTM_OBS t=440 0.00033,0.00146,0.00555,0.00166,0.29654,10.76145,-9.71189,-0.02343,0.00000,0.00000,0.00115,1.00000,0.00000,0.00086,-0.00948,722.70720,0.25000 ===
127.56708|I|libbeamng.print:18052| === LSTM_TRACE t=450 v=4.68 ws=0.00,0.00,0.01,0.01 cmd=0.998,0.997,0.876,0.873 cap=3093,3092,1700,1696 des=3093,3092,1488,1484 app=3037,3031,1471,1472 abs=nil,nil,nil,nil ebrake=1.00 ibrake=1.00 hasABS=0 sy=10.87 split=1.000,0.875 ===
127.56714|I|libbeamng.print:18052| === LSTM_OBS t=450 0.00283,0.00058,0.00866,0.01162,0.31316,10.86945,-9.71354,-0.02286,0.00000,0.00000,0.00115,1.00000,0.00000,0.00077,-0.00967,719.36210,0.25000 ===
127.61625|I|libbeamng.print:18052| === LSTM_TRACE t=460 v=4.11 ws=0.00,0.00,0.00,0.00 cmd=0.998,0.997,0.877,0.873 cap=3093,3092,1700,1696 des=3093,3092,1488,1484 app=3036,3031,1471,1472 abs=nil,nil,nil,nil ebrake=1.00 ibrake=1.00 hasABS=0 sy=11.00 split=1.000,0.875 ===
127.61631|I|libbeamng.print:18052| === LSTM_OBS t=460 0.00062,0.00219,0.00130,0.00146,0.33122,11.00317,-9.71850,-0.02177,0.00000,0.00000,0.00104,1.00000,0.00000,0.00071,-0.00999,722.53336,0.25000 ===
127.66673|I|libbeamng.print:18052| === LSTM_TRACE t=470 v=3.53 ws=0.00,0.00,0.00,0.00 cmd=0.998,0.998,0.877,0.873 cap=3093,3092,1700,1696 des=3093,3092,1488,1484 app=3035,3030,1470,1472 abs=nil,nil,nil,nil ebrake=1.00 ibrake=1.00 hasABS=0 sy=11.13 split=1.000,0.875 ===
127.66678|I|libbeamng.print:18052| === LSTM_OBS t=470 0.00156,0.00135,0.00418,0.00481,0.34818,11.12929,-9.71528,-0.02034,0.00000,0.00000,0.00104,1.00000,0.00000,0.00059,-0.01029,719.28314,0.25000 ===
127.71637|I|libbeamng.print:18052| === LSTM_TRACE t=480 v=2.95 ws=0.00,0.00,0.01,0.00 cmd=0.998,0.998,0.877,0.873 cap=3093,3092,1700,1697 des=3093,3092,1488,1485 app=3035,3030,1470,1471 abs=nil,nil,nil,nil ebrake=1.00 ibrake=1.00 hasABS=0 sy=11.25 split=1.000,0.875 ===
127.71643|I|libbeamng.print:18052| === LSTM_OBS t=480 0.00006,0.00012,0.00828,0.00311,0.36347,11.24716,-9.70720,-0.01836,0.00000,0.00000,0.00124,1.00000,0.00000,0.00051,-0.01056,720.93243,0.25000 ===
127.76749|I|libbeamng.print:18052| === LSTM_TRACE t=490 v=2.37 ws=0.00,0.00,0.00,0.00 cmd=0.998,0.998,0.877,0.874 cap=3094,3093,1700,1697 des=3094,3093,1488,1485 app=3034,3030,1470,1471 abs=nil,nil,nil,nil ebrake=1.00 ibrake=1.00 hasABS=0 sy=11.35 split=1.000,0.875 ===
127.76753|I|libbeamng.print:18052| === LSTM_OBS t=490 0.00231,0.00102,0.00291,0.00142,0.37826,11.35333,-9.69824,-0.01686,0.00000,0.00000,0.00124,1.00000,0.00000,0.00041,-0.01075,718.62425,0.25000 ===
127.81432|I|libbeamng.print:18052| === LSTM_TRACE t=500 v=1.78 ws=0.00,0.00,0.01,0.07 cmd=0.998,0.998,0.878,0.874 cap=3094,3093,1700,1698 des=3094,3093,1488,1486 app=3034,3030,1470,1472 abs=nil,nil,nil,nil ebrake=1.00 ibrake=1.00 hasABS=0 sy=11.45 split=1.000,0.875 ===
127.81437|I|libbeamng.print:18052| === LSTM_OBS t=500 0.00003,0.00024,0.01045,0.06899,0.39321,11.45458,-9.68716,-0.01407,0.00000,0.00000,0.00134,1.00000,0.00000,0.00033,-0.01090,720.47974,0.25000 ===
127.86434|I|libbeamng.print:18052| === LSTM_TRACE t=510 v=1.19 ws=0.00,0.00,0.15,0.64 cmd=0.998,0.998,0.879,0.875 cap=3093,3093,1700,1700 des=3093,3093,1488,1487 app=3033,3029,1470,1473 abs=nil,nil,nil,nil ebrake=1.00 ibrake=1.00 hasABS=0 sy=11.56 split=1.000,0.875 ===
127.86442|I|libbeamng.print:18052| === LSTM_OBS t=510 0.00189,0.00129,0.15269,0.63802,0.41000,11.55723,-9.67063,-0.01134,0.00000,0.00000,0.00124,1.00000,0.00000,0.00022,-0.01092,717.83394,0.25000 ===
127.91377|I|libbeamng.print:18052| === LSTM_TRACE t=520 v=0.58 ws=0.00,0.00,0.27,0.26 cmd=0.998,0.998,0.880,0.876 cap=3093,3093,1700,1700 des=3093,3093,1488,1488 app=3032,3029,1470,1473 abs=nil,nil,nil,nil ebrake=1.00 ibrake=1.00 hasABS=0 sy=11.68 split=1.000,0.875 ===
127.91382|I|libbeamng.print:18052| === LSTM_OBS t=520 0.00044,0.00057,0.26694,0.25840,0.45704,11.67751,-9.64872,-0.00593,0.00000,0.00000,0.00134,1.00000,0.00000,-0.00028,-0.01091,722.70957,0.25000 ===
