 30.91831|I|libbeamng.print:18052| === LSTM_ABS: lens 'band_g_mix' loaded (17 in, 64 hidden, 2 layers) ===
 30.92016|I|libbeamng.print:18052| === LSTM_ABS SELFTEST lens=band_g_mix cmd=0.997670,0.995595,0.857687,0.856659 ===
 44.62338|I|libbeamng.print:18052| === LSTM_ABS: lens 'band_g_mix' loaded (17 in, 64 hidden, 2 layers) ===
 44.62504|I|libbeamng.print:18052| === LSTM_ABS SELFTEST lens=band_g_mix cmd=0.997670,0.995595,0.857687,0.856659 ===
 54.30557|I|libbeamng.print:18052| === LSTM_TRACE t=0 v=27.71 ws=27.68,27.81,27.37,27.49 cmd=0.916,0.885,0.488,0.475 cap=155,155,97,97 des=155,155,85,85 app=142,142,78,78 abs=nil,nil,nil,nil ebrake=1.00 ibrake=1.00 hasABS=0 sy=1.58 split=1.000,0.875 ===
 54.30561|I|libbeamng.print:18052| === LSTM_OBS t=0 27.68380,27.80696,27.36963,27.48564,-0.01166,1.58155,0.00000,-0.00791,0.00000,0.00000,0.00085,1.00000,0.00000,0.00000,0.00000,7857.80773,0.00000 ===
 54.36378|I|libbeamng.print:18052| === LSTM_TRACE t=10 v=27.48 ws=27.24,27.33,26.88,27.00 cmd=0.269,0.308,0.412,0.397 cap=779,902,784,743 des=779,902,686,650 app=717,830,633,600 abs=nil,nil,nil,nil ebrake=1.00 ibrake=1.00 hasABS=0 sy=2.04 split=1.000,0.875 ===
 54.36385|I|libbeamng.print:18052| === LSTM_OBS t=10 27.24446,27.33204,26.87991,27.00188,-0.02540,2.03633,0.00000,-0.00938,0.00000,0.00000,0.00318,1.00000,0.00000,0.00000,0.00000,7784.58548,0.00000 ===
 54.38365|I|libbeamng.print:18052| === LSTM_ABS DBG raw=26.8650,26.8907,26.7310,26.8100,-0.0311,2.3781,0.0000,0.0068,0.0000,0.0000,0.0015,1.0000,0.0000,0.0000,0.0000,7725.9779,0.0000 ===
 54.38369|I|libbeamng.print:18052| === LSTM_ABS DBG norm=0.59,0.53,0.54,0.52,-0.18,-2.17,0.00,0.07,0.06,-0.06,-0.06,0.59,-0.02,0.00,0.00,3.83,0.00 ===
 54.38369|I|libbeamng.print:18052| === LSTM_ABS DBG cmd=0.3328,0.3628,0.4514,0.4526 ===
 54.41380|I|libbeamng.print:18052| === LSTM_TRACE t=20 v=27.19 ws=26.25,26.28,26.49,26.54 cmd=0.540,0.539,0.547,0.552 cap=1539,1557,1026,1035 des=1539,1557,898,905 app=1429,1447,837,844 abs=nil,nil,nil,nil ebrake=1.00 ibrake=1.00 hasABS=0 sy=3.01 split=1.000,0.875 ===
 54.41385|I|libbeamng.print:18052| === LSTM_OBS t=20 26.24758,26.27613,26.48809,26.54447,-0.00630,3.00669,0.00000,-0.00888,0.00000,0.00000,0.00124,1.00000,0.00000,0.00000,0.00000,7630.08435,0.00000 ===
 54.45994|I|libbeamng.print:18052| === LSTM_TRACE t=30 v=26.71 ws=24.77,25.17,25.70,25.77 cmd=0.756,0.728,0.744,0.739 cap=2304,2218,1420,1413 des=2304,2218,1243,1237 app=2166,2086,1172,1166 abs=nil,nil,nil,nil ebrake=1.00 ibrake=1.00 hasABS=0 sy=4.28 split=1.000,0.875 ===
 54.45998|I|libbeamng.print:18052| === LSTM_OBS t=30 24.76944,25.17233,25.69833,25.76978,0.02201,4.28308,0.00000,-0.00233,0.00000,0.00000,0.00189,1.00000,0.00000,0.00000,0.00000,7462.62096,0.00000 ===
 54.50980|I|libbeamng.print:18052| === LSTM_TRACE t=40 v=26.15 ws=23.74,24.25,24.63,24.94 cmd=0.822,0.796,0.786,0.779 cap=2517,2437,1528,1515 des=2517,2437,1337,1325 app=2395,2320,1275,1264 abs=nil,nil,nil,nil ebrake=1.00 ibrake=1.00 hasABS=0 sy=5.97 split=1.000,0.875 ===
 54.50993|I|libbeamng.print:18052| === LSTM_OBS t=40 23.73552,24.24994,24.63131,24.94405,-0.03794,5.97110,0.00000,0.00158,0.00000,0.00000,0.00274,1.00000,0.00000,0.00000,0.00000,7222.39238,0.00000 ===
 54.55870|I|libbeamng.print:18052| === LSTM_TRACE t=50 v=25.56 ws=22.52,23.61,23.68,24.14 cmd=0.819,0.797,0.772,0.764 cap=2564,2492,1506,1489 des=2564,2492,1318,1303 app=2464,2396,1268,1253 abs=nil,nil,nil,nil ebrake=1.00 ibrake=1.00 hasABS=0 sy=7.56 split=1.000,0.875 ===
 54.55875|I|libbeamng.print:18052| === LSTM_OBS t=50 22.51798,23.60595,23.67812,24.13665,0.00130,7.56231,0.00000,0.00812,0.00000,0.00000,0.00342,1.00000,0.00000,0.00000,0.00000,6965.81078,0.00000 ===
 54.60845|I|libbeamng.print:18052| === LSTM_TRACE t=60 v=24.98 ws=21.20,23.27,22.85,23.60 cmd=0.817,0.796,0.734,0.733 cap=2569,2502,1436,1431 des=2569,2502,1256,1252 app=2488,2424,1216,1211 abs=nil,nil,nil,nil ebrake=1.00 ibrake=1.00 hasABS=0 sy=8.80 split=1.000,0.875 ===
 54.60850|I|libbeamng.print:18052| === LSTM_OBS t=60 21.19578,23.26690,22.84898,23.60290,-0.01135,8.79646,0.00000,-0.01289,0.00000,0.00000,0.00311,1.00000,0.00000,0.00000,0.00000,6731.85116,0.00000 ===
 54.65848|I|libbeamng.print:18052| === LSTM_TRACE t=70 v=24.39 ws=19.52,22.87,22.05,22.96 cmd=0.812,0.794,0.722,0.730 cap=2418,2376,1410,1423 des=2418,2376,1234,1245 app=2354,2315,1199,1210 abs=nil,nil,nil,nil ebrake=1.00 ibrake=1.00 hasABS=0 sy=9.70 split=1.000,0.875 ===
 54.65857|I|libbeamng.print:18052| === LSTM_OBS t=70 19.51510,22.86764,22.04805,22.95980,-0.01120,9.70075,0.00000,-0.02138,0.00000,0.00000,0.00315,1.00000,0.00000,0.00000,0.00000,6526.19466,0.00000 ===
 54.70462|I|libbeamng.print:18052| === LSTM_TRACE t=80 v=23.80 ws=18.23,22.55,21.64,22.27 cmd=0.753,0.747,0.725,0.738 cap=2245,2230,1399,1432 des=2245,2230,1224,1253 app=2193,2182,1193,1222 abs=nil,nil,nil,nil ebrake=1.00 ibrake=1.00 hasABS=0 sy=10.28 split=1.000,0.875 ===
 54.70466|I|libbeamng.print:18052| === LSTM_OBS t=80 18.22609,22.54921,21.63726,22.26532,0.01752,10.27511,0.00000,-0.02189,0.00000,0.00000,0.00285,1.00000,0.00000,0.00000,0.00000,6353.56718,0.00000 ===
 54.75694|I|libbeamng.print:18052| === LSTM_TRACE t=90 v=23.23 ws=17.20,21.94,21.23,21.19 cmd=0.749,0.740,0.711,0.733 cap=2295,2284,1391,1426 des=2295,2284,1217,1247 app=2247,2242,1189,1220 abs=nil,nil,nil,nil ebrake=1.00 ibrake=1.00 hasABS=0 sy=10.68 split=1.000,0.875 ===
 54.75700|I|libbeamng.print:18052| === LSTM_OBS t=90 17.20101,21.93882,21.23133,21.18831,0.07153,10.67844,0.00000,-0.01008,0.00000,0.00000,0.00289,1.00000,0.00000,0.00000,0.00000,6166.26220,0.00000 ===
 54.80533|I|libbeamng.print:18052| === LSTM_TRACE t=100 v=22.65 ws=15.91,21.18,21.12,20.03 cmd=0.530,0.553,0.724,0.752 cap=2513,2448,1387,1435 des=2513,2448,1213,1255 app=2466,2409,1189,1231 abs=nil,nil,nil,nil ebrake=1.00 ibrake=1.00 hasABS=0 sy=10.94 split=1.000,0.875 ===
 54.80537|I|libbeamng.print:18052| === LSTM_OBS t=100 15.90674,21.18184,21.12124,20.02991,0.12471,10.93606,0.00000,-0.00899,0.00000,0.00000,0.00307,1.00000,0.00000,0.00000,0.00000,5985.84804,0.00000 ===
 54.85540|I|libbeamng.print:18052| === LSTM_TRACE t=110 v=22.06 ws=14.99,20.67,21.01,18.94 cmd=0.708,0.711,0.695,0.712 cap=1469,1616,1369,1406 des=1469,1616,1198,1230 app=1843,1799,1176,1208 abs=nil,nil,nil,nil ebrake=1.00 ibrake=1.00 hasABS=0 sy=11.10 split=1.000,0.875 ===
 54.85544|I|libbeamng.print:18052| === LSTM_OBS t=110 14.99384,20.66561,21.01168,18.93826,0.21355,11.09711,0.00000,0.00207,0.00000,0.00000,0.00274,1.00000,0.00000,0.00000,0.00000,5807.11496,0.00000 ===
 54.90552|I|libbeamng.print:18052| === LSTM_TRACE t=120 v=21.51 ws=14.52,20.31,20.55,18.03 cmd=0.675,0.667,0.698,0.726 cap=2541,2484,1390,1422 des=2541,2484,1216,1244 app=2391,2403,1196,1223 abs=nil,nil,nil,nil ebrake=1.00 ibrake=1.00 hasABS=0 sy=11.19 split=1.000,0.875 ===
 54.90556|I|libbeamng.print:18052| === LSTM_OBS t=120 14.52364,20.31133,20.54688,18.02893,0.29696,11.19192,0.00000,0.02070,0.00000,0.00000,0.00270,1.00000,0.00000,0.00000,0.00000,5621.54420,0.00000 ===
 54.95590|I|libbeamng.print:18052| === LSTM_TRACE t=130 v=20.95 ws=13.98,19.98,20.09,17.23 cmd=0.757,0.745,0.698,0.714 cap=1977,1981,1321,1370 des=1977,1981,1156,1199 app=1946,1960,1138,1180 abs=nil,nil,nil,nil ebrake=1.00 ibrake=1.00 hasABS=0 sy=11.20 split=1.000,0.875 ===
 54.95596|I|libbeamng.print:18052| === LSTM_OBS t=130 13.98037,19.97971,20.09469,17.22672,0.33904,11.19788,0.00000,0.02135,0.00000,0.00000,0.00338,1.00000,0.00000,0.00000,0.00000,5434.25991,0.00000 ===
 55.00540|I|libbeamng.print:18052| === LSTM_TRACE t=140 v=20.40 ws=13.40,19.60,19.57,16.65 cmd=0.695,0.694,0.682,0.697 cap=2033,2021,1298,1346 des=2033,2021,1136,1178 app=2003,2002,1119,1160 abs=nil,nil,nil,nil ebrake=1.00 ibrake=1.00 hasABS=0 sy=11.18 split=1.000,0.875 ===
 55.00545|I|libbeamng.print:18052| === LSTM_OBS t=140 13.40390,19.59559,19.57039,16.65478,0.30773,11.18051,0.00000,0.03561,0.00000,0.00000,0.00326,1.00000,0.00000,0.00000,0.00000,5257.47500,0.00000 ===
 55.05518|I|libbeamng.print:18052| === LSTM_TRACE t=150 v=19.84 ws=12.96,18.83,19.00,16.42 cmd=0.634,0.643,0.640,0.657 cap=2131,2137,1237,1270 des=2131,2137,1082,1112 app=2101,2119,1067,1095 abs=nil,nil,nil,nil ebrake=1.00 ibrake=1.00 hasABS=0 sy=11.16 split=1.000,0.875 ===
 55.05522|I|libbeamng.print:18052| === LSTM_OBS t=150 12.96354,18.83092,19.00372,16.42362,0.24415,11.16028,0.00000,0.03845,0.00000,0.00000,0.00224,1.00000,0.00000,0.00000,0.00000,5102.06188,0.00000 ===
 55.10537|I|libbeamng.print:18052| === LSTM_TRACE t=160 v=19.27 ws=12.69,18.53,18.34,15.90 cmd=0.732,0.735,0.601,0.612 cap=1915,1976,1174,1206 des=1915,1976,1027,1055 app=1889,1961,1013,1039 abs=nil,nil,nil,nil ebrake=1.00 ibrake=1.00 hasABS=0 sy=11.18 split=1.000,0.875 ===
 55.10541|I|libbeamng.print:18052| === LSTM_OBS t=160 12.69303,18.53136,18.34038,15.89832,0.14640,11.18008,0.00000,0.04100,0.00000,0.00000,0.00229,1.00000,0.00000,0.00000,0.00000,4974.62821,0.00000 ===
 55.15680|I|libbeamng.print:18052| === LSTM_TRACE t=170 v=18.71 ws=12.62,17.85,17.62,16.23 cmd=0.719,0.734,0.562,0.571 cap=1665,1793,1095,1126 des=1665,1793,959,986 app=1748,1790,945,971 abs=nil,nil,nil,nil ebrake=1.00 ibrake=1.00 hasABS=0 sy=11.20 split=1.000,0.875 ===
 55.15693|I|libbeamng.print:18052| === LSTM_OBS t=170 12.61553,17.84678,17.62067,16.23398,0.01471,11.19640,0.00000,0.03539,0.00000,0.00000,0.00254,1.00000,0.00000,0.00000,0.00000,4874.94370,0.00000 ===
 55.20624|I|libbeamng.print:18052| === LSTM_TRACE t=180 v=18.15 ws=12.58,17.22,16.75,16.58 cmd=0.659,0.680,0.521,0.539 cap=2276,2320,1056,1073 des=2276,2320,924,939 app=2235,2304,912,924 abs=nil,nil,nil,nil ebrake=1.00 ibrake=1.00 hasABS=0 sy=11.22 split=1.000,0.875 ===
 55.20631|I|libbeamng.print:18052| === LSTM_OBS t=180 12.57665,17.21835,16.74635,16.57644,-0.12198,11.22182,0.00000,0.03250,0.00000,0.00000,0.00335,1.00000,0.00000,0.00000,0.00000,4798.35948,0.00000 ===
 55.26735|I|libbeamng.print:18052| === LSTM_TRACE t=190 v=17.59 ws=12.85,16.46,16.02,16.85 cmd=0.562,0.607,0.539,0.555 cap=2174,2224,991,1026 des=2174,2224,867,897 app=2146,2211,855,884 abs=nil,nil,nil,nil ebrake=1.00 ibrake=1.00 hasABS=0 sy=11.19 split=1.000,0.875 ===
 55.26740|I|libbeamng.print:18052| === LSTM_OBS t=190 12.84932,16.46196,16.01931,16.84931,-0.30648,11.19237,0.00000,0.00768,0.00000,0.00000,0.00315,1.00000,0.00000,0.00000,0.00000,4733.56927,0.00000 ===
 55.31789|I|libbeamng.print:18052| === LSTM_TRACE t=200 v=17.04 ws=13.58,16.38,16.05,16.66 cmd=0.846,0.839,0.574,0.584 cap=2468,2506,1015,1028 des=2468,2506,888,899 app=2010,2202,876,886 abs=nil,nil,nil,nil ebrake=1.00 ibrake=1.00 hasABS=0 sy=11.15 split=1.000,0.875 ===
 55.31793|I|libbeamng.print:18052| === LSTM_OBS t=200 13.57705,16.38253,16.05142,16.66043,-0.47867,11.15098,0.00000,-0.00237,0.00000,0.00000,0.00354,1.00000,0.00000,0.00000,0.00000,4648.97819,0.00000 ===
 55.36729|I|libbeamng.print:18052| === LSTM_TRACE t=210 v=16.50 ws=14.03,15.33,15.22,15.27 cmd=0.589,0.655,0.586,0.595 cap=2180,2261,1181,1209 des=2180,2261,1033,1058 app=2154,2249,1018,1042 abs=nil,nil,nil,nil ebrake=1.00 ibrake=1.00 hasABS=0 sy=11.09 split=1.000,0.875 ===
 55.36733|I|libbeamng.print:18052| === LSTM_OBS t=210 14.03050,15.32976,15.21546,15.26788,-0.51972,11.09118,0.00000,-0.01862,0.00000,0.00000,0.00239,1.00000,0.00000,0.00000,0.00000,4541.12319,0.00000 ===
 55.41791|I|libbeamng.print:18052| === LSTM_TRACE t=220 v=15.91 ws=13.96,14.43,13.60,14.55 cmd=0.695,0.722,0.571,0.582 cap=2358,2402,1098,1115 des=2358,2402,960,976 app=2331,2390,946,961 abs=nil,nil,nil,nil ebrake=1.00 ibrake=1.00 hasABS=0 sy=11.19 split=1.000,0.875 ===
 55.41797|I|libbeamng.print:18052| === LSTM_OBS t=220 13.96261,14.43307,13.59638,14.55065,-0.47054,11.18916,0.00000,-0.02336,0.00000,0.00000,0.00301,1.00000,0.00000,0.00000,0.00000,4468.68792,0.00000 ===
 55.46712|I|libbeamng.print:18052| === LSTM_TRACE t=230 v=15.32 ws=13.77,13.80,12.55,13.17 cmd=0.805,0.802,0.511,0.522 cap=2177,2218,988,1016 des=2177,2218,864,889 app=2154,2208,851,875 abs=nil,nil,nil,nil ebrake=1.00 ibrake=1.00 hasABS=0 sy=11.33 split=1.000,0.875 ===
 55.46716|I|libbeamng.print:18052| === LSTM_OBS t=230 13.77274,13.79553,12.55449,13.16798,-0.40405,11.32655,0.00000,-0.01619,0.00000,0.00000,0.00322,1.00000,0.00000,0.00000,0.00000,4411.99288,0.00000 ===
 55.51708|I|libbeamng.print:18052| === LSTM_TRACE t=240 v=14.72 ws=12.89,13.30,11.96,12.07 cmd=0.772,0.759,0.462,0.488 cap=2283,2249,903,954 des=2283,2249,790,835 app=2261,2239,777,822 abs=nil,nil,nil,nil ebrake=1.00 ibrake=1.00 hasABS=0 sy=11.48 split=1.000,0.875 ===
 55.51712|I|libbeamng.print:18052| === LSTM_OBS t=240 12.89003,13.30497,11.95718,12.07440,-0.31934,11.48345,0.00000,-0.01039,0.00000,0.00000,0.00315,1.00000,0.00000,0.00000,0.00000,4379.16481,0.00000 ===
 55.56723|I|libbeamng.print:18052| === LSTM_TRACE t=250 v=14.12 ws=11.96,12.87,11.65,10.61 cmd=0.792,0.768,0.463,0.500 cap=2414,2357,895,959 des=2414,2357,783,839 app=2391,2346,770,825 abs=nil,nil,nil,nil ebrake=1.00 ibrake=1.00 hasABS=0 sy=11.64 split=1.000,0.875 ===
 55.56728|I|libbeamng.print:18052| === LSTM_OBS t=250 11.95980,12.87375,11.65284,10.61453,-0.22600,11.63809,0.00000,-0.00348,0.00000,0.00000,0.00364,1.00000,0.00000,0.00000,0.00000,4358.47854,0.00000 ===
 55.61693|I|libbeamng.print:18052| === LSTM_TRACE t=260 v=13.53 ws=11.01,12.31,11.62,9.17 cmd=0.703,0.689,0.488,0.525 cap=2464,2393,946,1016 des=2464,2393,828,889 app=2441,2383,814,873 abs=nil,nil,nil,nil ebrake=1.00 ibrake=1.00 hasABS=0 sy=11.71 split=1.000,0.875 ===
 55.61704|I|libbeamng.print:18052| === LSTM_OBS t=260 11.01198,12.31109,11.61564,9.17114,-0.14493,11.70708,0.00000,-0.00736,0.00000,0.00000,0.00289,1.00000,0.00000,0.00000,0.00000,4320.81897,0.00000 ===
 55.66711|I|libbeamng.print:18052| === LSTM_TRACE t=270 v=12.94 ws=10.42,12.01,11.84,7.74 cmd=0.783,0.763,0.524,0.552 cap=2430,2375,1013,1066 des=2430,2375,886,933 app=2408,2365,871,916 abs=nil,nil,nil,nil ebrake=1.00 ibrake=1.00 hasABS=0 sy=11.71 split=1.000,0.875 ===
 55.66715|I|libbeamng.print:18052| === LSTM_OBS t=270 10.42148,12.01085,11.83602,7.73858,-0.06361,11.70807,0.00000,0.00820,0.00000,0.00000,0.00280,1.00000,0.00000,0.00000,0.00000,4251.75338,0.00000 ===
 55.71684|I|libbeamng.print:18052| === LSTM_TRACE t=280 v=12.38 ws=9.88,11.37,11.92,7.00 cmd=0.661,0.658,0.536,0.566 cap=2445,2391,1067,1119 des=2445,2391,933,979 app=2424,2380,917,960 abs=nil,nil,nil,nil ebrake=1.00 ibrake=1.00 hasABS=0 sy=11.65 split=1.000,0.875 ===
 55.71688|I|libbeamng.print:18052| === LSTM_OBS t=280 9.87515,11.36702,11.92399,6.99880,-0.00014,11.64860,0.00000,0.00893,0.00000,0.00000,0.00254,1.00000,0.00000,0.00000,0.00000,4140.72677,0.00000 ===
 55.76681|I|libbeamng.print:18052| === LSTM_TRACE t=290 v=11.82 ws=9.28,10.88,11.47,7.19 cmd=0.724,0.710,0.564,0.592 cap=2338,2284,1085,1137 des=2338,2284,950,995 app=2318,2274,933,975 abs=nil,nil,nil,nil ebrake=1.00 ibrake=1.00 hasABS=0 sy=11.50 split=1.000,0.875 ===
 55.76685|I|libbeamng.print:18052| === LSTM_OBS t=290 9.27691,10.88413,11.47170,7.18919,0.07113,11.50379,0.00000,0.01070,0.00000,0.00000,0.00274,1.00000,0.00000,0.00000,0.00000,4003.70902,0.00000 ===
 55.81684|I|libbeamng.print:18052| === LSTM_TRACE t=300 v=11.25 ws=8.59,10.66,10.84,6.82 cmd=0.807,0.786,0.602,0.628 cap=1960,1954,1147,1209 des=1960,1954,1004,1058 app=1966,1945,986,1036 abs=nil,nil,nil,nil ebrake=1.00 ibrake=1.00 hasABS=0 sy=11.42 split=1.000,0.875 ===
 55.81689|I|libbeamng.print:18052| === LSTM_OBS t=300 8.58790,10.65905,10.83930,6.82486,0.10736,11.41551,0.00000,0.02056,0.00000,0.00000,0.00249,1.00000,0.00000,0.00000,0.00000,3863.16808,0.00000 ===
 55.86679|I|libbeamng.print:18052| === LSTM_TRACE t=310 v=10.71 ws=7.67,9.97,10.16,6.68 cmd=0.606,0.608,0.627,0.664 cap=2434,2348,1212,1282 des=2434,2348,1061,1122 app=2411,2337,1041,1098 abs=nil,nil,nil,nil ebrake=1.00 ibrake=1.00 hasABS=0 sy=11.33 split=1.000,0.875 ===
 55.86683|I|libbeamng.print:18052| === LSTM_OBS t=310 7.67312,9.96837,10.16322,6.68439,0.09865,11.32902,0.00000,0.01726,0.00000,0.00000,0.00289,1.00000,0.00000,0.00000,0.00000,3717.75334,0.00000 ===
 55.91682|I|libbeamng.print:18052| === LSTM_TRACE t=320 v=10.15 ws=7.35,9.88,9.82,6.75 cmd=0.882,0.853,0.653,0.686 cap=1724,1777,1219,1295 des=1724,1777,1066,1133 app=1708,1768,1047,1108 abs=nil,nil,nil,nil ebrake=1.00 ibrake=1.00 hasABS=0 sy=11.28 split=1.000,0.875 ===
 55.91686|I|libbeamng.print:18052| === LSTM_OBS t=320 7.34823,9.88354,9.81537,6.75363,0.04297,11.27851,0.00000,0.00696,0.00000,0.00000,0.00239,1.00000,0.00000,0.00000,0.00000,3566.47610,0.00000 ===
 55.96673|I|libbeamng.print:18052| === LSTM_TRACE t=330 v=9.60 ws=7.06,8.98,8.93,6.43 cmd=0.671,0.646,0.663,0.719 cap=2723,2604,1315,1413 des=2723,2604,1151,1236 app=2609,2568,1130,1209 abs=nil,nil,nil,nil ebrake=1.00 ibrake=1.00 hasABS=0 sy=11.21 split=1.000,0.875 ===
 55.96677|I|libbeamng.print:18052| === LSTM_OBS t=330 7.05839,8.97915,8.92856,6.43153,-0.00851,11.21131,0.00000,0.01870,0.00000,0.00000,0.00285,1.00000,0.00000,0.00000,0.00000,3412.55654,0.00000 ===
 56.01343|I|libbeamng.print:18052| === LSTM_TRACE t=340 v=9.02 ws=6.43,8.61,8.74,6.29 cmd=0.811,0.783,0.664,0.704 cap=1197,1308,1306,1399 des=1197,1308,1143,1224 app=1841,1769,1122,1197 abs=nil,nil,nil,nil ebrake=1.00 ibrake=1.00 hasABS=0 sy=11.23 split=1.000,0.875 ===
 56.01347|I|libbeamng.print:18052| === LSTM_OBS t=340 6.43216,8.61477,8.73610,6.29319,-0.04199,11.23108,0.00000,0.01401,0.00000,0.00000,0.00278,1.00000,0.00000,0.00000,0.00000,3270.35753,0.00000 ===
 56.06325|I|libbeamng.print:18052| === LSTM_TRACE t=350 v=8.47 ws=6.16,7.90,7.88,6.05 cmd=0.626,0.601,0.688,0.751 cap=2756,2634,1344,1452 des=2756,2634,1176,1271 app=2585,2511,1154,1242 abs=nil,nil,nil,nil ebrake=1.00 ibrake=1.00 hasABS=0 sy=11.24 split=1.000,0.875 ===
 56.06334|I|libbeamng.print:18052| === LSTM_OBS t=350 6.16053,7.90332,7.88082,6.05178,-0.09606,11.24274,0.00000,0.01937,0.00000,0.00000,0.00265,1.00000,0.00000,0.00000,0.00000,3112.23034,0.00000 ===
 56.11323|I|libbeamng.print:18052| === LSTM_TRACE t=360 v=7.89 ws=5.77,7.46,7.48,5.99 cmd=0.735,0.707,0.691,0.747 cap=1737,1740,1345,1454 des=1737,1740,1177,1272 app=1813,1740,1155,1243 abs=nil,nil,nil,nil ebrake=1.00 ibrake=1.00 hasABS=0 sy=11.26 split=1.000,0.875 ===
 56.11328|I|libbeamng.print:18052| === LSTM_OBS t=360 5.77017,7.45905,7.47930,5.98963,-0.11206,11.25666,0.00000,0.02421,0.00000,0.00000,0.00305,1.00000,0.00000,0.00000,0.00000,2955.14006,0.00000 ===
 56.16300|I|libbeamng.print:18052| === LSTM_TRACE t=370 v=7.34 ws=5.73,7.12,7.08,5.72 cmd=0.727,0.681,0.724,0.789 cap=2651,2504,1393,1515 des=2651,2504,1219,1325 app=2621,2489,1196,1295 abs=nil,nil,nil,nil ebrake=1.00 ibrake=1.00 hasABS=0 sy=11.30 split=1.000,0.875 ===
 56.16305|I|libbeamng.print:18052| === LSTM_OBS t=370 5.72836,7.11532,7.08128,5.72448,-0.15385,11.29974,0.00000,0.01835,0.00000,0.00000,0.00439,1.00000,0.00000,0.00000,0.00000,2794.87352,0.00000 ===
 56.21302|I|libbeamng.print:18052| === LSTM_TRACE t=380 v=6.73 ws=5.47,6.42,6.26,5.71 cmd=0.809,0.766,0.721,0.773 cap=1395,1399,1389,1513 des=1395,1399,1216,1324 app=1883,1732,1192,1294 abs=nil,nil,nil,nil ebrake=1.00 ibrake=1.00 hasABS=0 sy=11.33 split=1.000,0.875 ===
 56.21307|I|libbeamng.print:18052| === LSTM_OBS t=380 5.47240,6.41670,6.25693,5.71411,-0.18488,11.33425,0.00000,0.02655,0.00000,0.00000,0.00091,1.00000,0.00000,0.00000,0.00000,2631.40194,0.00000 ===
 56.26329|I|libbeamng.print:18052| === LSTM_TRACE t=390 v=6.18 ws=5.30,6.04,5.79,5.57 cmd=0.787,0.732,0.743,0.803 cap=2731,2577,1420,1541 des=2731,2577,1242,1348 app=2572,2478,1218,1317 abs=nil,nil,nil,nil ebrake=1.00 ibrake=1.00 hasABS=0 sy=11.41 split=1.000,0.875 ===
 56.26335|I|libbeamng.print:18052| === LSTM_OBS t=390 5.30490,6.04479,5.79133,5.56844,-0.22741,11.40794,0.00000,0.01971,0.00000,0.00000,0.00104,1.00000,0.00000,0.00000,0.00000,2467.86849,0.00000 ===
 56.31305|I|libbeamng.print:18052| === LSTM_TRACE t=400 v=5.60 ws=4.72,5.17,5.38,5.25 cmd=0.562,0.548,0.742,0.795 cap=2244,2070,1448,1577 des=2244,2070,1267,1379 app=2216,2054,1242,1347 abs=nil,nil,nil,nil ebrake=1.00 ibrake=1.00 hasABS=0 sy=11.45 split=1.000,0.875 ===
 56.31313|I|libbeamng.print:18052| === LSTM_OBS t=400 4.71849,5.16903,5.38234,5.24671,-0.21757,11.44590,0.00000,0.01335,0.00000,0.00000,0.00091,1.00000,0.00000,0.00000,0.00000,2305.45088,0.00000 ===
 56.36334|I|libbeamng.print:18052| === LSTM_TRACE t=410 v=5.04 ws=4.40,5.05,4.91,4.85 cmd=0.859,0.807,0.766,0.821 cap=2156,2039,1466,1575 des=2156,2039,1283,1378 app=2128,2022,1257,1345 abs=nil,nil,nil,nil ebrake=1.00 ibrake=1.00 hasABS=0 sy=11.42 split=1.000,0.875 ===
 56.36338|I|libbeamng.print:18052| === LSTM_OBS t=410 4.40353,5.04563,4.90715,4.85015,-0.20349,11.42255,0.00000,0.00845,0.00000,0.00000,0.00364,1.00000,0.00000,0.00000,0.00000,2136.46980,0.00000 ===
 56.41283|I|libbeamng.print:18052| === LSTM_TRACE t=420 v=4.50 ws=3.78,4.07,4.39,4.42 cmd=0.540,0.526,0.777,0.827 cap=2094,1938,1508,1617 des=2094,1938,1320,1415 app=2155,2124,1292,1382 abs=nil,nil,nil,nil ebrake=1.00 ibrake=1.00 hasABS=0 sy=11.31 split=1.000,0.875 ===
 56.41290|I|libbeamng.print:18052| === LSTM_OBS t=420 3.78116,4.06657,4.38606,4.41735,-0.19729,11.30909,0.00000,-0.00283,0.00000,0.00000,0.00502,1.00000,0.00000,0.00000,0.00000,1948.62170,0.00000 ===
 56.46271|I|libbeamng.print:18052| === LSTM_TRACE t=430 v=3.96 ws=3.47,3.92,3.60,3.57 cmd=0.801,0.765,0.750,0.791 cap=2150,2090,1447,1516 des=2150,2090,1266,1327 app=2074,1929,1239,1294 abs=nil,nil,nil,nil ebrake=1.00 ibrake=1.00 hasABS=0 sy=11.13 split=1.000,0.875 ===
 56.46278|I|libbeamng.print:18052| === LSTM_OBS t=430 3.46895,3.92029,3.60485,3.57353,-0.16261,11.12880,0.00000,0.00223,0.00000,0.00000,0.00115,1.00000,0.00000,0.00000,0.00000,1744.02498,0.00000 ===
 56.51288|I|libbeamng.print:18052| === LSTM_TRACE t=440 v=3.45 ws=3.30,3.00,3.54,3.39 cmd=0.609,0.589,0.685,0.738 cap=2132,2039,1331,1432 des=2132,2039,1165,1253 app=2101,2019,1139,1222 abs=nil,nil,nil,nil ebrake=1.00 ibrake=1.00 hasABS=0 sy=10.95 split=1.000,0.875 ===
 56.51292|I|libbeamng.print:18052| === LSTM_OBS t=440 3.29568,2.99712,3.54336,3.38678,-0.13874,10.95407,0.00000,0.00375,0.00000,0.00000,0.00465,1.00000,0.00000,0.00000,0.00000,1542.10672,0.00000 ===
 56.56236|I|libbeamng.print:18052| === LSTM_TRACE t=450 v=2.95 ws=2.73,2.96,2.81,2.82 cmd=0.809,0.779,0.645,0.688 cap=2444,2382,1283,1355 des=2444,2382,1123,1186 app=2170,2204,1097,1156 abs=nil,nil,nil,nil ebrake=1.00 ibrake=1.00 hasABS=0 sy=10.73 split=1.000,0.875 ===
 56.56240|I|libbeamng.print:18052| === LSTM_OBS t=450 2.73267,2.95650,2.81337,2.81637,-0.07939,10.73332,0.00000,0.00161,0.00000,0.00000,0.00478,1.00000,0.00000,0.00000,0.00000,1349.98341,0.00000 ===
 56.61313|I|libbeamng.print:18052| === LSTM_TRACE t=460 v=2.43 ws=2.21,1.17,2.25,2.33 cmd=0.866,0.855,0.696,0.722 cap=2740,2713,1340,1374 des=2740,2713,1173,1202 app=2694,2682,1145,1171 abs=nil,nil,nil,nil ebrake=1.00 ibrake=1.00 hasABS=0 sy=10.54 split=1.000,0.875 ===
 56.61322|I|libbeamng.print:18052| === LSTM_OBS t=460 2.20878,1.16714,2.25083,2.33117,-0.07922,10.54475,0.00000,0.00156,0.00000,0.00000,0.00459,1.00000,0.00000,0.00000,0.00000,1163.46214,0.00000 ===
 56.66265|I|libbeamng.print:18052| === LSTM_TRACE t=470 v=1.89 ws=0.20,0.00,1.30,1.49 cmd=0.985,0.978,0.817,0.802 cap=3049,3023,1579,1561 des=3049,3023,1382,1366 app=2996,2985,1348,1329 abs=nil,nil,nil,nil ebrake=1.00 ibrake=1.00 hasABS=0 sy=10.61 split=1.000,0.875 ===
 56.66269|I|libbeamng.print:18052| === LSTM_OBS t=470 0.20485,0.00012,1.30330,1.48687,-0.00925,10.60521,0.00000,-0.01379,0.00000,0.00000,0.00254,1.00000,0.00000,0.00000,0.00000,974.14740,0.00000 ===
 56.71343|I|libbeamng.print:18052| === LSTM_TRACE t=480 v=1.32 ws=0.09,0.01,0.38,0.10 cmd=0.996,0.994,0.868,0.869 cap=3087,3080,1685,1685 des=3087,3080,1474,1474 app=3030,3039,1437,1433 abs=nil,nil,nil,nil ebrake=1.00 ibrake=1.00 hasABS=0 sy=10.76 split=1.000,0.875 ===
 56.71347|I|libbeamng.print:18052| === LSTM_OBS t=480 0.09352,0.01358,0.38381,0.10172,-0.03812,10.76194,0.00000,-0.00774,0.00000,0.00000,0.00229,1.00000,0.00000,0.00000,0.00000,789.15047,0.00000 ===
 56.76227|I|libbeamng.print:18052| === LSTM_TRACE t=490 v=0.75 ws=0.04,0.00,0.40,0.28 cmd=0.998,0.996,0.874,0.875 cap=3093,3087,1697,1699 des=3093,3087,1485,1487 app=3033,3042,1446,1444 abs=nil,nil,nil,nil ebrake=1.00 ibrake=1.00 hasABS=0 sy=10.91 split=1.000,0.875 ===
 56.76232|I|libbeamng.print:18052| === LSTM_OBS t=490 0.03830,0.00044,0.40443,0.27748,-0.05125,10.90881,0.00000,-0.00230,0.00000,0.00000,0.00229,1.00000,0.00000,0.00000,0.00000,735.67437,0.00000 ===
 60.99067|I|libbeamng.print:18052| === LSTM_ABS: lens 'baseline_dyn' loaded (17 in, 64 hidden, 2 layers) ===
 60.99228|I|libbeamng.print:18052| === LSTM_ABS SELFTEST lens=baseline_dyn cmd=0.848090,0.913097,0.917436,0.897752 ===
 91.32400|I|libbeamng.print:18052| === LSTM_TRACE t=0 v=27.71 ws=27.65,27.77,27.35,27.46 cmd=0.841,0.702,0.303,0.312 cap=155,155,97,97 des=155,155,85,85 app=148,149,81,81 abs=nil,nil,nil,nil ebrake=1.00 ibrake=1.00 hasABS=0 sy=1.56 split=1.000,0.875 ===
 91.32405|I|libbeamng.print:18052| === LSTM_OBS t=0 27.64642,27.77286,27.35175,27.46321,-0.00353,1.56432,0.00000,0.00641,0.00000,0.00000,0.00000,1.00000,0.00000,0.00000,0.00000,7859.03489,0.00000 ===
 91.37435|I|libbeamng.print:18052| === LSTM_TRACE t=10 v=27.48 ws=26.03,25.90,27.06,27.04 cmd=0.679,0.788,0.798,0.807 cap=1930,2326,1354,1398 des=1930,2326,1184,1224 app=1851,2099,843,865 abs=nil,nil,nil,nil ebrake=1.00 ibrake=1.00 hasABS=0 sy=1.96 split=1.000,0.875 ===
 91.37439|I|libbeamng.print:18052| === LSTM_OBS t=10 26.02773,25.90281,27.06346,27.03894,-0.01466,1.95815,0.00000,0.01758,0.00000,0.00000,0.00134,1.00000,0.00000,0.00000,0.00000,7815.93434,0.00000 ===
 91.39429|I|libbeamng.print:18052| === LSTM_ABS DBG raw=24.7132,24.1634,26.6304,26.6335,-0.0617,2.4643,0.0000,0.0096,0.0000,0.0000,0.0026,1.0000,0.0000,0.0000,0.0000,7755.3639,0.0000 ===
 91.39435|I|libbeamng.print:18052| === LSTM_ABS DBG norm=0.51,0.48,0.58,0.57,0.00,-2.16,0.00,0.10,-0.03,-0.05,-0.01,0.50,-0.01,0.00,0.00,1.76,0.00 ===
 91.39436|I|libbeamng.print:18052| === LSTM_ABS DBG cmd=0.7631,0.7703,0.8756,0.8701 ===
 91.42424|I|libbeamng.print:18052| === LSTM_TRACE t=20 v=26.98 ws=23.49,23.07,25.69,25.96 cmd=0.786,0.786,0.865,0.864 cap=2409,2403,1688,1683 des=2409,2403,1477,1473 app=2331,2334,1429,1424 abs=nil,nil,nil,nil ebrake=1.00 ibrake=1.00 hasABS=0 sy=3.60 split=1.000,0.875 ===
 91.42428|I|libbeamng.print:18052| === LSTM_OBS t=20 23.49230,23.07289,25.69367,25.95615,-0.02596,3.60478,0.00000,-0.01065,0.00000,0.00000,0.00311,1.00000,0.00000,0.00000,0.00000,7584.20546,0.00000 ===
 91.47484|I|libbeamng.print:18052| === LSTM_TRACE t=30 v=26.47 ws=21.84,22.04,24.29,24.90 cmd=0.786,0.788,0.837,0.842 cap=2392,2395,1632,1641 des=2392,2395,1428,1436 app=2330,2341,1393,1399 abs=nil,nil,nil,nil ebrake=1.00 ibrake=1.00 hasABS=0 sy=5.44 split=1.000,0.875 ===
 91.47488|I|libbeamng.print:18052| === LSTM_OBS t=30 21.84468,22.04365,24.28648,24.90423,-0.02539,5.44031,0.00000,-0.00146,0.00000,0.00000,0.00256,1.00000,0.00000,0.00000,0.00000,7227.74952,0.00000 ===
 91.52404|I|libbeamng.print:18052| === LSTM_TRACE t=40 v=25.91 ws=20.22,21.53,23.07,24.29 cmd=0.738,0.743,0.839,0.847 cap=2446,2456,1603,1617 des=2446,2456,1402,1415 app=2395,2412,1376,1387 abs=nil,nil,nil,nil ebrake=1.00 ibrake=1.00 hasABS=0 sy=6.98 split=1.000,0.875 ===
 91.52409|I|libbeamng.print:18052| === LSTM_OBS t=40 20.22272,21.53083,23.07160,24.28970,-0.03548,6.98313,0.00000,-0.01672,0.00000,0.00000,0.00261,1.00000,0.00000,0.00000,0.00000,6904.89076,0.00000 ===
 91.57460|I|libbeamng.print:18052| === LSTM_TRACE t=50 v=25.32 ws=18.80,21.63,21.84,23.49 cmd=0.823,0.849,0.819,0.826 cap=2130,2249,1658,1672 des=2130,2249,1451,1463 app=2093,2216,1429,1440 abs=nil,nil,nil,nil ebrake=1.00 ibrake=1.00 hasABS=0 sy=8.29 split=1.000,0.875 ===
 91.57464|I|libbeamng.print:18052| === LSTM_OBS t=50 18.79968,21.62738,21.83666,23.49260,-0.02978,8.28616,0.00000,-0.02850,0.00000,0.00000,0.00226,1.00000,0.00000,0.00000,0.00000,6638.54561,0.00000 ===
 91.62452|I|libbeamng.print:18052| === LSTM_TRACE t=60 v=24.73 ws=17.44,21.47,20.93,22.82 cmd=0.707,0.771,0.839,0.840 cap=2247,2421,1626,1628 des=2247,2421,1422,1424 app=2214,2393,1405,1407 abs=nil,nil,nil,nil ebrake=1.00 ibrake=1.00 hasABS=0 sy=9.31 split=1.000,0.875 ===
 91.62456|I|libbeamng.print:18052| === LSTM_OBS t=60 17.44135,21.46929,20.92891,22.81906,-0.00963,9.31385,0.00000,-0.05225,0.00000,0.00000,0.00293,1.00000,0.00000,0.00000,0.00000,6388.94856,0.00000 ===
 91.67442|I|libbeamng.print:18052| === LSTM_TRACE t=70 v=24.14 ws=17.01,21.21,19.95,22.01 cmd=0.841,0.882,0.795,0.786 cap=1914,2208,1674,1666 des=1914,2208,1465,1458 app=1889,2189,1450,1443 abs=nil,nil,nil,nil ebrake=1.00 ibrake=1.00 hasABS=0 sy=10.05 split=1.000,0.875 ===
 91.67454|I|libbeamng.print:18052| === LSTM_OBS t=70 17.00506,21.21128,19.94581,22.00707,0.06819,10.05399,0.00000,-0.04884,0.00000,0.00000,0.00331,1.00000,0.00000,0.00000,0.00000,6141.79659,0.00000 ===
 91.72489|I|libbeamng.print:18052| === LSTM_TRACE t=80 v=23.55 ws=16.66,20.36,19.11,21.07 cmd=0.714,0.783,0.831,0.818 cap=2123,2389,1631,1609 des=2123,2389,1427,1408 app=2099,2372,1415,1396 abs=nil,nil,nil,nil ebrake=1.00 ibrake=1.00 hasABS=0 sy=10.55 split=1.000,0.875 ===
 91.72493|I|libbeamng.print:18052| === LSTM_OBS t=80 16.66168,20.36354,19.11249,21.07221,0.11937,10.55266,0.00000,-0.06890,0.00000,0.00000,0.00226,1.00000,0.00000,0.00000,0.00000,5894.21083,0.00000 ===
 91.77425|I|libbeamng.print:18052| === LSTM_TRACE t=90 v=22.96 ws=16.50,19.23,18.33,20.08 cmd=0.764,0.808,0.833,0.818 cap=1981,2166,1700,1694 des=1981,2166,1488,1482 app=1961,2154,1476,1472 abs=nil,nil,nil,nil ebrake=1.00 ibrake=1.00 hasABS=0 sy=10.91 split=1.000,0.875 ===
 91.77430|I|libbeamng.print:18052| === LSTM_OBS t=90 16.50316,19.23416,18.33246,20.07901,0.19200,10.90801,0.00000,-0.05375,0.00000,0.00000,0.00364,1.00000,0.00000,0.00000,0.00000,5647.21744,0.00000 ===
 91.82604|I|libbeamng.print:18052| === LSTM_TRACE t=100 v=22.39 ws=16.03,18.09,17.54,19.06 cmd=0.646,0.677,0.871,0.859 cap=2207,2248,1700,1689 des=2207,2248,1488,1478 app=2188,2237,1478,1469 abs=nil,nil,nil,nil ebrake=1.00 ibrake=1.00 hasABS=0 sy=11.11 split=1.000,0.875 ===
 91.82610|I|libbeamng.print:18052| === LSTM_OBS t=100 16.03206,18.08669,17.54446,19.06415,0.27033,11.11006,0.00000,-0.05217,0.00000,0.00000,0.00354,1.00000,0.00000,0.00000,0.00000,5396.32429,0.00000 ===
 91.87457|I|libbeamng.print:18052| === LSTM_TRACE t=110 v=21.81 ws=15.69,17.34,16.86,18.09 cmd=0.747,0.792,0.819,0.802 cap=1590,1800,1700,1696 des=1590,1800,1488,1484 app=1774,1840,1479,1477 abs=nil,nil,nil,nil ebrake=1.00 ibrake=1.00 hasABS=0 sy=11.23 split=1.000,0.875 ===
 91.87461|I|libbeamng.print:18052| === LSTM_OBS t=110 15.68615,17.34137,16.86436,18.09070,0.32777,11.23458,0.00000,-0.05060,0.00000,0.00000,0.00239,1.00000,0.00000,0.00000,0.00000,5142.98621,0.00000 ===
 91.92427|I|libbeamng.print:18052| === LSTM_TRACE t=120 v=21.24 ws=15.19,16.21,16.01,17.38 cmd=0.798,0.804,0.865,0.851 cap=2262,2338,1540,1507 des=2262,2338,1347,1318 app=2182,2170,1340,1313 abs=nil,nil,nil,nil ebrake=1.00 ibrake=1.00 hasABS=0 sy=11.32 split=1.000,0.875 ===
 91.92433|I|libbeamng.print:18052| === LSTM_OBS t=120 15.18938,16.21368,16.00712,17.38265,0.40250,11.32001,0.00000,-0.05072,0.00000,0.00000,0.00401,1.00000,0.00000,0.00000,0.00000,4892.78376,0.00000 ===
 91.97440|I|libbeamng.print:18052| === LSTM_TRACE t=130 v=20.67 ws=14.58,15.14,15.20,16.52 cmd=0.538,0.480,0.891,0.880 cap=2536,2289,1700,1696 des=2536,2289,1488,1484 app=2520,2282,1481,1478 abs=nil,nil,nil,nil ebrake=1.00 ibrake=1.00 hasABS=0 sy=11.34 split=1.000,0.875 ===
 91.97445|I|libbeamng.print:18052| === LSTM_OBS t=130 14.58382,15.13845,15.19585,16.51509,0.46121,11.34027,0.00000,-0.05438,0.00000,0.00000,0.00301,1.00000,0.00000,0.00000,0.00000,4647.34904,0.00000 ===
 92.02407|I|libbeamng.print:18052| === LSTM_TRACE t=140 v=20.09 ws=13.21,14.64,13.72,15.02 cmd=0.789,0.684,0.854,0.829 cap=2588,2323,1505,1443 des=2588,2323,1317,1263 app=2426,2191,1311,1258 abs=nil,nil,nil,nil ebrake=1.00 ibrake=1.00 hasABS=0 sy=11.37 split=1.000,0.875 ===
 92.02413|I|libbeamng.print:18052| === LSTM_OBS t=140 13.20980,14.64355,13.71526,15.01614,0.49937,11.36699,0.00000,-0.03469,0.00000,0.00000,0.00369,1.00000,0.00000,0.00000,0.00000,4416.80218,0.00000 ===
 92.07423|I|libbeamng.print:18052| === LSTM_TRACE t=150 v=19.54 ws=11.07,13.98,11.42,13.19 cmd=0.693,0.744,0.718,0.669 cap=2023,2209,1541,1460 des=2023,2209,1349,1277 app=2012,2205,1343,1273 abs=nil,nil,nil,nil ebrake=1.00 ibrake=1.00 hasABS=0 sy=11.33 split=1.000,0.875 ===
 92.07427|I|libbeamng.print:18052| === LSTM_OBS t=150 11.07153,13.98251,11.42164,13.18760,0.52357,11.32571,0.00000,-0.04104,0.00000,0.00000,0.00216,1.00000,0.00000,0.00000,0.00000,4206.72206,0.00000 ===
 92.12412|I|libbeamng.print:18052| === LSTM_TRACE t=160 v=19.00 ws=10.16,13.60,10.07,12.70 cmd=0.728,0.721,0.593,0.541 cap=2060,1956,1272,1168 des=2060,1956,1113,1022 app=2050,1952,1108,1018 abs=nil,nil,nil,nil ebrake=1.00 ibrake=1.00 hasABS=0 sy=11.25 split=1.000,0.875 ===
 92.12418|I|libbeamng.print:18052| === LSTM_OBS t=160 10.16405,13.59941,10.07498,12.69806,0.53360,11.25038,0.00000,-0.05164,0.00000,0.00000,0.00354,1.00000,0.00000,0.00000,0.00000,4043.28226,0.00000 ===
 92.17632|I|libbeamng.print:18052| === LSTM_TRACE t=170 v=18.44 ws=9.55,12.60,8.48,12.32 cmd=0.731,0.754,0.525,0.465 cap=1773,2046,1242,1125 des=1773,2046,1087,984 app=1763,2042,1081,980 abs=nil,nil,nil,nil ebrake=1.00 ibrake=1.00 hasABS=0 sy=11.19 split=1.000,0.875 ===
 92.17637|I|libbeamng.print:18052| === LSTM_OBS t=170 9.54550,12.60290,8.47608,12.32116,0.56906,11.18634,0.00000,-0.05919,0.00000,0.00000,0.00367,1.00000,0.00000,0.00000,0.00000,3948.95938,0.00000 ===
 92.22437|I|libbeamng.print:18052| === LSTM_TRACE t=180 v=17.90 ws=9.27,11.67,7.05,12.11 cmd=0.807,0.778,0.646,0.597 cap=2569,2427,900,811 des=2569,2427,788,710 app=2161,2052,828,729 abs=nil,nil,nil,nil ebrake=1.00 ibrake=1.00 hasABS=0 sy=11.14 split=1.000,0.875 ===
 92.22445|I|libbeamng.print:18052| === LSTM_OBS t=180 9.27196,11.67201,7.04605,12.10836,0.56298,11.14272,0.00000,-0.06588,0.00000,0.00000,0.00331,1.00000,0.00000,0.00000,0.00000,3875.48358,0.00000 ===
 92.27465|I|libbeamng.print:18052| === LSTM_TRACE t=190 v=17.37 ws=7.60,11.17,5.71,12.12 cmd=0.456,0.429,0.715,0.663 cap=2054,2147,1224,1121 des=2054,2147,1071,980 app=2043,2144,1063,975 abs=nil,nil,nil,nil ebrake=1.00 ibrake=1.00 hasABS=0 sy=11.03 split=1.000,0.875 ===
 92.27473|I|libbeamng.print:18052| === LSTM_OBS t=190 7.60017,11.16806,5.70744,12.12213,0.55455,11.03245,0.00000,-0.06692,0.00000,0.00000,0.00388,1.00000,0.00000,0.00000,0.00000,3782.55749,0.00000 ===
 92.32487|I|libbeamng.print:18052| === LSTM_TRACE t=200 v=16.84 ws=7.43,10.77,4.54,12.25 cmd=0.464,0.540,0.829,0.778 cap=2011,2099,1501,1389 des=2011,2099,1314,1216 app=2000,2095,1304,1209 abs=nil,nil,nil,nil ebrake=1.00 ibrake=1.00 hasABS=0 sy=10.88 split=1.000,0.875 ===
 92.32491|I|libbeamng.print:18052| === LSTM_OBS t=200 7.43167,10.76857,4.53558,12.24818,0.58181,10.88380,0.00000,-0.07669,0.00000,0.00000,0.00249,1.00000,0.00000,0.00000,0.00000,3640.79396,0.00000 ===
 92.37444|I|libbeamng.print:18052| === LSTM_TRACE t=210 v=16.33 ws=7.03,8.90,3.22,12.28 cmd=0.661,0.772,0.846,0.802 cap=1916,2305,1588,1486 des=1916,2305,1390,1300 app=1905,2301,1378,1293 abs=nil,nil,nil,nil ebrake=1.00 ibrake=1.00 hasABS=0 sy=10.76 split=1.000,0.875 ===
 92.37449|I|libbeamng.print:18052| === LSTM_OBS t=210 7.03245,8.90069,3.22080,12.28189,0.59938,10.75884,0.00000,-0.08352,0.00000,0.00000,0.00270,1.00000,0.00000,0.00000,0.00000,3447.53558,0.00000 ===
 92.42468|I|libbeamng.print:18052| === LSTM_TRACE t=220 v=15.83 ws=7.03,5.14,2.06,12.33 cmd=0.579,0.685,0.859,0.829 cap=2009,2232,1638,1572 des=2009,2232,1433,1376 app=1996,2228,1420,1368 abs=nil,nil,nil,nil ebrake=1.00 ibrake=1.00 hasABS=0 sy=10.56 split=1.000,0.875 ===
 92.42475|I|libbeamng.print:18052| === LSTM_OBS t=220 7.02979,5.14315,2.06363,12.32902,0.65565,10.56294,0.00000,-0.09133,0.00000,0.00000,0.00392,1.00000,0.00000,0.00000,0.00000,3214.57025,0.00000 ===
 92.47425|I|libbeamng.print:18052| === LSTM_TRACE t=230 v=15.32 ws=7.64,3.04,1.30,11.98 cmd=0.800,0.747,0.770,0.742 cap=1207,1342,1606,1566 des=1207,1342,1405,1370 app=1242,1339,1391,1363 abs=nil,nil,nil,nil ebrake=1.00 ibrake=1.00 hasABS=0 sy=10.41 split=1.000,0.875 ===
 92.47430|I|libbeamng.print:18052| === LSTM_OBS t=230 7.63806,3.03772,1.29524,11.97767,0.70096,10.40906,0.00000,-0.08589,0.00000,0.00000,0.00497,1.00000,0.00000,0.00000,0.00000,2976.18706,0.00000 ===
 92.52491|I|libbeamng.print:18052| === LSTM_TRACE t=240 v=14.81 ws=8.40,1.82,0.79,11.21 cmd=0.824,0.743,0.832,0.811 cap=1619,1508,1700,1669 des=1619,1508,1488,1460 app=1609,1504,1471,1453 abs=nil,nil,nil,nil ebrake=1.00 ibrake=1.00 hasABS=0 sy=10.30 split=1.000,0.875 ===
 92.52495|I|libbeamng.print:18052| === LSTM_OBS t=240 8.39796,1.82239,0.78548,11.21051,0.70655,10.30383,0.00000,-0.07490,0.00000,0.00000,0.00318,1.00000,0.00000,0.00000,0.00000,2743.24265,0.00000 ===
 92.57441|I|libbeamng.print:18052| === LSTM_TRACE t=250 v=14.30 ws=8.27,0.09,1.16,10.05 cmd=0.545,0.500,0.869,0.867 cap=2189,2179,1661,1648 des=2189,2179,1453,1442 app=2175,2171,1436,1435 abs=nil,nil,nil,nil ebrake=1.00 ibrake=1.00 hasABS=0 sy=10.28 split=1.000,0.875 ===
 92.57445|I|libbeamng.print:18052| === LSTM_OBS t=250 8.27349,0.08754,1.15990,10.04872,0.62114,10.27674,0.00000,-0.05130,0.00000,0.00000,0.00189,1.00000,0.00000,0.00000,0.00000,2524.90793,0.00000 ===
 92.62458|I|libbeamng.print:18052| === LSTM_TRACE t=260 v=13.78 ws=7.22,0.04,0.39,9.53 cmd=0.703,0.672,0.872,0.892 cap=2087,1941,1700,1700 des=2087,1941,1488,1488 app=2074,1933,1468,1480 abs=nil,nil,nil,nil ebrake=1.00 ibrake=1.00 hasABS=0 sy=10.25 split=1.000,0.875 ===
 92.62462|I|libbeamng.print:18052| === LSTM_OBS t=260 7.22463,0.03816,0.38802,9.53229,0.60526,10.24574,0.00000,-0.03121,0.00000,0.00000,0.00124,1.00000,0.00000,0.00000,0.00000,2303.84436,0.00000 ===
 92.67514|I|libbeamng.print:18052| === LSTM_TRACE t=270 v=13.28 ws=6.27,0.03,0.05,9.21 cmd=0.760,0.763,0.862,0.884 cap=1876,1838,1695,1700 des=1876,1838,1483,1488 app=1864,1828,1462,1480 abs=nil,nil,nil,nil ebrake=1.00 ibrake=1.00 hasABS=0 sy=10.23 split=1.000,0.875 ===
 92.67522|I|libbeamng.print:18052| === LSTM_OBS t=270 6.27153,0.03447,0.04758,9.20984,0.69616,10.22790,0.00000,-0.03722,0.00000,0.00000,0.00411,1.00000,0.00000,0.00000,0.00000,2077.14065,0.00000 ===
 92.72434|I|libbeamng.print:18052| === LSTM_TRACE t=280 v=12.75 ws=5.21,0.05,0.11,7.81 cmd=0.714,0.707,0.846,0.868 cap=2018,2088,1692,1700 des=2018,2088,1481,1488 app=2005,2076,1458,1480 abs=nil,nil,nil,nil ebrake=1.00 ibrake=1.00 hasABS=0 sy=10.24 split=1.000,0.875 ===
 92.72438|I|libbeamng.print:18052| === LSTM_OBS t=280 5.21266,0.05126,0.10981,7.81450,0.68708,10.24213,0.00000,-0.01958,0.00000,0.00000,0.00261,1.00000,0.00000,0.00000,0.00000,1860.72887,0.00000 ===
 92.77443|I|libbeamng.print:18052| === LSTM_TRACE t=290 v=12.25 ws=4.22,0.01,0.03,7.04 cmd=0.657,0.694,0.840,0.857 cap=1711,1922,1687,1700 des=1711,1922,1476,1488 app=1772,1943,1453,1480 abs=nil,nil,nil,nil ebrake=1.00 ibrake=1.00 hasABS=0 sy=10.25 split=1.000,0.875 ===
 92.77447|I|libbeamng.print:18052| === LSTM_OBS t=290 4.22161,0.01245,0.02511,7.04277,0.63350,10.25351,0.00000,-0.01706,0.00000,0.00000,0.00369,1.00000,0.00000,0.00000,0.00000,1642.68210,0.00000 ===
 92.82446|I|libbeamng.print:18052| === LSTM_TRACE t=300 v=11.75 ws=2.83,0.02,0.00,5.84 cmd=0.588,0.707,0.851,0.859 cap=1794,2054,1668,1682 des=1794,2054,1459,1472 app=1807,2039,1435,1464 abs=nil,nil,nil,nil ebrake=1.00 ibrake=1.00 hasABS=0 sy=10.21 split=1.000,0.875 ===
 92.82450|I|libbeamng.print:18052| === LSTM_OBS t=300 2.83495,0.02499,0.00408,5.83543,0.62194,10.21458,0.00000,-0.02365,0.00000,0.00000,0.00265,1.00000,0.00000,0.00000,0.00000,1427.11085,0.00000 ===
 92.87490|I|libbeamng.print:18052| === LSTM_TRACE t=310 v=11.23 ws=0.06,0.03,0.00,4.83 cmd=0.872,0.945,0.898,0.891 cap=2623,2871,1700,1700 des=2623,2871,1488,1488 app=2601,2848,1461,1479 abs=nil,nil,nil,nil ebrake=1.00 ibrake=1.00 hasABS=0 sy=10.19 split=1.000,0.875 ===
 92.87494|I|libbeamng.print:18052| === LSTM_OBS t=310 0.06014,0.02660,0.00361,4.83427,0.61878,10.19497,0.00000,-0.01279,0.00000,0.00000,0.00270,1.00000,0.00000,0.00000,0.00000,1227.13432,0.00000 ===
 92.92435|I|libbeamng.print:18052| === LSTM_TRACE t=320 v=10.73 ws=0.04,0.00,0.02,3.59 cmd=0.993,0.997,0.899,0.893 cap=3076,3089,1700,1700 des=3076,3089,1488,1488 app=3049,3062,1460,1478 abs=nil,nil,nil,nil ebrake=1.00 ibrake=1.00 hasABS=0 sy=10.15 split=1.000,0.875 ===
 92.92442|I|libbeamng.print:18052| === LSTM_OBS t=320 0.04238,0.00153,0.01603,3.59421,0.62263,10.15064,0.00000,-0.02564,0.00000,0.00000,0.00104,1.00000,0.00000,0.00000,0.00000,1036.67650,0.00000 ===
 92.97423|I|libbeamng.print:18052| === LSTM_TRACE t=330 v=10.26 ws=0.03,0.01,0.05,1.58 cmd=0.995,0.997,0.865,0.867 cap=3085,3093,1679,1684 des=3085,3093,1470,1473 app=3055,3063,1441,1463 abs=nil,nil,nil,nil ebrake=1.00 ibrake=1.00 hasABS=0 sy=10.07 split=1.000,0.875 ===
 92.97427|I|libbeamng.print:18052| === LSTM_OBS t=330 0.03493,0.00765,0.05303,1.58040,0.60133,10.07203,0.00000,-0.02577,0.00000,0.00000,0.00221,1.00000,0.00000,0.00000,0.00000,850.53569,0.00000 ===
 93.02440|I|libbeamng.print:18052| === LSTM_TRACE t=340 v=9.76 ws=0.02,0.01,0.01,0.36 cmd=0.996,0.998,0.869,0.871 cap=3085,3093,1688,1693 des=3085,3093,1477,1481 app=3053,3062,1448,1469 abs=nil,nil,nil,nil ebrake=1.00 ibrake=1.00 hasABS=0 sy=9.96 split=1.000,0.875 ===
 93.02444|I|libbeamng.print:18052| === LSTM_OBS t=340 0.02016,0.00954,0.00735,0.36058,0.56119,9.95973,0.00000,-0.01440,0.00000,0.00000,0.00000,1.00000,0.00000,0.00000,0.00000,742.90659,0.00000 ===
 93.07539|I|libbeamng.print:18052| === LSTM_TRACE t=350 v=9.27 ws=0.02,0.01,0.01,0.04 cmd=0.996,0.998,0.880,0.882 cap=3088,3095,1700,1700 des=3088,3095,1488,1488 app=3052,3062,1457,1474 abs=nil,nil,nil,nil ebrake=1.00 ibrake=1.00 hasABS=0 sy=9.90 split=1.000,0.875 ===
 93.07543|I|libbeamng.print:18052| === LSTM_OBS t=350 0.01593,0.01341,0.00786,0.03565,0.57704,9.90005,0.00000,-0.02203,0.00000,0.00000,0.00134,1.00000,0.00000,0.00000,0.00000,731.87484,0.00000 ===
 93.12586|I|libbeamng.print:18052| === LSTM_TRACE t=360 v=8.78 ws=0.01,0.00,0.02,0.01 cmd=0.997,0.999,0.883,0.883 cap=3089,3096,1700,1700 des=3089,3096,1488,1488 app=3052,3060,1456,1473 abs=nil,nil,nil,nil ebrake=1.00 ibrake=1.00 hasABS=0 sy=9.88 split=1.000,0.875 ===
 93.12591|I|libbeamng.print:18052| === LSTM_OBS t=360 0.00945,0.00045,0.01809,0.01195,0.54706,9.88060,0.00000,-0.01811,0.00000,0.00000,0.00189,1.00000,0.00000,0.00000,0.00000,728.97121,0.00000 ===
 93.17552|I|libbeamng.print:18052| === LSTM_TRACE t=370 v=8.28 ws=0.00,0.00,0.04,0.02 cmd=0.997,0.999,0.882,0.882 cap=3090,3096,1700,1700 des=3090,3096,1488,1488 app=3050,3059,1456,1471 abs=nil,nil,nil,nil ebrake=1.00 ibrake=1.00 hasABS=0 sy=9.90 split=1.000,0.875 ===
 93.17556|I|libbeamng.print:18052| === LSTM_OBS t=370 0.00118,0.00437,0.04310,0.01953,0.51488,9.90408,0.00000,-0.01628,0.00000,0.00000,0.00183,1.00000,0.00000,0.00000,0.00000,730.56429,0.00000 ===
 93.22519|I|libbeamng.print:18052| === LSTM_TRACE t=380 v=7.77 ws=0.01,0.00,0.08,0.00 cmd=0.997,0.999,0.880,0.881 cap=3090,3096,1700,1700 des=3090,3096,1488,1488 app=3048,3057,1455,1470 abs=nil,nil,nil,nil ebrake=1.00 ibrake=1.00 hasABS=0 sy=9.95 split=1.000,0.875 ===
 93.22523|I|libbeamng.print:18052| === LSTM_OBS t=380 0.00650,0.00139,0.07841,0.00475,0.49914,9.95313,0.00000,-0.01560,0.00000,0.00000,0.00176,1.00000,0.00000,0.00000,0.00000,729.40276,0.00000 ===
 93.27548|I|libbeamng.print:18052| === LSTM_TRACE t=390 v=7.25 ws=0.00,0.00,0.10,0.00 cmd=0.997,0.999,0.880,0.881 cap=3090,3096,1700,1700 des=3090,3096,1488,1488 app=3046,3055,1455,1469 abs=nil,nil,nil,nil ebrake=1.00 ibrake=1.00 hasABS=0 sy=10.03 split=1.000,0.875 ===
 93.27553|I|libbeamng.print:18052| === LSTM_OBS t=390 0.00287,0.00220,0.09585,0.00233,0.51045,10.03409,0.00000,-0.01511,0.00000,0.00000,0.00162,1.00000,0.00000,0.00000,0.00000,728.54500,0.00000 ===
 93.32524|I|libbeamng.print:18052| === LSTM_TRACE t=400 v=6.73 ws=0.01,0.00,0.09,0.02 cmd=0.997,0.999,0.880,0.881 cap=3089,3096,1700,1700 des=3089,3096,1488,1488 app=3043,3053,1454,1468 abs=nil,nil,nil,nil ebrake=1.00 ibrake=1.00 hasABS=0 sy=10.12 split=1.000,0.875 ===
 93.32528|I|libbeamng.print:18052| === LSTM_OBS t=400 0.00642,0.00044,0.09021,0.02348,0.53378,10.12001,0.00000,-0.01382,0.00000,0.00000,0.00162,1.00000,0.00000,0.00000,0.00000,729.28448,0.00000 ===
 93.37565|I|libbeamng.print:18052| === LSTM_TRACE t=410 v=6.21 ws=0.00,0.01,0.49,0.03 cmd=0.996,0.998,0.883,0.883 cap=3088,3095,1700,1700 des=3088,3095,1488,1488 app=3040,3051,1454,1467 abs=nil,nil,nil,nil ebrake=1.00 ibrake=1.00 hasABS=0 sy=10.22 split=1.000,0.875 ===
 93.37569|I|libbeamng.print:18052| === LSTM_OBS t=410 0.00407,0.00730,0.49412,0.02833,0.53806,10.22057,0.00000,-0.01203,0.00000,0.00000,0.00192,1.00000,0.00000,0.00000,0.00000,728.37747,0.00000 ===
 93.42520|I|libbeamng.print:18052| === LSTM_TRACE t=420 v=5.65 ws=0.00,0.00,1.60,0.01 cmd=0.994,0.998,0.879,0.879 cap=3083,3093,1700,1700 des=3083,3093,1488,1488 app=3033,3047,1454,1466 abs=nil,nil,nil,nil ebrake=1.00 ibrake=1.00 hasABS=0 sy=10.41 split=1.000,0.875 ===
 93.42524|I|libbeamng.print:18052| === LSTM_OBS t=420 0.00228,0.00011,1.60216,0.01258,0.52869,10.41237,0.00000,-0.00302,0.00000,0.00000,0.00192,1.00000,0.00000,0.00000,0.00000,728.75393,0.00000 ===
 93.47558|I|libbeamng.print:18052| === LSTM_TRACE t=430 v=5.12 ws=0.00,0.00,0.34,0.01 cmd=0.995,0.998,0.864,0.868 cap=3085,3093,1680,1686 des=3085,3093,1470,1475 app=3033,3047,1437,1453 abs=nil,nil,nil,nil ebrake=1.00 ibrake=1.00 hasABS=0 sy=10.52 split=1.000,0.875 ===
 93.47563|I|libbeamng.print:18052| === LSTM_OBS t=430 0.00089,0.00148,0.34142,0.00859,0.57530,10.52471,0.00000,-0.00682,0.00000,0.00000,0.00192,1.00000,0.00000,0.00000,0.00000,728.56260,0.00000 ===
 93.53780|I|libbeamng.print:18052| === LSTM_TRACE t=440 v=4.59 ws=0.00,0.01,0.18,0.00 cmd=0.995,0.998,0.876,0.880 cap=3084,3094,1700,1700 des=3084,3094,1487,1488 app=3030,3045,1453,1464 abs=nil,nil,nil,nil ebrake=1.00 i
