2210.30359|I|libbeamng.print:32957| === LSTM_ABS: lens 'baseline_ctrl_epg_s0' loaded (1 member, 17 in, 64 hidden, 2 layers) ===
2210.30594|I|libbeamng.print:32957| === LSTM_ABS SELFTEST lens=baseline_ctrl_epg_s0 cmd=0.708999,0.778447,0.665918,0.694994 ===
2222.06388|I|libbeamng.print:32957| === LSTM_ABS: lens 'baseline_ctrl_epg_s0' loaded (1 member, 17 in, 64 hidden, 2 layers) ===
2222.06568|I|libbeamng.print:32957| === LSTM_ABS SELFTEST lens=baseline_ctrl_epg_s0 cmd=0.708999,0.778447,0.665918,0.694994 ===
2231.20699|I|libbeamng.print:32957| === LSTM_TRACE t=0 v=27.38 ws=29.59,29.71,28.50,30.06 cmd=0.971,0.973,0.373,0.386 cap=155,155,97,97 des=155,155,85,85 app=142,142,78,78 abs=nil,nil,nil,nil ebrake=1.00 ibrake=1.00 hasABS=0 sy=-0.68 split=1.000,0.875 ===
2231.20703|I|libbeamng.print:32957| === LSTM_OBS t=0 29.59357,29.70803,28.49736,30.06272,0.12549,-0.67815,-29.16781,-0.16731,0.00000,0.00000,0.00091,1.00000,0.00000,0.00397,0.21402,8528.11796,0.25000 ===
2231.25654|I|libbeamng.print:32957| === LSTM_TRACE t=10 v=27.33 ws=24.65,24.02,26.86,26.49 cmd=0.183,0.223,0.618,0.622 cap=497,609,1175,1181 des=497,609,1028,1033 app=456,560,949,953 abs=nil,nil,nil,nil ebrake=1.00 ibrake=1.00 hasABS=0 sy=3.50 split=1.000,0.875 ===
2231.25659|I|libbeamng.print:32957| === LSTM_OBS t=10 24.64899,24.01789,26.86361,26.48773,0.26631,3.50199,-32.01310,-0.00065,0.00000,0.00000,0.00000,1.00000,0.00000,-0.00048,0.17472,8051.31790,0.25000 ===
2231.27684|I|libbeamng.print:32957| === LSTM_ABS DBG raw=22.9258,21.8642,26.4451,26.0967,0.0648,3.6556,-30.5602,0.0118,0.0000,0.0000,0.0041,1.0000,0.0000,0.0002,0.1552,7837.8026,0.2500 ===
2231.27687|I|libbeamng.print:32957| === LSTM_ABS DBG norm=0.34,0.22,0.52,0.48,-0.09,-1.78,0.00,0.11,0.08,-0.08,0.13,0.57,-0.02,0.00,0.00,3.89,0.00 ===
2231.27688|I|libbeamng.print:32957| === LSTM_ABS DBG cmd=0.1250,0.1609,0.5744,0.6045 ===
2231.30671|I|libbeamng.print:32957| === LSTM_TRACE t=20 v=27.32 ws=21.45,19.81,25.73,25.02 cmd=0.041,0.064,0.414,0.459 cap=153,234,822,909 des=153,234,719,796 app=141,215,672,744 abs=nil,nil,nil,nil ebrake=1.00 ibrake=1.00 hasABS=0 sy=3.05 split=1.000,0.875 ===
2231.30674|I|libbeamng.print:32957| === LSTM_OBS t=20 21.45206,19.80592,25.73051,25.01542,-0.04374,3.05168,-23.95869,0.00742,0.00000,0.00000,0.00338,1.00000,0.00000,0.00558,0.12750,7545.17801,0.25000 ===
2231.35674|I|libbeamng.print:32957| === LSTM_TRACE t=30 v=27.14 ws=20.57,18.24,24.78,23.39 cmd=0.025,0.054,0.434,0.483 cap=79,161,836,929 des=79,161,732,813 app=73,149,688,766 abs=nil,nil,nil,nil ebrake=1.00 ibrake=1.00 hasABS=0 sy=2.89 split=1.000,0.875 ===
2231.35682|I|libbeamng.print:32957| === LSTM_OBS t=30 20.56784,18.24316,24.78014,23.38825,0.03180,2.88826,-17.59703,-0.00645,0.00000,0.00000,0.00567,1.00000,0.00000,0.00657,0.08183,7153.24521,0.25000 ===
2231.40639|I|libbeamng.print:32957| === LSTM_TRACE t=40 v=27.09 ws=19.97,16.71,23.90,21.78 cmd=0.018,0.048,0.407,0.454 cap=63,167,798,890 des=63,167,699,778 app=58,154,661,737 abs=nil,nil,nil,nil ebrake=1.00 ibrake=1.00 hasABS=0 sy=2.22 split=1.000,0.875 ===
2231.40644|I|libbeamng.print:32957| === LSTM_OBS t=40 19.97163,16.70816,23.89588,21.77556,-0.01489,2.21786,-12.31410,0.00807,0.00000,0.00000,0.00258,1.00000,0.00000,0.01195,0.03458,6773.17791,0.25000 ===
2231.45659|I|libbeamng.print:32957| === LSTM_TRACE t=50 v=26.99 ws=19.39,15.31,23.02,20.19 cmd=0.016,0.042,0.372,0.411 cap=49,129,723,801 des=49,129,632,700 app=45,119,601,666 abs=nil,nil,nil,nil ebrake=1.00 ibrake=1.00 hasABS=0 sy=1.85 split=1.000,0.875 ===
2231.45663|I|libbeamng.print:32957| === LSTM_OBS t=50 19.39123,15.31446,23.01666,20.18881,-0.00850,1.84551,-8.85648,-0.01125,0.00000,0.00000,0.00169,1.00000,0.00000,0.01715,-0.01265,6412.26564,0.25000 ===
2231.50650|I|libbeamng.print:32957| === LSTM_TRACE t=60 v=26.93 ws=18.85,13.94,22.12,18.76 cmd=0.016,0.044,0.372,0.404 cap=50,135,724,785 des=50,135,634,687 app=46,125,603,655 abs=nil,nil,nil,nil ebrake=1.00 ibrake=1.00 hasABS=0 sy=1.33 split=1.000,0.875 ===
2231.50657|I|libbeamng.print:32957| === LSTM_OBS t=60 18.85469,13.93982,22.11760,18.75761,0.01532,1.33031,-6.29539,-0.00489,0.00000,0.00000,0.00265,1.00000,0.00000,0.02274,-0.05992,6069.64699,0.25000 ===
2231.55653|I|libbeamng.print:32957| === LSTM_TRACE t=70 v=26.85 ws=18.29,12.57,21.20,17.36 cmd=0.016,0.041,0.363,0.395 cap=48,121,714,776 des=48,121,625,679 app=44,112,597,648 abs=nil,nil,nil,nil ebrake=1.00 ibrake=1.00 hasABS=0 sy=0.83 split=1.000,0.875 ===
2231.55657|I|libbeamng.print:32957| === LSTM_OBS t=70 18.28757,12.56798,21.19765,17.36090,0.04813,0.83491,-4.46338,-0.01844,0.00000,0.00000,0.00373,1.00000,0.00000,0.03014,-0.10773,5734.35165,0.25000 ===
2231.60638|I|libbeamng.print:32957| === LSTM_TRACE t=80 v=26.80 ws=17.78,11.37,20.31,16.00 cmd=0.016,0.037,0.337,0.367 cap=47,112,669,730 des=47,112,585,639 app=44,103,560,610 abs=nil,nil,nil,nil ebrake=1.00 ibrake=1.00 hasABS=0 sy=0.42 split=1.000,0.875 ===
2231.60642|I|libbeamng.print:32957| === LSTM_OBS t=80 17.77619,11.36756,20.31362,16.00111,0.09246,0.41846,-3.28424,-0.02327,0.00000,0.00000,0.00463,1.00000,0.00000,0.03668,-0.15481,5404.55358,0.25000 ===
2231.65677|I|libbeamng.print:32957| === LSTM_TRACE t=90 v=26.75 ws=17.31,10.36,19.51,14.73 cmd=0.014,0.029,0.266,0.295 cap=43,92,534,591 des=43,92,467,517 app=40,85,447,495 abs=nil,nil,nil,nil ebrake=1.00 ibrake=1.00 hasABS=0 sy=-0.09 split=1.000,0.875 ===
2231.65682|I|libbeamng.print:32957| === LSTM_OBS t=90 17.30558,10.36266,19.50624,14.72964,0.15038,-0.09271,-2.34097,-0.02422,0.00000,0.00000,0.00342,1.00000,0.00000,0.04490,-0.20214,5087.98208,0.25000 ===
2231.70714|I|libbeamng.print:32957| === LSTM_TRACE t=100 v=26.71 ws=16.78,9.31,18.84,13.59 cmd=0.019,0.042,0.221,0.256 cap=60,128,428,494 des=60,128,374,432 app=55,118,358,413 abs=nil,nil,nil,nil ebrake=1.00 ibrake=1.00 hasABS=0 sy=-0.53 split=1.000,0.875 ===
2231.70719|I|libbeamng.print:32957| === LSTM_OBS t=100 16.77811,9.30987,18.83660,13.58783,0.22806,-0.52578,-1.76972,-0.03388,0.00000,0.00000,0.00270,1.00000,0.00000,0.05257,-0.24889,4807.08969,0.25000 ===
2231.75708|I|libbeamng.print:32957| === LSTM_TRACE t=110 v=26.67 ws=16.11,7.84,18.25,12.39 cmd=0.021,0.050,0.231,0.276 cap=62,149,450,536 des=62,149,393,469 app=57,138,376,448 abs=nil,nil,nil,nil ebrake=1.00 ibrake=1.00 hasABS=0 sy=-1.03 split=1.000,0.875 ===
2231.75713|I|libbeamng.print:32957| === LSTM_OBS t=110 16.11102,7.84285,18.24505,12.39102,0.28022,-1.03114,-1.22619,-0.04225,0.00000,0.00000,0.00229,1.00000,0.00000,0.06128,-0.29552,4550.40894,0.25000 ===
2231.80709|I|libbeamng.print:32957| === LSTM_TRACE t=120 v=26.65 ws=15.44,6.25,17.71,11.14 cmd=0.021,0.052,0.224,0.271 cap=64,160,439,531 des=64,160,384,465 app=58,148,367,444 abs=nil,nil,nil,nil ebrake=1.00 ibrake=1.00 hasABS=0 sy=-1.49 split=1.000,0.875 ===
2231.80714|I|libbeamng.print:32957| === LSTM_OBS t=120 15.44367,6.24506,17.70660,11.13808,0.35304,-1.49350,-0.82417,-0.04584,0.00000,0.00000,0.00329,1.00000,0.00000,0.06999,-0.34161,4292.12966,0.25000 ===
2231.85694|I|libbeamng.print:32957| === LSTM_TRACE t=130 v=26.63 ws=14.81,4.71,17.19,9.93 cmd=0.020,0.049,0.205,0.248 cap=59,147,407,493 des=59,147,356,432 app=54,135,340,412 abs=nil,nil,nil,nil ebrake=1.00 ibrake=1.00 hasABS=0 sy=-1.98 split=1.000,0.875 ===
2231.85699|I|libbeamng.print:32957| === LSTM_OBS t=130 14.81237,4.70800,17.19091,9.92752,0.42308,-1.97580,-0.53835,-0.05465,0.00000,0.00000,0.00378,1.00000,0.00000,0.07892,-0.38712,4037.17939,0.25000 ===
2231.90713|I|libbeamng.print:32957| === LSTM_TRACE t=140 v=26.63 ws=14.22,3.32,16.68,8.80 cmd=0.019,0.046,0.182,0.218 cap=60,145,358,430 des=60,145,314,377 app=55,133,300,359 abs=nil,nil,nil,nil ebrake=1.00 ibrake=1.00 hasABS=0 sy=-2.45 split=1.000,0.875 ===
2231.90718|I|libbeamng.print:32957| === LSTM_OBS t=140 14.21836,3.31692,16.67767,8.79896,0.50827,-2.44726,-0.32012,-0.06281,0.00000,0.00000,0.00342,1.00000,0.00000,0.08790,-0.43187,3792.23586,0.25000 ===
2231.95705|I|libbeamng.print:32957| === LSTM_TRACE t=150 v=26.63 ws=13.57,1.81,16.15,7.77 cmd=0.022,0.056,0.171,0.201 cap=70,174,330,388 des=70,174,289,340 app=64,161,276,323 abs=nil,nil,nil,nil ebrake=1.00 ibrake=1.00 hasABS=0 sy=-2.90 split=1.000,0.875 ===
2231.95714|I|libbeamng.print:32957| === LSTM_OBS t=150 13.57260,1.80937,16.15199,7.76928,0.60092,-2.89793,-0.20009,-0.07473,0.00000,0.00000,0.00285,1.00000,0.00000,0.09657,-0.47568,3559.70243,0.25000 ===
2232.00683|I|libbeamng.print:32957| === LSTM_TRACE t=160 v=26.65 ws=12.80,0.12,15.59,6.78 cmd=0.031,0.089,0.175,0.202 cap=87,247,341,394 des=87,247,299,345 app=80,227,285,327 abs=nil,nil,nil,nil ebrake=1.00 ibrake=1.00 hasABS=0 sy=-3.35 split=1.000,0.875 ===
2232.00688|I|libbeamng.print:32957| === LSTM_OBS t=160 12.79841,0.11533,15.59080,6.78299,0.68754,-3.34541,-0.10627,-0.08256,0.00000,0.00000,0.00254,1.00000,0.00000,0.10519,-0.51840,3338.17266,0.25000 ===
2232.05681|I|libbeamng.print:32957| === LSTM_TRACE t=170 v=26.67 ws=11.44,0.03,15.05,5.80 cmd=0.064,0.209,0.167,0.202 cap=185,602,325,391 des=185,602,285,342 app=171,555,271,325 abs=nil,nil,nil,nil ebrake=1.00 ibrake=1.00 hasABS=0 sy=-3.79 split=1.000,0.875 ===
2232.05685|I|libbeamng.print:32957| === LSTM_OBS t=170 11.44294,0.03082,15.05440,5.80392,0.77817,-3.79476,-0.08555,-0.09105,0.00000,0.00000,0.00342,1.00000,0.00000,0.11348,-0.55996,3117.74607,0.25000 ===
2232.10664|I|libbeamng.print:32957| === LSTM_TRACE t=180 v=26.70 ws=8.98,0.01,14.60,4.73 cmd=0.100,0.328,0.168,0.217 cap=300,988,325,418 des=300,988,284,366 app=276,910,271,346 abs=nil,nil,nil,nil ebrake=1.00 ibrake=1.00 hasABS=0 sy=-4.23 split=1.000,0.875 ===
2232.10668|I|libbeamng.print:32957| === LSTM_OBS t=180 8.98410,0.00685,14.59932,4.72741,0.85965,-4.22895,-0.03947,-0.10118,0.00000,0.00000,0.00420,1.00000,0.00000,0.12145,-0.60027,2900.24007,0.25000 ===
2232.15745|I|libbeamng.print:32957| === LSTM_TRACE t=190 v=26.73 ws=5.92,0.01,14.22,3.52 cmd=0.105,0.352,0.180,0.242 cap=325,1088,346,465 des=325,1088,303,407 app=299,1001,288,385 abs=nil,nil,nil,nil ebrake=1.00 ibrake=1.00 hasABS=0 sy=-4.65 split=1.000,0.875 ===
2232.15751|I|libbeamng.print:32957| === LSTM_OBS t=190 5.91780,0.00735,14.21873,3.51948,0.94275,-4.64610,0.01403,-0.11170,0.00000,0.00000,0.00398,1.00000,0.00000,0.12897,-0.63930,2681.62052,0.25000 ===
2232.20700|I|libbeamng.print:32957| === LSTM_TRACE t=200 v=26.78 ws=2.87,0.01,13.87,2.17 cmd=0.100,0.349,0.203,0.276 cap=314,1086,388,528 des=314,1086,340,462 app=290,999,323,436 abs=nil,nil,nil,nil ebrake=1.00 ibrake=1.00 hasABS=0 sy=-5.06 split=1.000,0.875 ===
2232.20705|I|libbeamng.print:32957| === LSTM_OBS t=200 2.86821,0.00818,13.86555,2.16573,1.02023,-5.06328,0.06052,-0.12238,0.00000,0.00000,0.00364,1.00000,0.00000,0.13598,-0.67687,2455.95067,0.25000 ===
2232.25686|I|libbeamng.print:32957| === LSTM_TRACE t=210 v=26.84 ws=0.14,0.01,13.48,0.61 cmd=0.115,0.382,0.252,0.341 cap=337,1143,478,647 des=337,1143,418,566 app=310,1051,398,534 abs=nil,nil,nil,nil ebrake=1.00 ibrake=1.00 hasABS=0 sy=-5.47 split=1.000,0.875 ===
2232.25693|I|libbeamng.print:32957| === LSTM_OBS t=210 0.13590,0.00997,13.48125,0.60612,1.09419,-5.47346,0.09448,-0.13369,0.00000,0.00000,0.00342,1.00000,0.00000,0.14233,-0.71292,2216.02897,0.25000 ===
2232.30695|I|libbeamng.print:32957| === LSTM_TRACE t=220 v=26.84 ws=0.05,0.01,12.72,0.08 cmd=0.228,0.558,0.266,0.384 cap=657,1665,519,741 des=657,1665,454,648 app=605,1531,433,611 abs=nil,nil,nil,nil ebrake=1.00 ibrake=1.00 hasABS=0 sy=-5.76 split=1.000,0.875 ===
2232.30699|I|libbeamng.print:32957| === LSTM_OBS t=220 0.04584,0.01360,12.72375,0.08345,1.14601,-5.76431,0.10156,-0.19074,0.00000,0.00000,0.00318,1.00000,0.00000,0.14774,-0.74695,1956.68460,0.25000 ===
2232.35733|I|libbeamng.print:32957| === LSTM_TRACE t=230 v=25.48 ws=0.40,8.19,10.69,0.38 cmd=0.512,0.762,0.370,0.553 cap=1586,2397,681,1030 des=1586,2397,596,901 app=1460,2205,567,848 abs=nil,nil,nil,nil ebrake=1.00 ibrake=1.00 hasABS=0 sy=1.12 split=1.000,0.875 ===
2232.35738|I|libbeamng.print:32957| === LSTM_OBS t=230 0.39983,8.18778,10.68682,0.37928,1.29962,1.11571,-0.99000,-0.33846,0.00000,0.00000,0.03740,1.00000,0.00000,0.14788,-0.77483,1732.24384,0.25000 ===
2232.40702|I|libbeamng.print:32957| === LSTM_TRACE t=240 v=22.89 ws=0.05,19.06,6.30,0.05 cmd=0.968,0.973,0.713,0.696 cap=2951,2991,1339,1372 des=2951,2991,1172,1200 app=2715,2789,1116,1128 abs=nil,nil,nil,nil ebrake=1.00 ibrake=1.00 hasABS=0 sy=24.04 split=1.000,0.875 ===
2232.40707|I|libbeamng.print:32957| === LSTM_OBS t=240 0.04783,19.05985,6.30140,0.05089,1.69794,24.04384,-5.18169,-0.84834,0.00000,0.00000,0.01931,1.00000,0.00000,0.11772,-0.78840,1495.36013,0.25000 ===
2232.45688|I|libbeamng.print:32957| === LSTM_TRACE t=250 v=22.44 ws=0.08,0.79,0.49,0.15 cmd=0.733,0.783,0.849,0.741 cap=1998,2159,1638,1436 des=1998,2159,1433,1256 app=1837,2028,1365,1179 abs=nil,nil,nil,nil ebrake=1.00 ibrake=1.00 hasABS=0 sy=27.16 split=1.000,0.875 ===
2232.45693|I|libbeamng.print:32957| === LSTM_OBS t=250 0.07760,0.79317,0.48651,0.15411,2.31788,27.15710,-5.27310,-0.76145,0.00000,0.00000,0.02326,1.00000,0.00000,0.07064,-0.79657,1216.93925,0.25000 ===
2232.50703|I|libbeamng.print:32957| === LSTM_TRACE t=260 v=22.33 ws=0.05,0.20,0.03,0.11 cmd=0.973,0.971,0.826,0.721 cap=3018,3015,1611,1401 des=3018,3015,1410,1226 app=2775,2829,1340,1149 abs=nil,nil,nil,nil ebrake=1.00 ibrake=1.00 hasABS=0 sy=20.24 split=1.000,0.875 ===
2232.50710|I|libbeamng.print:32957| === LSTM_OBS t=260 0.04802,0.19825,0.02576,0.11481,1.92139,20.23670,-4.31885,-0.71727,0.00000,0.00000,0.02588,1.00000,0.00000,0.02409,-0.80321,960.95662,0.25000 ===
2232.55700|I|libbeamng.print:32957| === LSTM_TRACE t=270 v=22.24 ws=0.09,0.04,0.00,0.01 cmd=0.981,0.974,0.809,0.737 cap=3045,3026,1573,1429 des=3045,3026,1376,1250 app=2799,2835,1306,1171 abs=nil,nil,nil,nil ebrake=1.00 ibrake=1.00 hasABS=0 sy=13.28 split=1.000,0.875 ===
2232.55705|I|libbeamng.print:32957| === LSTM_OBS t=270 0.09167,0.03900,0.00324,0.01129,1.40263,13.28285,-3.17706,-0.69596,0.00000,0.00000,0.02135,1.00000,0.00000,-0.01915,-0.80789,770.65234,0.25000 ===
2232.60697|I|libbeamng.print:32957| === LSTM_TRACE t=280 v=22.14 ws=0.10,0.04,0.01,0.03 cmd=0.981,0.972,0.820,0.768 cap=3041,3014,1592,1486 des=3041,3014,1393,1300 app=2795,2821,1319,1216 abs=nil,nil,nil,nil ebrake=1.00 ibrake=1.00 hasABS=0 sy=7.89 split=1.000,0.875 ===
2232.60702|I|libbeamng.print:32957| === LSTM_OBS t=280 0.09740,0.04081,0.00801,0.02845,1.00501,7.89095,-2.26194,-0.69782,0.00000,0.00000,0.01901,1.00000,0.00000,-0.06156,-0.81153,734.07080,0.25000 ===
2232.65681|I|libbeamng.print:32957| === LSTM_TRACE t=290 v=22.07 ws=0.08,0.07,0.01,0.01 cmd=0.973,0.961,0.812,0.789 cap=3023,2987,1586,1531 des=3023,2987,1388,1339 app=2778,2792,1312,1252 abs=nil,nil,nil,nil ebrake=1.00 ibrake=1.00 hasABS=0 sy=3.95 split=1.000,0.875 ===
2232.65686|I|libbeamng.print:32957| === LSTM_OBS t=290 0.07647,0.07223,0.00967,0.01462,0.65270,3.95253,-1.53361,-0.68432,0.00000,0.00000,0.02237,1.00000,0.00000,-0.10379,-0.81361,730.51911,0.25000 ===
2232.70681|I|libbeamng.print:32957| === LSTM_TRACE t=300 v=22.01 ws=0.04,0.06,0.00,0.01 cmd=0.806,0.705,0.658,0.714 cap=2560,2289,1313,1410 des=2560,2289,1149,1234 app=2352,2137,1085,1153 abs=nil,nil,nil,nil ebrake=1.00 ibrake=1.00 hasABS=0 sy=1.20 split=1.000,0.875 ===
2232.70686|I|libbeamng.print:32957| === LSTM_OBS t=300 0.04270,0.06294,0.00442,0.00634,0.29855,1.19601,-1.06493,-0.67429,0.00000,0.00000,0.02285,1.00000,0.00000,-0.14473,-0.81463,728.82630,0.25000 ===
2232.75686|I|libbeamng.print:32957| === LSTM_TRACE t=310 v=21.88 ws=0.01,0.07,0.01,0.01 cmd=0.732,0.568,0.493,0.655 cap=2296,1807,1014,1290 des=2296,1807,887,1128 app=2108,1686,837,1054 abs=nil,nil,nil,nil ebrake=1.00 ibrake=1.00 hasABS=0 sy=-0.27 split=1.000,0.875 ===
2232.75691|I|libbeamng.print:32957| === LSTM_OBS t=310 0.00770,0.06766,0.01314,0.01099,0.02691,-0.27341,-0.82774,-0.66894,0.00000,0.00000,0.02188,1.00000,0.00000,-0.18511,-0.81425,728.90517,0.25000 ===
2232.80723|I|libbeamng.print:32957| === LSTM_TRACE t=320 v=21.22 ws=0.53,0.07,0.05,0.04 cmd=0.708,0.584,0.482,0.658 cap=2170,1763,921,1272 des=2170,1763,806,1113 app=1993,1643,759,1039 abs=nil,nil,nil,nil ebrake=1.00 ibrake=1.00 hasABS=0 sy=1.51 split=1.000,0.875 ===
2232.80731|I|libbeamng.print:32957| === LSTM_OBS t=320 0.53180,0.06946,0.05086,0.03563,0.42127,1.50839,-0.75297,-0.59994,0.00000,0.00000,0.00311,1.00000,0.00000,-0.22363,-0.81336,726.73914,0.25000 ===
2232.85708|I|libbeamng.print:32957| === LSTM_TRACE t=330 v=20.22 ws=0.67,0.03,0.03,0.06 cmd=0.974,0.958,0.736,0.794 cap=2962,2887,1341,1502 des=2962,2887,1174,1314 app=2724,2688,1105,1226 abs=nil,nil,nil,nil ebrake=1.00 ibrake=1.00 hasABS=0 sy=8.39 split=1.000,0.875 ===
2232.85713|I|libbeamng.print:32957| === LSTM_OBS t=330 0.67150,0.03041,0.03266,0.06089,2.09649,8.39416,-0.40604,-0.53261,0.00000,0.00000,0.00713,1.00000,0.00000,-0.26300,-0.81508,728.49298,0.25000 ===
2232.90685|I|libbeamng.print:32957| === LSTM_TRACE t=340 v=19.74 ws=0.18,0.01,0.00,0.02 cmd=0.998,0.996,0.882,0.854 cap=3092,3087,1700,1652 des=3092,3087,1488,1446 app=2842,2873,1399,1348 abs=nil,nil,nil,nil ebrake=1.00 ibrake=1.00 hasABS=0 sy=10.03 split=1.000,0.875 ===
2232.90689|I|libbeamng.print:32957| === LSTM_OBS t=340 0.17620,0.01463,0.00110,0.02345,2.61178,10.03020,0.20461,-0.44502,0.00000,0.00000,0.00162,1.00000,0.00000,-0.30219,-0.81965,726.65144,0.25000 ===
2232.95692|I|libbeamng.print:32957| === LSTM_TRACE t=350 v=19.37 ws=0.02,0.01,0.01,0.01 cmd=0.998,0.996,0.881,0.867 cap=3093,3088,1700,1685 des=3093,3088,1488,1474 app=2843,2871,1397,1374 abs=nil,nil,nil,nil ebrake=1.00 ibrake=1.00 hasABS=0 sy=8.58 split=1.000,0.875 ===
2232.95697|I|libbeamng.print:32957| === LSTM_OBS t=350 0.01719,0.00714,0.00902,0.01350,2.26836,8.58214,0.76819,-0.39081,0.00000,0.00000,0.00930,1.00000,0.00000,-0.34194,-0.82614,728.64089,0.25000 ===
2233.00685|I|libbeamng.print:32957| === LSTM_TRACE t=360 v=19.09 ws=0.03,0.00,0.02,0.01 cmd=0.995,0.993,0.865,0.857 cap=3087,3080,1686,1671 des=3087,3080,1475,1462 app=2837,2861,1385,1362 abs=nil,nil,nil,nil ebrake=1.00 ibrake=1.00 hasABS=0 sy=6.32 split=1.000,0.875 ===
2233.00690|I|libbeamng.print:32957| === LSTM_OBS t=360 0.03379,0.00193,0.01657,0.01191,1.66261,6.32339,1.33050,-0.34256,0.00000,0.00000,0.01459,1.00000,0.00000,-0.38062,-0.83414,727.84144,0.25000 ===
2233.05687|I|libbeamng.print:32957| === LSTM_TRACE t=370 v=18.83 ws=0.01,0.01,0.01,0.01 cmd=0.970,0.955,0.792,0.807 cap=3030,2997,1559,1575 des=3030,2997,1364,1378 app=2783,2783,1279,1283 abs=nil,nil,nil,nil ebrake=1.00 ibrake=1.00 hasABS=0 sy=4.30 split=1.000,0.875 ===
2233.05692|I|libbeamng.print:32957| === LSTM_OBS t=370 0.00527,0.00811,0.01231,0.00591,1.04876,4.30003,1.49291,-0.28744,0.00000,0.00000,0.01505,1.00000,0.00000,-0.41752,-0.84210,729.15694,0.25000 ===
2233.10690|I|libbeamng.print:32957| === LSTM_TRACE t=380 v=18.47 ws=0.10,0.02,0.01,0.00 cmd=0.851,0.776,0.677,0.731 cap=2676,2455,1326,1432 des=2676,2455,1160,1253 app=2458,2278,1088,1166 abs=nil,nil,nil,nil ebrake=1.00 ibrake=1.00 hasABS=0 sy=3.52 split=1.000,0.875 ===
2233.10695|I|libbeamng.print:32957| === LSTM_OBS t=380 0.10107,0.01563,0.00705,0.00191,0.89057,3.51558,1.86309,-0.25722,0.00000,0.00000,0.01362,1.00000,0.00000,-0.45126,-0.84966,726.62978,0.25000 ===
2233.15760|I|libbeamng.print:32957| === LSTM_TRACE t=390 v=18.05 ws=0.04,0.02,0.01,0.02 cmd=0.880,0.809,0.687,0.738 cap=2685,2450,1322,1421 des=2685,2450,1157,1244 app=2466,2272,1084,1157 abs=nil,nil,nil,nil ebrake=1.00 ibrake=1.00 hasABS=0 sy=4.28 split=1.000,0.875 ===
2233.15765|I|libbeamng.print:32957| === LSTM_OBS t=390 0.03517,0.01544,0.00935,0.01912,1.35849,4.28069,2.55745,-0.25805,0.00000,0.00000,0.02491,1.00000,0.00000,-0.48156,-0.85564,728.83696,0.25000 ===
2233.20730|I|libbeamng.print:32957| === LSTM_TRACE t=400 v=17.76 ws=0.02,0.01,0.01,0.02 cmd=0.947,0.914,0.752,0.784 cap=2925,2816,1454,1519 des=2925,2816,1272,1329 app=2686,2610,1191,1237 abs=nil,nil,nil,nil ebrake=1.00 ibrake=1.00 hasABS=0 sy=5.00 split=1.000,0.875 ===
2233.20735|I|libbeamng.print:32957| === LSTM_OBS t=400 0.01932,0.00781,0.00648,0.02007,1.73682,5.00443,2.91741,-0.25128,0.00000,0.00000,0.02164,1.00000,0.00000,-0.50571,-0.85759,725.57967,0.25000 ===
2233.25688|I|libbeamng.print:32957| === LSTM_TRACE t=410 v=17.60 ws=0.01,0.01,0.02,0.00 cmd=0.956,0.928,0.761,0.789 cap=2966,2883,1483,1535 des=2966,2883,1297,1343 app=2723,2671,1214,1249 abs=nil,nil,nil,nil ebrake=1.00 ibrake=1.00 hasABS=0 sy=4.76 split=1.000,0.875 ===
2233.25697|I|libbeamng.print:32957| === LSTM_OBS t=410 0.00585,0.00675,0.01575,0.00157,1.62545,4.75542,3.11442,-0.19310,0.00000,0.00000,0.02125,1.00000,0.00000,-0.51950,-0.85435,730.30039,0.25000 ===
2233.30708|I|libbeamng.print:32957| === LSTM_TRACE t=420 v=17.54 ws=0.01,0.00,0.01,0.01 cmd=0.875,0.792,0.691,0.754 cap=2767,2541,1368,1481 des=2767,2541,1197,1296 app=2540,2353,1120,1205 abs=nil,nil,nil,nil ebrake=1.00 ibrake=1.00 hasABS=0 sy=3.01 split=1.000,0.875 ===
2233.30713|I|libbeamng.print:32957| === LSTM_OBS t=420 0.00583,0.00105,0.01081,0.00945,0.78182,3.01071,2.73041,-0.07404,0.00000,0.00000,0.02196,1.00000,0.00000,-0.51764,-0.84570,727.45356,0.25000 ===
2233.35684|I|libbeamng.print:32957| === LSTM_TRACE t=430 v=17.55 ws=0.00,0.01,0.01,0.01 cmd=0.635,0.492,0.521,0.601 cap=2036,1556,1013,1186 des=2036,1556,886,1038 app=1868,1440,829,965 abs=nil,nil,nil,nil ebrake=1.00 ibrake=1.00 hasABS=0 sy=1.31 split=1.000,0.875 ===
2233.35689|I|libbeamng.print:32957| === LSTM_OBS t=430 0.00026,0.00904,0.01034,0.00635,-0.01649,1.31052,2.23279,0.06250,0.00000,0.00000,0.02159,1.00000,0.00000,-0.49671,-0.83128,729.16815,0.25000 ===
2233.40711|I|libbeamng.print:32957| === LSTM_TRACE t=440 v=17.67 ws=0.00,0.01,0.01,0.00 cmd=0.343,0.469,0.411,0.491 cap=1184,1480,847,969 des=1184,1480,741,848 app=1086,1369,693,788 abs=nil,nil,nil,nil ebrake=1.00 ibrake=1.00 hasABS=0 sy=-0.38 split=1.000,0.875 ===
2233.40716|I|libbeamng.print:32957| === LSTM_OBS t=440 0.00048,0.00736,0.00529,0.00189,-0.73509,-0.37540,1.40715,0.19237,0.00000,0.00000,0.02156,1.00000,0.00000,-0.45604,-0.81093,727.33205,0.25000 ===
2233.45689|I|libbeamng.print:32957| === LSTM_TRACE t=450 v=17.80 ws=0.01,0.00,0.00,0.00 cmd=0.292,0.480,0.265,0.423 cap=916,1503,538,843 des=916,1503,471,738 app=841,1389,440,686 abs=nil,nil,nil,nil ebrake=1.00 ibrake=1.00 hasABS=0 sy=-1.85 split=1.000,0.875 ===
2233.45693|I|libbeamng.print:32957| === LSTM_OBS t=450 0.01072,0.00338,0.00456,0.00422,-1.20271,-1.85254,0.48535,0.31967,0.00000,0.00000,0.02178,1.00000,0.00000,-0.39697,-0.78491,729.26735,0.25000 ===
2233.50716|I|libbeamng.print:32957| === LSTM_TRACE t=460 v=17.95 ws=0.00,0.00,0.05,0.00 cmd=0.213,0.341,0.194,0.323 cap=691,1111,377,634 des=691,1111,330,554 app=634,1027,308,515 abs=nil,nil,nil,nil ebrake=1.00 ibrake=1.00 hasABS=0 sy=-2.93 split=1.000,0.875 ===
2233.50721|I|libbeamng.print:32957| === LSTM_OBS t=460 0.00437,0.00056,0.04993,0.00272,-1.36253,-2.93300,-0.18827,0.44553,0.00000,0.00000,0.02123,1.00000,0.00000,-0.32113,-0.75351,727.71159,0.25000 ===
2233.55676|I|libbeamng.print:32957| === LSTM_TRACE t=470 v=18.13 ws=0.00,0.00,0.01,0.00 cmd=0.149,0.242,0.260,0.385 cap=474,762,492,740 des=474,762,430,648 app=435,704,402,602 abs=nil,nil,nil,nil ebrake=1.00 ibrake=1.00 hasABS=0 sy=-3.66 split=1.000,0.875 ===
2233.55680|I|libbeamng.print:32957| === LSTM_OBS t=470 0.00457,0.00329,0.01143,0.00062,-1.22825,-3.65972,-0.69516,0.56492,0.00000,0.00000,0.02148,1.00000,0.00000,-0.23021,-0.71715,729.10987,0.25000 ===
2233.60688|I|libbeamng.print:32957| === LSTM_TRACE t=480 v=18.31 ws=0.00,0.00,0.01,0.01 cmd=0.128,0.251,0.388,0.413 cap=389,762,738,788 des=389,762,646,689 app=357,704,603,640 abs=nil,nil,nil,nil ebrake=1.00 ibrake=1.00 hasABS=0 sy=-4.15 split=1.000,0.875 ===
2233.60692|I|libbeamng.print:32957| === LSTM_OBS t=480 0.00318,0.00001,0.00985,0.00727,-0.85939,-4.15407,-1.05590,0.68532,0.00000,0.00000,0.02155,1.00000,0.00000,-0.12637,-0.67627,725.07244,0.25000 ===
2233.65666|I|libbeamng.print:32957| === LSTM_TRACE t=490 v=18.52 ws=0.01,0.00,0.00,0.00 cmd=0.155,0.321,0.394,0.470 cap=469,963,770,904 des=469,963,674,791 app=430,889,629,735 abs=nil,nil,nil,nil ebrake=1.00 ibrake=1.00 hasABS=0 sy=-4.46 split=1.000,0.875 ===
2233.65670|I|libbeamng.print:32957| === LSTM_OBS t=490 0.00705,0.00254,0.00268,0.00125,-0.24973,-4.45599,-1.32232,0.79360,0.00000,0.00000,0.02137,1.00000,0.00000,-0.01226,-0.63123,728.73137,0.25000 ===
2233.70694|I|libbeamng.print:32957| === LSTM_TRACE t=500 v=18.67 ws=0.01,0.01,0.01,0.00 cmd=0.218,0.487,0.381,0.517 cap=646,1450,740,996 des=646,1450,647,871 app=593,1339,604,809 abs=nil,nil,nil,nil ebrake=1.00 ibrake=1.00 hasABS=0 sy=-4.28 split=1.000,0.875 ===
2233.70699|I|libbeamng.print:32957| === LSTM_OBS t=500 0.00798,0.00553,0.00538,0.00422,0.37445,-4.27622,-1.25599,0.95864,0.00000,0.00000,0.02120,1.00000,0.00000,0.10995,-0.58070,726.56729,0.25000 ===
2233.75694|I|libbeamng.print:32957| === LSTM_TRACE t=510 v=18.09 ws=0.03,0.01,0.02,0.06 cmd=0.610,0.804,0.522,0.662 cap=1662,2391,957,1240 des=1662,2391,837,1085 app=1524,2207,781,1008 abs=nil,nil,nil,nil ebrake=1.00 ibrake=1.00 hasABS=0 sy=-0.62 split=1.000,0.875 ===
2233.75699|I|libbeamng.print:32957| === LSTM_OBS t=510 0.02955,0.01127,0.02230,0.05658,-2.02184,-0.62070,2.34274,1.57217,0.00000,0.00000,0.01664,1.00000,0.00000,0.22953,-0.49905,729.01227,0.25000 ===
2233.80697|I|libbeamng.print:32957| === LSTM_TRACE t=520 v=17.99 ws=0.07,0.12,0.02,0.03 cmd=0.793,0.887,0.606,0.686 cap=2505,2779,1197,1363 des=2505,2779,1047,1192 app=2297,2564,977,1107 abs=nil,nil,nil,nil ebrake=1.00 ibrake=1.00 hasABS=0 sy=2.81 split=1.000,0.875 ===
2233.80702|I|libbeamng.print:32957| === LSTM_OBS t=520 0.06897,0.12038,0.02482,0.02928,-4.95365,2.81266,5.00727,1.88320,0.00000,0.00000,0.01966,1.00000,0.00000,0.31030,-0.36662,727.91991,0.25000 ===
2233.85721|I|libbeamng.print:32957| === LSTM_TRACE t=530 v=18.28 ws=0.03,0.10,0.04,0.00 cmd=0.698,0.819,0.571,0.632 cap=2129,2522,1095,1215 des=2129,2522,959,1063 app=1952,2326,894,987 abs=nil,nil,nil,nil ebrake=1.00 ibrake=1.00 hasABS=0 sy=2.88 split=1.000,0.875 ===
2233.85734|I|libbeamng.print:32957| === LSTM_OBS t=530 0.03456,0.09635,0.04099,0.00065,-2.82694,2.87504,2.94697,1.97078,0.00000,0.00000,0.02010,1.00000,0.00000,0.38135,-0.22137,729.80158,0.25000 ===
2233.90737|I|libbeamng.print:32957| === LSTM_TRACE t=540 v=18.18 ws=0.06,0.07,0.02,0.04 cmd=0.604,0.692,0.501,0.553 cap=1992,2269,1018,1120 des=1992,2269,891,980 app=1827,2092,831,910 abs=nil,nil,nil,nil ebrake=1.00 ibrake=1.00 hasABS=0 sy=2.04 split=1.000,0.875 ===
2233.90744|I|libbeamng.print:32957| === LSTM_OBS t=540 0.06079,0.07424,0.01956,0.03811,-1.45386,2.03611,3.72227,2.09412,0.00000,0.00000,0.02234,1.00000,0.00000,0.44318,-0.06943,727.56337,0.25000 ===
2233.95707|I|libbeamng.print:32957| === LSTM_TRACE t=550 v=17.06 ws=0.05,0.02,0.13,0.32 cmd=0.369,0.506,0.383,0.448 cap=1184,1563,757,879 des=1184,1563,663,769 app=1086,1442,618,714 abs=nil,nil,nil,nil ebrake=1.00 ibrake=1.00 hasABS=0 sy=-0.76 split=1.000,0.875 ===
2233.95712|I|libbeamng.print:32957| === LSTM_OBS t=550 0.05193,0.01683,0.12633,0.32039,-6.39411,-0.75543,12.94159,1.46059,0.00000,0.00000,0.02147,1.00000,0.00000,0.52650,0.07117,729.88093,0.25000 ===
2234.00742|I|libbeamng.print:32957| === LSTM_TRACE t=560 v=15.89 ws=0.23,0.16,1.00,0.83 cmd=0.181,0.396,0.395,0.484 cap=565,1233,765,932 des=565,1233,669,816 app=518,1136,624,757 abs=nil,nil,nil,nil ebrake=1.00 ibrake=1.00 hasABS=0 sy=-10.65 split=1.000,0.875 ===
2234.00748|I|libbeamng.print:32957| === LSTM_OBS t=560 0.23409,0.16277,1.00346,0.82708,-16.69593,-10.65317,21.74824,0.39782,0.00000,0.00000,0.01641,1.00000,0.00000,0.60011,0.10322,727.38185,0.25000 ===
2234.05722|I|libbeamng.print:32957| === LSTM_TRACE t=570 v=15.92 ws=0.01,0.02,0.02,0.05 cmd=0.173,0.376,0.405,0.496 cap=535,1165,784,961 des=535,1165,686,841 app=491,1073,640,781 abs=nil,nil,nil,nil ebrake=1.00 ibrake=1.00 hasABS=0 sy=-9.13 split=1.000,0.875 ===
2234.05728|I|libbeamng.print:32957| === LSTM_OBS t=570 0.00809,0.02275,0.02220,0.04661,-12.11573,-9.13059,17.04091,0.43497,0.00000,0.00000,0.02105,1.00000,0.00000,0.66773,0.12765,729.48739,0.25000 ===
2234.10700|I|libbeamng.print:32957| === LSTM_TRACE t=580 v=15.72 ws=0.02,0.04,0.05,0.02 cmd=0.204,0.454,0.445,0.535 cap=619,1376,849,1030 des=619,1376,743,901 app=568,1268,693,837 abs=nil,nil,nil,nil ebrake=1.00 ibrake=1.00 hasABS=0 sy=-6.41 split=1.000,0.875 ===
2234.10705|I|libbeamng.print:32957| === LSTM_OBS t=580 0.01563,0.03540,0.04939,0.02259,-6.65672,-6.41413,12.04840,0.44741,0.00000,0.00000,0.02313,1.00000,0.00000,0.72968,0.15024,728.95202,0.25000 ===
2234.15729|I|libbeamng.print:32957| === LSTM_TRACE t=590 v=15.65 ws=0.01,0.01,0.02,0.05 cmd=0.325,0.622,0.520,0.600 cap=943,1856,992,1149 des=943,1856,868,1006 app=864,1710,809,933 abs=nil,nil,nil,nil ebrake=1.00 ibrake=1.00 hasABS=0 sy=-4.25 split=1.000,0.875 ===
2234.15735|I|libbeamng.print:32957| === LSTM_OBS t=590 0.00958,0.01404,0.02048,0.04831,-2.42202,-4.24591,8.28918,0.44745,0.00000,0.00000,0.01729,1.00000,0.00000,0.78303,0.17360,730.20492,0.25000 ===
2234.20717|I|libbeamng.print:32957| === LSTM_TRACE t=600 v=15.59 ws=0.01,0.01,0.03,0.02 cmd=0.471,0.761,0.588,0.645 cap=1584,2445,1169,1282 des=1584,2445,1023,1122 app=1452,2253,954,1041 abs=nil,nil,nil,nil ebrake=1.00 ibrake=1.00 hasABS=0 sy=-2.51 split=1.000,0.875 ===
2234.20723|I|libbeamng.print:32957| === LSTM_OBS t=600 0.01307,0.01138,0.03144,0.02283,0.85759,-2.50806,5.46017,0.44237,0.00000,0.00000,0.01986,1.00000,0.00000,0.83047,0.19580,727.14973,0.25000 ===
2234.25711|I|libbeamng.print:32957| === LSTM_TRACE t=610 v=15.54 ws=0.02,0.00,0.04,0.02 cmd=0.225,0.448,0.427,0.615 cap=650,1310,842,1166 des=650,1310,737,1020 app=595,1206,687,947 abs=nil,nil,nil,nil ebrake=1.00 ibrake=1.00 hasABS=0 sy=-1.39 split=1.000,0.875 ===
2234.25718|I|libbeamng.print:32957| === LSTM_OBS t=610 0.01785,0.00261,0.04249,0.02321,3.25397,-1.39121,3.62141,0.44573,0.00000,0.00000,0.01947,1.00000,0.00000,0.86906,0.21847,729.06239,0.25000 ===
2234.30687|I|libbeamng.print:32957| === LSTM_TRACE t=620 v=15.50 ws=0.00,0.00,0.04,0.03 cmd=0.447,0.666,0.427,0.718 cap=1289,2003,815,1379 des=1289,2003,713,1207 app=1181,1845,665,1120 abs=nil,nil,nil,nil ebrake=1.00 ibrake=1.00 hasABS=0 sy=-0.37 split=1.000,0.875 ===
2234.30693|I|libbeamng.print:32957| === LSTM_OBS t=620 0.00490,0.00005,0.04222,0.03386,5.13625,-0.37470,2.12352,0.46180,0.00000,0.00000,0.02155,1.00000,0.00000,0.90068,0.24042,728.80551,0.25000 ===
2234.35727|I|libbeamng.print:32957| === LSTM_TRACE t=630 v=15.47 ws=0.00,0.00,0.02,0.03 cmd=0.792,0.823,0.538,0.784 cap=2357,2518,1011,1513 des=2357,2518,885,1324 app=2160,2318,825,1229 abs=nil,nil,nil,nil ebrake=1.00 ibrake=1.00 hasABS=0 sy=0.29 split=1.000,0.875 ===
2234.35736|I|libbeamng.print:32957| === LSTM_OBS t=630 0.00320,0.00477,0.02300,0.03189,6.51486,0.28802,1.25277,0.46743,0.00000,0.00000,0.02071,1.00000,0.00000,0.92367,0.26250,732.65008,0.25000 ===
2234.40711|I|libbeamng.print:32957| === LSTM_TRACE t=640 v=15.26 ws=0.00,0.02,0.09,0.06 cmd=0.947,0.935,0.736,0.816 cap=2893,2849,1376,1581 des=2893,2849,1204,1384 app=2651,2623,1123,1284 abs=nil,nil,nil,nil ebrake=1.00 ibrake=1.00 hasABS=0 sy=0.15 split=1.000,0.875 ===
2234.40718|I|libbeamng.print:32957| === LSTM_OBS t=640 0.00305,0.02034,0.08841,0.06017,7.00100,0.15478,0.78441,0.09856,0.00000,0.00000,0.01563,1.00000,0.00000,0.94046,0.28020,730.98686,0.25000 ===
2234.45684|I|libbeamng.print:32957| === LSTM_TRACE t=650 v=14.80 ws=0.04,0.01,0.06,0.08 cmd=0.931,0.931,0.778,0.775 cap=2869,2878,1504,1494 des=2869,2878,1316,1307 app=2629,2650,1226,1213 abs=nil,nil,nil,nil ebrake=1.00 ibrake=1.00 hasABS=0 sy=-4.27 split=1.000,0.875 ===
2234.45689|I|libbeamng.print:32957| === LSTM_OBS t=650 0.04357,0.01472,0.06221,0.08387,4.35017,-4.27470,1.13372,-0.55789,0.00000,0.00000,0.02081,1.00000,0.00000,0.96276,0.26539,733.28436,0.25000 ===
2234.50685|I|libbeamng.print:32957| === LSTM_TRACE t=660 v=14.72 ws=0.05,0.00,0.01,0.08 cmd=0.968,0.956,0.811,0.825 cap=2989,2952,1564,1593 des=2989,2952,1369,1394 app=2739,2718,1276,1293 abs=nil,nil,nil,nil ebrake=1.00 ibrake=1.00 hasABS=0 sy=-3.42 split=1.000,0.875 ===
2234.50690|I|libbeamng.print:32957| === LSTM_OBS t=660 0.04881,0.00194,0.01120,0.08430,5.47940,-3.41625,0.17636,-0.50689,0.00000,0.00000,0.01969,1.00000,0.00000,0.96551,0.23855,729.00131,0.25000 ===
2234.55706|I|libbeamng.print:32957| === LSTM_TRACE t=670 v=14.54 ws=0.02,0.01,0.07,0.13 cmd=0.991,0.986,0.863,0.868 cap=3067,3053,1668,1680 des=3067,3053,1460,1470 app=2811,2810,1361,1364 abs=nil,nil,nil,nil ebrake=1.00 ibrake=1.00 hasABS=0 sy=-1.86 split=1.000,0.875 ===
2234.55719|I|libbeamng.print:32957| === LSTM_OBS t=670 0.01846,0.01382,0.07442,0.12528,7.12531,-1.85817,-0.73863,-0.53354,0.00000,0.00000,0.01886,1.00000,0.00000,0.94314,0.20995,731.37448,0.25000 ===
2234.60716|I|libbeamng.print:32957| === LSTM_TRACE t=680 v=14.15 ws=0.00,0.01,0.08,0.33 cmd=0.995,0.993,0.878,0.879 cap=3085,3078,1700,1700 des=3085,3078,1488,1488 app=2827,2833,1386,1381 abs=nil,nil,nil,nil ebrake=1.00 ibrake=1.00 hasABS=0 sy=-2.41 split=1.000,0.875 ===
2234.60721|I|libbeamng.print:32957| === LSTM_OBS t=680 0.00490,0.00789,0.08361,0.33011,7.15412,-2.40954,-2.55453,-0.55497,0.00000,0.00000,0.02137,1.00000,0.00000,0.89110,0.17080,729.45932,0.25000 ===
2234.65668|I|libbeamng.print:32957| === LSTM_TRACE t=690 v=14.08 ws=0.01,0.01,0.20,0.16 cmd=0.997,0.995,0.881,0.883 cap=3090,3085,1700,1700 des=3090,3085,1488,1488 app=2831,2839,1386,1381 abs=nil,nil,nil,nil ebrake=1.00 ibrake=1.00 hasABS=0 sy=-1.40 split=1.000,0.875 ===
2234.65673|I|libbeamng.print:32957| === LSTM_OBS t=690 0.00785,0.01033,0.20496,0.15924,8.45675,-1.40425,-3.35897,-0.42993,0.00000,0.00000,0.02119,1.00000,0.00000,0.80048,0.12455,730.84536,0.25000 ===
2234.70716|I|libbeamng.print:32957| === LSTM_TRACE t=700 v=14.02 ws=0.00,0.00,0.07,0.13 cmd=0.998,0.996,0.878,0.885 cap=3092,3089,1700,1700 des=3092,3089,1488,1488 app=2834,2842,1386,1381 abs=nil,nil,nil,nil ebrake=1.00 ibrake=1.00 hasABS=0 sy=0.12 split=1.000,0.875 ===
2234.70721|I|libbeamng.print:32957| === LSTM_OBS t=700 0.00441,0.00499,0.06515,0.12795,9.45016,0.11893,-3.70876,-0.27873,0.00000,0.00000,0.01811,1.00000,0.00000,0.68046,0.07601,728.62817,0.25000 ===
2234.75684|I|libbeamng.print:32957| === LSTM_TRACE t=710 v=13.95 ws=0.00,0.00,0.01,0.04 cmd=0.997,0.996,0.868,0.882 cap=3092,3088,1689,1700 des=3092,3088,1478,1488 app=2833,2841,1377,1381 abs=nil,nil,nil,nil ebrake=1.00 ibrake=1.00 hasABS=0 sy=1.18 split=1.000,0.875 ===
2234.75689|I|libbeamng.print:32957| === LSTM_OBS t=710 0.00005,0.00304,0.00632,0.04249,9.96184,1.18412,-3.88509,-0.13390,0.00000,0.00000,0.01920,1.00000,0.00000,0.53506,0.02581,730.32070,0.25000 ===
2234.80690|I|libbeamng.print:32957| === LSTM_TRACE t=720 v=13.88 ws=0.01,0.00,0.01,0.00 cmd=0.996,0.994,0.855,0.869 cap=3089,3082,1664,1692 des=3089,3082,1456,1480 app=2831,2836,1357,1374 abs=nil,nil,nil,nil ebrake=1.00 ibrake=1.00 hasABS=0 sy=1.73 split=1.000,0.875 ===
2234.80696|I|libbeamng.print:32957| === LSTM_OBS t=720 0.00789,0.00047,0.01498,0.00095,9.96188,1.73127,-3.99084,0.01067,0.00000,0.00000,0.02100,1.00000,0.00000,0.37147,-0.02574,727.88154,0.25000 ===
2234.85693|I|libbeamng.print:32957| === LSTM_TRACE t=730 v=13.83 ws=0.01,0.01,0.01,0.03 cmd=0.993,0.989,0.835,0.847 cap=3081,3068,1627,1650 des=3081,3068,1424,1444 app=2823,2823,1327,1340 abs=nil,nil,nil,nil ebrake=1.00 ibrake=1.00 hasABS=0 sy=1.91 split=1.000,0.875 ===
2234.85697|I|libbeamng.print:32957| === LSTM_OBS t=730 0.00717,0.00543,0.01397,0.03397,9.51163,1.90899,-4.08316,0.14463,0.00000,0.00000,0.02096,1.00000,0.00000,0.19591,-0.07808,729.39093,0.25000 ===
2234.90684|I|libbeamng.print:32957| === LSTM_TRACE t=740 v=13.59 ws=1.61,0.32,0.02,0.00 cmd=0.962,0.944,0.816,0.867 cap=2983,2923,1585,1679 des=2983,2923,1387,1469 app=2733,2690,1293,1363 abs=nil,nil,nil,nil ebrake=1.00 ibrake=1.00 hasABS=0 sy=1.63 split=1.000,0.875 ===
2234.90689|I|libbeamng.print:32957| === LSTM_OBS t=740 1.60748,0.31902,0.01557,0.00040,9.12463,1.63276,-4.01130,0.26593,0.00000,0.00000,0.02134,1.00000,0.00000,0.01122,-0.13022,726.57442,0.25000 ===
2234.95694|I|libbeamng.print:32957| === LSTM_TRACE t=750 v=11.88 ws=4.04,0.10,0.21,0.20 cmd=0.980,0.970,0.843,0.892 cap=3030,2995,1619,1700 des=3030,2995,1417,1488 app=2779,2756,1321,1381 abs=nil,nil,nil,nil ebrake=1.00 ibrake=1.00 hasABS=0 sy=-1.57 split=1.000,0.875 ===
2234.95699|I|libbeamng.print:32957| === LSTM_OBS t=750 4.04301,0.09735,0.21366,0.20446,10.63991,-1.56847,-10.32989,-0.56960,0.00000,0.00000,0.07071,1.00000,0.00000,-0.15756,-0.14921,730.24221,0.25000 ===
2235.00708|I|libbeamng.print:32957| === LSTM_TRACE t=760 v=10.84 ws=0.22,0.02,1.14,0.59 cmd=0.994,0.990,0.867,0.889 cap=3082,3068,1686,1700 des=3082,3068,1476,1488 app=2830,2823,1375,1381 abs=nil,nil,nil,nil ebrake=1.00 ibrake=1.00 hasABS=0 sy=-6.46 split=1.000,0.875 ===
2235.00720|I|libbeamng.print:32957| === LSTM_OBS t=760 0.21665,0.02082,1.13959,0.59195,12.45872,-6.46440,-28.60168,-1.22417,0.00000,0.00000,0.02023,1.00000,0.00000,-0.17709,-0.06913,728.34036,0.25000 ===
2235.05701|I|libbeamng.print:32957| === LSTM_TRACE t=770 v=10.59 ws=0.38,0.02,0.41,0.11 cmd=0.990,0.985,0.859,0.879 cap=3072,3056,1667,1700 des=3072,3056,1459,1488 app=2820,2811,1360,1381 abs=nil,nil,nil,nil ebrake=1.00 ibrake=1.00 hasABS=0 sy=-6.07 split=1.000,0.875 ===
2235.05706|I|libbeamng.print:32957| === LSTM_OBS t=770 0.38487,0.02370,0.40647,0.10650,11.50829,-6.07415,-29.68648,-0.91733,0.00000,0.00000,0.02226,1.00000,0.00000,-0.12694,0.02733,729.01802,0.25000 ===
2235.10713|I|libbeamng.print:32957| === LSTM_TRACE t=780 v=10.18 ws=0.10,0.08,0.97,0.95 cmd=0.989,0.982,0.852,0.873 cap=3063,3043,1656,1697 des=3063,3043,1449,1485 app=2812,2799,1352,1379 abs=nil,nil,nil,nil ebrake=1.00 ibrake=1.00 hasABS=0 sy=-4.29 split=1.000,0.875 ===
2235.10717|I|libbeamng.print:32957| === LSTM_OBS t=780 0.10121,0.08479,0.96752,0.94818,10.60285,-4.28902,-26.01482,-0.38740,0.00000,0.00000,0.01825,1.00000,0.00000,-0.04996,0.10183,726.68370,0.25000 ===
2235.15702|I|libbeamng.print:32957| === LSTM_TRACE t=790 v=9.48 ws=0.02,0.08,1.98,0.77 cmd=0.992,0.987,0.855,0.880 cap=3078,3063,1659,1700 des=3078,3063,1452,1488 app=2825,2817,1356,1383 abs=nil,nil,nil,nil ebrake=1.00 ibrake=1.00 hasABS=0 sy=-3.12 split=1.000,0.875 ===
2235.15707|I|libbeamng.print:32957| === LSTM_OBS t=790 0.01512,0.08159,1.98112,0.77202,12.04319,-3.12383,-22.30009,0.22925,0.00000,0.00000,0.01516,1.00000,0.00000,-0.00310,0.13955,729.20867,0.25000 ===
2235.20692|I|libbeamng.print:32957| === LSTM_TRACE t=800 v=8.99 ws=0.02,0.06,0.05,0.24 cmd=0.965,0.951,0.848,0.891 cap=2998,2956,1652,1700 des=2998,2956,1445,1488 app=2751,2719,1350,1383 abs=nil,nil,nil,nil ebrake=1.00 ibrake=1.00 hasABS=0 sy=-2.64 split=1.000,0.875 ===
2235.20697|I|libbeamng.print:32957| === LSTM_OBS t=800 0.01899,0.06377,0.05110,0.23748,12.70941,-2.63552,-18.43892,0.57347,0.00000,0.00000,0.01615,1.00000,0.00000,0.00299,0.14615,726.45336,0.25000 ===
2235.25695|I|libbeamng.print:32957| === LSTM_TRACE t=810 v=8.77 ws=0.00,0.03,0.20,0.18 cmd=0.972,0.963,0.831,0.883 cap=3009,2980,1616,1700 des=3009,2980,1414,1488 app=2761,2741,1320,1383 abs=nil,nil,nil,nil ebrake=1.00 ibrake=1.00 hasABS=0 sy=-2.20 split=1.000,0.875 ===
2235.25700|I|libbeamng.print:32957| === LSTM_OBS t=810 0.00297,0.02697,0.20060,0.18159,10.87609,-2.20414,-14.11338,0.67173,0.00000,0.00000,0.01794,1.00000,0.00000,-0.00770,0.14135,728.30970,0.25000 ===
2235.30704|I|libbeamng.print:32957| === LSTM_TRACE t=820 v=8.74 ws=0.01,0.04,0.23,0.22 cmd=0.982,0.976,0.837,0.879 cap=3044,3024,1625,1700 des=3044,3024,1422,1488 app=2793,2781,1328,1382 abs=nil,nil,nil,nil ebrake=1.00 ibrake=1.00 hasABS=0 sy=-1.41 split=1.000,0.875 ===
2235.30708|I|libbeamng.print:32957| === LSTM_OBS t=820 0.01324,0.03571,0.23469,0.22289,8.25038,-1.40547,-10.25139,0.66444,0.00000,0.00000,0.01624,1.00000,0.00000,-0.02190,0.13510,727.14420,0.25000 ===
2235.35691|I|libbeamng.print:32957| === LSTM_TRACE t=830 v=8.66 ws=0.02,0.01,0.21,0.12 cmd=0.973,0.963,0.830,0.880 cap=3024,2996,1617,1700 des=3024,2996,1415,1488 app=2774,2756,1321,1382 abs=nil,nil,nil,nil ebrake=1.00 ibrake=1.00 hasABS=0 sy=-0.87 split=1.000,0.875 ===
2235.35697|I|libbeamng.print:32957| === LSTM_OBS t=830 0.02036,0.01401,0.20648,0.12054,6.05631,-0.86906,-7.53987,0.69073,0.00000,0.00000,0.01624,1.00000,0.00000,-0.03357,0.12826,729.92837,0.25000 ===
2235.40686|I|libbeamng.print:32957| === LSTM_TRACE t=840 v=8.57 ws=0.02,0.01,0.25,0.08 cmd=0.907,0.872,0.723,0.855 cap=2835,2732,1444,1674 des=2835,2732,1264,1465 app=2600,2512,1180,1361 abs=nil,nil,nil,nil ebrake=1.00 ibrake=1.00 hasABS=0 sy=-0.64 split=1.000,0.875 ===
2235.40692|I|libbeamng.print:32957| === LSTM_OBS t=840 0.01559,0.01264,0.24875,0.08211,4.64654,-0.63604,-6.16857,0.74815,0.00000,0.00000,0.01700,1.00000,0.00000,-0.03870,0.11808,726.74112,0.25000 ===
2235.45686|I|libbeamng.print:32957| === LSTM_TRACE t=850 v=8.41 ws=0.01,0.00,0.19,0.37 cmd=0.879,0.853,0.613,0.808 cap=2725,2641,1199,1576 des=2725,2641,1049,1379 app=2500,2428,980,1281 abs=nil,nil,nil,nil ebrake=1.00 ibrake=1.00 hasABS=0 sy=-0.69 split=1.000,0.875 ===
2235.45691|I|libbeamng.print:32957| === LSTM_OBS t=850 0.01472,0.00155,0.19053,0.37327,3.93035,-0.69054,-5.70587,0.85548,0.00000,0.00000,0.01712,1.00000,0.00000,-0.03527,0.10230,728.48035,0.25000 ===
2235.50684|I|libbeamng.print:32957| === LSTM_TRACE t=860 v=8.16 ws=0.01,0.00,0.49,0.08 cmd=0.893,0.875,0.592,0.792 cap=2763,2706,1154,1541 des=2763,2706,1010,1349 app=2534,2488,943,1253 abs=nil,nil,nil,nil ebrake=1.00 ibrake=1.00 hasABS=0 sy=-0.79 split=1.000,0.875 ===
2235.50689|I|libbeamng.print:32957| === LSTM_OBS t=860 0.00911,0.00425,0.48844,0.08373,3.99845,-0.78996,-5.45329,0.99004,0.00000,0.00000,0.01722,1.00000,0.00000,-0.02813,0.07812,727.95273,0.25000 ===
2235.55695|I|libbeamng.print:32957| === LSTM_TRACE t=870 v=7.93 ws=0.01,0.00,0.54,0.08 cmd=0.912,0.900,0.584,0.783 cap=2824,2785,1136,1524 des=2824,2785,994,1334 app=2590,2561,928,1239 abs=nil,nil,nil,nil ebrake=1.00 ibrake=1.00 hasABS=0 sy=-0.72 split=1.000,0.875 ===
2235.55699|I|libbeamng.print:32957| === LSTM_OBS t=870 0.00967,0.00000,0.53814,0.08009,4.40684,-0.72234,-5.29806,1.15455,0.00000,0.00000,0.01683,1.00000,0.00000,-0.02409,0.04451,729.92659,0.25000 ===
2235.60706|I|libbeamng.print:32957| === LSTM_TRACE t=880 v=7.68 ws=0.00,0.41,0.33,0.06 cmd=0.925,0.916,0.573,0.774 cap=2863,2836,1115,1505 des=2863,2836,976,1317 app=2626,2608,911,1223 abs=nil,nil,nil,nil ebrake=1.00 ibrake=1.00 hasABS=0 sy=-0.67 split=1.000,0.875 ===
2235.60712|I|libbeamng.print:32957| === LSTM_OBS t=880 0.00315,0.41311,0.33218,0.05956,4.78650,-0.67375,-5.08474,1.29835,0.00000,0.00000,0.01676,1.00000,0.00000,-0.02340,0.00149,727.45568,0.25000 ===
2235.65686|I|libbeamng.print:32957| === LSTM_TRACE t=890 v=6.59 ws=0.06,0.15,0.65,0.10 cmd=0.931,0.924,0.660,0.833 cap=2909,2887,1247,1597 des=2909,2887,1091,1398 app=2667,2655,1019,1298 abs=nil,nil,nil,nil ebrake=1.00 ibrake=1.00 hasABS=0 sy=-1.60 split=1.000,0.875 ===
2235.65691|I|libbeamng.print:32957| === LSTM_OBS t=890 0.05792,0.15076,0.65426,0.10399,7.73506,-1.60178,-5.24778,1.04560,0.00000,0.00000,0.01760,1.00000,0.00000,-0.04613,-0.04332,729.73814,0.25000 ===
2235.70699|I|libbeamng.print:32957| === LSTM_TRACE t=900 v=4.98 ws=0.07,0.13,0.40,0.06 cmd=0.995,0.993,0.889,0.922 cap=3083,3072,1696,1700 des=3083,3072,1484,1488 app=2827,2825,1386,1381 abs=nil,nil,nil,nil ebrake=1.00 ibrake=1.00 hasABS=0 sy=-4.36 split=1.000,0.875 ===
2235.70704|I|libbeamng.print:32957| === LSTM_OBS t=900 0.07455,0.12504,0.39573,0.05927,12.15034,-4.36403,-11.97646,0.44593,0.00000,0.00000,0.02990,1.00000,0.00000,-0.07695,-0.05516,726.88012,0.25000 ===
2235.75730|I|libbeamng.print:32957| === LSTM_TRACE t=910 v=4.55 ws=0.09,0.16,0.27,0.11 cmd=0.994,0.993,0.874,0.879 cap=3082,3078,1700,1700 des=3082,3078,1488,1488 app=2826,2830,1389,1381 abs=nil,nil,nil,nil ebrake=1.00 ibrake=1.00 hasABS=0 sy=-6.00 split=1.000,0.875 ===
2235.75735|I|libbeamng.print:32957| === LSTM_OBS t=910 0.09464,0.15829,0.27169,0.10646,14.53042,-6.00188,-18.20038,0.25716,0.00000,0.00000,0.01053,1.00000,0.00000,-0.08779,-0.02885,730.68702,0.25000 ===
2235.80683|I|libbeamng.print:32957| === LSTM_TRACE t=920 v=4.29 ws=0.15,0.07,0.17,0.07 cmd=0.992,0.990,0.873,0.882 cap=3076,3070,1695,1700 des=3076,3070,1483,1488 app=2820,2823,1385,1381 abs=nil,nil,nil,nil ebrake=1.00 ibrake=1.00 hasABS=0 sy=-4.94 split=1.000,0.875 ===
2235.80689|I|libbeamng.print:32957| === LSTM_OBS t=920 0.15094,0.06539,0.16865,0.06798,12.37308,-4.94462,-17.19637,0.43313,0.00000,0.00000,0.01248,1.00000,0.00000,-0.06585,-0.00214,728.64693,0.25000 ===
2235.85671|I|libbeamng.print:32957| === LSTM_TRACE t=930 v=3.91 ws=0.02,0.05,0.06,0.10 cmd=0.991,0.988,0.870,0.885 cap=3072,3063,1692,1700 des=3072,3063,1481,1488 app=2817,2817,1382,1381 abs=nil,nil,nil,nil ebrake=1.00 ibrake=1.00 hasABS=0 sy=-3.07 split=1.000,0.875 ===
2235.85685|I|libbeamng.print:32957| === LSTM_OBS t=930 0.02353,0.05368,0.05830,0.09793,10.40285,-3.06960,-13.62379,0.62030,0.00000,0.00000,0.01805,1.00000,0.00000,-0.04817,0.01537,729.66813,0.25000 ===
2235.90657|I|libbeamng.print:32957| === LSTM_TRACE t=940 v=3.66 ws=0.01,0.01,0.09,0.09 cmd=0.992,0.989,0.865,0.882 cap=3075,3066,1682,1700 des=3075,3066,1472,1488 app=2819,2820,1374,1381 abs=nil,nil,nil,nil ebrake=1.00 ibrake=1.00 hasABS=0 sy=-1.70 split=1.000,0.875 ===
2235.90662|I|libbeamng.print:32957| === LSTM_OBS t=940 0.00553,0.00805,0.08600,0.08954,8.90911,-1.70355,-10.24623,0.79853,0.00000,0.00000,0.01780,1.00000,0.00000,-0.03970,0.02271,726.48030,0.25000 ===
2235.95679|I|libbeamng.print:32957| === LSTM_TRACE t=950 v=3.39 ws=0.00,0.02,0.14,0.05 cmd=0.984,0.981,0.847,0.880 cap=3060,3049,1655,1700 des=3060,3049,1448,1488 app=2805,2804,1352,1381 abs=nil,nil,nil,nil ebrake=1.00 ibrake=1.00 hasABS=0 sy=-0.70 split=1.000,0.875 ===
2235.95685|I|libbeamng.print:32957| === LSTM_OBS t=950 0.00448,0.01591,0.14128,0.04561,7.86617,-0.69835,-8.14630,0.96255,0.00000,0.00000,0.01721,1.00000,0.00000,-0.03917,0.02098,728.88345,0.25000 ===
2236.00671|I|libbeamng.print:32957| === LSTM_TRACE t=960 v=3.16 ws=0.00,0.00,0.07,0.01 cmd=0.960,0.949,0.812,0.895 cap=2972,2940,1578,1700 des=2972,2940,1381,1488 app=2725,2703,1288,1381 abs=nil,nil,nil,nil ebrake=1.00 ibrake=1.00 hasABS=0 sy=-0.17 split=1.000,0.875 ===
2236.00675|I|libbeamng.print:32957| === LSTM_OBS t=960 0.00262,0.00467,0.07293,0.01231,7.12709,-0.17219,-6.80613,1.11999,0.00000,0.00000,0.01684,1.00000,0.00000,-0.04161,0.00985,727.14296,0.25000 ===
2236.05655|I|libbeamng.print:32957| === LSTM_TRACE t=970 v=2.69 ws=0.01,0.01,0.16,0.00 cmd=0.967,0.959,0.808,0.896 cap=2997,2973,1569,1700 des=2997,2973,1373,1488 app=2747,2734,1281,1381 abs=nil,nil,nil,nil ebrake=1.00 ibrake=1.00 hasABS=0 sy=-0.12 split=1.000,0.875 ===
2236.05660|I|libbeamng.print:32957| === LSTM_OBS t=970 0.00656,0.00904,0.16082,0.00019,7.08661,-0.11821,-6.19551,1.09697,0.00000,0.00000,0.00499,1.00000,0.00000,-0.04554,-0.00964,730.34268,0.25000 ===
2236.10672|I|libbeamng.print:32957| === LSTM_TRACE t=980 v=1.95 ws=0.03,0.01,0.09,0.07 cmd=0.990,0.987,0.867,0.907 cap=3065,3055,1672,1700 des=3065,3055,1463,1488 app=2810,2809,1365,1381 abs=nil,nil,nil,nil ebrake=1.00 ibrake=1.00 hasABS=0 sy=-0.95 split=1.000,0.875 ===
2236.10676|I|libbeamng.print:32957| === LSTM_OBS t=980 0.03375,0.00649,0.08899,0.06766,8.91196,-0.95345,-7.32852,0.92241,0.00000,0.00000,0.00000,1.00000,0.00000,-0.05708,-0.02634,726.36423,0.25000 ===
2236.15708|I|libbeamng.print:32957| === LSTM_TRACE t=990 v=1.26 ws=0.02,0.01,0.12,0.09 cmd=0.995,0.994,0.880,0.888 cap=3083,3080,1700,1700 des=3083,3080,1488,1488 app=2827,2832,1388,1381 abs=nil,nil,nil,nil ebrake=1.00 ibrake=1.00 hasABS=0 sy=-1.70 split=1.000,0.875 ===
2236.15714|I|libbeamng.print:32957| === LSTM_OBS t=990 0.01987,0.00965,0.11874,0.09413,10.54292,-1.69961,-9.40661,0.70474,0.00000,0.00000,0.00342,1.00000,0.00000,-0.06513,-0.03464,729.04179,0.25000 ===
2236.20677|I|libbeamng.print:32957| === LSTM_TRACE t=1000 v=0.84 ws=0.01,0.00,0.22,0.08 cmd=0.994,0.993,0.873,0.880 cap=3083,3080,1698,1700 des=3083,3080,1486,1488 app=2826,2832,1386,1381 abs=nil,nil,nil,nil ebrake=1.00 ibrake=1.00 hasABS=0 sy=-1.80 split=1.000,0.875 ===
2236.20682|I|libbeamng.print:32957| === LSTM_OBS t=1000 0.00901,0.00220,0.21735,0.08261,11.26677,-1.80217,-11.23953,0.51366,0.00000,0.00000,0.00518,1.00000,0.00000,-0.06230,-0.03499,727.19856,0.25000 ===
2236.25655|I|libbeamng.print:32957| === LSTM_TRACE t=1010 v=0.62 ws=0.02,0.03,0.15,0.09 cmd=0.995,0.994,0.870,0.879 cap=3085,3081,1690,1700 des=3085,3081,1479,1488 app=2827,2833,1379,1381 abs=nil,nil,nil,nil ebrake=1.00 ibrake=1.00 hasABS=0 sy=-1.12 split=1.000,0.875 ===
2236.25659|I|libbeamng.print:32957| === LSTM_OBS t=1010 0.01574,0.02767,0.15392,0.09055,10.57126,-1.12120,-11.77869,0.30309,0.00000,0.00000,0.00441,1.00000,0.00000,-0.04837,-0.03142,730.21555,0.25000 ===
2345.93396|I|libbeamng.print:32957| === LSTM_TRACE t=0 v=12.78 ws=13.29,13.24,13.24,13.26 cmd=0.032,0.033,0.365,0.374 cap=155,155,97,97 des=155,155,85,85 app=142,142,78,78 abs=nil,nil,nil,nil ebrake=1.00 ibrake=1.00 hasABS=0 sy=-7.60 split=1.000,0.875 ===
2345.93401|I|libbeamng.print:32957| === LSTM_OBS t=0 13.28720,13.23806,13.23756,13.25732,0.00369,-7.60337,-9.74238,-0.00229,0.00000,0.00000,0.00519,1.00000,0.00000,0.00013,0.02143,5669.21735,0.25000 ===
2345.98421|I|libbeamng.print:32957| === LSTM_TRACE t=10 v=13.05 ws=13.06,13.03,12.77,12.85 cmd=0.038,0.058,0.077,0.101 cap=107,164,146,193 des=107,164,128,169 app=98,150,117,155 abs=nil,nil,nil,nil ebrake=1.00 ibrake=1.00 hasABS=0 sy=-7.47 split=1.000,0.875 ===
2345.98427|I|libbeamng.print:32957| === LSTM_OBS t=10 13.06387,13.02598,12.77225,12.84776,-0.01582,-7.46825,-9.71828,0.00227,0.00000,0.00000,0.00315,1.00000,0.00000,0.00044,0.02166,5576.85510,0.25000 ===
2346.00506|I|libbeamng.print:32957| === LSTM_ABS DBG raw=12.9373,12.9384,12.6972,12.7502,-0.0088,-6.8432,-9.6839,0.0000,0.0000,0.0000,0.0023,1.0000,0.0000,0.0007,0.0208,5475.1276,0.2500 ===
2346.00510|I|libbeamng.print:32957| === LSTM_ABS DBG norm=-0.29,-0.34,-0.38,-0.35,-0.15,-4.89,0.00,0.03,0.08,-0.08,0.01,0.57,-0.02,0.00,0.00,2.40,0.00 ===
2346.00511|I|libbeamng.print:32957| === LSTM_ABS DBG cmd=0.0560,0.0791,0.0783,0.0993 ===
2346.03417|I|libbeamng.print:32957| === LSTM_TRACE t=20 v=12.84 ws=12.80,12.75,12.75,12.80 cmd=0.080,0.105,0.081,0.101 cap=243,321,153,192 des=243,321,134,168 app=222,294,123,154 abs=nil,nil,nil,nil ebrake=1.00 ibrake=1.00 hasABS=0 sy=-5.19 split=1.000,0.875 ===
2346.03422|I|libbeamng.print:32957| === LSTM_OBS t=20 12.79550,12.74602,12.74830,12.80216,0.02490,-5.18909,-9.55645,-0.00591,0.00000,0.00000,0.00192,1.00000,0.00000,0.00118,0.01740,5432.24982,0.25000 ===
2346.08444|I|libbeamng.print:32957| === LSTM_TRACE t=30 v=12.67 ws=12.59,12.51,12.63,12.65 cmd=0.118,0.233,0.118,0.157 cap=366,698,215,287 des=366,698,188,251 app=336,640,173,230 abs=nil,nil,nil,nil ebrake=1.00 ibrake=1.00 hasABS=0 sy=-2.67 split=1.000,0.875 ===
2346.08450|I|libbeamng.print:32957| === LSTM_OBS t=30 12.59281,12.50765,12.62991,12.65432,0.05670,-2.67195,-9.32660,-0.00614,0.00000,0.00000,0.00142,1.00000,0.00000,0.00139,0.00947,5412.16686,0.25000 ===
2346.13458|I|libbeamng.print:32957| === LSTM_TRACE t=40 v=12.48 ws=12.27,12.11,12.35,12.34 cmd=0.266,0.479,0.177,0.218 cap=768,1414,331,414 des=768,1414,290,362 app=705,1302,266,333 abs=nil,nil,nil,nil ebrake=1.00 ibrake=1.00 hasABS=0 sy=-0.90 split=1.000,0.875 ===
2346.13473|I|libbeamng.print:32957| === LSTM_OBS t=40 12.27432,12.11221,12.35035,12.34004,0.06532,-0.90207,-9.34946,-0.02460,0.00000,0.00000,0.00124,1.00000,0.00000,0.00086,0.00215,5329.61640,0.25000 ===
2346.18423|I|libbeamng.print:32957| === LSTM_TRACE t=50 v=12.21 ws=12.06,11.90,11.98,11.94 cmd=0.310,0.442,0.571,0.589 cap=816,1206,1017,1036 des=816,1206,890,906 app=752,1115,819,836 abs=nil,nil,nil,nil ebrake=1.00 ibrake=1.00 hasABS=0 sy=0.74 split=1.000,0.875 ===
2346.18428|I|libbeamng.print:32957| === LSTM_OBS t=50 12.05958,11.90384,11.97697,11.94181,0.06495,0.74048,-9.46313,-0.02493,0.00000,0.00000,0.00000,1.00000,0.00000,0.00056,-0.00394,5220.21417,0.25000 ===
2346.23404|I|libbeamng.print:32957| === LSTM_TRACE t=60 v=11.81 ws=11.39,11.33,11.71,11.70 cmd=0.810,0.805,0.644,0.642 cap=2196,2247,1227,1255 des=2196,2247,1074,1098 app=1972,2043,995,1019 abs=nil,nil,nil,nil ebrake=1.00 ibrake=1.00 hasABS=0 sy=2.38 split=1.000,0.875 ===
2346.23409|I|libbeamng.print:32957| === LSTM_OBS t=60 11.38612,11.33454,11.71402,11.70101,0.10352,2.37945,-9.67118,-0.02112,0.00000,0.00000,0.00189,1.00000,0.00000,0.00046,-0.00843,5046.75023,0.25000 ===
2346.28431|I|libbeamng.print:32957| === LSTM_TRACE t=70 v=11.35 ws=10.83,10.84,10.99,11.03 cmd=0.406,0.465,0.479,0.502 cap=952,998,1132,1134 des=952,998,990,992 app=1718,1707,922,925 abs=nil,nil,nil,nil ebrake=1.00 ibrake=1.00 hasABS=0 sy=4.25 split=1.000,0.875 ===
2346.28436|I|libbeamng.print:32957| === LSTM_OBS t=70 10.83347,10.84262,10.99242,11.03477,0.12773,4.25229,-9.77940,-0.00144,0.00000,0.00000,0.00357,1.00000,0.00000,0.00023,-0.01183,4852.50264,0.25000 ===
2346.33399|I|libbeamng.print:32957| === LSTM_TRACE t=80 v=11.02 ws=11.03,10.92,10.70,10.69 cmd=0.211,0.284,0.472,0.487 cap=698,865,919,942 des=698,865,804,824 app=690,898,751,771 abs=nil,nil,nil,nil ebrake=1.00 ibrake=1.00 hasABS=0 sy=5.33 split=1.000,0.875 ===
2346.33404|I|libbeamng.print:32957| === LSTM_OBS t=80 11.02999,10.91699,10.70421,10.69328,0.12385,5.33117,-9.95747,-0.00421,0.00000,0.00000,0.00049,1.00000,0.00000,0.00055,-0.01315,4684.48827,0.25000 ===
2346.38390|I|libbeamng.print:32957| === LSTM_TRACE t=90 v=10.69 ws=10.21,10.27,10.43,10.42 cmd=0.370,0.423,0.510,0.521 cap=938,1060,1013,1028 des=938,1060,886,899 app=965,1174,830,843 abs=nil,nil,nil,nil ebrake=1.00 ibrake=1.00 hasABS=0 sy=5.60 split=1.000,0.875 ===
2346.38396|I|libbeamng.print:32957| === LSTM_OBS t=90 10.20523,10.27288,10.42848,10.41825,0.12745,5.60492,-10.09450,-0.01122,0.00000,0.00000,0.00049,1.00000,0.00000,0.00071,-0.01224,4554.31422,0.25000 ===
2346.43463|I|libbeamng.print:32957| === LSTM_TRACE t=100 v=10.32 ws=10.14,10.07,10.05,10.06 cmd=0.355,0.403,0.432,0.430 cap=862,909,906,891 des=862,909,793,780 app=1061,1168,744,733 abs=nil,nil,nil,nil ebrake=1.00 ibrake=1.00 hasABS=0 sy=6.09 split=1.000,0.875 ===
2346.43469|I|libbeamng.print:32957| === LSTM_OBS t=100 10.14247,10.06702,10.04689,10.05891,0.11170,6.09126,-10.03008,-0.00729,0.00000,0.00000,0.00069,1.00000,0.00000,0.00080,-0.01176,4429.67745,0.25000 ===
2346.48426|I|libbeamng.print:32957| === LSTM_TRACE t=110 v=10.02 ws=9.83,9.79,9.77,9.76 cmd=0.278,0.366,0.499,0.507 cap=862,1103,971,986 des=862,1103,850,863 app=809,1040,799,812 abs=nil,nil,nil,nil ebrake=1.00 ibrake=1.00 hasABS=0 sy=6.27 split=1.000,0.875 ===
2346.48432|I|libbeamng.print:32957| === LSTM_OBS t=110 9.83347,9.79025,9.77178,9.76453,0.09635,6.26670,-9.96920,-0.00522,0.00000,0.00000,0.00189,1.00000,0.00000,0.00092,-0.01141,4292.85456,0.25000 ===
2346.53697|I|libbeamng.print:32957| === LSTM_TRACE t=120 v=9.66 ws=9.43,9.33,9.60,9.59 cmd=0.524,0.544,0.493,0.490 cap=1541,1684,937,938 des=1541,1684,820,821 app=1412,1506,772,773 abs=nil,nil,nil,nil ebrake=1.00 ibrake=1.00 hasABS=0 sy=6.28 split=1.000,0.875 ===
2346.53703|I|libbeamng.print:32957| === LSTM_OBS t=120 9.42824,9.32651,9.59979,9.59254,0.10116,6.28355,-9.90166,-0.00161,0.00000,0.00000,0.00216,1.00000,0.00000,0.00078,-0.01080,4150.86177,0.25000 ===
2346.58409|I|libbeamng.print:32957| === LSTM_TRACE t=130 v=9.32 ws=9.23,9.25,9.13,9.13 cmd=0.370,0.440,0.434,0.428 cap=862,1032,889,867 des=862,1032,778,759 app=812,976,733,716 abs=nil,nil,nil,nil ebrake=1.00 ibrake=1.00 hasABS=0 sy=6.54 split=1.000,0.875 ===
2346.58424|I|libbeamng.print:32957| === LSTM_OBS t=130 9.22862,9.25106,9.12549,9.13495,0.07889,6.54298,-9.77103,0.00195,0.00000,0.00000,0.00000,1.00000,0.00000,0.00073,-0.01085,4009.43062,0.25000 ===
2346.63427|I|libbeamng.print:32957| === LSTM_TRACE t=140 v=9.01 ws=8.60,8.37,8.86,8.84 cmd=0.184,0.241,0.529,0.533 cap=695,826,1057,1056 des=695,826,925,924 app=942,1209,873,873 abs=nil,nil,nil,nil ebrake=1.00 ibrake=1.00 hasABS=0 sy=6.49 split=1.000,0.875 ===
2346.63433|I|libbeamng.print:32957| === LSTM_OBS t=140 8.59669,8.37161,8.85991,8.83540,0.05982,6.49007,-9.76917,-0.00703,0.00000,0.00000,0.00069,1.00000,0.00000,0.00089,-0.01062,3865.84456,0.25000 ===
2346.68446|I|libbeamng.print:32957| === LSTM_TRACE t=150 v=8.67 ws=8.54,8.59,8.27,8.28 cmd=0.609,0.675,0.446,0.456 cap=475,515,1086,1071 des=475,515,950,937 app=995,1119,898,886 abs=nil,nil,nil,nil ebrake=1.00 ibrake=1.00 hasABS=0 sy=6.54 split=1.000,0.875 ===
2346.68453|I|libbeamng.print:32957| === LSTM_OBS t=150 8.54343,8.58852,8.27224,8.28146,0.07901,6.54493,-9.71993,-0.00718,0.00000,0.00000,0.00115,1.00000,0.00000,0.00081,-0.01037,3724.22861,0.25000 ===
2346.73392|I|libbeamng.print:32957| === LSTM_TRACE t=160 v=8.33 ws=8.09,8.06,8.15,8.13 cmd=0.285,0.337,0.472,0.470 cap=1299,1555,861,879 des=1299,1555,754,769 app=1036,1160,712,728 abs=nil,nil,nil,nil ebrake=1.00 ibrake=1.00 hasABS=0 sy=6.63 split=1.000,0.875 ===
2346.73398|I|libbeamng.print:32957| === LSTM_OBS t=160 8.08512,8.05612,8.15023,8.13295,0.06708,6.62989,-9.66422,-0.00161,0.00000,0.00000,0.00091,1.00000,0.00000,0.00080,-0.01028,3583.24296,0.25000 ===
2346.78394|I|libbeamng.print:32957| === LSTM_TRACE t=170 v=8.01 ws=7.70,7.68,7.97,7.99 cmd=0.257,0.314,0.492,0.497 cap=1275,1510,974,997 des=1275,1510,852,872 app=1205,1393,806,825 abs=nil,nil,nil,nil ebrake=1.00 ibrake=1.00 hasABS=0 sy=6.57 split=1.000,0.875 ===
2346.78399|I|libbeamng.print:32957| === LSTM_OBS t=170 7.69974,7.67714,7.97066,7.99395,0.04243,6.56663,-9.69823,-0.00342,0.00000,0.00000,0.00091,1.00000,0.00000,0.00067,-0.00991,3446.05226,0.25000 ===
2346.83395|I|libbeamng.print:32957| === LSTM_TRACE t=180 v=7.66 ws=7.58,7.37,7.59,7.61 cmd=0.341,0.380,0.524,0.524 cap=1744,1942,929,951 des=1744,1942,813,832 app=1232,1447,769,788 abs=nil,nil,nil,nil ebrake=1.00 ibrake=1.00 hasABS=0 sy=6.61 split=1.000,0.875 ===
2346.83400|I|libbeamng.print:32957| === LSTM_OBS t=180 7.57874,7.37206,7.58905,7.61379,0.03532,6.60804,-9.71337,-0.00991,0.00000,0.00000,0.00049,1.00000,0.00000,0.00089,-0.00979,3311.64894,0.25000 ===
2346.88406|I|libbeamng.print:32957| === LSTM_TRACE t=190 v=7.34 ws=7.00,7.31,7.15,7.16 cmd=0.314,0.371,0.498,0.500 cap=1114,1305,941,943 des=1114,1305,823,825 app=1053,1241,780,782 abs=nil,nil,nil,nil ebrake=1.00 ibrake=1.00 hasABS=0 sy=6.62 split=1.000,0.875 ===
2346.88412|I|libbeamng.print:32957| === LSTM_OBS t=190 7.00443,7.31234,7.15211,7.15935,0.03285,6.62077,-9.72824,-0.00099,0.00000,0.00000,0.00049,1.00000,0.00000,0.00095,-0.00963,3168.82456,0.25000 ===
2346.93439|I|libbeamng.print:32957| === LSTM_TRACE t=200 v=7.01 ws=6.98,6.70,6.76,6.75 cmd=0.430,0.504,0.484,0.492 cap=1076,1307,966,981 des=1076,1307,845,859 app=1018,1243,801,814 abs=nil,nil,nil,nil ebrake=1.00 ibrake=1.00 hasABS=0 sy=6.63 split=1.000,0.875 ===
2346.93444|I|libbeamng.print:32957| === LSTM_OBS t=200 6.98028,6.70086,6.76058,6.74643,0.04528,6.62866,-9.72433,-0.01055,0.00000,0.00000,0.00134,1.00000,0.00000,0.00093,-0.00939,3028.03775,0.25000 ===
2346.98400|I|libbeamng.print:32957| === LSTM_TRACE t=210 v=6.67 ws=6.69,6.57,6.66,6.67 cmd=0.353,0.429,0.491,0.501 cap=791,933,1025,1033 des=791,933,897,904 app=962,1149,850,857 abs=nil,nil,nil,nil ebrake=1.00 ibrake=1.00 hasABS=0 sy=6.70 split=1.000,0.875 ===
2346.98405|I|libbeamng.print:32957| === LSTM_OBS t=210 6.68987,6.56632,6.65757,6.66682,0.05257,6.70073,-9.72297,-0.01027,0.00000,0.00000,0.00000,1.00000,0.00000,0.00085,-0.00930,2890.49235,0.25000 ===
2347.03407|I|libbeamng.print:32957| === LSTM_TRACE t=220 v=6.32 ws=6.44,6.40,6.13,6.13 cmd=0.547,0.609,0.497,0.511 cap=1008,1175,982,999 des=1008,1175,860,874 app=954,1118,814,829 abs=nil,nil,nil,nil ebrake=1.00 ibrake=1.00 hasABS=0 sy=6.74 split=1.000,0.875 ===
2347.03412|I|libbeamng.print:32957| === LSTM_OBS t=220 6.43653,6.39536,6.13146,6.12986,0.04103,6.73784,-9.76042,-0.00658,0.00000,0.00000,0.00142,1.00000,0.00000,0.00092,-0.00930,2746.27451,0.25000 ===
2347.08389|I|libbeamng.print:32957| === LSTM_TRACE t=230 v=5.98 ws=5.93,5.92,5.95,5.97 cmd=0.413,0.487,0.477,0.488 cap=1167,1400,977,999 des=1167,1400,855,874 app=1105,1332,810,828 abs=nil,nil,nil,nil ebrake=1.00 ibrake=1.00 hasABS=0 sy=6.74 split=1.000,0.875 ===
2347.08393|I|libbeamng.print:32957| === LSTM_OBS t=230 5.93127,5.92487,5.95380,5.97019,0.02822,6.73918,-9.76786,-0.00443,0.00000,0.00000,0.00115,1.00000,0.00000,0.00119,-0.00924,2600.68307,0.25000 ===
2347.13435|I|libbeamng.print:32957| === LSTM_TRACE t=240 v=5.65 ws=5.65,5.47,5.65,5.63 cmd=0.343,0.401,0.509,0.519 cap=1497,1757,919,949 des=1497,1757,804,830 app=1273,1481,762,787 abs=nil,nil,nil,nil ebrake=1.00 ibrake=1.00 hasABS=0 sy=6.76 split=1.000,0.875 ===
2347.13442|I|libbeamng.print:32957| === LSTM_OBS t=240 5.65313,5.46640,5.64835,5.62568,0.03379,6.75916,-9.80356,-0.01056,0.00000,0.00000,0.00000,1.00000,0.00000,0.00098,-0.00928,2456.63740,0.25000 ===
2347.18428|I|libbeamng.print:32957| === LSTM_TRACE t=250 v=5.32 ws=5.32,5.09,5.21,5.19 cmd=0.409,0.464,0.508,0.521 cap=1367,1639,897,916 des=1367,1639,785,802 app=1207,1404,743,760 abs=nil,nil,nil,nil ebrake=1.00 ibrake=1.00 hasABS=0 sy=6.73 split=1.000,0.875 ===
2347.18434|I|libbeamng.print:32957| === LSTM_OBS t=250 5.32058,5.08743,5.20760,5.19271,0.02943,6.72637,-9.84269,-0.00266,0.00000,0.00000,0.00069,1.00000,0.00000,0.00088,-0.00926,2308.13242,0.25000 ===
2347.23403|I|libbeamng.print:32957| === LSTM_TRACE t=260 v=4.98 ws=5.02,4.52,4.79,4.77 cmd=0.346,0.410,0.507,0.518 cap=1521,1765,918,945 des=1521,1765,803,827 app=1405,1651,761,783 abs=nil,nil,nil,nil ebrake=1.00 ibrake=1.00 hasABS=0 sy=6.72 split=1.000,0.875 ===
2347.23409|I|libbeamng.print:32957| === LSTM_OBS t=260 5.01722,4.51767,4.79300,4.77373,0.03257,6.72395,-9.87297,-0.00442,0.00000,0.00000,0.00331,1.00000,0.00000,0.00098,-0.00924,2159.78566,0.25000 ===
2347.28413|I|libbeamng.print:32957| === LSTM_TRACE t=270 v=4.62 ws=4.73,4.46,4.46,4.47 cmd=0.514,0.593,0.473,0.488 cap=982,1268,936,946 des=982,1268,819,828 app=930,1207,775,784 abs=nil,nil,nil,nil ebrake=1.00 ibrake=1.00 hasABS=0 sy=6.79 split=1.000,0.875 ===
2347.28418|I|libbeamng.print:32957| === LSTM_OBS t=270 4.73475,4.45613,4.46295,4.47022,0.04216,6.79137,-9.86440,-0.00330,0.00000,0.00000,0.00162,1.00000,0.00000,0.00096,-0.00934,2010.41371,0.25000 ===
2347.33408|I|libbeamng.print:32957| === LSTM_TRACE t=280 v=4.27 ws=3.89,4.21,4.30,4.27 cmd=0.359,0.449,0.497,0.506 cap=940,1168,998,1010 des=940,1168,873,884 app=1139,1366,827,837 abs=nil,nil,nil,nil ebrake=1.00 ibrake=1.00 hasABS=0 sy=6.84 split=1.000,0.875 ===
2347.33413|I|libbeamng.print:32957| === LSTM_OBS t=280 3.89470,4.20525,4.30431,4.27007,0.03231,6.84211,-9.82137,-0.00235,0.00000,0.00000,0.00481,1.00000,0.00000,0.00095,-0.00960,1863.28452,0.25000 ===
2347.38395|I|libbeamng.print:32957| === LSTM_TRACE t=290 v=3.91 ws=3.63,3.52,3.70,3.65 cmd=0.360,0.433,0.522,0.530 cap=1435,1659,986,1006 des=1435,1659,863,880 app=1358,1578,816,833 abs=nil,nil,nil,nil ebrake=1.00 ibrake=1.00 hasABS=0 sy=6.95 split=1.000,0.875 ===
2347.38401|I|libbeamng.print:32957| === LSTM_OBS t=290 3.63101,3.52351,3.70446,3.65376,0.04166,6.94601,-9.77701,-0.01288,0.00000,0.00000,0.00420,1.00000,0.00000,0.00057,-0.00985,1720.27158,0.25000 ===
2347.43391|I|libbeamng.print:32957| === LSTM_TRACE t=300 v=3.52 ws=3.34,3.57,3.61,3.63 cmd=0.430,0.464,0.528,0.535 cap=1715,1850,986,1003 des=1715,1850,863,878 app=1623,1759,816,830 abs=nil,nil,nil,nil ebrake=1.00 ibrake=1.00 hasABS=0 sy=7.07 split=1.000,0.875 ===
2347.43396|I|libbeamng.print:32957| === LSTM_OBS t=300 3.33505,3.57418,3.60769,3.62522,-0.00441,7.07071,-9.81560,0.00732,0.00000,0.00000,0.00069,1.00000,0.00000,0.00094,-0.01022,1573.38297,0.25000 ===
2347.48369|I|libbeamng.print:32957| === LSTM_TRACE t=310 v=3.16 ws=3.35,2.84,3.08,3.06 cmd=0.584,0.610,0.528,0.535 cap=1346,1458,1028,1033 des=1346,1458,900,904 app=1273,1386,850,854 abs=nil,nil,nil,nil ebrake=1.00 ibrake=1.00 hasABS=0 sy=7.18 split=1.000,0.875 ===
2347.48374|I|libbeamng.print:32957| === LSTM_OBS t=310 3.34972,2.84134,3.07558,3.05557,0.00969,7.18273,-9.76217,-0.00309,0.00000,0.00000,0.00049,1.00000,0.00000,0.00086,-0.01064,1420.22780,0.25000 ===
2347.53396|I|libbeamng.print:32957| === LSTM_TRACE t=320 v=2.78 ws=2.68,2.41,2.59,2.60 cmd=0.533,0.551,0.562,0.578 cap=1512,1562,1099,1128 des=1512,1562,962,987 app=1430,1484,908,933 abs=nil,nil,nil,nil ebrake=1.00 ibrake=1.00 hasABS=0 sy=7.31 split=1.000,0.875 ===
2347.53402|I|libbeamng.print:32957| === LSTM_OBS t=320 2.67997,2.41153,2.58511,2.60304,0.00462,7.30898,-9.72261,0.00118,0.00000,0.00000,0.00224,1.00000,0.00000,0.00086,-0.01100,1263.24735,0.25000 ===
2347.58405|I|libbeamng.print:32957| === LSTM_TRACE t=330 v=2.35 ws=2.31,1.90,2.12,2.17 cmd=0.639,0.641,0.593,0.620 cap=1839,1845,1152,1199 des=1839,1845,1008,1049 app=1739,1752,951,991 abs=nil,nil,nil,nil ebrake=1.00 ibrake=1.00 hasABS=0 sy=7.55 split=1.000,0.875 ===
2347.58410|I|libbeamng.print:32957| === LSTM_OBS t=330 2.31338,1.89901,2.12272,2.17382,0.00557,7.54657,-9.65889,0.00673,0.00000,0.00000,0.00414,1.00000,0.00000,0.00112,-0.01163,1099.85238,0.25000 ===
2347.63368|I|libbeamng.print:32957| === LSTM_TRACE t=340 v=1.87 ws=0.90,1.19,1.86,1.85 cmd=0.763,0.762,0.656,0.701 cap=2385,2378,1257,1346 des=2385,2378,1100,1178 app=2254,2257,1038,1112 abs=nil,nil,nil,nil ebrake=1.00 ibrake=1.00 hasABS=0 sy=7.95 split=1.000,0.875 ===
2347.63372|I|libbeamng.print:32957| === LSTM_OBS t=340 0.89949,1.18519,1.86206,1.84757,0.01269,7.95382,-9.64385,-0.00213,0.00000,0.00000,0.00378,1.00000,0.00000,0.00122,-0.01237,934.35661,0.25000 ===
2347.68400|I|libbeamng.print:32957| === LSTM_TRACE t=350 v=1.35 ws=0.05,0.23,1.40,0.93 cmd=0.939,0.940,0.754,0.768 cap=2883,2886,1448,1488 des=2883,2886,1267,1302 app=2721,2737,1194,1228 abs=nil,nil,nil,nil ebrake=1.00 ibrake=1.00 hasABS=0 sy=8.58 split=1.000,0.875 ===
2347.68408|I|libbeamng.print:32957| === LSTM_OBS t=350 0.04628,0.22507,1.40024,0.92824,0.00054,8.57623,-9.56289,-0.00524,0.00000,0.00000,0.00134,1.00000,0.00000,0.00069,-0.01375,772.00480,0.25000 ===
2347.73377|I|libbeamng.print:32957| === LSTM_TRACE t=360 v=0.79 ws=0.02,0.06,0.56,0.59 cmd=0.967,0.966,0.805,0.796 cap=2990,2989,1553,1536 des=2990,2989,1359,1344 app=2819,2831,1280,1267 abs=nil,nil,nil,nil ebrake=1.00 ibrake=1.00 hasABS=0 sy=9.20 split=1.000,0.875 ===
2347.73382|I|libbeamng.print:32957| === LSTM_OBS t=360 0.02030,0.06281,0.55791,0.58768,-0.00567,9.20258,-9.52651,0.00083,0.00000,0.00000,0.00270,1.00000,0.00000,0.00029,-0.01450,734.13770,0.25000 ===
2435.33493|I|libbeamng.print:32957| === LSTM_TRACE t=0 v=27.75 ws=27.74,27.87,27.27,27.37 cmd=0.966,0.967,0.386,0.411 cap=155,155,97,97 des=155,155,85,85 app=143,144,79,79 abs=nil,nil,nil,nil ebrake=1.00 ibrake=1.00 hasABS=0 sy=1.60 split=1.000,0.875 ===
2435.33497|I|libbeamng.print:32957| === LSTM_OBS t=0 27.74204,27.87472,27.26762,27.36757,-0.03591,1.59605,-9.76531,-0.01023,0.00000,0.00000,0.00000,1.00000,0.00000,0.00112,-0.00864,7864.37552,0.25000 ===
2435.38473|I|libbeamng.print:32957| === LSTM_TRACE t=10 v=27.52 ws=27.23,27.25,26.95,26.97 cmd=0.289,0.350,0.506,0.517 cap=850,1059,907,938 des=850,1059,794,820 app=790,987,741,766 abs=nil,nil,nil,nil ebrake=1.00 ibrake=1.00 hasABS=0 sy=1.99 split=1.000,0.875 ===
2435.38478|I|libbeamng.print:32957| === LSTM_OBS t=10 27.22795,27.25450,26.94978,26.96820,-0.04970,1.98574,-9.71084,-0.00719,0.00000,0.00000,0.00104,1.00000,0.00000,0.00114,-0.00925,7789.62921,0.25000 ===
2435.40482|I|libbeamng.print:32957| === LSTM_ABS DBG raw=27.0491,27.0365,26.6371,26.7219,-0.0276,2.3189,-9.6849,-0.0118,0.0000,0.0000,0.0005,1.0000,0.0000,0.0011,-0.0098,7725.6436,0.2500 ===
2435.40486|I|libbeamng.print:32957| === LSTM_ABS DBG norm=0.60,0.54,0.53,0.51,-0.17,-2.17,0.00,-0.05,0.08,-0.08,-0.10,0.57,-0.02,0.00,0.00,3.82,0.00 ===
2435.40486|I|libbeamng.print:32957| === LSTM_ABS DBG cmd=0.3091,0.3446,0.5346,0.5459 ===
2435.43499|I|libbeamng.print:32957| === LSTM_TRACE t=20 v=27.26 ws=26.95,27.04,26.29,26.38 cmd=0.278,0.322,0.345,0.374 cap=759,845,773,823 des=759,845,677,720 app=710,793,637,679 abs=nil,nil,nil,nil ebrake=1.00 ibrake=1.00 hasABS=0 sy=2.93 split=1.000,0.875 ===
2435.43504|I|libbeamng.print:32957| === LSTM_OBS t=20 26.95068,27.03831,26.28655,26.37815,-0.00064,2.92756,-9.61766,-0.01075,0.00000,0.00000,0.00049,1.00000,0.00000,0.00119,-0.01053,7618.83055,0.25000 ===
2435.48461|I|libbeamng.print:32957| === LSTM_TRACE t=30 v=26.90 ws=26.51,26.29,26.11,26.10 cmd=0.257,0.352,0.378,0.402 cap=914,1237,667,715 des=914,1237,584,625 app=859,1168,553,592 abs=nil,nil,nil,nil ebrake=1.00 ibrake=1.00 hasABS=0 sy=3.72 split=1.000,0.875 ===
2435.48465|I|libbeamng.print:32957| === LSTM_OBS t=30 26.50702,26.29230,26.10938,26.09766,0.00836,3.72369,-9.58262,-0.00142,0.00000,0.00000,0.00000,1.00000,0.00000,0.00115,-0.01106,7518.07909,0.25000 ===
2435.53483|I|libbeamng.print:32957| === LSTM_TRACE t=40 v=26.58 ws=26.04,25.96,25.75,25.82 cmd=0.395,0.450,0.501,0.517 cap=1086,1262,972,1001 des=1086,1262,850,876 app=1026,1198,809,835 abs=nil,nil,nil,nil ebrake=1.00 ibrake=1.00 hasABS=0 sy=4.50 split=1.000,0.875 ===
2435.53488|I|libbeamng.print:32957| === LSTM_OBS t=40 26.04382,25.96240,25.75377,25.81751,0.05829,4.49693,-9.64797,-0.00848,0.00000,0.00000,0.00000,1.00000,0.00000,0.00088,-0.01192,7447.39186,0.25000 ===
2435.58472|I|libbeamng.print:32957| === LSTM_TRACE t=50 v=26.18 ws=25.57,25.59,25.30,25.34 cmd=0.360,0.395,0.513,0.532 cap=1276,1401,990,1024 des=1276,1401,866,896 app=1213,1339,830,859 abs=nil,nil,nil,nil ebrake=1.00 ibrake=1.00 hasABS=0 sy=5.23 split=1.000,0.875 ===
2435.58480|I|libbeamng.print:32957| === LSTM_OBS t=50 25.56811,25.58632,25.29559,25.34474,0.08572,5.22770,-9.75338,0.00769,0.00000,0.00000,0.00162,1.00000,0.00000,0.00040,-0.01293,7323.39859,0.25000 ===
2435.63476|I|libbeamng.print:32957| === LSTM_TRACE t=60 v=25.82 ws=25.25,25.34,24.89,24.97 cmd=0.408,0.435,0.542,0.550 cap=1210,1297,1051,1070 des=1210,1297,920,936 app=1156,1246,885,902 abs=nil,nil,nil,nil ebrake=1.00 ibrake=1.00 hasABS=0 sy=5.85 split=1.000,0.875 ===
2435.63480|I|libbeamng.print:32957| === LSTM_OBS t=60 25.25013,25.34158,24.88718,24.96888,0.06215,5.85250,-9.83379,-0.02780,0.00000,0.00000,0.00150,1.00000,0.00000,0.00018,-0.01347,7194.64279,0.25000 ===
2435.68466|I|libbeamng.print:32957| === LSTM_TRACE t=70 v=25.45 ws=24.85,24.88,24.39,24.40 cmd=0.465,0.484,0.585,0.595 cap=1327,1383,1141,1159 des=1327,1383,998,1014 app=1274,1333,965,981 abs=nil,nil,nil,nil ebrake=1.00 ibrake=1.00 hasABS=0 sy=6.41 split=1.000,0.875 ===
2435.68471|I|libbeamng.print:32957| === LSTM_OBS t=70 24.85318,24.87736,24.39321,24.40425,0.16755,6.41008,-9.81424,-0.00775,0.00000,0.00000,0.00226,1.00000,0.00000,0.00018,-0.01353,7068.28986,0.25000 ===
2435.73538|I|libbeamng.print:32957| === LSTM_TRACE t=80 v=25.01 ws=24.18,24.18,24.08,23.99 cmd=0.503,0.515,0.633,0.637 cap=1634,1684,1192,1200 des=1634,1684,1043,1050 app=1575,1631,1012,1020 abs=nil,nil,nil,nil ebrake=1.00 ibrake=1.00 hasABS=0 sy=7.03 split=1.000,0.875 ===
2435.73544|I|libbeamng.print:32957| === LSTM_OBS t=80 24.18486,24.18322,24.07834,23.99384,0.18415,7.02838,-9.73283,-0.00525,0.00000,0.00000,0.00176,1.00000,0.00000,0.00013,-0.01348,6933.58882,0.25000 ===
2435.78525|I|libbeamng.print:32957| === LSTM_TRACE t=90 v=24.56 ws=23.61,23.68,23.47,23.41 cmd=0.574,0.593,0.628,0.636 cap=1747,1799,1223,1239 des=1747,1799,1070,1084 app=1692,1749,1043,1057 abs=nil,nil,nil,nil ebrake=1.00 ibrake=1.00 hasABS=0 sy=7.58 split=1.000,0.875 ===
2435.78530|I|libbeamng.print:32957| === LSTM_OBS t=90 23.60827,23.67528,23.46874,23.41313,0.19009,7.58386,-9.76291,-0.00826,0.00000,0.00000,0.00239,1.00000,0.00000,0.00004,-0.01351,6787.44672,0.25000 ===
2435.83479|I|libbeamng.print:32957| === LSTM_TRACE t=100 v=24.03 ws=22.79,22.84,22.89,22.96 cmd=0.619,0.653,0.646,0.653 cap=2076,2166,1233,1239 des=2076,2166,1078,1084 app=2020,2114,1054,1060 abs=nil,nil,nil,nil ebrake=1.00 ibrake=1.00 hasABS=0 sy=8.24 split=1.000,0.875 ===
2435.83483|I|libbeamng.print:32957| === LSTM_OBS t=100 22.79432,22.83896,22.88654,22.95843,0.18342,8.24002,-9.77968,0.00083,0.00000,0.00000,0.00256,1.00000,0.00000,0.00021,-0.01390,6639.20299,0.25000 ===
2435.88463|I|libbeamng.print:32957| === LSTM_TRACE t=110 v=23.48 ws=22.04,21.97,22.40,22.40 cmd=0.721,0.755,0.662,0.667 cap=2233,2349,1259,1269 des=2233,2349,1102,1110 app=2181,2302,1080,1088 abs=nil,nil,nil,nil ebrake=1.00 ibrake=1.00 hasABS=0 sy=8.92 split=1.000,0.875 ===
2435.88467|I|libbeamng.print:32957| === LSTM_OBS t=110 22.03503,21.97309,22.40125,22.39846,0.19954,8.92437,-9.77122,0.00146,0.00000,0.00000,0.00256,1.00000,0.00000,0.00033,-0.01456,6488.65741,0.25000 ===
2435.93485|I|libbeamng.print:32957| === LSTM_TRACE t=120 v=22.88 ws=21.18,20.74,21.66,21.81 cmd=0.727,0.752,0.711,0.718 cap=2252,2327,1406,1414 des=2252,2327,1230,1237 app=2208,2288,1208,1215 abs=nil,nil,nil,nil ebrake=1.00 ibrake=1.00 hasABS=0 sy=9.50 split=1.000,0.875 ===
2435.93489|I|libbeamng.print:32957| === LSTM_OBS t=120 21.17658,20.74375,21.66315,21.81458,0.17672,9.50211,-9.76334,0.00522,0.00000,0.00000,0.00331,1.00000,0.00000,0.00057,-0.01562,6318.38929,0.25000 ===
2435.98483|I|libbeamng.print:32957| === LSTM_TRACE t=130 v=22.33 ws=20.43,19.73,20.88,21.08 cmd=0.771,0.775,0.745,0.742 cap=2325,2341,1449,1442 des=2325,2341,1268,1262 app=2287,2308,1247,1242 abs=nil,nil,nil,nil ebrake=1.00 ibrake=1.00 hasABS=0 sy=10.10 split=1.000,0.875 ===
2435.98488|I|libbeamng.print:32957| === LSTM_OBS t=130 20.42582,19.73165,20.87867,21.07615,0.17898,10.09651,-9.76366,-0.01484,0.00000,0.00000,0.00289,1.00000,0.00000,0.00069,-0.01649,6115.31691,0.25000 ===
2436.03476|I|libbeamng.print:32957| === LSTM_TRACE t=140 v=21.76 ws=19.70,18.78,19.99,20.43 cmd=0.775,0.768,0.751,0.746 cap=2370,2377,1418,1404 des=2370,2377,1241,1228 app=2337,2348,1222,1211 abs=nil,nil,nil,nil ebrake=1.00 ibrake=1.00 hasABS=0 sy=10.52 split=1.000,0.875 ===
2436.03480|I|libbeamng.print:32957| === LSTM_OBS t=140 19.70213,18.78386,19.99069,20.43374,0.16159,10.51948,-9.67359,-0.00046,0.00000,0.00000,0.00297,1.00000,0.00000,0.00089,-0.01679,5894.88121,0.25000 ===
2436.08490|I|libbeamng.print:32957| === LSTM_TRACE t=150 v=21.16 ws=18.76,18.03,19.04,20.02 cmd=0.718,0.717,0.730,0.723 cap=2295,2287,1426,1416 des=2295,2287,1248,1239 app=2267,2262,1232,1223 abs=nil,nil,nil,nil ebrake=1.00 ibrake=1.00 hasABS=0 sy=10.77 split=1.000,0.875 ===
2436.08495|I|libbeamng.print:32957| === LSTM_OBS t=150 18.75814,18.02782,19.03655,20.01899,0.11700,10.77369,-9.65141,-0.02370,0.00000,0.00000,0.00329,1.00000,0.00000,0.00132,-0.01668,5685.21823,0.25000 ===
2436.13475|I|libbeamng.print:32957| === LSTM_TRACE t=160 v=20.60 ws=18.04,17.62,18.08,19.56 cmd=0.765,0.753,0.735,0.735 cap=2406,2393,1390,1388 des=2406,2393,1216,1214 app=2380,2371,1201,1200 abs=nil,nil,nil,nil ebrake=1.00 ibrake=1.00 hasABS=0 sy=10.99 split=1.000,0.875 ===
2436.13479|I|libbeamng.print:32957| === LSTM_OBS t=160 18.03990,17.62478,18.07676,19.55548,0.10278,10.98618,-9.64427,0.00974,0.00000,0.00000,0.00350,1.00000,0.00000,0.00146,-0.01655,5489.18903,0.25000 ===
2436.18483|I|libbeamng.print:32957| === LSTM_TRACE t=170 v=20.03 ws=16.84,16.80,17.45,19.28 cmd=0.529,0.518,0.742,0.737 cap=2475,2504,1305,1295 des=2475,2504,1142,1133 app=2451,2483,1129,1121 abs=nil,nil,nil,nil ebrake=1.00 ibrake=1.00 hasABS=0 sy=11.12 split=1.000,0.875 ===
2436.18489|I|libbeamng.print:32957| === LSTM_OBS t=170 16.84114,16.79714,17.45442,19.28337,0.03935,11.11852,-9.63345,-0.02248,0.00000,0.00000,0.00280,1.00000,0.00000,0.00152,-0.01643,5302.98921,0.25000 ===
2436.23465|I|libbeamng.print:32957| === LSTM_TRACE t=180 v=19.43 ws=16.74,17.05,16.76,18.60 cmd=0.729,0.714,0.741,0.746 cap=2126,2133,1336,1327 des=2126,2133,1169,1161 app=2108,2116,1155,1149 abs=nil,nil,nil,nil ebrake=1.00 ibrake=1.00 hasABS=0 sy=11.20 split=1.000,0.875 ===
2436.23469|I|libbeamng.print:32957| === LSTM_OBS t=180 16.73756,17.04689,16.76215,18.59697,0.07467,11.19515,-9.59703,-0.01089,0.00000,0.00000,0.00318,1.00000,0.00000,0.00123,-0.01639,5121.49461,0.25000 ===
2436.28489|I|libbeamng.print:32957| === LSTM_TRACE t=190 v=18.86 ws=16.28,17.01,16.21,17.72 cmd=0.755,0.753,0.671,0.665 cap=2294,2332,1274,1264 des=2294,2332,1115,1106 app=2276,2316,1103,1095 abs=nil,nil,nil,nil ebrake=1.00 ibrake=1.00 hasABS=0 sy=11.34 split=1.000,0.875 ===
2436.28493|I|libbeamng.print:32957| === LSTM_OBS t=190 16.28403,17.00666,16.20593,17.71818,0.08461,11.33829,-9.61170,-0.04277,0.00000,0.00000,0.00338,1.00000,0.00000,0.00057,-0.01614,4946.19861,0.25000 ===
2436.33483|I|libbeamng.print:32957| === LSTM_TRACE t=200 v=18.28 ws=16.09,16.51,15.79,17.07 cmd=0.602,0.611,0.696,0.678 cap=2165,2055,1520,1493 des=2165,2055,1330,1307 app=2150,2112,1316,1294 abs=nil,nil,nil,nil ebrake=1.00 ibrake=1.00 hasABS=0 sy=11.37 split=1.000,0.875 ===
2436.33487|I|libbeamng.print:32957| === LSTM_OBS t=200 16.08508,16.51470,15.78914,17.07438,0.16246,11.37298,-9.59027,-0.06047,0.00000,0.00000,0.00289,1.00000,0.00000,-0.00005,-0.01616,4777.82446,0.25000 ===
2436.38496|I|libbeamng.print:32957| === LSTM_TRACE t=210 v=17.71 ws=16.53,16.24,15.76,16.41 cmd=0.870,0.845,0.709,0.695 cap=2595,2613,1028,1034 des=2595,2613,900,905 app=2189,2115,890,896 abs=nil,nil,nil,nil ebrake=1.00 ibrake=1.00 hasABS=0 sy=11.44 split=1.000,0.875 ===
2436.38500|I|libbeamng.print:32957| === LSTM_OBS t=210 16.52669,16.23882,15.76169,16.41479,0.22713,11.44067,-9.60727,-0.05434,0.00000,0.00000,0.00427,1.00000,0.00000,-0.00065,-0.01612,4619.58136,0.25000 ===
2436.43472|I|libbeamng.print:32957| === LSTM_TRACE t=220 v=17.12 ws=15.40,15.18,14.82,14.61 cmd=0.440,0.454,0.581,0.564 cap=1964,1790,1463,1432 des=1964,1790,1280,1253 app=2190,2167,1267,1241 abs=nil,nil,nil,nil ebrake=1.00 ibrake=1.00 hasABS=0 sy=11.44 split=1.000,0.875 ===
2436.43480|I|libbeamng.print:32957| === LSTM_OBS t=220 15.40216,15.17818,14.81859,14.61182,0.31916,11.43616,-9.60010,-0.02523,0.00000,0.00000,0.00329,1.00000,0.00000,-0.00140,-0.01596,4496.93586,0.25000 ===
2436.48494|I|libbeamng.print:32957| === LSTM_TRACE t=230 v=16.54 ws=14.93,14.85,13.85,12.93 cmd=0.770,0.762,0.477,0.468 cap=1696,1681,1021,992 des=1696,1681,894,868 app=1903,1797,884,860 abs=nil,nil,nil,nil ebrake=1.00 ibrake=1.00 hasABS=0 sy=11.49 split=1.000,0.875 ===
2436.48498|I|libbeamng.print:32957| === LSTM_OBS t=230 14.93369,14.84666,13.85406,12.93325,0.39796,11.48697,-9.66530,-0.03822,0.00000,0.00000,0.00283,1.00000,0.00000,-0.00157,-0.01626,4419.66533,0.25000 ===
2436.53456|I|libbeamng.print:32957| === LSTM_TRACE t=240 v=15.96 ws=14.27,14.34,13.33,11.51 cmd=0.794,0.776,0.500,0.483 cap=2087,1957,1085,1046 des=2087,1957,949,915 app=2077,1948,939,905 abs=nil,nil,nil,nil ebrake=1.00 ibrake=1.00 hasABS=0 sy=11.52 split=1.000,0.875 ===
2436.53460|I|libbeamng.print:32957| === LSTM_OBS t=240 14.27407,14.34040,13.32525,11.50904,0.45257,11.52134,-9.65791,-0.03797,0.00000,0.00000,0.00349,1.00000,0.00000,-0.00159,-0.01666,4367.41847,0.25000 ===
2436.58482|I|libbeamng.print:32957| === LSTM_TRACE t=250 v=15.38 ws=13.42,13.65,12.97,10.32 cmd=0.772,0.746,0.445,0.433 cap=2299,2194,896,877 des=2299,2194,784,767 app=2288,2184,775,759 abs=nil,nil,nil,nil ebrake=1.00 ibrake=1.00 hasABS=0 sy=11.55 split=1.000,0.875 ===
2436.58486|I|libbeamng.print:32957| === LSTM_OBS t=250 13.41641,13.65249,12.97179,10.32324,0.47385,11.54963,-9.68216,-0.02899,0.00000,0.00000,0.00345,1.00000,0.00000,-0.00145,-0.01740,4335.96375,0.25000 ===
2436.63487|I|libbeamng.print:32957| === LSTM_TRACE t=260 v=5.26 ws=4.77,3.41,7.74,8.14 cmd=0.117,0.124,0.822,0.806 cap=697,738,1577,1512 des=697,738,1380,1323 app=1461,1369,1363,1307 abs=nil,nil,nil,nil ebrake=1.00 ibrake=1.00 hasABS=0 sy=37.71 split=1.000,0.875 ===
2436.63491|I|libbeamng.print:32957| === LSTM_OBS t=260 4.77349,3.40902,7.73503,8.14468,1.09023,37.71401,-8.81040,0.06048,0.00000,0.00000,0.03065,1.00000,0.00000,0.00629,-0.02618,4293.49293,0.25000 ===
2436.68490|I|libbeamng.print:32957| === LSTM_TRACE t=270 v=1.68 ws=0.38,0.46,5.93,5.79 cmd=0.834,0.854,0.865,0.816 cap=2580,2662,1676,1579 des=2580,2662,1466,1382 app=2565,2648,1448,1364 abs=nil,nil,nil,nil ebrake=1.00 ibrake=1.00 hasABS=0 sy=84.44 split=1.000,0.875 ===
2436.68494|I|libbeamng.print:32957| === LSTM_OBS t=270 0.38484,0.45613,5.92854,5.79329,0.52396,84.43635,-10.42218,0.01635,0.00000,0.00000,0.01116,1.00000,0.00000,0.01938,-0.03710,3558.42112,0.25000 ===
2436.73481|I|libbeamng.print:32957| === LSTM_TRACE t=280 v=1.39 ws=0.21,0.33,4.74,0.16 cmd=0.866,0.873,0.901,0.853 cap=2841,2871,1700,1621 des=2841,2871,1488,1418 app=2821,2852,1467,1399 abs=nil,nil,nil,nil ebrake=1.00 ibrake=1.00 hasABS=0 sy=71.01 split=1.000,0.875 ===
2436.73485|I|libbeamng.print:32957| === LSTM_OBS t=280 0.20975,0.33387,4.73920,0.16286,1.06922,71.01363,-9.70280,0.07447,0.00000,0.00000,0.00401,1.00000,0.00000,0.02139,-0.01056,2693.72885,0.25000 ===
2436.78464|I|libbeamng.print:32957| === LSTM_TRACE t=290 v=0.84 ws=0.02,0.01,0.46,0.33 cmd=0.907,0.910,0.910,0.842 cap=2735,2756,1700,1647 des=2735,2756,1488,1441 app=2712,2734,1465,1418 abs=nil,nil,nil,nil ebrake=1.00 ibrake=1.00 hasABS=0 sy=50.07 split=1.000,0.875 ===
2436.78468|I|libbeamng.print:32957| === LSTM_OBS t=290 0.02356,0.01171,0.45941,0.33097,0.36295,50.06562,-9.71004,0.07464,0.00000,0.00000,0.00091,1.00000,0.00000,0.01825,0.00382,1992.49173,0.25000 ===
