 85.35445|I|libbeamng.print:18052| === LSTM_ABS: lens 'band_g_mix_b1o1_s3' loaded (1 member, 17 in, 64 hidden, 2 layers) ===
 85.35635|I|libbeamng.print:18052| === LSTM_ABS SELFTEST lens=band_g_mix_b1o1_s3 cmd=0.995849,0.997056,0.897185,0.867153 ===
 91.86807|I|libbeamng.print:18052| === LSTM_TRACE t=0 v=27.71 ws=27.68,27.81,27.33,27.40 cmd=0.803,0.810,0.484,0.437 cap=155,155,97,97 des=155,155,85,85 app=142,142,78,78 abs=nil,nil,nil,nil ebrake=1.00 ibrake=1.00 hasABS=0 sy=1.56 split=1.000,0.875 ===
 91.86812|I|libbeamng.print:18052| === LSTM_OBS t=0 27.67609,27.81456,27.32880,27.39882,0.02946,1.55806,-9.74365,-0.00059,0.00000,0.00000,0.00000,1.00000,0.00000,0.00075,-0.00909,7858.13765,0.25000 ===
 91.91778|I|libbeamng.print:18052| === LSTM_TRACE t=10 v=27.37 ws=24.41,23.82,26.79,26.86 cmd=0.881,0.924,0.765,0.751 cap=2739,2873,1462,1432 des=2739,2873,1280,1253 app=2533,2660,1184,1158 abs=nil,nil,nil,nil ebrake=1.00 ibrake=1.00 hasABS=0 sy=2.16 split=1.000,0.875 ===
 91.91787|I|libbeamng.print:18052| === LSTM_OBS t=10 24.40750,23.82053,26.79343,26.86202,-0.00063,2.15893,-9.83045,0.00140,0.00000,0.00000,0.00049,1.00000,0.00000,0.00081,-0.01014,7771.49457,0.25000 ===
 91.93889|I|libbeamng.print:18052| === LSTM_ABS DBG raw=22.7023,21.5080,26.3073,26.4340,0.0306,2.9132,-9.6732,-0.0128,0.0000,0.0000,0.0033,1.0000,0.0000,0.0007,-0.0116,7679.8015,0.2500 ===
 91.93895|I|libbeamng.print:18052| === LSTM_ABS DBG norm=0.33,0.19,0.51,0.49,-0.13,-2.01,0.00,-0.07,0.06,-0.06,0.06,0.59,-0.02,0.00,0.00,3.80,0.00 ===
 91.93896|I|libbeamng.print:18052| === LSTM_ABS DBG cmd=0.7998,0.8703,0.7774,0.7785 ===
 91.96817|I|libbeamng.print:18052| === LSTM_TRACE t=20 v=26.89 ws=21.98,18.81,25.56,25.67 cmd=0.747,0.832,0.797,0.823 cap=2331,2594,1545,1585 des=2331,2594,1352,1387 app=2189,2438,1271,1304 abs=nil,nil,nil,nil ebrake=1.00 ibrake=1.00 hasABS=0 sy=4.12 split=1.000,0.875 ===
 91.96822|I|libbeamng.print:18052| === LSTM_OBS t=20 21.97799,18.80633,25.56063,25.67266,0.02987,4.12112,-9.46904,0.00954,0.00000,0.00000,0.00278,1.00000,0.00000,0.00098,-0.01393,7505.12988,0.25000 ===
 92.01775|I|libbeamng.print:18052| === LSTM_TRACE t=30 v=26.37 ws=22.46,14.89,24.57,24.56 cmd=0.741,0.811,0.784,0.838 cap=2280,2508,1529,1633 des=2280,2508,1338,1429 app=2165,2379,1274,1360 abs=nil,nil,nil,nil ebrake=1.00 ibrake=1.00 hasABS=0 sy=5.78 split=1.000,0.875 ===
 92.01782|I|libbeamng.print:18052| === LSTM_OBS t=30 22.45666,14.88500,24.56680,24.56342,-0.02634,5.78476,-9.33695,0.00583,0.00000,0.00000,0.00364,1.00000,0.00000,0.00164,-0.01666,7193.32362,0.25000 ===
 92.06752|I|libbeamng.print:18052| === LSTM_TRACE t=40 v=25.82 ws=24.00,10.89,24.04,23.68 cmd=0.709,0.750,0.740,0.804 cap=2271,2397,1452,1576 des=2271,2397,1270,1379 app=2176,2284,1220,1325 abs=nil,nil,nil,nil ebrake=1.00 ibrake=1.00 hasABS=0 sy=7.22 split=1.000,0.875 ===
 92.06758|I|libbeamng.print:18052| === LSTM_OBS t=40 23.99863,10.89326,24.03920,23.68492,-0.04096,7.22116,-9.37189,0.01646,0.00000,0.00000,0.00372,1.00000,0.00000,0.00225,-0.01763,6924.71539,0.25000 ===
 92.11816|I|libbeamng.print:18052| === LSTM_TRACE t=50 v=25.26 ws=24.08,8.04,23.42,22.90 cmd=0.678,0.707,0.741,0.798 cap=2018,2118,1425,1541 des=2018,2118,1246,1349 app=1947,2023,1204,1304 abs=nil,nil,nil,nil ebrake=1.00 ibrake=1.00 hasABS=0 sy=8.32 split=1.000,0.875 ===
 92.11820|I|libbeamng.print:18052| === LSTM_OBS t=50 24.07819,8.04065,23.42360,22.89702,-0.06193,8.31833,-9.51687,0.04175,0.00000,0.00000,0.00254,1.00000,0.00000,0.00302,-0.01787,6714.76860,0.25000 ===
 92.16809|I|libbeamng.print:18052| === LSTM_TRACE t=60 v=24.72 ws=23.36,4.43,22.74,22.24 cmd=0.703,0.758,0.787,0.816 cap=2138,2291,1518,1582 des=2138,2291,1328,1384 app=2075,2191,1289,1345 abs=nil,nil,nil,nil ebrake=1.00 ibrake=1.00 hasABS=0 sy=9.08 split=1.000,0.875 ===
 92.16814|I|libbeamng.print:18052| === LSTM_OBS t=60 23.35898,4.42823,22.74347,22.24204,-0.07115,9.07832,-9.66043,0.01634,0.00000,0.00000,0.00265,1.00000,0.00000,0.00346,-0.01751,6528.20970,0.25000 ===
 92.21790|I|libbeamng.print:18052| === LSTM_TRACE t=70 v=24.17 ws=21.67,0.30,21.65,21.81 cmd=0.916,0.941,0.853,0.855 cap=2785,2874,1642,1651 des=2785,2874,1437,1445 app=2716,2746,1401,1410 abs=nil,nil,nil,nil ebrake=1.00 ibrake=1.00 hasABS=0 sy=9.63 split=1.000,0.875 ===
 92.21795|I|libbeamng.print:18052| === LSTM_OBS t=70 21.67044,0.30368,21.64781,21.80506,-0.07397,9.63262,-9.73802,0.04008,0.00000,0.00000,0.00342,1.00000,0.00000,0.00306,-0.01681,6326.96219,0.25000 ===
 92.26777|I|libbeamng.print:18052| === LSTM_TRACE t=80 v=23.63 ws=13.77,0.07,20.30,21.32 cmd=0.984,0.990,0.883,0.872 cap=3044,3066,1700,1691 des=3044,3066,1488,1479 app=2981,2924,1455,1449 abs=nil,nil,nil,nil ebrake=1.00 ibrake=1.00 hasABS=0 sy=9.98 split=1.000,0.875 ===
 92.26782|I|libbeamng.print:18052| === LSTM_OBS t=80 13.77397,0.06950,20.29692,21.31948,-0.19521,9.98292,-9.77527,0.05561,0.00000,0.00000,0.00069,1.00000,0.00000,0.00333,-0.01577,6092.12861,0.25000 ===
 92.31788|I|libbeamng.print:18052| === LSTM_TRACE t=90 v=23.15 ws=0.92,0.01,18.45,21.39 cmd=0.984,0.991,0.893,0.877 cap=3055,3074,1700,1700 des=3055,3074,1488,1488 app=2994,2927,1459,1461 abs=nil,nil,nil,nil ebrake=1.00 ibrake=1.00 hasABS=0 sy=10.06 split=1.000,0.875 ===
 92.31793|I|libbeamng.print:18052| === LSTM_OBS t=90 0.92104,0.01025,18.45354,21.39186,-0.26003,10.05720,-9.73834,0.02177,0.00000,0.00000,0.00134,1.00000,0.00000,0.00406,-0.01479,5835.47244,0.25000 ===
 92.36802|I|libbeamng.print:18052| === LSTM_TRACE t=100 v=22.67 ws=0.25,0.05,16.57,21.50 cmd=0.988,0.993,0.897,0.879 cap=3061,3079,1700,1700 des=3061,3079,1488,1488 app=2995,2926,1462,1465 abs=nil,nil,nil,nil ebrake=1.00 ibrake=1.00 hasABS=0 sy=9.90 split=1.000,0.875 ===
 92.36807|I|libbeamng.print:18052| === LSTM_OBS t=100 0.25405,0.05084,16.56526,21.49667,-0.31151,9.89546,-9.69789,-0.00136,0.00000,0.00000,0.00502,1.00000,0.00000,0.00464,-0.01336,5576.25216,0.25000 ===
 92.41763|I|libbeamng.print:18052| === LSTM_TRACE t=110 v=22.22 ws=0.09,0.04,15.24,21.36 cmd=0.987,0.993,0.896,0.878 cap=3061,3079,1700,1700 des=3061,3079,1488,1488 app=2988,2922,1464,1468 abs=nil,nil,nil,nil ebrake=1.00 ibrake=1.00 hasABS=0 sy=9.71 split=1.000,0.875 ===
 92.41768|I|libbeamng.print:18052| === LSTM_OBS t=110 0.09316,0.03674,15.24182,21.36076,-0.35867,9.71237,-9.62275,-0.03787,0.00000,0.00000,0.00254,1.00000,0.00000,0.00435,-0.01154,5318.66527,0.25000 ===
 92.46775|I|libbeamng.print:18052| === LSTM_TRACE t=120 v=21.75 ws=0.04,0.01,13.72,20.89 cmd=0.987,0.993,0.894,0.877 cap=3059,3079,1700,1700 des=3059,3079,1488,1488 app=2981,2917,1465,1470 abs=nil,nil,nil,nil ebrake=1.00 ibrake=1.00 hasABS=0 sy=9.60 split=1.000,0.875 ===
 92.46780|I|libbeamng.print:18052| === LSTM_OBS t=120 0.03516,0.01446,13.71954,20.89170,-0.42261,9.59980,-9.60022,-0.06967,0.00000,0.00000,0.00142,1.00000,0.00000,0.00400,-0.00988,5066.31894,0.25000 ===
 92.51806|I|libbeamng.print:18052| === LSTM_TRACE t=130 v=21.27 ws=0.02,0.01,12.35,20.47 cmd=0.987,0.993,0.892,0.876 cap=3059,3079,1700,1700 des=3059,3079,1488,1488 app=2975,2913,1465,1472 abs=nil,nil,nil,nil ebrake=1.00 ibrake=1.00 hasABS=0 sy=9.57 split=1.000,0.875 ===
 92.51811|I|libbeamng.print:18052| === LSTM_OBS t=130 0.02058,0.00697,12.35270,20.46547,-0.40701,9.57021,-9.62984,-0.08607,0.00000,0.00000,0.00189,1.00000,0.00000,0.00343,-0.00850,4819.42009,0.25000 ===
 92.56772|I|libbeamng.print:18052| === LSTM_TRACE t=140 v=20.79 ws=0.00,0.01,11.27,19.93 cmd=0.988,0.994,0.892,0.876 cap=3062,3080,1700,1700 des=3062,3080,1488,1488 app=2972,2910,1465,1474 abs=nil,nil,nil,nil ebrake=1.00 ibrake=1.00 hasABS=0 sy=9.59 split=1.000,0.875 ===
 92.56778|I|libbeamng.print:18052| === LSTM_OBS t=140 0.00411,0.00668,11.26588,19.92831,-0.31734,9.58927,-9.66395,-0.08132,0.00000,0.00000,0.00244,1.00000,0.00000,0.00243,-0.00737,4575.24305,0.25000 ===
 92.61765|I|libbeamng.print:18052| === LSTM_TRACE t=150 v=20.29 ws=0.00,0.00,9.99,19.35 cmd=0.989,0.994,0.892,0.876 cap=3066,3082,1700,1700 des=3066,3082,1488,1488 app=2970,2908,1465,1475 abs=nil,nil,nil,nil ebrake=1.00 ibrake=1.00 hasABS=0 sy=9.62 split=1.000,0.875 ===
 92.61773|I|libbeamng.print:18052| === LSTM_OBS t=150 0.00186,0.00028,9.98631,19.35324,-0.20450,9.62471,-9.70645,-0.07103,0.00000,0.00000,0.00244,1.00000,0.00000,0.00132,-0.00656,4332.34096,0.25000 ===
 92.66771|I|libbeamng.print:18052| === LSTM_TRACE t=160 v=19.80 ws=0.00,0.00,8.70,18.98 cmd=0.990,0.995,0.893,0.877 cap=3069,3084,1700,1700 des=3069,3084,1488,1488 app=2968,2906,1464,1477 abs=nil,nil,nil,nil ebrake=1.00 ibrake=1.00 hasABS=0 sy=9.69 split=1.000,0.875 ===
 92.66775|I|libbeamng.print:18052| === LSTM_OBS t=160 0.00008,0.00151,8.69932,18.97934,-0.09205,9.68770,-9.76936,-0.06478,0.00000,0.00000,0.00249,1.00000,0.00000,0.00059,-0.00597,4092.59913,0.25000 ===
 92.71805|I|libbeamng.print:18052| === LSTM_TRACE t=170 v=19.31 ws=0.00,0.00,7.43,18.51 cmd=0.991,0.996,0.893,0.877 cap=3073,3086,1700,1700 des=3073,3086,1488,1488 app=2966,2905,1464,1477 abs=nil,nil,nil,nil ebrake=1.00 ibrake=1.00 hasABS=0 sy=9.73 split=1.000,0.875 ===
 92.71809|I|libbeamng.print:18052| === LSTM_OBS t=170 0.00320,0.00273,7.43096,18.51420,0.01578,9.73217,-9.82410,-0.05287,0.00000,0.00000,0.00270,1.00000,0.00000,0.00024,-0.00563,3851.86814,0.25000 ===
 92.76770|I|libbeamng.print:18052| === LSTM_TRACE t=180 v=18.82 ws=0.00,0.01,6.04,18.03 cmd=0.993,0.996,0.894,0.879 cap=3077,3088,1700,1700 des=3077,3088,1488,1488 app=2965,2903,1462,1478 abs=nil,nil,nil,nil ebrake=1.00 ibrake=1.00 hasABS=0 sy=9.75 split=1.000,0.875 ===
 92.76776|I|libbeamng.print:18052| === LSTM_OBS t=180 0.00094,0.00804,6.03930,18.03229,0.11935,9.75308,-9.84617,-0.03782,0.00000,0.00000,0.00274,1.00000,0.00000,0.00005,-0.00544,3605.18597,0.25000 ===
 92.81791|I|libbeamng.print:18052| === LSTM_TRACE t=190 v=18.33 ws=0.00,0.02,5.04,17.39 cmd=0.994,0.997,0.895,0.880 cap=3081,3089,1700,1700 des=3081,3089,1488,1488 app=2964,2902,1461,1479 abs=nil,nil,nil,nil ebrake=1.00 ibrake=1.00 hasABS=0 sy=9.76 split=1.000,0.875 ===
 92.81795|I|libbeamng.print:18052| === LSTM_OBS t=190 0.00083,0.01700,5.04163,17.39403,0.19676,9.76187,-9.85497,-0.02273,0.00000,0.00000,0.00278,1.00000,0.00000,0.00007,-0.00531,3358.00783,0.25000 ===
 92.86861|I|libbeamng.print:18052| === LSTM_TRACE t=200 v=17.83 ws=0.00,0.00,3.52,16.68 cmd=0.995,0.997,0.897,0.883 cap=3084,3091,1700,1700 des=3084,3091,1488,1488 app=2962,2900,1459,1479 abs=nil,nil,nil,nil ebrake=1.00 ibrake=1.00 hasABS=0 sy=9.80 split=1.000,0.875 ===
 92.86866|I|libbeamng.print:18052| === LSTM_OBS t=200 0.00008,0.00470,3.52447,16.67534,0.23968,9.79740,-9.89022,-0.00938,0.00000,0.00000,0.00261,1.00000,0.00000,0.00057,-0.00559,3117.50222,0.25000 ===
 92.91778|I|libbeamng.print:18052| === LSTM_TRACE t=210 v=17.36 ws=0.01,0.00,2.72,16.57 cmd=0.996,0.998,0.900,0.888 cap=3088,3093,1700,1700 des=3088,3093,1488,1488 app=2962,2899,1457,1480 abs=nil,nil,nil,nil ebrake=1.00 ibrake=1.00 hasABS=0 sy=9.78 split=1.000,0.875 ===
 92.91782|I|libbeamng.print:18052| === LSTM_OBS t=210 0.00862,0.00356,2.72495,16.57422,0.33729,9.78267,-9.87348,-0.01805,0.00000,0.00000,0.00301,1.00000,0.00000,0.00076,-0.00613,2871.27951,0.25000 ===
 92.96798|I|libbeamng.print:18052| === LSTM_TRACE t=220 v=16.88 ws=0.00,0.01,0.74,16.43 cmd=0.997,0.998,0.903,0.895 cap=3091,3094,1700,1700 des=3091,3094,1488,1488 app=2960,2897,1454,1480 abs=nil,nil,nil,nil ebrake=1.00 ibrake=1.00 hasABS=0 sy=9.73 split=1.000,0.875 ===
 92.96802|I|libbeamng.print:18052| === LSTM_OBS t=220 0.00342,0.01366,0.74060,16.43002,0.33489,9.72518,-9.90312,-0.00397,0.00000,0.00000,0.00311,1.00000,0.00000,0.00125,-0.00651,2611.60327,0.25000 ===
 93.01764|I|libbeamng.print:18052| === LSTM_TRACE t=230 v=16.42 ws=0.01,0.01,0.12,15.74 cmd=0.998,0.998,0.906,0.902 cap=3093,3094,1700,1700 des=3093,3094,1488,1488 app=2957,2895,1451,1480 abs=nil,nil,nil,nil ebrake=1.00 ibrake=1.00 hasABS=0 sy=9.58 split=1.000,0.875 ===
 93.01768|I|libbeamng.print:18052| === LSTM_OBS t=230 0.00701,0.00702,0.11964,15.73709,0.37183,9.57502,-9.77272,0.00070,0.00000,0.00000,0.00328,1.00000,0.00000,0.00054,-0.00634,2327.59173,0.25000 ===
 93.06864|I|libbeamng.print:18052| === LSTM_TRACE t=240 v=15.93 ws=0.01,0.02,0.00,13.79 cmd=0.998,0.998,0.907,0.903 cap=3093,3094,1700,1700 des=3093,3094,1488,1488 app=2954,2893,1447,1480 abs=nil,nil,nil,nil ebrake=1.00 ibrake=1.00 hasABS=0 sy=9.58 split=1.000,0.875 ===
 93.06873|I|libbeamng.print:18052| === LSTM_OBS t=240 0.01262,0.01560,0.00267,13.79465,0.33181,9.58423,-9.80764,0.00127,0.00000,0.00000,0.00189,1.00000,0.00000,0.00084,-0.00632,2114.30946,0.25000 ===
 93.11844|I|libbeamng.print:18052| === LSTM_TRACE t=250 v=15.44 ws=0.00,0.00,0.01,12.46 cmd=0.998,0.998,0.907,0.903 cap=3094,3095,1700,1700 des=3094,3095,1488,1488 app=2950,2892,1444,1480 abs=nil,nil,nil,nil ebrake=1.00 ibrake=1.00 hasABS=0 sy=9.63 split=1.000,0.875 ===
 93.11848|I|libbeamng.print:18052| === LSTM_OBS t=250 0.00102,0.00058,0.01173,12.46272,0.33307,9.63247,-9.81220,0.00055,0.00000,0.00000,0.00224,1.00000,0.00000,0.00158,-0.00679,1917.92034,0.25000 ===
 93.16863|I|libbeamng.print:18052| === LSTM_TRACE t=260 v=14.96 ws=0.00,0.00,0.05,10.85 cmd=0.998,0.998,0.905,0.901 cap=3095,3095,1700,1700 des=3095,3095,1488,1488 app=2947,2890,1441,1480 abs=nil,nil,nil,nil ebrake=1.00 ibrake=1.00 hasABS=0 sy=9.64 split=1.000,0.875 ===
 93.16868|I|libbeamng.print:18052| === LSTM_OBS t=260 0.00467,0.00070,0.04570,10.84851,0.33423,9.64061,-9.79446,-0.00706,0.00000,0.00000,0.00311,1.00000,0.00000,0.00200,-0.00729,1720.91790,0.25000 ===
 93.21868|I|libbeamng.print:18052| === LSTM_TRACE t=270 v=14.49 ws=0.00,0.00,0.01,9.27 cmd=0.998,0.998,0.897,0.891 cap=3095,3095,1700,1700 des=3095,3095,1488,1488 app=2944,2887,1438,1479 abs=nil,nil,nil,nil ebrake=1.00 ibrake=1.00 hasABS=0 sy=9.61 split=1.000,0.875 ===
 93.21873|I|libbeamng.print:18052| === LSTM_OBS t=270 0.00280,0.00043,0.01078,9.27193,0.32425,9.60912,-9.77107,-0.01817,0.00000,0.00000,0.00297,1.00000,0.00000,0.00213,-0.00761,1508.63276,0.25000 ===
 93.26821|I|libbeamng.print:18052| === LSTM_TRACE t=280 v=14.02 ws=0.00,0.00,0.01,7.28 cmd=0.998,0.998,0.886,0.873 cap=3094,3093,1700,1700 des=3094,3093,1488,1488 app=2939,2884,1436,1478 abs=nil,nil,nil,nil ebrake=1.00 ibrake=1.00 hasABS=0 sy=9.57 split=1.000,0.875 ===
 93.26825|I|libbeamng.print:18052| === LSTM_OBS t=280 0.00216,0.00027,0.00939,7.28443,0.29937,9.56640,-9.74081,-0.01933,0.00000,0.00000,0.00261,1.00000,0.00000,0.00218,-0.00774,1290.66736,0.25000 ===
 93.31845|I|libbeamng.print:18052| === LSTM_TRACE t=290 v=13.54 ws=0.01,0.00,0.01,5.17 cmd=0.997,0.997,0.882,0.865 cap=3092,3091,1700,1682 des=3092,3091,1488,1471 app=2935,2881,1433,1461 abs=nil,nil,nil,nil ebrake=1.00 ibrake=1.00 hasABS=0 sy=9.54 split=1.000,0.875 ===
 93.31850|I|libbeamng.print:18052| === LSTM_OBS t=290 0.01168,0.00128,0.00879,5.16861,0.27950,9.53559,-9.71338,-0.02393,0.00000,0.00000,0.00254,1.00000,0.00000,0.00222,-0.00770,1073.92797,0.25000 ===
 93.36855|I|libbeamng.print:18052| === LSTM_TRACE t=300 v=13.05 ws=0.02,0.01,0.02,3.38 cmd=0.997,0.997,0.883,0.864 cap=3092,3091,1700,1679 des=3092,3091,1488,1469 app=2931,2879,1431,1457 abs=nil,nil,nil,nil ebrake=1.00 ibrake=1.00 hasABS=0 sy=9.57 split=1.000,0.875 ===
 93.36862|I|libbeamng.print:18052| === LSTM_OBS t=300 0.01882,0.00858,0.02344,3.37687,0.28591,9.57176,-9.71016,-0.02778,0.00000,0.00000,0.00278,1.00000,0.00000,0.00182,-0.00785,871.17275,0.25000 ===
 93.41778|I|libbeamng.print:18052| === LSTM_TRACE t=310 v=12.58 ws=0.00,0.01,0.01,0.72 cmd=0.997,0.997,0.883,0.864 cap=3091,3090,1700,1679 des=3091,3090,1488,1469 app=2928,2877,1429,1455 abs=nil,nil,nil,nil ebrake=1.00 ibrake=1.00 hasABS=0 sy=9.59 split=1.000,0.875 ===
 93.41783|I|libbeamng.print:18052| === LSTM_OBS t=310 0.00217,0.01363,0.00721,0.72320,0.24853,9.59328,-9.75824,-0.01904,0.00000,0.00000,0.00378,1.00000,0.00000,0.00123,-0.00848,745.87860,0.25000 ===
 93.46830|I|libbeamng.print:18052| === LSTM_TRACE t=320 v=12.11 ws=0.01,0.00,0.06,0.03 cmd=0.997,0.997,0.882,0.863 cap=3091,3090,1700,1678 des=3091,3090,1488,1468 app=2925,2875,1427,1452 abs=nil,nil,nil,nil ebrake=1.00 ibrake=1.00 hasABS=0 sy=9.56 split=1.000,0.875 ===
 93.46834|I|libbeamng.print:18052| === LSTM_OBS t=320 0.01286,0.00157,0.05531,0.02537,0.24735,9.56421,-9.77351,-0.01859,0.00000,0.00000,0.00249,1.00000,0.00000,0.00092,-0.00901,730.11875,0.25000 ===
 93.51852|I|libbeamng.print:18052| === LSTM_TRACE t=330 v=11.63 ws=0.01,0.00,0.03,0.02 cmd=0.997,0.997,0.881,0.863 cap=3091,3090,1700,1676 des=3091,3090,1488,1467 app=2923,2873,1426,1448 abs=nil,nil,nil,nil ebrake=1.00 ibrake=1.00 hasABS=0 sy=9.52 split=1.000,0.875 ===
 93.51856|I|libbeamng.print:18052| === LSTM_OBS t=330 0.00530,0.00229,0.02527,0.02481,0.24146,9.52027,-9.73551,-0.02134,0.00000,0.00000,0.00427,1.00000,0.00000,0.00073,-0.00911,729.94194,0.25000 ===
 93.56926|I|libbeamng.print:18052| === LSTM_TRACE t=340 v=11.16 ws=0.01,0.01,0.00,0.01 cmd=0.997,0.997,0.881,0.863 cap=3091,3089,1700,1677 des=3091,3089,1488,1468 app=2920,2872,1424,1446 abs=nil,nil,nil,nil ebrake=1.00 ibrake=1.00 hasABS=0 sy=9.52 split=1.000,0.875 ===
 93.56931|I|libbeamng.print:18052| === LSTM_OBS t=340 0.00783,0.00699,0.00422,0.01308,0.23746,9.51631,-9.71506,-0.01653,0.00000,0.00000,0.00438,1.00000,0.00000,0.00057,-0.00915,729.11863,0.25000 ===
 93.61868|I|libbeamng.print:18052| === LSTM_TRACE t=350 v=10.67 ws=0.00,0.00,0.01,0.02 cmd=0.997,0.997,0.882,0.863 cap=3091,3090,1700,1678 des=3091,3090,1488,1468 app=2918,2871,1423,1444 abs=nil,nil,nil,nil ebrake=1.00 ibrake=1.00 hasABS=0 sy=9.54 split=1.000,0.875 ===
 93.61875|I|libbeamng.print:18052| === LSTM_OBS t=350 0.00034,0.00343,0.01102,0.01591,0.22326,9.53943,-9.70564,-0.01603,0.00000,0.00000,0.00395,1.00000,0.00000,0.00058,-0.00921,731.56588,0.25000 ===
 93.66824|I|libbeamng.print:18052| === LSTM_TRACE t=360 v=10.19 ws=0.00,0.01,0.00,0.01 cmd=0.997,0.997,0.882,0.863 cap=3092,3090,1700,1678 des=3092,3090,1488,1468 app=2917,2871,1421,1442 abs=nil,nil,nil,nil ebrake=1.00 ibrake=1.00 hasABS=0 sy=9.58 split=1.000,0.875 ===
 93.66828|I|libbeamng.print:18052| === LSTM_OBS t=360 0.00350,0.00520,0.00101,0.01005,0.22262,9.58176,-9.70150,-0.01100,0.00000,0.00000,0.00350,1.00000,0.00000,0.00052,-0.00930,727.53444,0.25000 ===
 93.71819|I|libbeamng.print:18052| === LSTM_TRACE t=370 v=9.70 ws=0.00,0.00,0.00,0.00 cmd=0.997,0.997,0.882,0.864 cap=3092,3091,1700,1678 des=3092,3091,1488,1469 app=2915,2870,1420,1440 abs=nil,nil,nil,nil ebrake=1.00 ibrake=1.00 hasABS=0 sy=9.63 split=1.000,0.875 ===
 93.71824|I|libbeamng.print:18052| === LSTM_OBS t=370 0.00105,0.00072,0.00153,0.00349,0.23054,9.63480,-9.70781,-0.00781,0.00000,0.00000,0.00384,1.00000,0.00000,0.00047,-0.00939,729.73001,0.25000 ===
 93.76870|I|libbeamng.print:18052| === LSTM_TRACE t=380 v=9.20 ws=0.00,0.00,0.01,0.00 cmd=0.998,0.997,0.882,0.865 cap=3093,3091,1700,1679 des=3093,3091,1488,1469 app=2913,2870,1419,1439 abs=nil,nil,nil,nil ebrake=1.00 ibrake=1.00 hasABS=0 sy=9.69 split=1.000,0.875 ===
 93.76874|I|libbeamng.print:18052| === LSTM_OBS t=380 0.00160,0.00068,0.00838,0.00310,0.24273,9.69229,-9.70802,-0.00528,0.00000,0.00000,0.00420,1.00000,0.00000,0.00044,-0.00949,726.93840,0.25000 ===
 93.81836|I|libbeamng.print:18052| === LSTM_TRACE t=390 v=8.71 ws=0.00,0.00,0.00,0.00 cmd=0.998,0.997,0.883,0.865 cap=3093,3092,1700,1681 des=3093,3092,1488,1471 app=2912,2869,1418,1438 abs=nil,nil,nil,nil ebrake=1.00 ibrake=1.00 hasABS=0 sy=9.75 split=1.000,0.875 ===
 93.81840|I|libbeamng.print:18052| === LSTM_OBS t=390 0.00292,0.00179,0.00140,0.00142,0.25011,9.75326,-9.70476,-0.00300,0.00000,0.00000,0.00423,1.00000,0.00000,0.00044,-0.00960,729.14827,0.25000 ===
 93.86845|I|libbeamng.print:18052| === LSTM_TRACE t=400 v=8.21 ws=0.00,0.00,0.00,0.00 cmd=0.998,0.997,0.883,0.865 cap=3093,3092,1700,1681 des=3093,3092,1488,1471 app=2910,2869,1417,1437 abs=nil,nil,nil,nil ebrake=1.00 ibrake=1.00 hasABS=0 sy=9.82 split=1.000,0.875 ===
 93.86849|I|libbeamng.print:18052| === LSTM_OBS t=400 0.00209,0.00016,0.00286,0.00379,0.25561,9.81620,-9.70499,-0.00077,0.00000,0.00000,0.00423,1.00000,0.00000,0.00043,-0.00972,728.13459,0.25000 ===
 93.91966|I|libbeamng.print:18052| === LSTM_TRACE t=410 v=7.70 ws=0.00,0.00,0.01,0.00 cmd=0.998,0.998,0.883,0.866 cap=3093,3092,1700,1682 des=3093,3092,1488,1472 app=2909,2868,1416,1436 abs=nil,nil,nil,nil ebrake=1.00 ibrake=1.00 hasABS=0 sy=9.89 split=1.000,0.875 ===
 93.91976|I|libbeamng.print:18052| === LSTM_OBS t=410 0.00028,0.00157,0.00700,0.00362,0.26020,9.88749,-9.70426,0.00169,0.00000,0.00000,0.00430,1.00000,0.00000,0.00044,-0.00986,730.19757,0.25000 ===
 93.96851|I|libbeamng.print:18052| === LSTM_TRACE t=420 v=7.19 ws=0.00,0.00,0.01,0.00 cmd=0.998,0.998,0.883,0.866 cap=3093,3092,1700,1683 des=3093,3092,1488,1473 app=2908,2868,1416,1436 abs=nil,nil,nil,nil ebrake=1.00 ibrake=1.00 hasABS=0 sy=9.98 split=1.000,0.875 ===
 93.96856|I|libbeamng.print:18052| === LSTM_OBS t=420 0.00402,0.00116,0.00579,0.00191,0.26647,9.97743,-9.70433,0.00364,0.00000,0.00000,0.00457,1.00000,0.00000,0.00041,-0.00999,727.25306,0.25000 ===
 94.01821|I|libbeamng.print:18052| === LSTM_TRACE t=430 v=6.66 ws=0.00,0.00,0.00,0.00 cmd=0.998,0.998,0.883,0.867 cap=3094,3093,1700,1684 des=3094,3093,1488,1474 app=2907,2867,1415,1435 abs=nil,nil,nil,nil ebrake=1.00 ibrake=1.00 hasABS=0 sy=10.08 split=1.000,0.875 ===
 94.01825|I|libbeamng.print:18052| === LSTM_OBS t=430 0.00104,0.00305,0.00026,0.00084,0.27295,10.08251,-9.70474,0.00661,0.00000,0.00000,0.00476,1.00000,0.00000,0.00039,-0.01017,730.78484,0.25000 ===
 94.06837|I|libbeamng.print:18052| === LSTM_TRACE t=440 v=6.14 ws=0.00,0.00,0.01,0.00 cmd=0.998,0.998,0.884,0.868 cap=3094,3093,1700,1686 des=3094,3093,1488,1475 app=2905,2867,1414,1435 abs=nil,nil,nil,nil ebrake=1.00 ibrake=1.00 hasABS=0 sy=10.19 split=1.000,0.875 ===
 94.06843|I|libbeamng.print:18052| === LSTM_OBS t=440 0.00295,0.00043,0.00560,0.00487,0.27796,10.19430,-9.70734,0.00832,0.00000,0.00000,0.00486,1.00000,0.00000,0.00036,-0.01034,727.09109,0.25000 ===
 94.11810|I|libbeamng.print:18052| === LSTM_TRACE t=450 v=5.61 ws=0.00,0.00,0.00,0.00 cmd=0.998,0.998,0.884,0.868 cap=3094,3093,1700,1687 des=3094,3093,1488,1476 app=2904,2866,1414,1435 abs=nil,nil,nil,nil ebrake=1.00 ibrake=1.00 hasABS=0 sy=10.31 split=1.000,0.875 ===
 94.11815|I|libbeamng.print:18052| === LSTM_OBS t=450 0.00229,0.00158,0.00180,0.00301,0.28190,10.30553,-9.70630,0.01017,0.00000,0.00000,0.00490,1.00000,0.00000,0.00037,-0.01052,728.27757,0.25000 ===
 94.16855|I|libbeamng.print:18052| === LSTM_TRACE t=460 v=5.07 ws=0.00,0.00,0.00,0.02 cmd=0.998,0.998,0.884,0.869 cap=3094,3093,1700,1688 des=3094,3093,1488,1477 app=2903,2866,1413,1435 abs=nil,nil,nil,nil ebrake=1.00 ibrake=1.00 hasABS=0 sy=10.41 split=1.000,0.875 ===
 94.16860|I|libbeamng.print:18052| === LSTM_OBS t=460 0.00289,0.00069,0.00312,0.02293,0.28300,10.40873,-9.71270,0.01233,0.00000,0.00000,0.00499,1.00000,0.00000,0.00038,-0.01070,724.34804,0.25000 ===
 94.21837|I|libbeamng.print:18052| === LSTM_TRACE t=470 v=4.53 ws=0.00,0.00,0.00,0.01 cmd=0.998,0.998,0.884,0.870 cap=3094,3094,1700,1689 des=3094,3094,1488,1478 app=2903,2866,1413,1435 abs=nil,nil,nil,nil ebrake=1.00 ibrake=1.00 hasABS=0 sy=10.53 split=1.000,0.875 ===
 94.21842|I|libbeamng.print:18052| === LSTM_OBS t=470 0.00025,0.00198,0.00334,0.00687,0.28816,10.53069,-9.71510,0.01304,0.00000,0.00000,0.00520,1.00000,0.00000,0.00039,-0.01098,727.79935,0.25000 ===
 94.26866|I|libbeamng.print:18052| === LSTM_TRACE t=480 v=3.98 ws=0.00,0.00,0.00,0.01 cmd=0.998,0.998,0.884,0.870 cap=3094,3094,1700,1691 des=3094,3094,1488,1479 app=2902,2865,1413,1435 abs=nil,nil,nil,nil ebrake=1.00 ibrake=1.00 hasABS=0 sy=10.65 split=1.000,0.875 ===
 94.26871|I|libbeamng.print:18052| === LSTM_OBS t=480 0.00406,0.00092,0.00042,0.00595,0.28916,10.64764,-9.70950,0.01362,0.00000,0.00000,0.00537,1.00000,0.00000,0.00036,-0.01126,724.68928,0.25000 ===
 94.31820|I|libbeamng.print:18052| === LSTM_TRACE t=490 v=3.42 ws=0.00,0.00,0.00,0.00 cmd=0.998,0.998,0.884,0.871 cap=3094,3094,1700,1692 des=3094,3094,1488,1481 app=2901,2865,1412,1435 abs=nil,nil,nil,nil ebrake=1.00 ibrake=1.00 hasABS=0 sy=10.77 split=1.000,0.875 ===
 94.31826|I|libbeamng.print:18052| === LSTM_OBS t=490 0.00237,0.00202,0.00459,0.00121,0.29028,10.76563,-9.69828,0.01426,0.00000,0.00000,0.00543,1.00000,0.00000,0.00033,-0.01152,727.84406,0.25000 ===
 94.36858|I|libbeamng.print:18052| === LSTM_TRACE t=500 v=2.86 ws=0.00,0.00,0.00,0.01 cmd=0.998,0.998,0.885,0.872 cap=3095,3094,1700,1693 des=3095,3094,1488,1482 app=2900,2865,1412,1436 abs=nil,nil,nil,nil ebrake=1.00 ibrake=1.00 hasABS=0 sy=10.87 split=1.000,0.875 ===
 94.36866|I|libbeamng.print:18052| === LSTM_OBS t=500 0.00337,0.00034,0.00233,0.00720,0.28941,10.87379,-9.69181,0.01413,0.00000,0.00000,0.00555,1.00000,0.00000,0.00030,-0.01170,726.77584,0.25000 ===
 94.41781|I|libbeamng.print:18052| === LSTM_TRACE t=510 v=2.30 ws=0.00,0.00,0.01,0.21 cmd=0.998,0.998,0.885,0.873 cap=3095,3094,1700,1695 des=3095,3094,1488,1483 app=2899,2865,1412,1436 abs=nil,nil,nil,nil ebrake=1.00 ibrake=1.00 hasABS=0 sy=10.98 split=1.000,0.875 ===
 94.41792|I|libbeamng.print:18052| === LSTM_OBS t=510 0.00151,0.00162,0.00689,0.20512,0.28901,10.97675,-9.68218,0.01410,0.00000,0.00000,0.00565,1.00000,0.00000,0.00029,-0.01182,729.78137,0.25000 ===
 94.46856|I|libbeamng.print:18052| === LSTM_TRACE t=520 v=1.73 ws=0.01,0.00,0.04,1.03 cmd=0.998,0.998,0.884,0.874 cap=3095,3095,1700,1699 des=3095,3095,1488,1486 app=2899,2864,1412,1439 abs=nil,nil,nil,nil ebrake=1.00 ibrake=1.00 hasABS=0 sy=11.10 split=1.000,0.875 ===
 94.46861|I|libbeamng.print:18052| === LSTM_OBS t=520 0.00652,0.00042,0.03628,1.03453,0.29130,11.09617,-9.66553,0.00658,0.00000,0.00000,0.00580,1.00000,0.00000,0.00007,-0.01190,726.54297,0.25000 ===
 94.51853|I|libbeamng.print:18052| === LSTM_TRACE t=530 v=1.15 ws=0.00,0.00,0.12,0.55 cmd=0.998,0.998,0.885,0.875 cap=3095,3095,1700,1700 des=3095,3095,1488,1488 app=2898,2864,1411,1441 abs=nil,nil,nil,nil ebrake=1.00 ibrake=1.00 hasABS=0 sy=11.20 split=1.000,0.875 ===
 94.51859|I|libbeamng.print:18052| === LSTM_OBS t=530 0.00033,0.00041,0.12442,0.54553,0.27454,11.20345,-9.65456,0.01328,0.00000,0.00000,0.00580,1.00000,0.00000,-0.00025,-0.01190,729.58069,0.25000 ===
 94.57220|I|libbeamng.print:18052| === LSTM_TRACE t=540 v=0.58 ws=0.01,0.00,0.65,0.15 cmd=0.998,0.998,0.886,0.873 cap=3095,3095,1700,1697 des=3095,3095,1488,1485 app=2897,2864,1411,1438 abs=nil,nil,nil,nil ebrake=1.00 ibrake=1.00 hasABS=0 sy=11.27 split=1.000,0.875 ===
 94.57230|I|libbeamng.print:18052| === LSTM_OBS t=540 0.00955,0.00481,0.65080,0.15268,0.27298,11.26809,-9.66053,0.01587,0.00000,0.00000,0.00554,1.00000,0.00000,-0.00014,-0.01178,727.28049,0.25000 ===
 98.82961|I|libbeamng.print:18052| === LSTM_ABS: lens 'band_g_mix_s2' loaded (1 member, 17 in, 64 hidden, 2 layers) ===
 98.83122|I|libbeamng.print:18052| === LSTM_ABS SELFTEST lens=band_g_mix_s2 cmd=0.983200,0.954371,0.453671,0.568007 ===
103.85271|I|libbeamng.print:18052| === LSTM_ABS: lens 'band_g_mix_b1o1_s3' loaded (1 member, 17 in, 64 hidden, 2 layers) ===
103.85437|I|libbeamng.print:18052| === LSTM_ABS SELFTEST lens=band_g_mix_b1o1_s3 cmd=0.995849,0.997056,0.897185,0.867153 ===
106.37718|I|libbeamng.print:18052| === LSTM_ABS: lens 'band_g_mix_s2' loaded (1 member, 17 in, 64 hidden, 2 layers) ===
106.37882|I|libbeamng.print:18052| === LSTM_ABS SELFTEST lens=band_g_mix_s2 cmd=0.983200,0.954371,0.453671,0.568007 ===
108.91761|I|libbeamng.print:18052| === LSTM_ABS: lens 'band_g_mix_s3' loaded
