 32.79063|I|libbeamng.print:18052| === LSTM_ABS: lens 'band_g_mix_lock' loaded (1 member, 17 in, 64 hidden, 2 layers) ===
 32.79252|I|libbeamng.print:18052| === LSTM_ABS SELFTEST lens=band_g_mix_lock cmd=0.974510,0.945400,0.400856,0.517888 ===
 46.34645|I|libbeamng.print:18052| === LSTM_ABS: lens 'band_g_mix_lock_sy' loaded (1 member, 17 in, 64 hidden, 2 layers) ===
 46.34903|I|libbeamng.print:18052| === LSTM_ABS SELFTEST lens=band_g_mix_lock_sy cmd=0.956085,0.957974,0.339686,0.366768 ===
 56.00240|I|libbeamng.print:18052| === LSTM_TRACE t=0 v=27.70 ws=27.65,27.79,27.36,27.44 cmd=0.926,0.918,0.539,0.553 cap=155,155,97,97 des=155,155,85,85 app=142,142,78,78 abs=nil,nil,nil,nil ebrake=1.00 ibrake=1.00 hasABS=0 sy=1.58 split=1.000,0.875 ===
 56.00245|I|libbeamng.print:18052| === LSTM_OBS t=0 27.64692,27.79297,27.36146,27.43671,-0.04220,1.58403,-9.77620,0.01381,0.00000,0.00000,0.00000,1.00000,0.00000,0.00091,-0.00905,7858.40820,0.25000 ===
 56.05193|I|libbeamng.print:18052| === LSTM_TRACE t=10 v=27.44 ws=26.82,26.60,26.78,26.82 cmd=0.497,0.594,0.644,0.669 cap=1402,1688,1196,1232 des=1402,1688,1047,1078 app=1293,1558,967,995 abs=nil,nil,nil,nil ebrake=1.00 ibrake=1.00 hasABS=0 sy=2.07 split=1.000,0.875 ===
 56.05197|I|libbeamng.print:18052| === LSTM_OBS t=10 26.81927,26.59663,26.77983,26.81855,-0.01020,2.07350,-9.75106,-0.00501,0.00000,0.00000,0.00069,1.00000,0.00000,0.00095,-0.00997,7780.17102,0.25000 ===
 56.07190|I|libbeamng.print:18052| === LSTM_ABS DBG raw=25.7579,25.4834,26.4561,26.4364,0.0210,2.5930,-9.7156,-0.0109,0.0000,0.0000,0.0024,1.0000,0.0000,0.0011,-0.0108,7701.0015,0.2500 ===
 56.07194|I|libbeamng.print:18052| === LSTM_ABS DBG norm=0.52,0.44,0.52,0.49,-0.14,-2.10,0.00,-0.05,0.06,-0.06,0.00,0.59,-0.02,0.00,0.00,3.82,0.00 ===
 56.07195|I|libbeamng.print:18052| === LSTM_ABS DBG cmd=0.6982,0.7733,0.7419,0.7657 ===
 56.10226|I|libbeamng.print:18052| === LSTM_TRACE t=20 v=26.97 ws=25.08,24.58,25.89,25.85 cmd=0.718,0.772,0.747,0.769 cap=2190,2374,1458,1497 des=2190,2374,1276,1310 app=2048,2224,1196,1229 abs=nil,nil,nil,nil ebrake=1.00 ibrake=1.00 hasABS=0 sy=3.61 split=1.000,0.875 ===
 56.10233|I|libbeamng.print:18052| === LSTM_OBS t=20 25.07843,24.58054,25.89025,25.84549,0.03593,3.61150,-9.59785,0.01014,0.00000,0.00000,0.00305,1.00000,0.00000,0.00108,-0.01250,7547.45293,0.25000 ===
 56.15245|I|libbeamng.print:18052| === LSTM_TRACE t=30 v=26.45 ws=24.71,24.43,24.99,24.97 cmd=0.740,0.775,0.683,0.706 cap=2325,2433,1347,1391 des=2325,2433,1178,1217 app=2201,2309,1118,1155 abs=nil,nil,nil,nil ebrake=1.00 ibrake=1.00 hasABS=0 sy=5.46 split=1.000,0.875 ===
 56.15251|I|libbeamng.print:18052| === LSTM_OBS t=30 24.71430,24.42574,24.99265,24.97475,-0.01257,5.46311,-9.48240,-0.00702,0.00000,0.00000,0.00239,1.00000,0.00000,0.00129,-0.01512,7282.10570,0.25000 ===
 56.20195|I|libbeamng.print:18052| === LSTM_TRACE t=40 v=25.86 ws=24.02,23.86,24.37,24.35 cmd=0.788,0.808,0.689,0.713 cap=2399,2469,1329,1375 des=2399,2469,1163,1203 app=2295,2367,1112,1152 abs=nil,nil,nil,nil ebrake=1.00 ibrake=1.00 hasABS=0 sy=7.05 split=1.000,0.875 ===
 56.20200|I|libbeamng.print:18052| === LSTM_OBS t=40 24.01934,23.85885,24.37218,24.35367,0.04011,7.05242,-9.49933,0.00002,0.00000,0.00000,0.00338,1.00000,0.00000,0.00126,-0.01685,7070.01340,0.25000 ===
 56.25188|I|libbeamng.print:18052| === LSTM_TRACE t=50 v=25.27 ws=23.21,23.38,23.74,23.77 cmd=0.805,0.816,0.711,0.717 cap=2454,2497,1380,1390 des=2454,2497,1207,1216 app=2368,2414,1162,1172 abs=nil,nil,nil,nil ebrake=1.00 ibrake=1.00 hasABS=0 sy=8.45 split=1.000,0.875 ===
 56.25193|I|libbeamng.print:18052| === LSTM_OBS t=50 23.20996,23.37667,23.74391,23.77076,0.06232,8.44760,-9.58867,-0.01465,0.00000,0.00000,0.00338,1.00000,0.00000,0.00093,-0.01839,6891.73755,0.25000 ===
 56.30211|I|libbeamng.print:18052| === LSTM_TRACE t=60 v=24.66 ws=22.58,22.59,23.13,23.06 cmd=0.836,0.842,0.754,0.762 cap=2555,2576,1463,1476 des=2555,2576,1280,1291 app=2481,2506,1239,1251 abs=nil,nil,nil,nil ebrake=1.00 ibrake=1.00 hasABS=0 sy=9.51 split=1.000,0.875 ===
 56.30217|I|libbeamng.print:18052| === LSTM_OBS t=60 22.57827,22.59153,23.13256,23.05599,0.10325,9.51059,-9.71802,-0.00135,0.00000,0.00000,0.00409,1.00000,0.00000,0.00059,-0.01949,6702.38577,0.25000 ===
 56.35224|I|libbeamng.print:18052| === LSTM_TRACE t=70 v=24.05 ws=21.82,21.94,22.41,22.18 cmd=0.824,0.825,0.750,0.762 cap=2467,2486,1456,1481 des=2467,2486,1274,1296 app=2409,2431,1239,1261 abs=nil,nil,nil,nil ebrake=1.00 ibrake=1.00 hasABS=0 sy=10.27 split=1.000,0.875 ===
 56.35230|I|libbeamng.print:18052| === LSTM_OBS t=70 21.81825,21.93729,22.40626,22.17502,0.11258,10.27403,-9.78517,-0.00990,0.00000,0.00000,0.00329,1.00000,0.00000,0.00052,-0.01989,6492.47815,0.25000 ===
 56.40239|I|libbeamng.print:18052| === LSTM_TRACE t=80 v=23.44 ws=21.05,20.96,21.66,21.43 cmd=0.750,0.751,0.747,0.758 cap=2567,2564,1492,1515 des=2567,2564,1306,1325 app=2517,2516,1274,1294 abs=nil,nil,nil,nil ebrake=1.00 ibrake=1.00 hasABS=0 sy=10.79 split=1.000,0.875 ===
 56.40246|I|libbeamng.print:18052| === LSTM_OBS t=80 21.05167,20.95996,21.66303,21.43279,0.10158,10.78929,-9.79674,0.00560,0.00000,0.00000,0.00326,1.00000,0.00000,0.00076,-0.01961,6272.01001,0.25000 ===
 56.45222|I|libbeamng.print:18052| === LSTM_TRACE t=90 v=22.84 ws=19.88,20.38,20.91,20.71 cmd=0.778,0.773,0.759,0.770 cap=2514,2494,1499,1520 des=2514,2494,1311,1330 app=2472,2454,1283,1302 abs=nil,nil,nil,nil ebrake=1.00 ibrake=1.00 hasABS=0 sy=11.12 split=1.000,0.875 ===
 56.45226|I|libbeamng.print:18052| === LSTM_OBS t=90 19.88125,20.37926,20.91006,20.70788,0.10222,11.11909,-9.72756,0.01086,0.00000,0.00000,0.00345,1.00000,0.00000,0.00104,-0.01890,6053.17659,0.25000 ===
 56.50200|I|libbeamng.print:18052| === LSTM_TRACE t=100 v=22.25 ws=18.44,19.99,20.18,20.06 cmd=0.782,0.775,0.750,0.760 cap=2361,2339,1465,1483 des=2361,2339,1281,1298 app=2326,2307,1257,1273 abs=nil,nil,nil,nil ebrake=1.00 ibrake=1.00 hasABS=0 sy=11.35 split=1.000,0.875 ===
 56.50205|I|libbeamng.print:18052| === LSTM_OBS t=100 18.43980,19.99008,20.17609,20.06317,0.09112,11.35497,-9.65928,-0.00676,0.00000,0.00000,0.00274,1.00000,0.00000,0.00122,-0.01824,5845.62625,0.25000 ===
 56.55208|I|libbeamng.print:18052| === LSTM_TRACE t=110 v=21.67 ws=17.05,19.95,19.44,19.46 cmd=0.836,0.827,0.773,0.785 cap=2274,2238,1443,1465 des=2274,2238,1263,1282 app=2245,2211,1241,1260 abs=nil,nil,nil,nil ebrake=1.00 ibrake=1.00 hasABS=0 sy=11.51 split=1.000,0.875 ===
 56.55214|I|libbeamng.print:18052| === LSTM_OBS t=110 17.05468,19.95128,19.43618,19.45512,0.09093,11.50512,-9.60145,-0.00682,0.00000,0.00000,0.00297,1.00000,0.00000,0.00127,-0.01769,5646.14362,0.25000 ===
 56.60217|I|libbeamng.print:18052| === LSTM_TRACE t=120 v=21.07 ws=14.95,20.05,18.75,18.78 cmd=0.756,0.747,0.755,0.769 cap=1879,1863,1441,1458 des=1879,1863,1261,1276 app=1856,1843,1240,1255 abs=nil,nil,nil,nil ebrake=1.00 ibrake=1.00 hasABS=0 sy=11.58 split=1.000,0.875 ===
 56.60221|I|libbeamng.print:18052| === LSTM_OBS t=120 14.94793,20.04685,18.75475,18.77678,0.09430,11.57522,-9.59079,-0.00693,0.00000,0.00000,0.00216,1.00000,0.00000,0.00104,-0.01722,5455.41812,0.25000 ===
 56.65204|I|libbeamng.print:18052| === LSTM_TRACE t=130 v=20.52 ws=14.37,19.36,18.36,18.04 cmd=0.708,0.699,0.708,0.718 cap=2363,2340,1411,1438 des=2363,2340,1235,1258 app=2337,2318,1216,1240 abs=nil,nil,nil,nil ebrake=1.00 ibrake=1.00 hasABS=0 sy=11.56 split=1.000,0.875 ===
 56.65210|I|libbeamng.print:18052| === LSTM_OBS t=130 14.36754,19.36295,18.36006,18.04188,0.08875,11.56388,-9.58474,-0.01746,0.00000,0.00000,0.00345,1.00000,0.00000,0.00065,-0.01678,5273.01061,0.25000 ===
 56.70324|I|libbeamng.print:18052| === LSTM_TRACE t=140 v=19.94 ws=13.40,18.85,17.98,17.08 cmd=0.604,0.601,0.691,0.702 cap=2365,2335,1430,1453 des=2365,2335,1251,1272 app=2340,2316,1233,1253 abs=nil,nil,nil,nil ebrake=1.00 ibrake=1.00 hasABS=0 sy=11.52 split=1.000,0.875 ===
 56.70329|I|libbeamng.print:18052| === LSTM_OBS t=140 13.40034,18.84922,17.98054,17.07551,0.09912,11.52384,-9.58884,-0.00011,0.00000,0.00000,0.00249,1.00000,0.00000,0.00045,-0.01630,5101.34310,0.25000 ===
 56.75239|I|libbeamng.print:18052| === LSTM_TRACE t=150 v=19.37 ws=13.10,18.32,17.71,16.41 cmd=0.641,0.633,0.665,0.677 cap=2450,2413,1375,1410 des=2450,2413,1203,1233 app=2300,2285,1186,1216 abs=nil,nil,nil,nil ebrake=1.00 ibrake=1.00 hasABS=0 sy=11.50 split=1.000,0.875 ===
 56.75244|I|libbeamng.print:18052| === LSTM_OBS t=150 13.09529,18.31993,17.71467,16.40558,0.11564,11.49512,-9.61290,-0.00575,0.00000,0.00000,0.00280,1.00000,0.00000,0.00027,-0.01597,4941.79333,0.25000 ===
 56.80555|I|libbeamng.print:18052| === LSTM_TRACE t=160 v=18.80 ws=12.71,17.58,17.60,15.24 cmd=0.517,0.513,0.606,0.623 cap=2399,2362,1298,1341 des=2399,2362,1136,1173 app=2374,2346,1121,1157 abs=nil,nil,nil,nil ebrake=1.00 ibrake=1.00 hasABS=0 sy=11.46 split=1.000,0.875 ===
 56.80559|I|libbeamng.print:18052| === LSTM_OBS t=160 12.70568,17.57550,17.59561,15.24289,0.16533,11.46500,-9.62263,0.01115,0.00000,0.00000,0.00265,1.00000,0.00000,-0.00007,-0.01572,4779.50233,0.25000 ===
 56.85545|I|libbeamng.print:18052| === LSTM_TRACE t=170 v=18.23 ws=12.44,17.15,17.45,15.10 cmd=0.616,0.605,0.580,0.607 cap=1624,1628,1015,1061 des=1624,1628,888,928 app=2042,2023,876,915 abs=nil,nil,nil,nil ebrake=1.00 ibrake=1.00 hasABS=0 sy=11.44 split=1.000,0.875 ===
 56.85550|I|libbeamng.print:18052| === LSTM_OBS t=170 12.44071,17.14849,17.44954,15.09772,0.20316,11.43894,-9.66965,0.02765,0.00000,0.00000,0.00229,1.00000,0.00000,-0.00022,-0.01572,4648.83751,0.25000 ===
 56.90247|I|libbeamng.print:18052| === LSTM_TRACE t=180 v=17.66 ws=12.67,16.88,17.06,14.71 cmd=0.883,0.873,0.527,0.571 cap=1723,1707,920,975 des=1723,1707,805,853 app=1706,1697,794,841 abs=nil,nil,nil,nil ebrake=1.00 ibrake=1.00 hasABS=0 sy=11.42 split=1.000,0.875 ===
 56.90251|I|libbeamng.print:18052| === LSTM_OBS t=180 12.67485,16.87803,17.06081,14.71375,0.18049,11.42369,-9.71474,0.03205,0.00000,0.00000,0.00297,1.00000,0.00000,0.00002,-0.01592,4556.85308,0.25000 ===
 56.95210|I|libbeamng.print:18052| === LSTM_TRACE t=190 v=17.09 ws=12.60,15.62,15.79,14.10 cmd=0.515,0.513,0.377,0.400 cap=1626,1650,671,724 des=1626,1650,587,634 app=2106,2098,582,639 abs=nil,nil,nil,nil ebrake=1.00 ibrake=1.00 hasABS=0 sy=11.42 split=1.000,0.875 ===
 56.95214|I|libbeamng.print:18052| === LSTM_OBS t=190 12.60021,15.62018,15.79164,14.10185,0.12079,11.41573,-9.74924,0.03927,0.00000,0.00000,0.00234,1.00000,0.00000,0.00071,-0.01636,4536.98695,0.25000 ===
 57.00288|I|libbeamng.print:18052| === LSTM_TRACE t=200 v=16.51 ws=13.53,15.87,14.85,13.26 cmd=0.869,0.867,0.385,0.427 cap=2499,2492,854,912 des=2499,2492,747,798 app=2106,2098,736,785 abs=nil,nil,nil,nil ebrake=1.00 ibrake=1.00 hasABS=0 sy=11.48 split=1.000,0.875 ===
 57.00293|I|libbeamng.print:18052| === LSTM_OBS t=200 13.52641,15.86895,14.85064,13.26440,0.03118,11.47565,-9.74136,0.03337,0.00000,0.00000,0.00318,1.00000,0.00000,0.00146,-0.01754,4593.49622,0.25000 ===
 57.05168|I|libbeamng.print:18052| === LSTM_TRACE t=210 v=15.91 ws=13.62,14.71,14.31,12.64 cmd=0.789,0.789,0.365,0.392 cap=2083,2108,620,673 des=2083,2108,543,589 app=2065,2098,534,579 abs=nil,nil,nil,nil ebrake=1.00 ibrake=1.00 hasABS=0 sy=11.50 split=1.000,0.875 ===
 57.05172|I|libbeamng.print:18052| === LSTM_OBS t=210 13.61829,14.70891,14.31329,12.64250,-0.08616,11.50456,-9.72471,0.03233,0.00000,0.00000,0.00270,1.00000,0.00000,0.00197,-0.01872,4659.91909,0.25000 ===
 57.10162|I|libbeamng.print:18052| === LSTM_TRACE t=220 v=15.34 ws=13.30,14.25,13.30,12.01 cmd=0.792,0.795,0.327,0.358 cap=2317,2339,624,682 des=2317,2339,546,597 app=2298,2327,536,587 abs=nil,nil,nil,nil ebrake=1.00 ibrake=1.00 hasABS=0 sy=11.58 split=1.000,0.875 ===
 57.10166|I|libbeamng.print:18052| === LSTM_OBS t=220 13.30483,14.25252,13.29880,12.00509,-0.18075,11.58245,-9.67662,0.02932,0.00000,0.00000,0.00270,1.00000,0.00000,0.00250,-0.02002,4723.02046,0.25000 ===
 57.15235|I|libbeamng.print:18052| === LSTM_TRACE t=230 v=14.75 ws=12.82,13.57,12.53,11.55 cmd=0.682,0.691,0.282,0.310 cap=2448,2455,623,683 des=2448,2455,545,598 app=2428,2444,535,587 abs=nil,nil,nil,nil ebrake=1.00 ibrake=1.00 hasABS=0 sy=11.60 split=1.000,0.875 ===
 57.15239|I|libbeamng.print:18052| === LSTM_OBS t=230 12.82430,13.57000,12.52537,11.55307,-0.25052,11.60180,-9.67505,0.02601,0.00000,0.00000,0.00311,1.00000,0.00000,0.00276,-0.02114,4774.92035,0.25000 ===
 57.20221|I|libbeamng.print:18052| === LSTM_TRACE t=240 v=14.17 ws=12.45,13.18,11.84,11.09 cmd=0.687,0.695,0.283,0.314 cap=2106,2128,544,603 des=2106,2128,476,528 app=2106,2119,467,518 abs=nil,nil,nil,nil ebrake=1.00 ibrake=1.00 hasABS=0 sy=11.60 split=1.000,0.875 ===
 57.20228|I|libbeamng.print:18052| === LSTM_OBS t=240 12.44966,13.18120,11.84461,11.08736,-0.32708,11.60303,-9.63494,0.03139,0.00000,0.00000,0.00244,1.00000,0.00000,0.00299,-0.02210,4815.07658,0.25000 ===
 57.25200|I|libbeamng.print:18052| === LSTM_TRACE t=250 v=13.59 ws=12.20,12.78,11.45,11.07 cmd=0.737,0.738,0.295,0.330 cap=2223,2239,558,626 des=2223,2239,489,548 app=2206,2230,479,537 abs=nil,nil,nil,nil ebrake=1.00 ibrake=1.00 hasABS=0 sy=11.62 split=1.000,0.875 ===
 57.25208|I|libbeamng.print:18052| === LSTM_OBS t=250 12.20406,12.77985,11.45471,11.07056,-0.39005,11.61954,-9.59433,0.03355,0.00000,0.00000,0.00216,1.00000,0.00000,0.00312,-0.02289,4824.95799,0.25000 ===
 57.30183|I|libbeamng.print:18052| === LSTM_TRACE t=260 v=13.01 ws=11.93,12.25,11.22,11.23 cmd=0.719,0.721,0.306,0.341 cap=2236,2242,589,656 des=2236,2242,516,574 app=2220,2232,505,561 abs=nil,nil,nil,nil ebrake=1.00 ibrake=1.00 hasABS=0 sy=11.61 split=1.000,0.875 ===
 57.30187|I|libbeamng.print:18052| === LSTM_OBS t=260 11.93215,12.25388,11.21799,11.23208,-0.45174,11.60823,-9.57376,0.03388,0.00000,0.00000,0.00229,1.00000,0.00000,0.00330,-0.02339,4812.83941,0.25000 ===
 57.35221|I|libbeamng.print:18052| === LSTM_TRACE t=270 v=12.46 ws=11.44,11.80,10.93,11.67 cmd=0.564,0.578,0.291,0.324 cap=2299,2308,644,717 des=2299,2308,564,627 app=2283,2298,551,613 abs=nil,nil,nil,nil ebrake=1.00 ibrake=1.00 hasABS=0 sy=11.56 split=1.000,0.875 ===
 57.35228|I|libbeamng.print:18052| === LSTM_OBS t=270 11.43584,11.79523,10.92640,11.67444,-0.50186,11.55563,-9.53598,0.02226,0.00000,0.00000,0.00293,1.00000,0.00000,0.00359,-0.02384,4798.64163,0.25000 ===
 57.40232|I|libbeamng.print:18052| === LSTM_TRACE t=280 v=11.92 ws=11.34,11.41,10.72,11.55 cmd=0.666,0.676,0.355,0.390 cap=1833,1877,659,723 des=1833,1877,577,632 app=1819,1869,564,618 abs=nil,nil,nil,nil ebrake=1.00 ibrake=1.00 hasABS=0 sy=11.42 split=1.000,0.875 ===
 57.40237|I|libbeamng.print:18052| === LSTM_OBS t=280 11.34478,11.40727,10.72447,11.55251,-0.58213,11.41507,-9.52753,0.00898,0.00000,0.00000,0.00176,1.00000,0.00000,0.00404,-0.02423,4773.54808,0.25000 ===
 57.45248|I|libbeamng.print:18052| === LSTM_TRACE t=290 v=11.39 ws=10.99,11.06,10.87,11.03 cmd=0.741,0.745,0.445,0.486 cap=1643,1692,739,807 des=1643,1692,647,706 app=1630,1684,631,689 abs=nil,nil,nil,nil ebrake=1.00 ibrake=1.00 hasABS=0 sy=11.12 split=1.000,0.875 ===
 57.45253|I|libbeamng.print:18052| === LSTM_OBS t=290 10.98975,11.05863,10.87058,11.03219,-0.60126,11.12214,-9.48568,0.00031,0.00000,0.00000,0.00091,1.00000,0.00000,0.00411,-0.02426,4723.32601,0.25000 ===
 57.50175|I|libbeamng.print:18052| === LSTM_TRACE t=300 v=10.92 ws=10.45,10.43,10.74,10.75 cmd=0.602,0.616,0.443,0.481 cap=2562,2569,954,1039 des=2562,2569,835,909 app=2257,2282,815,887 abs=nil,nil,nil,nil ebrake=1.00 ibrake=1.00 hasABS=0 sy=10.79 split=1.000,0.875 ===
 57.50179|I|libbeamng.print:18052| === LSTM_OBS t=300 10.45208,10.42535,10.73533,10.74902,-0.52942,10.79227,-9.46335,-0.00922,0.00000,0.00000,0.00507,1.00000,0.00000,0.00345,-0.02399,4640.03068,0.25000 ===
 57.55219|I|libbeamng.print:18052| === LSTM_TRACE t=310 v=10.45 ws=9.96,9.86,10.24,10.23 cmd=0.705,0.723,0.592,0.626 cap=1294,1394,1049,1107 des=1294,1394,918,969 app=1541,1618,896,946 abs=nil,nil,nil,nil ebrake=1.00 ibrake=1.00 hasABS=0 sy=10.37 split=1.000,0.875 ===
 57.55225|I|libbeamng.print:18052| === LSTM_OBS t=310 9.96018,9.85522,10.24350,10.22603,-0.40720,10.36505,-9.46139,-0.01283,0.00000,0.00000,0.00049,1.00000,0.00000,0.00238,-0.02309,4492.82581,0.25000 ===
 57.60225|I|libbeamng.print:18052| === LSTM_TRACE t=320 v=10.01 ws=9.38,9.42,9.83,9.88 cmd=0.539,0.570,0.519,0.554 cap=2479,2508,1148,1223 des=2479,2508,1005,1070 app=2310,2389,981,1045 abs=nil,nil,nil,nil ebrake=1.00 ibrake=1.00 hasABS=0 sy=10.06 split=1.000,0.875 ===
 57.60231|I|libbeamng.print:18052| === LSTM_OBS t=320 9.38314,9.42302,9.83448,9.88029,-0.30725,10.05638,-9.43868,-0.01135,0.00000,0.00000,0.00301,1.00000,0.00000,0.00158,-0.02193,4307.07798,0.25000 ===
 57.65214|I|libbeamng.print:18052| === LSTM_TRACE t=330 v=9.52 ws=8.99,9.02,9.38,9.27 cmd=0.692,0.717,0.641,0.670 cap=1537,1661,1161,1215 des=1537,1661,1016,1063 app=1525,1652,992,1039 abs=nil,nil,nil,nil ebrake=1.00 ibrake=1.00 hasABS=0 sy=9.82 split=1.000,0.875 ===
 57.65218|I|libbeamng.print:18052| === LSTM_OBS t=330 8.99045,9.01697,9.38453,9.27422,-0.18782,9.81790,-9.44777,0.00048,0.00000,0.00000,0.00297,1.00000,0.00000,0.00118,-0.02065,4103.05177,0.25000 ===
 57.70211|I|libbeamng.print:18052| === LSTM_TRACE t=340 v=9.06 ws=8.47,8.48,8.90,8.97 cmd=0.565,0.597,0.564,0.602 cap=2280,2339,1158,1236 des=2280,2339,1013,1082 app=2261,2325,989,1057 abs=nil,nil,nil,nil ebrake=1.00 ibrake=1.00 hasABS=0 sy=9.70 split=1.000,0.875 ===
 57.70218|I|libbeamng.print:18052| === LSTM_OBS t=340 8.46854,8.48185,8.90150,8.97309,-0.13459,9.69545,-9.46638,-0.00299,0.00000,0.00000,0.00364,1.00000,0.00000,0.00112,-0.01937,3901.95789,0.25000 ===
 57.75192|I|libbeamng.print:18052| === LSTM_TRACE t=350 v=8.57 ws=8.03,8.14,8.27,8.37 cmd=0.584,0.611,0.620,0.653 cap=2173,2224,1254,1319 des=2173,2224,1097,1154 app=2109,2206,1071,1128 abs=nil,nil,nil,nil ebrake=1.00 ibrake=1.00 hasABS=0 sy=9.65 split=1.000,0.875 ===
 57.75196|I|libbeamng.print:18052| === LSTM_OBS t=350 8.02879,8.14375,8.26565,8.37310,-0.06394,9.65011,-9.49683,0.00343,0.00000,0.00000,0.00176,1.00000,0.00000,0.00128,-0.01843,3702.61354,0.25000 ===
 57.80180|I|libbeamng.print:18052| === LSTM_TRACE t=360 v=8.10 ws=7.79,7.82,8.06,7.94 cmd=0.690,0.709,0.648,0.679 cap=1707,1789,1184,1257 des=1707,1789,1036,1100 app=1692,1778,1012,1075 abs=nil,nil,nil,nil ebrake=1.00 ibrake=1.00 hasABS=0 sy=9.61 split=1.000,0.875 ===
 57.80185|I|libbeamng.print:18052| === LSTM_OBS t=360 7.79184,7.82444,8.06292,7.94198,-0.03128,9.60990,-9.52947,-0.01601,0.00000,0.00000,0.00244,1.00000,0.00000,0.00130,-0.01742,3504.43811,0.25000 ===
 57.85196|I|libbeamng.print:18052| === LSTM_TRACE t=370 v=7.63 ws=7.01,7.08,7.55,7.51 cmd=0.495,0.521,0.584,0.618 cap=2186,2221,1245,1316 des=2186,2221,1089,1152 app=2166,2206,1064,1125 abs=nil,nil,nil,nil ebrake=1.00 ibrake=1.00 hasABS=0 sy=9.61 split=1.000,0.875 ===
 57.85201|I|libbeamng.print:18052| === LSTM_OBS t=370 7.01231,7.08317,7.55191,7.51076,-0.03166,9.61192,-9.58942,-0.01517,0.00000,0.00000,0.00189,1.00000,0.00000,0.00158,-0.01664,3309.31770,0.25000 ===
 57.90225|I|libbeamng.print:18052| === LSTM_TRACE t=380 v=7.16 ws=6.91,7.17,6.84,7.02 cmd=0.688,0.701,0.644,0.671 cap=1680,1742,1158,1221 des=1680,1742,1013,1068 app=1664,1729,989,1044 abs=nil,nil,nil,nil ebrake=1.00 ibrake=1.00 hasABS=0 sy=9.60 split=1.000,0.875 ===
 57.90235|I|libbeamng.print:18052| === LSTM_OBS t=380 6.91404,7.17212,6.84245,7.01766,-0.03485,9.60174,-9.61285,-0.01113,0.00000,0.00000,0.00134,1.00000,0.00000,0.00170,-0.01594,3112.36617,0.25000 ===
 57.95233|I|libbeamng.print:18052| === LSTM_TRACE t=390 v=6.69 ws=6.42,6.37,6.51,6.49 cmd=0.625,0.635,0.644,0.669 cap=1536,1589,1186,1238 des=1536,1589,1037,1083 app=1569,1604,1013,1058 abs=nil,nil,nil,nil ebrake=1.00 ibrake=1.00 hasABS=0 sy=9.50 split=1.000,0.875 ===
 57.95239|I|libbeamng.print:18052| === LSTM_OBS t=390 6.42285,6.37107,6.51230,6.48695,-0.00729,9.50312,-9.66441,-0.00937,0.00000,0.00000,0.00234,1.00000,0.00000,0.00172,-0.01529,2911.97790,0.25000 ===
 58.00218|I|libbeamng.print:18052| === LSTM_TRACE t=400 v=6.24 ws=5.84,6.13,5.91,6.09 cmd=0.632,0.633,0.615,0.640 cap=2363,2350,1244,1307 des=2363,2350,1088,1144 app=2130,2180,1062,1117 abs=nil,nil,nil,nil ebrake=1.00 ibrake=1.00 hasABS=0 sy=9.42 split=1.000,0.875 ===
 58.00223|I|libbeamng.print:18052| === LSTM_OBS t=400 5.84329,6.13371,5.90547,6.09149,-0.00633,9.42247,-9.65094,0.00551,0.00000,0.00000,0.00381,1.00000,0.00000,0.00158,-0.01447,2717.53430,0.25000 ===
 58.05212|I|libbeamng.print:18052| === LSTM_TRACE t=410 v=5.74 ws=5.35,5.38,5.86,5.53 cmd=0.593,0.600,0.634,0.644 cap=1757,1771,1204,1227 des=1757,1771,1054,1073 app=1738,1756,1028,1048 abs=nil,nil,nil,nil ebrake=1.00 ibrake=1.00 hasABS=0 sy=9.39 split=1.000,0.875 ===
 58.05217|I|libbeamng.print:18052| === LSTM_OBS t=410 5.35457,5.37608,5.86089,5.53089,-0.02145,9.39172,-9.71215,0.00295,0.00000,0.00000,0.00085,1.00000,0.00000,0.00146,-0.01391,2531.06207,0.25000 ===
 58.10212|I|libbeamng.print:18052| === LSTM_TRACE t=420 v=5.26 ws=5.09,4.98,5.31,5.08 cmd=0.681,0.684,0.639,0.651 cap=2185,2206,1289,1305 des=2185,2206,1128,1142 app=2047,2072,1100,1115 abs=nil,nil,nil,nil ebrake=1.00 ibrake=1.00 hasABS=0 sy=9.45 split=1.000,0.875 ===
 58.10219|I|libbeamng.print:18052| === LSTM_OBS t=420 5.08951,4.97564,5.30889,5.08499,-0.00848,9.45247,-9.75445,-0.00036,0.00000,0.00000,0.00000,1.00000,0.00000,0.00147,-0.01362,2340.97860,0.25000 ===
 58.15235|I|libbeamng.print:18052| === LSTM_TRACE t=430 v=4.80 ws=4.11,4.47,4.83,4.56 cmd=0.569,0.579,0.648,0.638 cap=1663,1685,1212,1196 des=1663,1685,1060,1047 app=1864,1862,1034,1022 abs=nil,nil,nil,nil ebrake=1.00 ibrake=1.00 hasABS=0 sy=9.48 split=1.000,0.875 ===
 58.15240|I|libbeamng.print:18052| === LSTM_OBS t=430 4.11130,4.47235,4.83168,4.55734,0.00246,9.47977,-9.82159,-0.00078,0.00000,0.00000,0.00000,1.00000,0.00000,0.00102,-0.01335,2139.92859,0.25000 ===
 58.20191|I|libbeamng.print:18052| === LSTM_TRACE t=440 v=4.32 ws=3.86,3.89,4.46,3.97 cmd=0.751,0.748,0.668,0.659 cap=2230,2218,1292,1278 des=2230,2218,1131,1119 app=2203,2196,1102,1091 abs=nil,nil,nil,nil ebrake=1.00 ibrake=1.00 hasABS=0 sy=9.49 split=1.000,0.875 ===
 58.20196|I|libbeamng.print:18052| === LSTM_OBS t=440 3.85939,3.89473,4.45824,3.97304,0.00098,9.48709,-9.82360,-0.01511,0.00000,0.00000,0.00520,1.00000,0.00000,0.00101,-0.01301,1931.12733,0.25000 ===
 58.25250|I|libbeamng.print:18052| === LSTM_TRACE t=450 v=3.82 ws=3.14,3.39,3.53,4.01 cmd=0.669,0.677,0.674,0.642 cap=1775,1817,1254,1183 des=1775,1817,1097,1035 app=1763,1798,1069,1009 abs=nil,nil,nil,nil ebrake=1.00 ibrake=1.00 hasABS=0 sy=9.56 split=1.000,0.875 ===
 58.25257|I|libbeamng.print:18052| === LSTM_OBS t=450 3.14269,3.39374,3.53011,4.01008,0.01192,9.55769,-9.80276,0.00687,0.00000,0.00000,0.00000,1.00000,0.00000,0.00090,-0.01291,1724.44306,0.25000 ===
 58.30193|I|libbeamng.print:18052| === LSTM_TRACE t=460 v=3.30 ws=3.00,2.93,3.21,3.06 cmd=0.836,0.837,0.698,0.664 cap=2448,2467,1367,1286 des=2448,2467,1196,1125 app=2312,2381,1164,1096 abs=nil,nil,nil,nil ebrake=1.00 ibrake=1.00 hasABS=0 sy=9.74 split=1.000,0.875 ===
 58.30197|I|libbeamng.print:18052| === LSTM_OBS t=460 2.99676,2.92533,3.20738,3.05734,0.00584,9.74176,-9.72986,-0.00031,0.00000,0.00000,0.00000,1.00000,0.00000,0.00092,-0.01319,1527.76999,0.25000 ===
 58.35206|I|libbeamng.print:18052| === LSTM_TRACE t=470 v=2.79 ws=0.51,0.89,2.88,2.61 cmd=0.674,0.708,0.697,0.621 cap=1962,2075,1339,1186 des=1962,2075,1172,1037 app=1933,2050,1140,1010 abs=nil,nil,nil,nil ebrake=1.00 ibrake=1.00 hasABS=0 sy=9.92 split=1.000,0.875 ===
 58.35211|I|libbeamng.print:18052| === LSTM_OBS t=470 0.50763,0.89329,2.88287,2.61386,-0.00322,9.92449,-9.72593,-0.00638,0.00000,0.00000,0.00069,1.00000,0.00000,0.00100,-0.01379,1326.45581,0.25000 ===
 58.40228|I|libbeamng.print:18052| === LSTM_TRACE t=480 v=2.28 ws=0.07,0.07,2.00,2.14 cmd=0.963,0.963,0.794,0.720 cap=2976,2975,1541,1408 des=2976,2975,1349,1232 app=2930,2937,1312,1199 abs=nil,nil,nil,nil ebrake=1.00 ibrake=1.00 hasABS=0 sy=9.98 split=1.000,0.875 ===
 58.40233|I|libbeamng.print:18052| === LSTM_OBS t=480 0.06809,0.07491,2.00100,2.14467,0.00854,9.98378,-9.58825,-0.01776,0.00000,0.00000,0.00091,1.00000,0.00000,0.00038,-0.01451,1123.88981,0.25000 ===
 58.45220|I|libbeamng.print:18052| === LSTM_TRACE t=490 v=1.75 ws=0.00,0.03,1.04,1.29 cmd=0.984,0.984,0.823,0.766 cap=3048,3047,1591,1478 des=3048,3047,1392,1293 app=2997,3004,1353,1257 abs=nil,nil,nil,nil ebrake=1.00 ibrake=1.00 hasABS=0 sy=10.12 split=1.000,0.875 ===
 58.45224|I|libbeamng.print:18052| === LSTM_OBS t=490 0.00429,0.02887,1.04125,1.28949,-0.04042,10.12007,-9.56326,-0.01751,0.00000,0.00000,0.00162,1.00000,0.00000,-0.00038,-0.01473,925.37023,0.25000 ===
 58.50249|I|libbeamng.print:18052| === LSTM_TRACE t=500 v=1.19 ws=0.01,0.02,0.35,0.63 cmd=0.993,0.993,0.853,0.824 cap=3076,3078,1653,1590 des=3076,3078,1446,1391 app=3022,3032,1404,1351 abs=nil,nil,nil,nil ebrake=1.00 ibrake=1.00 hasABS=0 sy=10.32 split=1.000,0.875 ===
 58.50253|I|libbeamng.print:18052| === LSTM_OBS t=500 0.01372,0.01561,0.34975,0.63132,-0.13881,10.31889,-9.54286,-0.02143,0.00000,0.00000,0.00169,1.00000,0.00000,-0.00019,-0.01441,762.27259,0.25000 ===
 58.55188|I|libbeamng.print:18052| === LSTM_TRACE t=510 v=0.62 ws=0.00,0.02,0.28,0.23 cmd=0.993,0.993,0.870,0.868 cap=3078,3079,1687,1679 des=3078,3079,1477,1469 app=3021,3030,1432,1425 abs=nil,nil,nil,nil ebrake=1.00 ibrake=1.00 hasABS=0 sy=10.58 split=1.000,0.875 ===
 58.55196|I|libbeamng.print:18052| === LSTM_OBS t=510 0.00165,0.01556,0.28047,0.22562,-0.04333,10.58121,-9.47885,-0.00218,0.00000,0.00000,0.00115,1.00000,0.00000,-0.00122,-0.01380,733.79266,0.25000 ===
 88.74899|I|libbeamng.print:18052| === LSTM_TRACE t=0 v=27.71 ws=27.68,27.78,27.35,27.37 cmd=0.925,0.917,0.538,0.550 cap=155,155,97,97 des=155,155,85,85 app=148,149,81,81 abs=nil,nil,nil,nil ebrake=1.00 ibrake=1.00 hasABS=0 sy=1.57 split=1.000,0.875 ===
 88.74910|I|libbeamng.print:18052| === LSTM_OBS t=0 27.67804,27.78311,27.35391,27.36868,-0.01090,1.57095,-9.79391,-0.00385,0.00000,0.00000,0.00049,1.00000,0.00000,0.00083,-0.00904,7858.19830,0.25000 ===
 88.79876|I|libbeamng.print:18052| === LSTM_TRACE t=10 v=27.43 ws=26.71,26.45,26.71,26.78 cmd=0.483,0.579,0.642,0.665 cap=1382,1665,1192,1225 des=1382,1665,1043,1072 app=1330,1607,1001,1028 abs=nil,nil,nil,nil ebrake=1.00 ibrake=1.00 hasABS=0 sy=2.14 split=1.000,0.875 ===
 88.79881|I|libbeamng.print:18052| === LSTM_OBS t=10 26.70904,26.44729,26.70954,26.78442,-0.00934,2.13794,-9.75200,-0.01408,0.00000,0.00000,0.00085,1.00000,0.00000,0.00082,-0.00999,7774.60540,0.25000 ===
 88.81898|I|libbeamng.print:18052| === LSTM_ABS DBG raw=25.6022,25.3199,26.3009,26.3374,-0.0418,2.7015,-9.7520,-0.0132,0.0000,0.0000,0.0019,1.0000,0.0000,0.0010,-0.0109,7691.3481,0.2500 ===
 88.81902|I|libbeamng.print:18052| === LSTM_ABS DBG norm=0.51,0.43,0.51,0.49,-0.19,-2.07,0.00,-0.07,0.06,-0.06,-0.03,0.59,-0.02,0.00,0.00,3.81,0.00 ===
 88.81902|I|libbeamng.print:18052| === LSTM_ABS DBG cmd=0.6864,0.7625,0.7385,0.7614 ===
 88.84931|I|libbeamng.print:18052| === LSTM_TRACE t=20 v=26.96 ws=24.81,24.30,25.75,25.72 cmd=0.703,0.758,0.749,0.768 cap=2167,2350,1460,1497 des=2167,2350,1277,1310 app=2101,2286,1237,1269 abs=nil,nil,nil,nil ebrake=1.00 ibrake=1.00 hasABS=0 sy=3.78 split=1.000,0.875 ===
 88.84942|I|libbeamng.print:18052| === LSTM_OBS t=20 24.81381,24.30459,25.74803,25.72282,-0.02032,3.77887,-9.57141,-0.01576,0.00000,0.00000,0.00244,1.00000,0.00000,0.00105,-0.01265,7531.70930,0.25000 ===
 88.89918|I|libbeamng.print:18052| === LSTM_TRACE t=30 v=26.43 ws=24.48,23.91,24.88,24.90 cmd=0.740,0.773,0.680,0.702 cap=2322,2426,1335,1379 des=2322,2426,1168,1206 app=2267,2374,1139,1176 abs=nil,nil,nil,nil ebrake=1.00 ibrake=1.00 hasABS=0 sy=5.66 split=1.000,0.875 ===
 88.89922|I|libbeamng.print:18052| === LSTM_OBS t=30 24.48306,23.91117,24.87632,24.90275,0.02469,5.65982,-9.35205,-0.00541,0.00000,0.00000,0.00239,1.00000,0.00000,0.00137,-0.01527,7254.64100,0.25000 ===
 88.94886|I|libbeamng.print:18052| === LSTM_TRACE t=40 v=25.81 ws=23.69,23.35,24.24,24.25 cmd=0.780,0.799,0.685,0.711 cap=2413,2479,1344,1389 des=2413,2479,1176,1215 app=2368,2439,1152,1190 abs=nil,nil,nil,nil ebrake=1.00 ibrake=1.00 hasABS=0 sy=7.25 split=1.000,0.875 ===
 88.94890|I|libbeamng.print:18052| === LSTM_OBS t=40 23.69375,23.34734,24.24083,24.24841,0.01386,7.25448,-9.41565,0.01214,0.00000,0.00000,0.00289,1.00000,0.00000,0.00141,-0.01705,7034.74966,0.25000 ===
 88.99895|I|libbeamng.print:18052| === LSTM_TRACE t=50 v=25.21 ws=23.04,22.86,23.65,23.49 cmd=0.815,0.825,0.730,0.738 cap=2507,2540,1436,1446 des=2507,2540,1257,1265 app=2471,2509,1235,1244 abs=nil,nil,nil,nil ebrake=1.00 ibrake=1.00 hasABS=0 sy=8.68 split=1.000,0.875 ===
 88.99900|I|libbeamng.print:18052| === LSTM_OBS t=50 23.04249,22.86154,23.64656,23.48833,0.06192,8.68047,-9.54110,0.00243,0.00000,0.00000,0.00326,1.00000,0.00000,0.00110,-0.01862,6847.11015,0.25000 ===
 89.04921|I|libbeamng.print:18052| === LSTM_TRACE t=60 v=24.60 ws=22.23,22.13,23.02,22.73 cmd=0.792,0.798,0.741,0.748 cap=2505,2529,1430,1449 des=2505,2529,1251,1268 app=2477,2504,1233,1251 abs=nil,nil,nil,nil ebrake=1.00 ibrake=1.00 hasABS=0 sy=9.72 split=1.000,0.875 ===
 89.04925|I|libbeamng.print:18052| === LSTM_OBS t=60 22.23271,22.12624,23.02091,22.73186,0.10241,9.72364,-9.67958,-0.01757,0.00000,0.00000,0.00389,1.00000,0.00000,0.00073,-0.01966,6644.49524,0.25000 ===
 89.09910|I|libbeamng.print:18052| === LSTM_TRACE t=70 v=23.99 ws=21.60,21.19,22.14,21.81 cmd=0.816,0.818,0.767,0.779 cap=2348,2367,1481,1498 des=2348,2367,1296,1311 app=2328,2350,1280,1296 abs=nil,nil,nil,nil ebrake=1.00 ibrake=1.00 hasABS=0 sy=10.45 split=1.000,0.875 ===
 89.09914|I|libbeamng.print:18052| === LSTM_OBS t=70 21.59929,21.18908,22.13638,21.81299,0.10257,10.45204,-9.76222,-0.00270,0.00000,0.00000,0.00357,1.00000,0.00000,0.00068,-0.01985,6422.10193,0.25000 ===
 89.14892|I|libbeamng.print:18052| === LSTM_TRACE t=80 v=23.39 ws=20.65,20.19,21.49,21.08 cmd=0.765,0.761,0.760,0.773 cap=2448,2439,1488,1512 des=2448,2439,1302,1323 app=2431,2425,1289,1310 abs=nil,nil,nil,nil ebrake=1.00 ibrake=1.00 hasABS=0 sy=10.93 split=1.000,0.875 ===
 89.14897|I|libbeamng.print:18052| === LSTM_OBS t=80 20.65377,20.18810,21.49131,21.08286,0.10591,10.93294,-9.77452,0.01161,0.00000,0.00000,0.00360,1.00000,0.00000,0.00086,-0.01940,6194.60654,0.25000 ===
 89.19920|I|libbeamng.print:18052| === LSTM_TRACE t=90 v=22.81 ws=19.41,19.13,20.72,20.34 cmd=0.727,0.717,0.727,0.735 cap=2478,2451,1476,1502 des=2478,2451,1291,1314 app=2465,2440,1280,1303 abs=nil,nil,nil,nil ebrake=1.00 ibrake=1.00 hasABS=0 sy=11.21 split=1.000,0.875 ===
 89.19924|I|libbeamng.print:18052| === LSTM_OBS t=90 19.41438,19.12545,20.72028,20.34081,0.09469,11.20987,-9.71684,-0.01203,0.00000,0.00000,0.00342,1.00000,0.00000,0.00107,-0.01858,5973.11274,0.25000 ===
 89.24939|I|libbeamng.print:18052| === LSTM_TRACE t=100 v=22.21 ws=17.98,18.64,20.00,19.69 cmd=0.764,0.751,0.767,0.777 cap=2114,2073,1427,1438 des=2114,2073,1249,1258 app=2105,2066,1239,1249 abs=nil,nil,nil,nil ebrake=1.00 ibrake=1.00 hasABS=0 sy=11.38 split=1.000,0.875 ===
 89.24943|I|libbeamng.print:18052| === LSTM_OBS t=100 17.97559,18.64406,20.00085,19.68511,0.09479,11.38221,-9.63395,0.01206,0.00000,0.00000,0.00229,1.00000,0.00000,0.00119,-0.01773,5766.27663,0.25000 ===
 89.29890|I|libbeamng.print:18052| === LSTM_TRACE t=110 v=21.62 ws=16.63,18.56,19.25,19.08 cmd=0.850,0.837,0.761,0.772 cap=2439,2382,1444,1465 des=2439,2382,1264,1281 app=2376,2337,1255,1273 abs=nil,nil,nil,nil ebrake=1.00 ibrake=1.00 hasABS=0 sy=11.50 split=1.000,0.875 ===
 89.29895|I|libbeamng.print:18052| === LSTM_OBS t=110 16.62949,18.56307,19.25099,19.08048,0.09830,11.50426,-9.58918,0.00404,0.00000,0.00000,0.00311,1.00000,0.00000,0.00122,-0.01718,5571.06455,0.25000 ===
 89.34934|I|libbeamng.print:18052| === LSTM_TRACE t=120 v=21.03 ws=14.54,18.78,18.63,18.45 cmd=0.668,0.651,0.736,0.746 cap=2168,2124,1370,1386 des=2168,2124,1198,1212 app=2162,2119,1191,1205 abs=nil,nil,nil,nil ebrake=1.00 ibrake=1.00 hasABS=0 sy=11.55 split=1.000,0.875 ===
 89.34940|I|libbeamng.print:18052| === LSTM_OBS t=120 14.54373,18.78098,18.63151,18.45171,0.09832,11.55199,-9.58170,-0.00813,0.00000,0.00000,0.00261,1.00000,0.00000,0.00112,-0.01674,5385.30309,0.25000 ===
 89.39932|I|libbeamng.print:18052| === LSTM_TRACE t=130 v=20.46 ws=12.76,19.53,17.96,17.61 cmd=0.670,0.658,0.718,0.728 cap=2258,2225,1430,1450 des=2258,2225,1251,1269 app=2251,2222,1244,1262 abs=nil,nil,nil,nil ebrake=1.00 ibrake=1.00 hasABS=0 sy=11.58 split=1.000,0.875 ===
 89.39937|I|libbeamng.print:18052| === LSTM_OBS t=130 12.75894,19.52729,17.96488,17.61039,0.10016,11.57978,-9.59652,-0.01192,0.00000,0.00000,0.00216,1.00000,0.00000,0.00088,-0.01647,5202.53902,0.25000 ===
 89.44940|I|libbeamng.print:18052| === LSTM_TRACE t=140 v=19.91 ws=11.75,19.08,17.59,16.90 cmd=0.715,0.702,0.738,0.747 cap=1927,1898,1382,1395 des=1927,1898,1209,1220 app=1922,1896,1203,1214 abs=nil,nil,nil,nil ebrake=1.00 ibrake=1.00 hasABS=0 sy=11.48 split=1.000,0.875 ===
 89.44944|I|libbeamng.print:18052| === LSTM_OBS t=140 11.75356,19.08481,17.58758,16.89564,0.12108,11.47939,-9.60421,-0.00863,0.00000,0.00000,0.00285,1.00000,0.00000,0.00055,-0.01605,5020.36882,0.25000 ===
 89.49924|I|libbeamng.print:18052| === LSTM_TRACE t=150 v=19.36 ws=10.64,18.33,17.22,15.85 cmd=0.558,0.548,0.695,0.702 cap=2151,2108,1366,1383 des=2151,2108,1196,1210 app=2146,2106,1190,1204 abs=nil,nil,nil,nil ebrake=1.00 ibrake=1.00 hasABS=0 sy=11.35 split=1.000,0.875 ===
 89.49929|I|libbeamng.print:18052| === LSTM_OBS t=150 10.64077,18.32648,17.21994,15.84682,0.12540,11.34585,-9.60549,-0.00076,0.00000,0.00000,0.00210,1.00000,0.00000,0.00025,-0.01541,4846.76878,0.25000 ===
 89.54915|I|libbeamng.print:18052| === LSTM_TRACE t=160 v=18.80 ws=9.87,18.10,17.24,15.02 cmd=0.709,0.700,0.655,0.666 cap=2429,2387,1368,1389 des=2429,2387,1197,1215 app=2126,2098,1191,1209 abs=nil,nil,nil,nil ebrake=1.00 ibrake=1.00 hasABS=0 sy=11.26 split=1.000,0.875 ===
 89.54920|I|libbeamng.print:18052| === LSTM_OBS t=160 9.86521,18.09584,17.24039,15.02274,0.14457,11.25517,-9.60476,0.01059,0.00000,0.00000,0.00249,1.00000,0.00000,-0.00013,-0.01492,4692.51201,0.25000 ===
 89.59916|I|libbeamng.print:18052| === LSTM_TRACE t=170 v=18.26 ws=9.13,17.43,17.18,14.52 cmd=0.637,0.633,0.560,0.572 cap=2140,2116,1135,1162 des=2140,2116,993,1017 app=2134,2116,989,1012 abs=nil,nil,nil,nil ebrake=1.00 ibrake=1.00 hasABS=0 sy=11.19 split=1.000,0.875 ===
 89.59922|I|libbeamng.print:18052| === LSTM_OBS t=170 9.12869,17.43038,17.18096,14.51942,0.17857,11.18543,-9.62624,0.00655,0.00000,0.00000,0.00331,1.00000,0.00000,-0.00041,-0.01473,4565.96897,0.25000 ===
 89.64887|I|libbeamng.print:18052| === LSTM_TRACE t=180 v=17.70 ws=8.93,17.13,16.55,13.60 cmd=0.783,0.778,0.477,0.496 cap=2120,2107,983,1007 des=2120,2107,860,881 app=2065,2064,856,877 abs=nil,nil,nil,nil ebrake=1.00 ibrake=1.00 hasABS=0 sy=11.16 split=1.000,0.875 ===
 89.64892|I|libbeamng.print:18052| === LSTM_OBS t=180 8.93371,17.13146,16.54721,13.59668,0.20844,11.16023,-9.67622,0.02043,0.00000,0.00000,0.00234,1.00000,0.00000,-0.00065,-0.01482,4501.31326,0.25000 ===
 89.69898|I|libbeamng.print:18052| === LSTM_TRACE t=190 v=17.14 ws=7.99,16.48,16.30,12.44 cmd=0.779,0.771,0.442,0.462 cap=1544,1548,688,710 des=1544,1548,602,621 app=1539,1548,599,618 abs=nil,nil,nil,nil ebrake=1.00 ibrake=1.00 hasABS=0 sy=11.14 split=1.000,0.875 ===
 89.69907|I|libbeamng.print:18052| === LSTM_OBS t=190 7.99181,16.47673,16.30305,12.43989,0.19626,11.14301,-9.72764,0.02494,0.00000,0.00000,0.00354,1.00000,0.00000,-0.00063,-0.01556,4539.00349,0.25000 ===
 89.74895|I|libbeamng.print:18052| === LSTM_TRACE t=200 v=16.62 ws=8.02,15.91,15.50,10.99 cmd=0.458,0.464,0.278,0.289 cap=2722,2707,744,808 des=2722,2707,651,707 app=2263,2265,648,703 abs=nil,nil,nil,nil ebrake=1.00 ibrake=1.00 hasABS=0 sy=11.09 split=1.000,0.875 ===
 89.74900|I|libbeamng.print:18052| === LSTM_OBS t=200 8.02050,15.90791,15.50278,10.98684,0.11450,11.09456,-9.76353,0.02602,0.00000,0.00000,0.00372,1.00000,0.00000,-0.00028,-0.01661,4605.66223,0.25000 ===
 89.79926|I|libbeamng.print:18052| === LSTM_TRACE t=210 v=16.06 ws=8.53,15.28,15.23,10.12 cmd=0.664,0.668,0.357,0.385 cap=1838,1841,671,712 des=1838,1841,587,623 app=1832,1841,583,619 abs=nil,nil,nil,nil ebrake=1.00 ibrake=1.00 hasABS=0 sy=11.00 split=1.000,0.875 ===
 89.79932|I|libbeamng.print:18052| === LSTM_OBS t=210 8.52949,15.27562,15.22534,10.11631,0.05055,10.99630,-9.77329,0.03609,0.00000,0.00000,0.00256,1.00000,0.00000,0.00050,-0.01774,4659.56048,0.25000 ===
 89.84924|I|libbeamng.print:18052| === LSTM_TRACE t=220 v=15.52 ws=7.98,14.97,14.85,9.28 cmd=0.596,0.605,0.327,0.357 cap=1900,1912,642,699 des=1900,1912,561,612 app=1893,1912,558,607 abs=nil,nil,nil,nil ebrake=1.00 ibrake=1.00 hasABS=0 sy=10.93 split=1.000,0.875 ===
 89.84930|I|libbeamng.print:18052| === LSTM_OBS t=220 7.98471,14.97190,14.85118,9.27875,-0.03696,10.92565,-9.74076,0.03268,0.00000,0.00000,0.00091,1.00000,0.00000,0.00118,-0.01855,4707.09665,0.25000 ===
 89.90048|I|libbeamng.print:18052| === LSTM_TRACE t=230 v=15.00 ws=7.92,14.37,14.49,8.34 cmd=0.620,0.626,0.370,0.410 cap=2062,2076,718,797 des=2062,2076,628,698 app=2054,2076,624,692 abs=nil,nil,nil,nil ebrake=1.00 ibrake=1.00 hasABS=0 sy=10.85 split=1.000,0.875 ===
 89.90053|I|libbeamng.print:18052| === LSTM_OBS t=230 7.92084,14.37319,14.49358,8.34101,-0.12640,10.84809,-9.69897,0.03929,0.00000,0.00000,0.00285,1.00000,0.00000,0.00183,-0.01938,4733.19922,0.25000 ===
 89.94928|I|libbeamng.print:18052| === LSTM_TRACE t=240 v=14.48 ws=7.43,13.91,14.03,7.98 cmd=0.609,0.619,0.394,0.442 cap=2062,2083,775,871 des=2062,2083,678,762 app=2054,2083,673,756 abs=nil,nil,nil,nil ebrake=1.00 ibrake=1.00 hasABS=0 sy=10.76 split=1.000,0.875 ===
 89.94932|I|libbeamng.print:18052| === LSTM_OBS t=240 7.42666,13.91118,14.03488,7.98427,-0.21713,10.75886,-9.65179,0.02804,0.00000,0.00000,0.00189,1.00000,0.00000,0.00231,-0.01996,4713.80563,0.25000 ===
 89.99928|I|libbeamng.print:18052| === LSTM_TRACE t=250 v=13.96 ws=7.06,13.35,13.33,7.97 cmd=0.652,0.664,0.466,0.518 cap=1918,1953,894,994 des=1918,1953,783,870 app=1910,1953,777,862 abs=nil,nil,nil,nil ebrake=1.00 ibrake=1.00 hasABS=0 sy=10.65 split=1.000,0.875 ===
 89.99933|I|libbeamng.print:18052| === LSTM_OBS t=250 7.06285,13.34615,13.32538,7.97331,-0.28870,10.64640,-9.60231,0.01675,0.00000,0.00000,0.00234,1.00000,0.00000,0.00277,-0.02016,4642.42701,0.25000 ===
 90.04978|I|libbeamng.print:18052| === LSTM_TRACE t=260 v=13.44 ws=6.48,12.83,12.88,8.02 cmd=0.653,0.667,0.546,0.598 cap=1805,1863,1011,1109 des=1805,1863,885,970 app=1797,1863,878,961 abs=nil,nil,nil,nil ebrake=1.00 ibrake=1.00 hasABS=0 sy=10.57 split=1.000,0.875 ===
 90.04984|I|libbeamng.print:18052| === LSTM_OBS t=260 6.48258,12.83470,12.87587,8.01691,-0.34092,10.56537,-9.55990,0.01507,0.00000,0.00000,0.00289,1.00000,0.00000,0.00311,-0.02009,4546.02232,0.25000 ===
 90.09894|I|libbeamng.print:18052| === LSTM_TRACE t=270 v=12.92 ws=5.74,12.13,12.41,8.08 cmd=0.474,0.495,0.541,0.596 cap=2237,2262,1097,1209 des=2237,2262,960,1058 app=2227,2262,953,1047 abs=nil,nil,nil,nil ebrake=1.00 ibrake=1.00 hasABS=0 sy=10.51 split=1.000,0.875 ===
 90.09899|I|libbeamng.print:18052| === LSTM_OBS t=270 5.73956,12.13370,12.41113,8.08196,-0.35966,10.50691,-9.50504,0.02530,0.00000,0.00000,0.00204,1.00000,0.00000,0.00319,-0.01984,4428.40210,0.25000 ===
 90.14918|I|libbeamng.print:18052| === LSTM_TRACE t=280 v=12.39 ws=5.66,11.92,11.78,7.83 cmd=0.691,0.705,0.663,0.706 cap=1443,1521,1255,1338 des=1443,1521,1098,1171 app=1515,1546,1090,1159 abs=nil,nil,nil,nil ebrake=1.00 ibrake=1.00 hasABS=0 sy=10.48 split=1.000,0.875 ===
 90.14927|I|libbeamng.print:18052| === LSTM_OBS t=280 5.65770,11.91983,11.78367,7.82505,-0.35710,10.48360,-9.49651,0.00841,0.00000,0.00000,0.00000,1.00000,0.00000,0.00313,-0.01921,4290.39014,0.25000 ===
 90.19922|I|libbeamng.print:18052| === LSTM_TRACE t=290 v=11.88 ws=5.84,11.27,11.38,7.76 cmd=0.643,0.651,0.593,0.645 cap=2430,2439,1167,1273 des=2430,2439,1021,1114 app=2368,2439,1013,1102 abs=nil,nil,nil,nil ebrake=1.00 ibrake=1.00 hasABS=0 sy=10.48 split=1.000,0.875 ===
 90.19926|I|libbeamng.print:18052| === LSTM_OBS t=290 5.84096,11.27045,11.38282,7.75851,-0.36095,10.47741,-9.48930,0.01731,0.00000,0.00000,0.00307,1.00000,0.00000,0.00313,-0.01831,4140.99752,0.25000 ===
 90.24924|I|libbeamng.print:18052| === LSTM_TRACE t=300 v=11.33 ws=5.30,10.87,10.91,7.42 cmd=0.676,0.687,0.681,0.722 cap=1514,1570,1218,1301 des=1514,1570,1066,1139 app=1597,1664,1058,1127 abs=nil,nil,nil,nil ebrake=1.00 ibrake=1.00 hasABS=0 sy=10.54 split=1.000,0.875 ===
 90.24929|I|libbeamng.print:18052| === LSTM_OBS t=300 5.29905,10.86842,10.91351,7.42155,-0.32471,10.54293,-9.47837,0.01488,0.00000,0.00000,0.00307,1.00000,0.00000,0.00298,-0.01744,3996.06204,0.25000 ===
 90.29899|I|libbeamng.print:18052| === LSTM_TRACE t=310 v=10.78 ws=5.68,10.28,10.39,7.37 cmd=0.654,0.656,0.594,0.644 cap=2422,2414,1224,1322 des=2422,2414,1071,1157 app=2368,2414,1063,1145 abs=nil,nil,nil,nil ebrake=1.00 ibrake=1.00 hasABS=0 sy=10.63 split=1.000,0.875 ===
 90.29904|I|libbeamng.print:18052| === LSTM_OBS t=310 5.68189,10.27686,10.38937,7.36910,-0.31731,10.63334,-9.50853,0.01116,0.00000,0.00000,0.00478,1.00000,0.00000,0.00274,-0.01681,3860.28468,0.25000 ===
 90.34912|I|libbeamng.print:18052| === LSTM_TRACE t=320 v=10.22 ws=5.94,9.68,9.84,7.28 cmd=0.636,0.639,0.631,0.670 cap=2093,2092,1244,1318 des=2093,2092,1088,1153 app=2081,2092,1080,1141 abs=nil,nil,nil,nil ebrake=1.00 ibrake=1.00 hasABS=0 sy=10.75 split=1.000,0.875 ===
 90.34917|I|libbeamng.print:18052| === LSTM_OBS t=320 5.93533,9.68051,9.84119,7.28314,-0.31837,10.74526,-9.55545,0.02257,0.00000,0.00000,0.00189,1.00000,0.00000,0.00267,-0.01643,3723.01234,0.25000 ===
 90.39932|I|libbeamng.print:18052| === LSTM_TRACE t=330 v=9.68 ws=6.24,9.24,9.06,7.17 cmd=0.710,0.706,0.606,0.647 cap=2191,2182,1241,1313 des=2191,2182,1086,1149 app=2178,2182,1078,1137 abs=nil,nil,nil,nil ebrake=1.00 ibrake=1.00 hasABS=0 sy=10.88 split=1.000,0.875 ===
 90.39937|I|libbeamng.print:18052| === LSTM_OBS t=330 6.23951,9.24234,9.06356,7.16754,-0.29587,10.88281,-9.61815,0.00677,0.00000,0.00000,0.00224,1.00000,0.00000,0.00252,-0.01620,3588.75254,0.25000 ===
 90.44903|I|libbeamng.print:18052| === LSTM_TRACE t=340 v=9.10 ws=6.38,8.74,8.74,7.48 cmd=0.850,0.843,0.685,0.708 cap=1821,1842,1247,1276 des=1821,1842,1091,1116 app=1810,1842,1083,1104 abs=nil,nil,nil,nil ebrake=1.00 ibrake=1.00 hasABS=0 sy=11.00 split=1.000,0.875 ===
 90.44907|I|libbeamng.print:18052| === LSTM_OBS t=340 6.37946,8.74298,8.73631,7.48491,-0.28645,11.00419,-9.65268,0.00573,0.00000,0.00000,0.00345,1.00000,0.00000,0.00253,-0.01635,3457.02687,0.25000 ===
 90.49930|I|libbeamng.print:18052| === LSTM_TRACE t=350 v=8.51 ws=6.05,7.91,7.95,7.38 cmd=0.659,0.665,0.630,0.642 cap=2262,2271,1257,1278 des=2262,2271,1100,1119 app=2248,2271,1091,1107 abs=nil,nil,nil,nil ebrake=1.00 ibrake=1.00 hasABS=0 sy=11.15 split=1.000,0.875 ===
 90.49935|I|libbeamng.print:18052| === LSTM_OBS t=350 6.05484,7.90864,7.95150,7.37610,-0.29662,11.14547,-9.68097,0.02139,0.00000,0.00000,0.00134,1.00000,0.00000,0.00260,-0.01645,3327.80262,0.25000 ===
 90.54902|I|libbeamng.print:18052| === LSTM_TRACE t=360 v=7.94 ws=5.88,7.33,7.33,7.35 cmd=0.707,0.711,0.650,0.650 cap=2439,2450,1285,1287 des=2439,2450,1124,1126 app=2424,2450,1115,1114 abs=nil,nil,nil,nil ebrake=1.00 ibrake=1.00 hasABS=0 sy=11.30 split=1.000,0.875 ===
 90.54907|I|libbeamng.print:18052| === LSTM_OBS t=360 5.87805,7.32604,7.33058,7.34520,-0.28919,11.29890,-9.70588,0.01745,0.00000,0.00000,0.00389,1.00000,0.00000,0.00250,-0.01674,3199.45721,0.25000 ===
 90.59936|I|libbeamng.print:18052| === LSTM_TRACE t=370 v=7.36 ws=5.88,6.70,6.77,7.08 cmd=0.751,0.759,0.680,0.663 cap=2256,2283,1295,1266 des=2256,2283,1133,1108 app=2242,2283,1124,1097 abs=nil,nil,nil,nil ebrake=1.00 ibrake=1.00 hasABS=0 sy=11.37 split=1.000,0.875 ===
 90.59941|I|libbeamng.print:18052| === LSTM_OBS t=370 5.87539,6.70413,6.77434,7.07824,-0.33429,11.36630,-9.71716,-0.00385,0.00000,0.00000,0.00378,1.00000,0.00000,0.00277,-0.01701,3061.00333,0.25000 ===
 90.64922|I|libbeamng.print:18052| === LSTM_TRACE t=380 v=6.79 ws=5.76,6.07,6.49,6.65 cmd=0.667,0.688,0.664,0.630 cap=2234,2286,1297,1236 des=2234,2286,1134,1081 app=2221,2285,1125,1070 abs=nil,nil,nil,nil ebrake=1.00 ibrake=1.00 hasABS=0 sy=11.35 split=1.000,0.875 ===
 90.64927|I|libbeamng.print:18052| === LSTM_OBS t=380 5.75793,6.07276,6.49297,6.65309,-0.31990,11.35138,-9.68840,0.00298,0.00000,0.00000,0.00134,1.00000,0.00000,0.00268,-0.01694,2899.80016,0.25000 ===
 90.69906|I|libbeamng.print:18052| === LSTM_TRACE t=390 v=6.25 ws=5.87,6.03,6.10,6.12 cmd=0.873,0.871,0.671,0.654 cap=2558,2580,1379,1329 des=2558,2580,1206,1163 app=2210,2224,1196,1151 abs=nil,nil,nil,nil ebrake=1.00 ibrake=1.00 hasABS=0 sy=11.28 split=1.000,0.875 ===
 90.69910|I|libbeamng.print:18052| === LSTM_OBS t=390 5.87369,6.02930,6.10307,6.11983,-0.24253,11.27605,-9.67198,-0.01008,0.00000,0.00000,0.00239,1.00000,0.00000,0.00192,-0.01660,2723.25554,0.25000 ===
 90.74897|I|libbeamng.print:18052| === LSTM_TRACE t=400 v=5.74 ws=5.23,5.08,5.90,5.72 cmd=0.672,0.689,0.651,0.602 cap=2132,2153,1185,1117 des=2132,2153,1037,977 app=2175,2198,1028,967 abs=nil,nil,nil,nil ebrake=1.00 ibrake=1.00 hasABS=0 sy=11.09 split=1.000,0.875 ===
 90.74901|I|libbeamng.print:18052| === LSTM_OBS t=400 5.22845,5.08026,5.90158,5.72480,-0.19156,11.09396,-9.67401,-0.00942,0.00000,0.00000,0.00198,1.00000,0.00000,0.00120,-0.01598,2530.78253,0.25000 ===
 90.79911|I|libbeamng.print:18052| === LSTM_TRACE t=410 v=5.22 ws=4.69,4.49,5.11,5.14 cmd=0.738,0.746,0.646,0.600 cap=2423,2452,1284,1201 des=2423,2452,1124,1051 app=2408,2450,1114,1040 abs=nil,nil,nil,nil ebrake=1.00 ibrake=1.00 hasABS=0 sy=10.92 split=1.000,0.875 ===
 90.79915|I|libbeamng.print:18052| === LSTM_OBS t=410 4.68743,4.49483,5.10520,5.14355,-0.15735,10.91768,-9.71911,-0.00538,0.00000,0.00000,0.00176,1.00000,0.00000,0.00053,-0.01525,2328.33907,0.25000 ===
 90.84925|I|libbeamng.print:18052| === LSTM_TRACE t=420 v=4.70 ws=3.85,3.43,4.52,4.67 cmd=0.775,0.786,0.680,0.635 cap=2032,2113,1314,1198 des=2032,2113,1150,1049 app=2019,2111,1139,1037 abs=nil,nil,nil,nil ebrake=1.00 ibrake=1.00 hasABS=0 sy=10.73 split=1.000,0.875 ===
 90.84932|I|libbeamng.print:18052| === LSTM_OBS t=420 3.85066,3.42553,4.52437,4.66621,-0.13669,10.73126,-9.81146,0.00230,0.00000,0.00000,0.00049,1.00000,0.00000,0.00044,-0.01469,2115.30988,0.25000 ===
 90.89913|I|libbeamng.print:18052| === LSTM_TRACE t=430 v=4.20 ws=2.73,1.82,4.45,4.14 cmd=0.633,0.653,0.666,0.596 cap=2385,2395,1286,1187 des=2385,2395,1125,1038 app=2368,2392,1115,1027 abs=nil,nil,nil,nil ebrake=1.00 ibrake=1.00 hasABS=0 sy=10.56 split=1.000,0.875 ===
 90.89919|I|libbeamng.print:18052| === LSTM_OBS t=430 2.72665,1.82271,4.44506,4.14253,-0.09893,10.56010,-9.75846,-0.00543,0.00000,0.00000,0.00424,1.00000,0.00000,0.00018,-0.01416,1900.44746,0.25000 ===
 90.94928|I|libbeamng.print:18052| === LSTM_TRACE t=440 v=3.68 ws=1.84,0.32,3.41,3.52 cmd=0.765,0.783,0.721,0.647 cap=2285,2349,1385,1229 des=2285,2349,1212,1075 app=2268,2344,1200,1063 abs=nil,nil,nil,nil ebrake=1.00 ibrake=1.00 hasABS=0 sy=10.47 split=1.000,0.875 ===
 90.94933|I|libbeamng.print:18052| === LSTM_OBS t=440 1.83724,0.32422,3.40505,3.52069,-0.04497,10.47482,-9.71798,0.00284,0.00000,0.00000,0.00471,1.00000,0.00000,0.00007,-0.01398,1691.02659,0.25000 ===
 90.99903|I|libbeamng.print:18052| === LSTM_TRACE t=450 v=3.16 ws=0.02,0.02,2.82,2.98 cmd=0.945,0.945,0.782,0.713 cap=2942,2940,1540,1422 des=2942,2940,1348,1245 app=2919,2933,1334,1230 abs=nil,nil,nil,nil ebrake=1.00 ibrake=1.00 hasABS=0 sy=10.42 split=1.000,0.875 ===
 90.99914|I|libbeamng.print:18052| === LSTM_OBS t=450 0.01625,0.01581,2.82409,2.97673,-0.08365,10.41509,-9.68103,0.00561,0.00000,0.00000,0.00417,1.00000,0.00000,0.00011,-0.01403,1484.55422,0.25000 ===
 91.04928|I|libbeamng.print:18052| === LSTM_TRACE t=460 v=2.64 ws=0.02,0.01,2.10,2.57 cmd=0.969,0.969,0.789,0.725 cap=3001,3003,1528,1402 des=3001,3003,1337,1227 app=2976,2994,1323,1212 abs=nil,nil,nil,nil ebrake=1.00 ibrake=1.00 hasABS=0 sy=10.40 split=1.000,0.875 ===
 91.04933|I|libbeamng.print:18052| === LSTM_OBS t=460 0.02351,0.00582,2.10124,2.57159,-0.10165,10.39830,-9.59012,-0.00138,0.00000,0.00000,0.00435,1.00000,0.00000,0.00081,-0.01424,1265.71799,0.25000 ===
 91.09885|I|libbeamng.print:18052| === LSTM_TRACE t=470 v=2.11 ws=0.00,0.02,1.61,2.01 cmd=0.988,0.988,0.822,0.785 cap=3059,3060,1595,1520 des=3059,3060,1396,1330 app=3032,3049,1380,1314 abs=nil,nil,nil,nil ebrake=1.00 ibrake=1.00 hasABS=0 sy=10.43 split=1.000,0.875 ===
 91.09890|I|libbeamng.print:18052| === LSTM_OBS t=470 0.00379,0.01615,1.60516,2.01275,-0.07448,10.43180,-9.50869,-0.01180,0.00000,0.00000,0.00525,1.00000,0.00000,0.00113,-0.01413,1050.39924,0.25000 ===
 91.15041|I|libbeamng.print:18052| === LSTM_TRACE t=480 v=1.55 ws=0.00,0.00,0.54,1.27 cmd=0.993,0.993,0.844,0.823 cap=3075,3076,1633,1589 des=3075,3076,1429,1390 app=3046,3063,1413,1372 abs=nil,nil,nil,nil ebrake=1.00 ibrake=1.00 hasABS=0 sy=10.61 split=1.000,0.875 ===
 91.15049|I|libbeamng.print:18052| === LSTM_OBS t=480 0.00015,0.00242,0.53690,1.26688,-0.05299,10.61181,-9.45710,-0.01183,0.00000,0.00000,0.00530,1.00000,0.00000,0.00098,-0.01403,851.45796,0.25000 ===
 91.19996|I|libbeamng.print:18052| === LSTM_TRACE t=490 v=0.95 ws=0.00,0.00,0.85,0.42 cmd=0.992,0.991,0.863,0.860 cap=3076,3075,1675,1667 des=3076,3075,1465,1459 app=3045,3061,1448,1439 abs=nil,nil,nil,nil ebrake=1.00 ibrake=1.00 hasABS=0 sy=10.88 split=1.000,0.875 ===
 91.20002|I|libbeamng.print:18052| === LSTM_OBS t=490 0.00423,0.00407,0.84544,0.42208,-0.03748,10.88375,-9.47565,-0.00608,0.00000,0.00000,0.00570,1.00000,0.00000,0.00045,-0.01391,742.87129,0.25000 ===
 95.76637|I|libbeamng.print:18052| === LSTM_ABS: lens 'band_g_mix_lock' loaded (1 member, 17 in, 64 hidden, 2 layers) ===
 95.76801|I|libbeamng.print:18052| === LSTM_ABS SELFTEST lens=band_g_mix_lock cmd=0.974510,0.945400,0.400856,0.517888 ===
125.09485|I|libbeamng.print:18052| === LSTM_TRACE t=0 v=27.71 ws=27.67,27.77,27.28,27.45 cmd=0.932,0.907,0.549,0.613 cap=155,155,97,97 des=155,155,85,85 app=151,152,83,83 abs=nil,nil,nil,nil ebrake=1.00 ibrake=1.00 hasABS=0 sy=1.57 split=1.000,0.875 ===
125.09491|I|libbeamng.print:18052| === LSTM_OBS t=0 27.67119,27.77326,27.28405,27.45458,0.05783,1.56848,-9.79282,0.00059,0.00000,0.00000,0.00049,1.00000,0.00000,0.00068,-0.00901,7857.75365,0.25000 ===
125.14400|I|libbeamng.print:18052| === LSTM_TRACE t=10 v=27.47 ws=26.63,26.67,26.81,26.87 cmd=0.479,0.456,0.555,0.515 cap=1452,1403,1047,965 des=1452,1403,916,844 app=1419,1379,896,824 abs=nil,nil,nil,nil ebrake=1.00 ibrake=1.00 hasABS=0 sy=2.02 split=1.000,0.875 ===
125.14404|I|libbeamng.print:18052| === LSTM_OBS t=10 26.62554,26.67152,26.81034,26.87351,0.03967,2.02292,-9.71309,-0.00918,0.00000,0.00000,0.00441,1.00000,0.00000,0.00067,-0.00981,7780.10975,0.25000 ===
125.16375|I|libbeamng.print:18052| === LSTM_ABS DBG raw=25.8029,25.9526,26.4967,26.5095,0.0117,2.4609,-9.7269,0.0036,0.0000,0.0000,0.0048,1.0000,0.0000,0.0009,-0.0105,7708.5581,0.2500 ===
125.16379|I|libbeamng.print:18052| === LSTM_ABS DBG norm=0.52,0.47,0.52,0.50,-0.14,-2.14,0.00,0.05,0.06,-0.06,0.16,0.59,-0.02,0.00,0.00,3.82,0.00 ===
125.16379|I|libbeamng.print:18052| === LSTM_ABS DBG cmd=0.6204,0.6021,0.6365,0.6179 ===
125.19337|I|libbeamng.print:18052| === LSTM_TRACE t=20 v=27.02 ws=25.33,25.30,26.01,26.02 cmd=0.643,0.646,0.622,0.640 cap=1989,2000,1217,1239 des=1989,2000,1065,1084 app=1954,1973,1046,1064 abs=nil,nil,nil,nil ebrake=1.00 ibrake=1.00 hasABS=0 sy=3.40 split=1.000,0.875 ===
125.19341|I|libbeamng.print:18052| === LSTM_OBS t=20 25.33284,25.29626,26.01005,26.02481,-0.00294,3.40149,-9.58959,0.00124,0.00000,0.00000,0.00427,1.00000,0.00000,0.00088,-0.01193,7577.40093,0.25000 ===
125.24375|I|libbeamng.print:18052| === LSTM_TRACE t=30 v=26.53 ws=25.32,25.34,25.36,25.35 cmd=0.596,0.620,0.548,0.565 cap=1876,1944,1075,1112 des=1876,1944,940,973 app=1849,1924,927,958 abs=nil,nil,nil,nil ebrake=1.00 ibrake=1.00 hasABS=0 sy=5.14 split=1.000,0.875 ===
125.24380|I|libbeamng.print:18052| === LSTM_OBS t=30 25.31554,25.34496,25.35676,25.35217,-0.01996,5.13703,-9.44580,0.00570,0.00000,0.00000,0.00104,1.00000,0.00000,0.00103,-0.01444,7361.04198,0.25000 ===
125.29433|I|libbeamng.print:18052| === LSTM_TRACE t=40 v=26.02 ws=24.71,24.83,24.84,24.87 cmd=0.648,0.661,0.577,0.591 cap=2064,2099,1126,1163 des=2064,2099,985,1017 app=2041,2084,974,1005 abs=nil,nil,nil,nil ebrake=1.00 ibrake=1.00 hasABS=0 sy=6.46 split=1.000,0.875 ===
125.29438|I|libbeamng.print:18052| === LSTM_OBS t=40 24.71340,24.83030,24.84310,24.86835,-0.03847,6.46500,-9.49552,-0.01310,0.00000,0.00000,0.00226,1.00000,0.00000,0.00120,-0.01606,7194.69323,0.25000 ===
125.34393|I|libbeamng.print:18052| === LSTM_TRACE t=50 v=25.48 ws=23.69,23.83,24.27,24.34 cmd=0.745,0.745,0.628,0.647 cap=2270,2276,1197,1231 des=2270,2276,1048,1077 app=2251,2264,1037,1066 abs=nil,nil,nil,nil ebrake=1.00 ibrake=1.00 hasABS=0 sy=7.70 split=1.000,0.875 ===
125.34398|I|libbeamng.print:18052| === LSTM_OBS t=50 23.69105,23.83431,24.27366,24.34057,0.02110,7.69984,-9.60401,0.00260,0.00000,0.00000,0.00283,1.00000,0.00000,0.00112,-0.01746,7048.44917,0.25000 ===
125.39374|I|libbeamng.print:18052| === LSTM_TRACE t=60 v=24.88 ws=22.41,22.74,23.65,23.69 cmd=0.792,0.795,0.689,0.711 cap=2471,2469,1327,1370 des=2471,2469,1162,1199 app=2457,2461,1153,1189 abs=nil,nil,nil,nil ebrake=1.00 ibrake=1.00 hasABS=0 sy=8.75 split=1.000,0.875 ===
125.39379|I|libbeamng.print:18052| === LSTM_OBS t=60 22.40893,22.73706,23.65479,23.68919,0.02476,8.74889,-9.71106,-0.00113,0.00000,0.00000,0.00289,1.00000,0.00000,0.00117,-0.01887,6877.18453,0.25000 ===
125.44391|I|libbeamng.print:18052| === LSTM_TRACE t=70 v=24.30 ws=21.11,21.69,22.90,22.91 cmd=0.801,0.800,0.728,0.760 cap=2422,2444,1368,1428 des=2422,2444,1197,1249 app=2413,2440,1190,1241 abs=nil,nil,nil,nil ebrake=1.00 ibrake=1.00 hasABS=0 sy=9.64 split=1.000,0.875 ===
125.44397|I|libbeamng.print:18052| === LSTM_OBS t=70 21.10818,21.68731,22.89548,22.91068,0.02742,9.64431,-9.73314,-0.00578,0.00000,0.00000,0.00372,1.00000,0.00000,0.00120,-0.01992,6666.85742,0.25000 ===
125.49354|I|libbeamng.print:18052| === LSTM_TRACE t=80 v=23.71 ws=19.68,21.28,22.15,21.90 cmd=0.811,0.805,0.742,0.776 cap=2348,2358,1402,1459 des=2348,2358,1227,1277 app=2342,2356,1221,1270 abs=nil,nil,nil,nil ebrake=1.00 ibrake=1.00 hasABS=0 sy=10.26 split=1.000,0.875 ===
125.49358|I|libbeamng.print:18052| === LSTM_OBS t=80 19.67623,21.28479,22.14835,21.89820,0.04014,10.25700,-9.73100,-0.00123,0.00000,0.00000,0.00342,1.00000,0.00000,0.00126,-0.02007,6435.50892,0.25000 ===
125.54390|I|libbeamng.print:18052| === LSTM_TRACE t=90 v=23.13 ws=17.84,20.84,21.60,20.90 cmd=0.768,0.768,0.722,0.756 cap=2390,2385,1444,1502 des=2390,2385,1263,1315 app=2386,2385,1259,1310 abs=nil,nil,nil,nil ebrake=1.00 ibrake=1.00 hasABS=0 sy=10.67 split=1.000,0.875 ===
125.54396|I|libbeamng.print:18052| === LSTM_OBS t=90 17.84472,20.84472,21.59651,20.89994,0.07601,10.67302,-9.67488,-0.00456,0.00000,0.00000,0.00307,1.00000,0.00000,0.00108,-0.01956,6211.82236,0.25000 ===
125.59446|I|libbeamng.print:18052| === LSTM_TRACE t=100 v=22.54 ws=15.49,20.81,21.19,19.97 cmd=0.636,0.655,0.696,0.719 cap=2481,2447,1476,1541 des=2481,2447,1291,1348 app=2478,2447,1288,1344 abs=nil,nil,nil,nil ebrake=1.00 ibrake=1.00 hasABS=0 sy=10.97 split=1.000,0.875 ===
125.59453|I|libbeamng.print:18052| === LSTM_OBS t=100 15.48792,20.81329,21.19176,19.96655,0.11551,10.96656,-9.64089,-0.00629,0.00000,0.00000,0.00274,1.00000,0.00000,0.00075,-0.01889,6001.04352,0.25000 ===
125.64391|I|libbeamng.print:18052| === LSTM_TRACE t=110 v=21.96 ws=14.00,20.84,20.88,19.01 cmd=0.740,0.742,0.745,0.778 cap=2067,2064,1465,1507 des=2067,2064,1282,1318 app=2065,2064,1280,1315 abs=nil,nil,nil,nil ebrake=1.00 ibrake=1.00 hasABS=0 sy=11.11 split=1.000,0.875 ===
125.64396|I|libbeamng.print:18052| === LSTM_OBS t=110 13.99717,20.83791,20.88134,19.01187,0.15954,11.10942,-9.59564,0.00458,0.00000,0.00000,0.00134,1.00000,0.00000,0.00023,-0.01812,5796.36576,0.25000 ===
125.69384|I|libbeamng.print:18052| === LSTM_TRACE t=120 v=21.41 ws=12.13,20.42,20.61,18.03 cmd=0.630,0.635,0.701,0.724 cap=2142,2140,1367,1425 des=2142,2140,1196,1247 app=2140,2140,1194,1245 abs=nil,nil,nil,nil ebrake=1.00 ibrake=1.00 hasABS=0 sy=11.15 split=1.000,0.875 ===
125.69392|I|libbeamng.print:18052| === LSTM_OBS t=120 12.13243,20.42475,20.60559,18.02938,0.16153,11.15082,-9.60290,0.01633,0.00000,0.00000,0.00234,1.00000,0.00000,-0.00006,-0.01730,5598.55273,0.25000 ===
125.74391|I|libbeamng.print:18052| === LSTM_TRACE t=130 v=20.87 ws=10.90,19.81,19.98,17.26 cmd=0.660,0.661,0.700,0.726 cap=2042,2041,1368,1424 des=2042,2041,1197,1246 app=2041,2041,1196,1244 abs=nil,nil,nil,nil ebrake=1.00 ibrake=1.00 hasABS=0 sy=11.11 split=1.000,0.875 ===
125.74397|I|libbeamng.print:18052| === LSTM_OBS t=130 10.90475,19.81154,19.97773,17.26249,0.15756,11.11083,-9.61754,0.01771,0.00000,0.00000,0.00285,1.00000,0.00000,0.00014,-0.01648,5409.70837,0.25000 ===
125.79347|I|libbeamng.print:18052| === LSTM_TRACE t=140 v=20.33 ws=9.78,19.44,19.44,16.60 cmd=0.648,0.647,0.711,0.737 cap=1776,1808,1300,1332 des=1776,1808,1138,1166 app=1775,1808,1137,1164 abs=nil,nil,nil,nil ebrake=1.00 ibrake=1.00 hasABS=0 sy=11.02 split=1.000,0.875 ===
125.79353|I|libbeamng.print:18052| === LSTM_OBS t=140 9.78472,19.44085,19.43854,16.60292,0.15884,11.01664,-9.61690,0.02118,0.00000,0.00000,0.00254,1.00000,0.00000,0.00041,-0.01573,5232.99495,0.25000 ===
125.84391|I|libbeamng.print:18052| === LSTM_TRACE t=150 v=19.80 ws=8.81,18.81,18.86,15.83 cmd=0.501,0.533,0.659,0.662 cap=2020,2038,1354,1395 des=2020,2038,1185,1221 app=2018,2038,1184,1219 abs=nil,nil,nil,nil ebrake=1.00 ibrake=1.00 hasABS=0 sy=10.93 split=1.000,0.875 ===
125.84395|I|libbeamng.print:18052| === LSTM_OBS t=150 8.81210,18.81194,18.85701,15.83034,0.11436,10.93255,-9.62889,0.02620,0.00000,0.00000,0.00183,1.00000,0.00000,0.00075,-0.01518,5070.96723,0.25000 ===
125.89540|I|libbeamng.print:18052| === LSTM_TRACE t=160 v=19.26 ws=7.99,18.49,18.44,15.34 cmd=0.594,0.615,0.704,0.721 cap=1562,1674,1319,1319 des=1562,1674,1154,1154 app=1678,1701,1154,1153 abs=nil,nil,nil,nil ebrake=1.00 ibrake=1.00 hasABS=0 sy=10.86 split=1.000,0.875 ===
125.89547|I|libbeamng.print:18052| === LSTM_OBS t=160 7.99266,18.48974,18.43601,15.34015,0.04833,10.86040,-9.63304,0.03267,0.00000,0.00000,0.00234,1.00000,0.00000,0.00118,-0.01481,4918.39193,0.25000 ===
125.94388|I|libbeamng.print:18052| === LSTM_TRACE t=170 v=18.74 ws=7.24,18.02,17.66,14.99 cmd=0.601,0.627,0.717,0.732 cap=1758,1855,1377,1391 des=1758,1855,1205,1217 app=1756,1855,1205,1216 abs=nil,nil,nil,nil ebrake=1.00 ibrake=1.00 hasABS=0 sy=10.80 split=1.000,0.875 ===
125.94392|I|libbeamng.print:18052| === LSTM_OBS t=170 7.23893,18.02401,17.66021,14.99379,-0.02637,10.79550,-9.65617,0.02957,0.00000,0.00000,0.00234,1.00000,0.00000,0.00162,-0.01453,4764.12666,0.25000 ===
125.99404|I|libbeamng.print:18052| === LSTM_TRACE t=180 v=18.20 ws=6.24,17.19,16.85,14.74 cmd=0.423,0.473,0.691,0.691 cap=2134,2169,1438,1484 des=2134,2169,1258,1298 app=2132,2169,1258,1297 abs=nil,nil,nil,nil ebrake=1.00 ibrake=1.00 hasABS=0 sy=10.74 split=1.000,0.875 ===
125.99409|I|libbeamng.print:18052| === LSTM_OBS t=180 6.23638,17.18876,16.85211,14.73973,-0.11195,10.74247,-9.65405,0.03722,0.00000,0.00000,0.00154,1.00000,0.00000,0.00214,-0.01431,4600.74859,0.25000 ===
126.04392|I|libbeamng.print:18052| === LSTM_TRACE t=190 v=17.69 ws=5.64,16.93,15.36,13.53 cmd=0.660,0.671,0.736,0.764 cap=1768,1851,1396,1439 des=1768,1851,1222,1259 app=1766,1851,1222,1258 abs=nil,nil,nil,nil ebrake=1.00 ibrake=1.00 hasABS=0 sy=10.67 split=1.000,0.875 ===
126.04397|I|libbeamng.print:18052| === LSTM_OBS t=190 5.64035,16.93076,15.35934,13.53377,-0.20027,10.66678,-9.65136,0.02392,0.00000,0.00000,0.00244,1.00000,0.00000,0.00251,-0.01399,4444.63025,0.25000 ===
126.09390|I|libbeamng.print:18052| === LSTM_TRACE t=200 v=17.16 ws=4.14,15.85,13.94,12.06 cmd=0.379,0.426,0.722,0.735 cap=1494,1639,1262,1266 des=1494,1639,1105,1108 app=2003,2051,1105,1107 abs=nil,nil,nil,nil ebrake=1.00 ibrake=1.00 hasABS=0 sy=10.63 split=1.000,0.875 ===
126.09395|I|libbeamng.print:18052| === LSTM_OBS t=200 4.14256,15.84604,13.94009,12.05574,-0.25988,10.62553,-9.66882,0.02117,0.00000,0.00000,0.00192,1.00000,0.00000,0.00293,-0.01358,4306.00604,0.25000 ===
126.14393|I|libbeamng.print:18052| === LSTM_TRACE t=210 v=16.61 ws=3.03,16.31,12.23,10.89 cmd=0.815,0.807,0.778,0.818 cap=1696,1761,1511,1560 des=1696,1761,1322,1365 app=1693,1761,1322,1364 abs=nil,nil,nil,nil ebrake=1.00 ibrake=1.00 hasABS=0 sy=10.64 split=1.000,0.875 ===
126.14398|I|libbeamng.print:18052| === LSTM_OBS t=210 3.02906,16.30604,12.23403,10.88660,-0.33167,10.64175,-9.72614,0.02779,0.00000,0.00000,0.00183,1.00000,0.00000,0.00401,-0.01309,4163.20498,0.25000 ===
126.19346|I|libbeamng.print:18052| === LSTM_TRACE t=220 v=16.13 ws=0.69,15.89,10.68,10.11 cmd=0.563,0.576,0.755,0.787 cap=1876,1884,1527,1601 des=1876,1884,1336,1401 app=1829,1884,1336,1400 abs=nil,nil,nil,nil ebrake=1.00 ibrake=1.00 hasABS=0 sy=10.55 split=1.000,0.875 ===
126.19351|I|libbeamng.print:18052| === LSTM_OBS t=220 0.68794,15.88956,10.68328,10.11145,-0.35377,10.55069,-9.75479,0.00871,0.00000,0.00000,0.00210,1.00000,0.00000,0.00521,-0.01214,3997.97436,0.25000 ===
126.24387|I|libbeamng.print:18052| === LSTM_TRACE t=230 v=15.65 ws=0.07,15.15,9.06,9.56 cmd=0.598,0.594,0.804,0.847 cap=1738,1736,1540,1618 des=1738,1736,1347,1416 app=1733,1736,1347,1415 abs=nil,nil,nil,nil ebrake=1.00 ibrake=1.00 hasABS=0 sy=10.27 split=1.000,0.875 ===
126.24392|I|libbeamng.print:18052| === LSTM_OBS t=230 0.06507,15.15327,9.05529,9.56190,-0.34956,10.27239,-9.63483,0.01836,0.00000,0.00000,0.00049,1.00000,0.00000,0.00511,-0.01115,3806.86241,0.25000 ===
126.29391|I|libbeamng.print:18052| === LSTM_TRACE t=240 v=15.15 ws=0.02,14.40,7.94,8.63 cmd=0.624,0.626,0.790,0.828 cap=2053,2039,1567,1644 des=2053,2039,1371,1439 app=2046,2039,1371,1437 abs=nil,nil,nil,nil ebrake=1.00 ibrake=1.00 hasABS=0 sy=10.11 split=1.000,0.875 ===
126.29396|I|libbeamng.print:18052| === LSTM_OBS t=240 0.02402,14.39886,7.93909,8.63266,-0.36956,10.11162,-9.59391,0.00844,0.00000,0.00000,0.00198,1.00000,0.00000,0.00477,-0.00990,3601.65116,0.25000 ===
126.34413|I|libbeamng.print:18052| === LSTM_TRACE t=250 v=14.64 ws=0.00,13.83,6.85,8.46 cmd=0.701,0.705,0.807,0.840 cap=2058,2095,1543,1605 des=2058,2095,1350,1404 app=2050,2095,1349,1403 abs=nil,nil,nil,nil ebrake=1.00 ibrake=1.00 hasABS=0 sy=10.09 split=1.000,0.875 ===
126.34418|I|libbeamng.print:18052| === LSTM_OBS t=250 0.00405,13.82974,6.84877,8.45871,-0.37987,10.09320,-9.58581,-0.00218,0.00000,0.00000,0.00115,1.00000,0.00000,0.00470,-0.00895,3398.84426,0.25000 ===
126.39366|I|libbeamng.print:18052| === LSTM_TRACE t=260 v=14.11 ws=0.00,13.20,5.75,8.51 cmd=0.690,0.699,0.816,0.854 cap=2027,2049,1556,1632 des=2027,2049,1362,1428 app=2018,2049,1361,1426 abs=nil,nil,nil,nil ebrake=1.00 ibrake=1.00 hasABS=0 sy=10.19 split=1.000,0.875 ===
126.39372|I|libbeamng.print:18052| === LSTM_OBS t=260 0.00162,13.19683,5.75394,8.51095,-0.35079,10.19251,-9.62570,-0.02493,0.00000,0.00000,0.00134,1.00000,0.00000,0.00446,-0.00826,3199.90893,0.25000 ===
126.44405|I|libbeamng.print:18052| === LSTM_TRACE t=270 v=13.58 ws=0.02,12.74,4.95,8.26 cmd=0.703,0.705,0.776,0.826 cap=2193,2203,1561,1647 des=2193,2203,1366,1441 app=2182,2203,1365,1439 abs=nil,nil,nil,nil ebrake=1.00 ibrake=1.00 hasABS=0 sy=10.30 split=1.000,0.875 ===
126.44410|I|libbeamng.print:18052| === LSTM_OBS t=270 0.01829,12.74428,4.95392,8.26018,-0.33465,10.30346,-9.69490,-0.02232,0.00000,0.00000,0.00146,1.00000,0.00000,0.00437,-0.00785,3005.87103,0.25000 ===
126.49372|I|libbeamng.print:18052| === LSTM_TRACE t=280 v=13.04 ws=0.03,12.35,4.30,7.87 cmd=0.669,0.678,0.758,0.806 cap=2149,2176,1512,1599 des=2149,2176,1323,1399 app=2138,2176,1321,1397 abs=nil,nil,nil,nil ebrake=1.00 ibrake=1.00 hasABS=0 sy=10.39 split=1.000,0.875 ===
126.49377|I|libbeamng.print:18052| === LSTM_OBS t=280 0.02667,12.34595,4.30280,7.86840,-0.30743,10.38810,-9.77384,-0.03217,0.00000,0.00000,0.00142,1.00000,0.00000,0.00449,-0.00776,2815.14716,0.25000 ===
126.54402|I|libbeamng.print:18052| === LSTM_TRACE t=290 v=12.53 ws=0.02,11.74,4.24,7.92 cmd=0.607,0.629,0.749,0.790 cap=1974,2038,1438,1524 des=1974,2038,1259,1333 app=1963,2038,1256,1331 abs=nil,nil,nil,nil ebrake=1.00 ibrake=1.00 hasABS=0 sy=10.42 split=1.000,0.875 ===
126.54412|I|libbeamng.print:18052| === LSTM_OBS t=290 0.02292,11.73807,4.24072,7.91586,-0.25542,10.41576,-9.80188,-0.04775,0.00000,0.00000,0.00183,1.00000,0.00000,0.00437,-0.00795,2626.23205,0.25000 ===
126.59408|I|libbeamng.print:18052| === LSTM_TRACE t=300 v=12.00 ws=0.03,11.22,2.72,7.19 cmd=0.625,0.646,0.709,0.750 cap=2160,2221,1395,1480 des=2160,2221,1221,1295 app=2146,2221,1218,1293 abs=nil,nil,nil,nil ebrake=1.00 ibrake=1.00 hasABS=0 sy=10.43 split=1.000,0.875 ===
126.59412|I|libbeamng.print:18052| === LSTM_OBS t=300 0.03270,11.22310,2.72134,7.18654,-0.23218,10.42613,-9.75559,-0.05127,0.00000,0.00000,0.00000,1.00000,0.00000,0.00432,-0.00817,2449.24408,0.25000 ===
126.64412|I|libbeamng.print:18052| === LSTM_TRACE t=310 v=11.50 ws=0.02,10.45,2.76,7.95 cmd=0.651,0.676,0.700,0.734 cap=2127,2193,1333,1415 des=2127,2193,1166,1238 app=2113,2193,1163,1236 abs=nil,nil,nil,nil ebrake=1.00 ibrake=1.00 hasABS=0 sy=10.42 split=1.000,0.875 ===
126.64416|I|libbeamng.print:18052| === LSTM_OBS t=310 0.02114,10.44746,2.76404,7.95176,-0.11011,10.42273,-9.74684,-0.07490,0.00000,0.00000,0.00285,1.00000,0.00000,0.00363,-0.00841,2276.84990,0.25000 ===
126.69348|I|libbeamng.print:18052| === LSTM_TRACE t=320 v=10.97 ws=0.04,9.93,2.26,8.07 cmd=0.656,0.698,0.682,0.702 cap=2035,2127,1330,1384 des=2035,2127,1163,1211 app=2020,2127,1160,1208 abs=nil,nil,nil,nil ebrake=1.00 ibrake=1.00 hasABS=0 sy=10.44 split=1.000,0.875 ===
126.69352|I|libbeamng.print:18052| === LSTM_OBS t=320 0.04090,9.92946,2.26495,8.06636,-0.00296,10.44147,-9.85174,-0.08571,0.00000,0.00000,0.00142,1.00000,0.00000,0.00323,-0.00872,2109.32208,0.25000 ===
126.74398|I|libbeamng.print:18052| === LSTM_TRACE t=330 v=10.44 ws=0.04,9.51,1.69,7.10 cmd=0.724,0.763,0.674,0.686 cap=2114,2225,1328,1369 des=2114,2225,1162,1198 app=2098,2225,1158,1195 abs=nil,nil,nil,nil ebrake=1.00 ibrake=1.00 hasABS=0 sy=10.49 split=1.000,0.875 ===
126.74402|I|libbeamng.print:18052| === LSTM_OBS t=330 0.03724,9.51494,1.68814,7.09844,0.05225,10.49278,-9.87539,-0.09868,0.00000,0.00000,0.00204,1.00000,0.00000,0.00286,-0.00924,1957.23351,0.25000 ===
126.79353|I|libbeamng.print:18052| === LSTM_TRACE t=340 v=9.89 ws=0.05,8.67,1.05,6.61 cmd=0.715,0.764,0.678,0.687 cap=2124,2279,1332,1356 des=2124,2279,1166,1187 app=2106,2279,1161,1184 abs=nil,nil,nil,nil ebrake=1.00 ibrake=1.00 hasABS=0 sy=10.51 split=1.000,0.875 ===
126.79358|I|libbeamng.print:18052| === LSTM_OBS t=340 0.04705,8.66570,1.05223,6.60531,0.11180,10.50867,-9.81064,-0.10994,0.00000,0.00000,0.00189,1.00000,0.00000,0.00242,-0.00952,1803.08170,0.25000 ===
126.84416|I|libbeamng.print:18052| === LSTM_TRACE t=350 v=9.36 ws=0.02,7.39,0.67,6.58 cmd=0.729,0.783,0.672,0.674 cap=2208,2398,1367,1362 des=2208,2398,1196,1192 app=2189,2398,1191,1189 abs=nil,nil,nil,nil ebrake=1.00 ibrake=1.00 hasABS=0 sy=10.62 split=1.000,0.875 ===
126.84420|I|libbeamng.print:18052| === LSTM_OBS t=350 0.01863,7.39156,0.66576,6.57764,0.17529,10.61850,-9.76639,-0.11300,0.00000,0.00000,0.00104,1.00000,0.00000,0.00257,-0.01035,1666.27392,0.25000 ===
126.89351|I|libbeamng.print:18052| === LSTM_TRACE t=360 v=8.82 ws=0.02,5.50,0.08,6.66 cmd=0.664,0.738,0.704,0.703 cap=2034,2278,1366,1352 des=2034,2278,1195,1183 app=2016,2278,1189,1180 abs=nil,nil,nil,nil ebrake=1.00 ibrake=1.00 hasABS=0 sy=10.62 split=1.000,0.875 ===
126.89356|I|libbeamng.print:18052| === LSTM_OBS t=360 0.01861,5.49976,0.07733,6.65786,0.29385,10.62456,-9.74095,-0.11900,0.00000,0.00000,0.00085,1.00000,0.00000,0.00246,-0.01080,1503.54728,0.25000 ===
126.94403|I|libbeamng.print:18052| === LSTM_TRACE t=370 v=8.29 ws=0.06,3.37,0.07,5.92 cmd=0.676,0.749,0.719,0.717 cap=2048,2299,1390,1379 des=2048,2299,1216,1206 app=2029,2299,1209,1203 abs=nil,nil,nil,nil ebrake=1.00 ibrake=1.00 hasABS=0 sy=10.66 split=1.000,0.875 ===
126.94408|I|libbeamng.print:18052| === LSTM_OBS t=370 0.06008,3.37477,0.07341,5.91528,0.38557,10.65539,-9.69987,-0.12665,0.00000,0.00000,0.00124,1.00000,0.00000,0.00163,-0.01102,1346.98873,0.25000 ===
126.99324|I|libbeamng.print:18052| === LSTM_TRACE t=380 v=7.75 ws=0.01,0.12,0.02,5.05 cmd=0.765,0.812,0.778,0.789 cap=2253,2445,1481,1486 des=2253,2445,1296,1301 app=2231,2445,1288,1297 abs=nil,nil,nil,nil ebrake=1.00 ibrake=1.00 hasABS=0 sy=10.71 split=1.000,0.875 ===
126.99331|I|libbeamng.print:18052| === LSTM_OBS t=380 0.01340,0.12439,0.01729,5.04865,0.43063,10.71240,-9.76652,-0.11915,0.00000,0.00000,0.00198,1.00000,0.00000,0.00012,-0.01097,1191.55024,0.25000 ===
127.04392|I|libbeamng.print:18052| === LSTM_TRACE t=390 v=7.23 ws=0.03,0.04,0.01,3.36 cmd=0.948,0.960,0.856,0.850 cap=2933,2968,1661,1655 des=2933,2968,1453,1448 app=2904,2968,1444,1444 abs=nil,nil,nil,nil ebrake=1.00 ibrake=1.00 hasABS=0 sy=10.66 split=1.000,0.875 ===
127.04396|I|libbeamng.print:18052| === LSTM_OBS t=390 0.03251,0.03525,0.00704,3.36188,0.43021,10.65843,-9.73555,-0.11390,0.00000,0.00000,0.00169,1.00000,0.00000,-0.00117,-0.01101,1020.42633,0.25000 ===
127.09384|I|libbeamng.print:18052| === LSTM_TRACE t=400 v=6.71 ws=0.02,0.04,0.08,2.10 cmd=0.984,0.988,0.880,0.875 cap=3045,3058,1700,1699 des=3045,3058,1488,1486 app=3014,3058,1477,1481 abs=nil,nil,nil,nil ebrake=1.00 ibrake=1.00 hasABS=0 sy=10.53 split=1.000,0.875 ===
127.09388|I|libbeamng.print:18052| === LSTM_OBS t=400 0.02328,0.03845,0.07862,2.10014,0.35342,10.52846,-9.70081,-0.09542,0.00000,0.00000,0.00142,1.00000,0.00000,-0.00075,-0.01101,834.48142,0.25000 ===
127.14433|I|libbeamng.print:18052| === LSTM_TRACE t=410 v=6.19 ws=0.02,0.01,0.03,0.27 cmd=0.993,0.994,0.887,0.880 cap=3077,3082,1700,1700 des=3077,3082,1488,1488 app=3044,3082,1477,1482 abs=nil,nil,nil,nil ebrake=1.00 ibrake=1.00 hasABS=0 sy=10.50 split=1.000,0.875 ===
127.14439|I|libbeamng.print:18052| === LSTM_OBS t=410 0.01520,0.01334,0.03135,0.26708,0.44109,10.49529,-9.58732,-0.10591,0.00000,0.00000,0.00085,1.00000,0.00000,-0.00072,-0.01091,739.20536,0.25000 ===
127.19356|I|libbeamng.print:18052| === LSTM_TRACE t=420 v=5.66 ws=0.01,0.01,0.15,0.01 cmd=0.993,0.995,0.884,0.875 cap=3079,3084,1700,1700 des=3079,3084,1488,1487 app=3046,3084,1476,1481 abs=nil,nil,nil,nil ebrake=1.00 ibrake=1.00 hasABS=0 sy=10.50 split=1.000,0.875 ===
127.19360|I|libbeamng.print:18052| === LSTM_OBS t=420 0.00939,0.00754,0.14729,0.01232,0.44907,10.50375,-9.56420,-0.10061,0.00000,0.00000,0.00261,1.00000,0.00000,-0.00129,-0.01044,729.19999,0.25000 ===
127.24383|I|libbeamng.print:18052| === LSTM_TRACE t=430 v=5.12 ws=0.00,0.00,0.22,0.03 cmd=0.992,0.993,0.887,0.877 cap=3075,3080,1700,1700 des=3075,3080,1488,1488 app=3041,3080,1476,1480 abs=nil,nil,nil,nil ebrake=1.00 ibrake=1.00 hasABS=0 sy=10.55 split=1.000,0.875 ===
127.24388|I|libbeamng.print:18052| === LSTM_OBS t=430 0.00241,0.00060,0.21507,0.03061,0.47267,10.54502,-9.58138,-0.09228,0.00000,0.00000,0.00162,1.00000,0.00000,-0.00199,-0.00993,727.19817,0.25000 ===
127.29359|I|libbeamng.print:18052| === LSTM_TRACE t=440 v=4.58 ws=0.00,0.00,0.49,0.01 cmd=0.985,0.988,0.887,0.881 cap=3060,3068,1700,1700 des=3060,3068,1488,1488 app=3025,3068,1475,1479 abs=nil,nil,nil,nil ebrake=1.00 ibrake=1.00 hasABS=0 sy=10.60 split=1.000,0.875 ===
127.29366|I|libbeamng.print:18052| === LSTM_OBS t=440 0.00456,0.00274,0.48738,0.01286,0.50080,10.60016,-9.59266,-0.08987,0.00000,0.00000,0.00176,1.00000,0.00000,-0.00283,-0.00940,726.26024,0.25000 ===
127.34380|I|libbeamng.print:18052| === LSTM_TRACE t=450 v=4.00 ws=0.00,0.01,1.61,0.00 cmd=0.962,0.970,0.880,0.888 cap=2991,3013,1700,1700 des=2991,3013,1488,1488 app=2956,3013,1475,1479 abs=nil,nil,nil,nil ebrake=1.00 ibrake=1.00 hasABS=0 sy=10.80 split=1.000,0.875 ===
127.34384|I|libbeamng.print:18052| === LSTM_OBS t=450 0.00056,0.00610,1.60672,0.00338,0.53801,10.80367,-9.68162,-0.06951,0.00000,0.00000,0.00146,1.00000,0.00000,-0.00312,-0.00925,726.58645,0.25000 ===
127.39382|I|libbeamng.print:18052| === LSTM_TRACE t=460 v=3.44 ws=0.00,0.00,0.66,0.01 cmd=0.966,0.970,0.868,0.882 cap=2990,3001,1686,1700 des=2990,3001,1475,1488 app=2955,3001,1463,1478 abs=nil,nil,nil,nil ebrake=1.00 ibrake=1.00 hasABS=0 sy=10.95 split=1.000,0.875 ===
127.39386|I|libbeamng.print:18052| === LSTM_OBS t=460 0.00304,0.00274,0.65551,0.01244,0.63758,10.94602,-9.70811,-0.06708,0.00000,0.00000,0.00216,1.00000,0.00000,-0.00332,-0.00936,728.12325,0.25000 ===
127.44385|I|libbeamng.print:18052| === LSTM_TRACE t=470 v=2.86 ws=0.00,0.01,1.51,0.03 cmd=0.982,0.982,0.880,0.891 cap=3038,3040,1700,1700 des=3038,3040,1488,1488 app=3002,3040,1475,1478 abs=nil,nil,nil,nil ebrake=1.00 ibrake=1.00 hasABS=0 sy=11.10 split=1.000,0.875 ===
127.44390|I|libbeamng.print:18052| === LSTM_OBS t=470 0.00407,0.01096,1.51465,0.02902,0.71627,11.10171,-9.71723,-0.04249,0.00000,0.00000,0.00239,1.00000,0.00000,-0.00410,-0.00952,727.84948,0.25000 ===
127.49349|I|libbeamng.print:18052| === LSTM_TRACE t=480 v=2.29 ws=0.00,0.00,1.07,0.01 cmd=0.986,0.986,0.875,0.879 cap=3058,3058,1700,1700 des=3058,3058,1488,1488 app=3021,3057,1475,1477 abs=nil,nil,nil,nil ebrake=1.00 ibrake=1.00 hasABS=0 sy=11.18 split=1.000,0.875 ===
127.49354|I|libbeamng.print:18052| === LSTM_OBS t=480 0.00040,0.00285,1.07398,0.01411,0.77820,11.18354,-9.73157,-0.03498,0.00000,0.00000,0.00249,1.00000,0.00000,-0.00442,-0.00970,729.38672,0.25000 ===
127.54391|I|libbeamng.print:18052| === LSTM_TRACE t=490 v=1.70 ws=0.00,0.01,1.44,0.00 cmd=0.988,0.987,0.870,0.879 cap=3062,3060,1694,1700 des=3062,3060,1482,1488 app=3024,3058,1470,1477 abs=nil,nil,nil,nil ebrake=1.00 ibrake=1.00 hasABS=0 sy=11.32 split=1.000,0.875 ===
127.54396|I|libbeamng.print:18052| === LSTM_OBS t=490 0.00005,0.01135,1.43959,0.00430,0.86072,11.32011,-9.75113,0.00158,0.00000,0.00000,0.00239,1.00000,0.00000,-0.00493,-0.00995,729.43890,0.25000 ===
127.59393|I|libbeamng.print:18052| === LSTM_TRACE t=500 v=1.13 ws=0.00,0.00,0.94,0.01 cmd=0.989,0.988,0.860,0.869 cap=3069,3066,1672,1695 des=3069,3066,1463,1483 app=3031,3064,1451,1472 abs=nil,nil,nil,nil ebrake=1.00 ibrake=1.00 hasABS=0 sy=11.37 split=1.000,0.875 ===
127.59398|I|libbeamng.print:18052| === LSTM_OBS t=500 0.00140,0.00298,0.94080,0.01396,0.95119,11.37140,-9.73460,0.01703,0.00000,0.00000,0.00221,1.00000,0.00000,-0.00541,-0.01022,729.15308,0.25000 ===
127.64686|I|libbeamng.print:18052| === LSTM_TRACE t=510 v=0.55 ws=0.00,0.00,0.36,0.01 cmd=0.990,0.990,0.857,0.869 cap=3071,3068,1666,1691 des=3071,3068,1458,1479 app=3032,3064,1445,1468 abs=nil,nil,nil,nil ebrake=1.00 ibrake=1.00 hasABS=0 sy=11.41 split=1.000,0.875 ===
127.64690|I|libbeamng.print:18052| === LSTM_OBS t=510 0.00402,0.00388,0.36096,0.01228,0.94052,11.41359,-9.78827,0.03203,0.00000,0.00000,0.00204,1.00000,0.00000,-0.00496,-0.01044,727.26135,0.25000 ===
157.89738|I|libbeamng.print:18052| === LSTM_TRACE t=0 v=27.71 ws=27.76,27.85,27.41,27.51 cmd=0.933,0.908,0.550,0.615 cap=155,155,97,97 des=155,155,85,85 app=76,77,42,42 abs=nil,nil,nil,nil ebrake=1.00 ibrake=1.00 hasABS=0 sy=1.58 split=1.000,0.875 ===
157.89743|I|libbeamng.print:18052| === LSTM_OBS t=0 27.76468,27.85044,27.40904,27.50775,-0.00195,1.57536,-9.76673,0.00480,0.00000,0.00000,0.00049,1.00000,0.00000,0.00077,-0.00905,7857.18964,0.25000 ===
157.94753|I|libbeamng.print:18052| === LSTM_TRACE t=10 v=27.47 ws=26.46,26.78,26.76,26.92 cmd=0.484,0.457,0.548,0.521 cap=1493,1423,1051,997 des=1493,1423,919,872 app=1468,1412,907,861 abs=nil,nil,nil,nil ebrake=1.00 ibrake=1.00 hasABS=0 sy=2.11 split=1.000,0.875 ===
157.94758|I|libbeamng.print:18052| === LSTM_OBS t=10 26.46146,26.77934,26.76203,26.91992,0.04131,2.10541,-9.76630,-0.00008,0.00000,0.00000,0.00444,1.00000,0.00000,0.00074,-0.00985,7766.26048,0.25000 ===
157.96745|I|libbeamng.print:18052| === LSTM_ABS DBG raw=25.7328,26.0178,26.3923,26.5706,0.0218,2.6160,-9.7261,-0.0071,0.0000,0.0000,0.0045,1.0000,0.0000,0.0009,-0.0106,7690.6047,0.2500 ===
157.96748|I|libbeamng.print:18052| === LSTM_ABS DBG norm=0.52,0.48,0.52,0.50,-0.13,-2.10,0.00,-0.03,0.06,-0.06,0.14,0.59,-0.02,0.00,0.00,3.81,0.00 ===
157.96749|I|libbeamng.print:18052| === LSTM_ABS DBG cmd=0.6339,0.6235,0.6183,0.6016 ===
157.99715|I|libbeamng.print:18052| === LSTM_TRACE t=20 v=27.02 ws=25.13,25.22,25.94,26.06 cmd=0.647,0.649,0.631,0.650 cap=1977,1996,1225,1249 des=1977,1996,1072,1093 app=1952,1985,1061,1082 abs=nil,nil,nil,nil ebrake=1.00 ibrake=1.00 hasABS=0 sy=3.60 split=1.000,0.875 ===
157.99723|I|libbeamng.print:18052| === LSTM_OBS t=20 25.13486,25.21943,25.94485,26.05584,0.02379,3.59913,-9.53839,0.00016,0.00000,0.00000,0.00398,1.00000,0.00000,0.00087,-0.01199,7557.35341,0.25000 ===
158.04747|I|libbeamng.print:18052| === LSTM_TRACE t=30 v=26.50 ws=25.17,25.27,25.29,25.32 cmd=0.623,0.636,0.570,0.583 cap=1929,1974,1100,1124 des=1929,1974,963,984 app=1911,1968,955,976 abs=nil,nil,nil,nil ebrake=1.00 ibrake=1.00 hasABS=0 sy=5.42 split=1.000,0.875 ===
158.04751|I|libbeamng.print:18052| === LSTM_OBS t=30 25.16772,25.27160,25.29209,25.32495,0.09080,5.42191,-9.47748,0.00331,0.00000,0.00000,0.00162,1.00000,0.00000,0.00105,-0.01454,7338.57516,0.25000 ===
158.09691|I|libbeamng.print:18052| === LSTM_TRACE t=40 v=25.99 ws=24.61,24.64,24.78,24.76 cmd=0.704,0.707,0.581,0.601 cap=2123,2143,1115,1149 des=2123,2143,976,1006 app=2107,2139,970,1000 abs=nil,nil,nil,nil ebrake=1.00 ibrake=1.00 hasABS=0 sy=6.85 split=1.000,0.875 ===
158.09696|I|libbeamng.print:18052| === LSTM_OBS t=40 24.61322,24.64070,24.77520,24.76082,0.04993,6.84675,-9.48078,-0.00102,0.00000,0.00000,0.00265,1.00000,0.00000,0.00122,-0.01623,7166.11599,0.25000 ===
158.14706|I|libbeamng.print:18052| === LSTM_TRACE t=50 v=25.42 ws=23.47,23.78,24.25,24.28 cmd=0.770,0.767,0.648,0.666 cap=2364,2363,1238,1269 des=2364,2363,1083,1111 app=2352,2362,1079,1106 abs=nil,nil,nil,nil ebrake=1.00 ibrake=1.00 hasABS=0 sy=8.02 split=1.000,0.875 ===
158.14711|I|libbeamng.print:18052| === LSTM_OBS t=50 23.47303,23.78197,24.25307,24.27506,0.04158,8.01739,-9.59465,-0.00500,0.00000,0.00000,0.00318,1.00000,0.00000,0.00128,-0.01782,7012.11275,0.25000 ===
158.19703|I|libbeamng.print:18052| === LSTM_TRACE t=60 v=24.83 ws=22.21,22.48,23.52,23.55 cmd=0.844,0.846,0.726,0.755 cap=2468,2492,1373,1413 des=2468,2492,1201,1237 app=2460,2492,1197,1233 abs=nil,nil,nil,nil ebrake=1.00 ibrake=1.00 hasABS=0 sy=9.08 split=1.000,0.875 ===
158.19713|I|libbeamng.print:18052| === LSTM_OBS t=60 22.21089,22.47876,23.52405,23.54834,0.03364,9.07517,-9.69871,-0.00109,0.00000,0.00000,0.00305,1.00000,0.00000,0.00129,-0.01926,6827.26932,0.25000 ===
158.24706|I|libbeamng.print:18052| === LSTM_TRACE t=70 v=24.24 ws=20.66,21.45,22.82,22.64 cmd=0.800,0.801,0.740,0.770 cap=2453,2452,1421,1479 des=2453,2452,1243,1295 app=2449,2452,1240,1292 abs=nil,nil,nil,nil ebrake=1.00 ibrake=1.00 hasABS=0 sy=9.88 split=1.000,0.875 ===
158.24713|I|libbeamng.print:18052| === LSTM_OBS t=70 20.65605,21.45322,22.81783,22.63676,0.03573,9.87969,-9.72625,-0.00121,0.00000,0.00000,0.00311,1.00000,0.00000,0.00135,-0.02019,6603.84748,0.25000 ===
158.29691|I|libbeamng.print:18052| === LSTM_TRACE t=80 v=23.65 ws=19.09,20.93,22.00,21.68 cmd=0.748,0.750,0.716,0.746 cap=2443,2442,1428,1489 des=2443,2442,1250,1303 app=2440,2442,1248,1301 abs=nil,nil,nil,nil ebrake=1.00 ibrake=1.00 hasABS=0 sy=10.41 split=1.000,0.875 ===
158.29696|I|libbeamng.print:18052| === LSTM_OBS t=80 19.08532,20.92638,22.00419,21.68438,0.05625,10.40782,-9.71327,-0.00074,0.00000,0.00000,0.00345,1.00000,0.00000,0.00137,-0.02007,6370.28314,0.25000 ===
158.34703|I|libbeamng.print:18052| === LSTM_TRACE t=90 v=23.07 ws=17.41,20.83,21.52,20.72 cmd=0.822,0.815,0.744,0.780 cap=2375,2365,1451,1516 des=2375,2365,1269,1326 app=2374,2365,1269,1326 abs=nil,nil,nil,nil ebrake=1.00 ibrake=1.00 hasABS=0 sy=10.78 split=1.000,0.875 ===
158.34710|I|libbeamng.print:18052| === LSTM_OBS t=90 17.40951,20.83471,21.52077,20.71759,0.08059,10.78294,-9.68030,-0.00952,0.00000,0.00000,0.00326,1.00000,0.00000,0.00112,-0.01946,6150.68212,0.25000 ===
158.39720|I|libbeamng.print:18052| === LSTM_TRACE t=100 v=22.48 ws=14.98,21.06,21.21,19.82 cmd=0.762,0.761,0.771,0.805 cap=1899,1923,1450,1492 des=1899,1923,1269,1305 app=1899,1923,1269,1305 abs=nil,nil,nil,nil ebrake=1.00 ibrake=1.00 hasABS=0 sy=11.04 split=1.000,0.875 ===
158.39725|I|libbeamng.print:18052| === LSTM_OBS t=100 14.97802,21.06157,21.20919,19.81657,0.12899,11.03994,-9.61206,-0.00203,0.00000,0.00000,0.00224,1.00000,0.00000,0.00074,-0.01865,5944.02504,0.25000 ===
158.44776|I|libbeamng.print:18052| === LSTM_TRACE t=110 v=21.93 ws=12.95,20.72,20.84,18.68 cmd=0.681,0.683,0.711,0.738 cap=2251,2273,1386,1452 des=2251,2273,1213,1270 app=2251,2273,1213,1270 abs=nil,nil,nil,nil ebrake=1.00 ibrake=1.00 hasABS=0 sy=11.15 split=1.000,0.875 ===
158.44783|I|libbeamng.print:18052| === LSTM_OBS t=110 12.94873,20.72389,20.83713,18.67917,0.15824,11.15181,-9.58330,0.00395,0.00000,0.00000,0.00270,1.00000,0.00000,0.00022,-0.01778,5743.68797,0.25000 ===
158.49735|I|libbeamng.print:18052| === LSTM_TRACE t=120 v=21.37 ws=11.46,20.31,20.46,17.63 cmd=0.621,0.633,0.695,0.715 cap=2315,2294,1448,1513 des=2315,2294,1267,1324 app=2308,2294,1267,1324 abs=nil,nil,nil,nil ebrake=1.00 ibrake=1.00 hasABS=0 sy=11.15 split=1.000,0.875 ===
158.49743|I|libbeamng.print:18052| === LSTM_OBS t=120 11.46149,20.30542,20.46415,17.63196,0.16909,11.15112,-9.59139,0.02223,0.00000,0.00000,0.00221,1.00000,0.00000,-0.00001,-0.01694,5545.90629,0.25000 ===
158.54763|I|libbeamng.print:18052| === LSTM_TRACE t=130 v=20.84 ws=10.08,20.00,19.95,16.76 cmd=0.625,0.630,0.707,0.733 cap=1766,1815,1335,1359 des=1766,1815,1168,1189 app=1801,1846,1168,1189 abs=nil,nil,nil,nil ebrake=1.00 ibrake=1.00 hasABS=0 sy=11.07 split=1.000,0.875 ===
158.54767|I|libbeamng.print:18052| === LSTM_OBS t=130 10.07532,19.99542,19.94562,16.76490,0.19253,11.06929,-9.60412,0.01551,0.00000,0.00000,0.00254,1.00000,0.00000,-0.00009,-0.01617,5353.54040,0.25000 ===
158.59711|I|libbeamng.print:18052| === LSTM_TRACE t=140 v=20.30 ws=8.84,19.56,19.30,16.10 cmd=0.543,0.564,0.681,0.694 cap=1928,1961,1362,1395 des=1928,1961,1192,1221 app=1928,1961,1192,1221 abs=nil,nil,nil,nil ebrake=1.00 ibrake=1.00 hasABS=0 sy=10.96 split=1.000,0.875 ===
158.59716|I|libbeamng.print:18052| === LSTM_OBS t=140 8.84193,19.56138,19.29735,16.10286,0.18046,10.96138,-9.59606,0.03490,0.00000,0.00000,0.00176,1.00000,0.00000,0.00019,-0.01543,5172.85426,0.25000 ===
158.64732|I|libbeamng.print:18052| === LSTM_TRACE t=150 v=19.76 ws=8.42,19.22,18.87,15.61 cmd=0.782,0.774,0.751,0.784 cap=1463,1580,1329,1334 des=1463,1580,1163,1167 app=1463,1580,1163,1167 abs=nil,nil,nil,nil ebrake=1.00 ibrake=1.00 hasABS=0 sy=10.88 split=1.000,0.875 ===
158.64736|I|libbeamng.print:18052| === LSTM_OBS t=150 8.42298,19.22438,18.86924,15.61061,0.12794,10.87871,-9.64267,0.03358,0.00000,0.00000,0.00249,1.00000,0.00000,0.00058,-0.01485,5007.65687,0.25000 ===
158.69733|I|libbeamng.print:18052| === LSTM_TRACE t=160 v=19.23 ws=7.37,18.45,18.33,14.98 cmd=0.568,0.599,0.709,0.716 cap=1928,2011,1393,1414 des=1928,2011,1219,1237 app=1928,2011,1219,1237 abs=nil,nil,nil,nil ebrake=1.00 ibrake=1.00 hasABS=0 sy=10.80 split=1.000,0.875 ===
158.69739|I|libbeamng.print:18052| === LSTM_OBS t=160 7.36679,18.44752,18.33226,14.97721,0.06253,10.79914,-9.65848,0.03699,0.00000,0.00000,0.00274,1.00000,0.00000,0.00096,-0.01436,4850.20548,0.25000 ===
158.74696|I|libbeamng.print:18052| === LSTM_TRACE t=170 v=18.71 ws=6.49,17.97,17.55,14.74 cmd=0.576,0.611,0.729,0.735 cap=1977,2039,1440,1475 des=1977,2039,1260,1290 app=1977,2039,1260,1290 abs=nil,nil,nil,nil ebrake=1.00 ibrake=1.00 hasABS=0 sy=10.77 split=1.000,0.875 ===
158.74702|I|libbeamng.print:18052| === LSTM_OBS t=170 6.49026,17.96565,17.54695,14.73647,-0.02711,10.76891,-9.65611,0.02335,0.00000,0.00000,0.00134,1.00000,0.00000,0.00166,-0.01417,4686.05263,0.25000 ===
158.79720|I|libbeamng.print:18052| === LSTM_TRACE t=180 v=18.18 ws=5.81,17.59,16.48,13.91 cmd=0.640,0.659,0.745,0.769 cap=1671,1796,1416,1436 des=1671,1796,1239,1256 app=1671,1796,1239,1256 abs=nil,nil,nil,nil ebrake=1.00 ibrake=1.00 hasABS=0 sy=10.70 split=1.000,0.875 ===
158.79725|I|libbeamng.print:18052| === LSTM_OBS t=180 5.81121,17.59318,16.47852,13.91165,-0.13200,10.70064,-9.66682,0.02863,0.00000,0.00000,0.00315,1.00000,0.00000,0.00205,-0.01382,4517.66346,0.25000 ===
158.84755|I|libbeamng.print:18052| === LSTM_TRACE t=190 v=17.64 ws=4.59,17.06,14.97,12.45 cmd=0.702,0.711,0.769,0.798 cap=1753,1844,1397,1427 des=1753,1844,1223,1249 app=1753,1844,1223,1249 abs=nil,nil,nil,nil ebrake=1.00 ibrake=1.00 hasABS=0 sy=10.64 split=1.000,0.875 ===
158.84760|I|libbeamng.print:18052| === LSTM_OBS t=190 4.59159,17.06196,14.97201,12.45011,-0.22847,10.64320,-9.68970,0.02854,0.00000,0.00000,0.00345,1.00000,0.00000,0.00260,-0.01353,4374.37605,0.25000 ===
158.89741|I|libbeamng.print:18052| === LSTM_TRACE t=200 v=17.12 ws=3.17,16.25,13.65,11.02 cmd=0.538,0.570,0.766,0.787 cap=1380,1512,1376,1391 des=1380,1512,1204,1217 app=1734,1774,1204,1217 abs=nil,nil,nil,nil ebrake=1.00 ibrake=1.00 hasABS=0 sy=10.62 split=1.000,0.875 ===
158.89746|I|libbeamng.print:18052| === LSTM_OBS t=200 3.16910,16.25291,13.64623,11.01547,-0.29280,10.62357,-9.79095,0.01963,0.00000,0.00000,0.00169,1.00000,0.00000,0.00369,-0.01288,4226.74225,0.25000 ===
158.94744|I|libbeamng.print:18052| === LSTM_TRACE t=210 v=16.62 ws=1.58,15.96,11.81,9.95 cmd=0.443,0.468,0.723,0.743 cap=1759,1850,1386,1436 des=1759,1850,1213,1256 app=1758,1850,1213,1256 abs=nil,nil,nil,nil ebrake=1.00 ibrake=1.00 hasABS=0 sy=10.54 split=1.000,0.875 ===
158.94748|I|libbeamng.print:18052| === LSTM_OBS t=210 1.58054,15.96149,11.80697,9.94526,-0.34528,10.53949,-9.80912,0.02444,0.00000,0.00000,0.00183,1.00000,0.00000,0.00519,-0.01200,4067.05442,0.25000 ===
158.99714|I|libbeamng.print:18052| === LSTM_TRACE t=220 v=16.12 ws=0.04,15.53,10.24,9.36 cmd=0.565,0.570,0.792,0.834 cap=1387,1436,1545,1609 des=1387,1436,1352,1408 app=1386,1436,1352,1408 abs=nil,nil,nil,nil ebrake=1.00 ibrake=1.00 hasABS=0 sy=10.34 split=1.000,0.875 ===
158.99718|I|libbeamng.print:18052| === LSTM_OBS t=220 0.03928,15.52581,10.23988,9.35953,-0.30809,10.33695,-9.66304,0.01818,0.00000,0.00000,0.00189,1.00000,0.00000,0.00550,-0.01123,3887.26702,0.25000 ===
159.04731|I|libbeamng.print:18052| === LSTM_TRACE t=230 v=15.64 ws=0.06,15.00,8.93,8.44 cmd=0.643,0.624,0.793,0.834 cap=1943,1907,1503,1588 des=1943,1907,1315,1390 app=1940,1907,1315,1390 abs=nil,nil,nil,nil ebrake=1.00 ibrake=1.00 hasABS=0 sy=10.15 split=1.000,0.875 ===
159.04738|I|libbeamng.print:18052| === LSTM_OBS t=230 0.06399,15.00057,8.92565,8.43836,-0.33711,10.15303,-9.58283,0.02031,0.00000,0.00000,0.00372,1.00000,0.00000,0.00487,-0.01025,3692.87882,0.25000 ===
159.09722|I|libbeamng.print:18052| === LSTM_TRACE t=240 v=15.13 ws=0.03,14.20,8.12,7.81 cmd=0.650,0.651,0.790,0.821 cap=1997,1991,1522,1583 des=1997,1991,1332,1385 app=1993,1991,1332,1385 abs=nil,nil,nil,nil ebrake=1.00 ibrake=1.00 hasABS=0 sy=10.11 split=1.000,0.875 ===
159.09730|I|libbeamng.print:18052| === LSTM_OBS t=240 0.03484,14.20087,8.12177,7.80722,-0.40545,10.11034,-9.61942,0.01419,0.00000,0.00000,0.00162,1.00000,0.00000,0.00493,-0.00943,3492.35760,0.25000 ===
159.14748|I|libbeamng.print:18052| === LSTM_TRACE t=250 v=14.61 ws=0.02,13.92,7.32,7.74 cmd=0.678,0.675,0.779,0.817 cap=2007,2012,1495,1565 des=2007,2012,1308,1369 app=2002,2012,1308,1369 abs=nil,nil,nil,nil ebrake=1.00 ibrake=1.00 hasABS=0 sy=10.16 split=1.000,0.875 ===
159.14754|I|libbeamng.print:18052| === LSTM_OBS t=250 0.02251,13.91654,7.31785,7.73609,-0.39468,10.16124,-9.64871,-0.00034,0.00000,0.00000,0.00216,1.00000,0.00000,0.00496,-0.00876,3297.42917,0.25000 ===
159.19702|I|libbeamng.print:18052| === LSTM_TRACE t=260 v=14.10 ws=0.01,13.49,6.40,7.63 cmd=0.688,0.676,0.759,0.804 cap=1936,1919,1444,1524 des=1936,1919,1263,1334 app=1930,1919,1263,1334 abs=nil,nil,nil,nil ebrake=1.00 ibrake=1.00 hasABS=0 sy=10.21 split=1.000,0.875 ===
159.19708|I|libbeamng.print:18052| === LSTM_OBS t=260 0.01447,13.49243,6.39751,7.63461,-0.39262,10.20701,-9.70255,-0.00340,0.00000,0.00000,0.00249,1.00000,0.00000,0.00497,-0.00820,3109.21907,0.25000 ===
159.24705|I|libbeamng.print:18052| === LSTM_TRACE t=270 v=13.58 ws=0.04,13.04,5.96,7.65 cmd=0.628,0.625,0.709,0.748 cap=1985,1981,1336,1418 des=1985,1981,1169,1241 app=1978,1981,1169,1241 abs=nil,nil,nil,nil ebrake=1.00 ibrake=1.00 hasABS=0 sy=10.25 split=1.000,0.875 ===
159.24710|I|libbeamng.print:18052| === LSTM_OBS t=270 0.03823,13.04416,5.95842,7.65030,-0.39133,10.24818,-9.72898,-0.00769,0.00000,0.00000,0.00234,1.00000,0.00000,0.00481,-0.00781,2934.46236,0.25000 ===
159.29731|I|libbeamng.print:18052| === LSTM_TRACE t=280 v=13.07 ws=0.00,12.53,5.43,7.38 cmd=0.560,0.581,0.672,0.700 cap=1736,1796,1263,1320 des=1736,1796,1105,1155 app=1729,1796,1105,1155 abs=nil,nil,nil,nil ebrake=1.00 ibrake=1.00 hasABS=0 sy=10.28 split=1.000,0.875 ===
159.29737|I|libbeamng.print:18052| === LSTM_OBS t=280 0.00151,12.53116,5.42973,7.38468,-0.39460,10.28420,-9.77826,-0.01497,0.00000,0.00000,0.00198,1.00000,0.00000,0.00468,-0.00774,2782.14897,0.25000 ===
159.34802|I|libbeamng.print:18052| === LSTM_TRACE t=290 v=12.56 ws=0.01,11.99,4.92,7.44 cmd=0.562,0.591,0.634,0.658 cap=1887,1956,1251,1307 des=1887,1956,1094,1144 app=1879,1956,1094,1144 abs=nil,nil,nil,nil ebrake=1.00 ibrake=1.00 hasABS=0 sy=10.29 split=1.000,0.875 ===
159.34816|I|libbeamng.print:18052| === LSTM_OBS t=290 0.00834,11.99141,4.92112,7.43782,-0.35518,10.29417,-9.82009,-0.01272,0.00000,0.00000,0.00204,1.00000,0.00000,0.00466,-0.00813,2647.48478,0.25000 ===
159.39724|I|libbeamng.print:18052| === LSTM_TRACE t=300 v=12.04 ws=0.00,11.42,4.33,7.73 cmd=0.582,0.609,0.622,0.650 cap=1968,2028,1257,1319 des=1968,2028,1100,1155 app=1959,2028,1100,1155 abs=nil,nil,nil,nil ebrake=1.00 ibrake=1.00 hasABS=0 sy=10.30 split=1.000,0.875 ===
159.39729|I|libbeamng.print:18052| === LSTM_OBS t=300 0.00120,11.42134,4.32954,7.72802,-0.31024,10.29878,-9.81222,-0.01519,0.00000,0.00000,0.00176,1.00000,0.00000,0.00449,-0.00881,2519.80960,0.25000 ===
159.44737|I|libbeamng.print:18052| === LSTM_TRACE t=310 v=11.53 ws=0.04,11.19,3.21,6.97 cmd=0.606,0.634,0.624,0.655 cap=1789,1902,1244,1292 des=1789,1902,1088,1131 app=1781,1902,1088,1131 abs=nil,nil,nil,nil ebrake=1.00 ibrake=1.00 hasABS=0 sy=10.25 split=1.000,0.875 ===
159.44741|I|libbeamng.print:18052| === LSTM_OBS t=310 0.03646,11.19465,3.20843,6.97323,-0.28195,10.25264,-9.79482,-0.02056,0.00000,0.00000,0.00183,1.00000,0.00000,0.00436,-0.00929,2390.57378,0.25000 ===
159.49702|I|libbeamng.print:18052| === LSTM_TRACE t=320 v=11.03 ws=0.10,10.47,2.97,7.22 cmd=0.671,0.688,0.626,0.661 cap=1921,1989,1247,1315 des=1921,1989,1091,1151 app=1911,1989,1091,1151 abs=nil,nil,nil,nil ebrake=1.00 ibrake=1.00 hasABS=0 sy=10.22 split=1.000,0.875 ===
159.49707|I|libbeamng.print:18052| === LSTM_OBS t=320 0.09659,10.46916,2.97305,7.22429,-0.18672,10.21605,-9.73925,-0.03011,0.00000,0.00000,0.00146,1.00000,0.00000,0.00382,-0.00998,2263.24028,0.25000 ===
159.54743|I|libbeamng.print:18052| === LSTM_TRACE t=330 v=10.53 ws=0.03,9.84,3.31,7.83 cmd=0.553,0.596,0.619,0.634 cap=1987,2050,1192,1254 des=1987,2050,1043,1097 app=1976,2050,1043,1097 abs=nil,nil,nil,nil ebrake=1.00 ibrake=1.00 hasABS=0 sy=10.17 split=1.000,0.875 ===
159.54748|I|libbeamng.print:18052| === LSTM_OBS t=330 0.03251,9.83749,3.31376,7.83125,-0.14224,10.17402,-9.84839,-0.04190,0.00000,0.00000,0.00216,1.00000,0.00000,0.00358,-0.01023,2128.82058,0.25000 ===
159.59719|I|libbeamng.print:18052| === LSTM_TRACE t=340 v=10.02 ws=0.02,9.28,2.27,7.67 cmd=0.514,0.573,0.617,0.626 cap=1865,1971,1160,1203 des=1865,1971,1015,1053 app=1854,1971,1015,1053 abs=nil,nil,nil,nil ebrake=1.00 ibrake=1.00 hasABS=0 sy=10.19 split=1.000,0.875 ===
159.59725|I|libbeamng.print:18052| === LSTM_OBS t=340 0.01890,9.28135,2.26700,7.66529,-0.13883,10.18563,-9.83903,-0.05674,0.00000,0.00000,0.00146,1.00000,0.00000,0.00386,-0.01063,1999.82362,0.25000 ===
159.64776|I|libbeamng.print:18052| === LSTM_TRACE t=350 v=9.48 ws=0.06,8.66,1.17,7.17 cmd=0.497,0.559,0.572,0.575 cap=2176,2282,1206,1247 des=2176,2282,1055,1091 app=2163,2282,1054,1091 abs=nil,nil,nil,nil ebrake=1.00 ibrake=1.00 hasABS=0 sy=10.30 split=1.000,0.875 ===
159.64782|I|libbeamng.print:18052| === LSTM_OBS t=350 0.06381,8.65505,1.17266,7.16662,-0.12944,10.30346,-9.86651,-0.04996,0.00000,0.00000,0.00124,1.00000,0.00000,0.00427,-0.01090,1878.90815,0.25000 ===
159.69722|I|libbeamng.print:18052| === LSTM_TRACE t=360 v=8.95 ws=0.08,8.16,0.11,7.76 cmd=0.647,0.685,0.672,0.703 cap=1504,1717,1163,1175 des=1504,1717,1018,1028 app=1834,1923,1016,1028 abs=nil,nil,nil,nil ebrake=1.00 ibrake=1.00 hasABS=0 sy=10.34 split=1.000,0.875 ===
159.69726|I|libbeamng.print:18052| === LSTM_OBS t=360 0.07544,8.15556,0.10636,7.75827,0.00880,10.34384,-9.72514,-0.06415,0.00000,0.00000,0.00069,1.00000,0.00000,0.00421,-0.01121,1742.29072,0.25000 ===
159.74748|I|libbeamng.print:18052| === LSTM_TRACE t=370 v=8.41 ws=0.02,7.64,0.10,7.12 cmd=0.630,0.673,0.648,0.666 cap=2138,2258,1236,1275 des=2138,2258,1082,1116 app=2124,2258,1080,1115 abs=nil,nil,nil,nil ebrake=1.00 ibrake=1.00 hasABS=0 sy=10.44 split=1.000,0.875 ===
159.74752|I|libbeamng.print:18052| === LSTM_OBS t=370 0.01851,7.63722,0.09637,7.12400,0.11918,10.43503,-9.68266,-0.06418,0.00000,0.00000,0.00104,1.00000,0.00000,0.00352,-0.01139,1611.90216,0.25000 ===
159.79710|I|libbeamng.print:18052| === LSTM_TRACE t=380 v=7.86 ws=0.01,6.95,0.06,6.58 cmd=0.661,0.708,0.672,0.684 cap=2143,2280,1323,1349 des=2143,2280,1158,1180 app=2128,2280,1155,1180 abs=nil,nil,nil,nil ebrake=1.00 ibrake=1.00 hasABS=0 sy=10.58 split=1.000,0.875 ===
159.79715|I|libbeamng.print:18052| === LSTM_OBS t=380 0.00555,6.95080,0.05536,6.58400,0.16028,10.57952,-9.71810,-0.07048,0.00000,0.00000,0.00085,1.00000,0.00000,0.00355,-0.01208,1479.06393,0.25000 ===
159.84733|I|libbeamng.print:18052| === LSTM_TRACE t=390 v=7.32 ws=0.00,6.23,0.06,5.76 cmd=0.711,0.755,0.713,0.724 cap=2046,2212,1362,1373 des=2046,2212,1192,1201 app=2031,2212,1189,1201 abs=nil,nil,nil,nil ebrake=1.00 ibrake=1.00 hasABS=0 sy=10.67 split=1.000,0.875 ===
159.84738|I|libbeamng.print:18052| === LSTM_OBS t=390 0.00079,6.23261,0.05737,5.75611,0.23612,10.66523,-9.69882,-0.08344,0.00000,0.00000,0.00124,1.00000,0.00000,0.00380,-0.01252,1334.42992,0.25000 ===
159.89736|I|libbeamng.print:18052| === LSTM_TRACE t=400 v=6.76 ws=0.03,4.97,0.01,5.17 cmd=0.763,0.804,0.748,0.751 cap=2221,2369,1430,1438 des=2221,2369,1251,1258 app=2204,2369,1247,1258 abs=nil,nil,nil,nil ebrake=1.00 ibrake=1.00 hasABS=0 sy=10.78 split=1.000,0.875 ===
159.89750|I|libbeamng.print:18052| === LSTM_OBS t=400 0.02692,4.96946,0.00986,5.16554,0.29331,10.78192,-9.66433,-0.09599,0.00000,0.00000,0.00085,1.00000,0.00000,0.00358,-0.01305,1184.39966,0.25000 ===
159.94700|I|libbeamng.print:18052| === LSTM_TRACE t=410 v=6.20 ws=0.12,2.76,0.01,4.02 cmd=0.754,0.802,0.761,0.758 cap=2373,2521,1520,1517 des=2373,2521,1330,1327 app=2355,2521,1326,1327 abs=nil,nil,nil,nil ebrake=1.00 ibrake=1.00 hasABS=0 sy=10.92 split=1.000,0.875 ===
159.94705|I|libbeamng.print:18052| === LSTM_OBS t=410 0.11635,2.76137,0.01065,4.02209,0.35445,10.91771,-9.65658,-0.08851,0.00000,0.00000,0.00124,1.00000,0.00000,0.00240,-0.01340,1031.37315,0.25000 ===
159.99692|I|libbeamng.print:18052| === LSTM_TRACE t=420 v=5.63 ws=0.06,0.05,0.06,2.66 cmd=0.899,0.916,0.830,0.835 cap=2791,2843,1634,1646 des=2791,2843,1429,1441 app=2769,2843,1425,1440 abs=nil,nil,nil,nil ebrake=1.00 ibrake=1.00 hasABS=0 sy=11.00 split=1.000,0.875 ===
159.99696|I|libbeamng.print:18052| === LSTM_OBS t=420 0.05796,0.05320,0.06465,2.66051,0.35600,11.00489,-9.70340,-0.08230,0.00000,0.00000,0.00000,1.00000,0.00000,0.00083,-0.01352,864.65207,0.25000 ===
160.04747|I|libbeamng.print:18052| === LSTM_TRACE t=430 v=5.11 ws=0.01,0.01,0.06,0.72 cmd=0.967,0.974,0.862,0.850 cap=2995,3018,1680,1657 des=2995,3018,1470,1450 app=2971,3018,1465,1449 abs=nil,nil,nil,nil ebrake=1.00 ibrake=1.00 hasABS=0 sy=10.93 split=1.000,0.875 ===
160.04752|I|libbeamng.print:18052| === LSTM_OBS t=430 0.00825,0.01013,0.05709,0.71557,0.29464,10.92597,-9.67397,-0.08095,0.00000,0.00000,0.00256,1.00000,0.00000,-0.00011,-0.01317,739.54397,0.25000 ===
160.09726|I|libbeamng.print:18052| === LSTM_TRACE t=440 v=4.58 ws=0.01,0.01,0.09,0.14 cmd=0.987,0.990,0.880,0.880 cap=3057,3067,1700,1700 des=3057,3067,1488,1488 app=3032,3067,1482,1486 abs=nil,nil,nil,nil ebrake=1.00 ibrake=1.00 hasABS=0 sy=10.83 split=1.000,0.875 ===
160.09732|I|libbeamng.print:18052| === LSTM_OBS t=440 0.00566,0.01221,0.08822,0.13780,0.23334,10.82887,-9.56572,-0.07565,0.00000,0.00000,0.00221,1.00000,0.00000,-0.00013,-0.01258,727.12051,0.25000 ===
160.14746|I|libbeamng.print:18052| === LSTM_TRACE t=450 v=4.03 ws=0.00,0.00,0.15,0.12 cmd=0.992,0.994,0.884,0.882 cap=3076,3082,1700,1700 des=3076,3082,1488,1488 app=3050,3082,1482,1486 abs=nil,nil,nil,nil ebrake=1.00 ibrake=1.00 hasABS=0 sy=10.85 split=1.000,0.875 ===
160.14751|I|libbeamng.print:18052| === LSTM_OBS t=450 0.00366,0.00436,0.15396,0.12286,0.24555,10.84746,-9.48966,-0.06801,0.00000,0.00000,0.00169,1.00000,0.00000,-0.00018,-0.01191,722.07764,0.25000 ===
160.19851|I|libbeamng.print:18052| === LSTM_TRACE t=460 v=3.44 ws=0.00,0.00,1.04,0.00 cmd=0.993,0.994,0.880,0.875 cap=3077,3082,1700,1700 des=3077,3082,1488,1488 app=3051,3082,1482,1485 abs=nil,nil,nil,nil ebrake=1.00 ibrake=1.00 hasABS=0 sy=11.02 split=1.000,0.875 ===
160.19858|I|libbeamng.print:18052| === LSTM_OBS t=460 0.00002,0.00255,1.04485,0.00475,0.28412,11.01860,-9.49940,-0.05694,0.00000,0.00000,0.00162,1.00000,0.00000,-0.00058,-0.01125,724.31059,0.25000 ===
160.24752|I|libbeamng.print:18052| === LSTM_TRACE t=470 v=2.84 ws=0.00,0.00,1.24,0.05 cmd=0.993,0.994,0.879,0.870 cap=3077,3082,1700,1692 des=3077,3082,1488,1480 app=3050,3082,1481,1477 abs=nil,nil,nil,nil ebrake=1.00 ibrake=1.00 hasABS=0 sy=11.24 split=1.000,0.875 ===
160.24757|I|libbeamng.print:18052| === LSTM_OBS t=470 0.00285,0.00195,1.23720,0.04787,0.34062,11.23969,-9.53876,-0.04624,0.00000,0.00000,0.00142,1.00000,0.00000,-0.00105,-0.01071,722.21374,0.25000 ===
160.29693|I|libbeamng.print:18052| === LSTM_TRACE t=480 v=2.26 ws=0.00,0.00,0.49,0.14 cmd=0.993,0.995,0.877,0.866 cap=3080,3084,1700,1685 des=3080,3084,1488,1474 app=3052,3084,1481,1471 abs=nil,nil,nil,nil ebrake=1.00 ibrake=1.00 hasABS=0 sy=11.39 split=1.000,0.875 ===
160.29704|I|libbeamng.print:18052| === LSTM_OBS t=480 0.00114,0.00344,0.48752,0.14486,0.40298,11.38843,-9.57628,-0.04420,0.00000,0.00000,0.00176,1.00000,0.00000,-0.00185,-0.01030,725.90624,0.25000 ===
160.34686|I|libbeamng.print:18052| === LSTM_TRACE t=490 v=1.64 ws=0.00,0.01,1.33,0.01 cmd=0.993,0.994,0.876,0
